info(pearl): event=aqueous-availability state=connecting
info(pearl): event=ready mode=session
info: event=app-index-ready entries=0 truncated=false
info(pearl): event=aqueous-availability state=subscribing
info(pearl): event=aqueous-availability state=ready
info: event=output-mapped id=2 connector=HEADLESS-1 scale=2
info: event=output-mapped id=1 connector=HEADLESS-2 scale=1
info(pearl): event=control-ready session=a615beee820374f6827b528ad77388fe
info: event=popup-opened output=1
info: event=launcher-results count=7 shown=7 publish_us=3449
info: event=launcher-results count=7 shown=7 publish_us=256
info: event=launcher-results count=7 shown=7 publish_us=379
info: event=launcher-painted latency_us=6664
info: event=launcher-results count=4 shown=4 publish_us=405
info: event=launcher-results count=4 shown=4 publish_us=193
info: event=preferences-applied revision=0 mode=static cache=false
info: event=launcher-results count=4 shown=4 publish_us=339
info: event=launcher-results count=1 shown=1 publish_us=179
info: event=launcher-results count=0 shown=0 publish_us=39
info: event=launcher-painted latency_us=4916
info: event=launcher-results count=0 shown=0 publish_us=1146
info: event=launcher-results count=0 shown=0 publish_us=39
info: event=launcher-results count=0 shown=0 publish_us=26
info: event=launcher-results count=0 shown=0 publish_us=31
info: event=launcher-painted latency_us=4480
info: event=launcher-results count=0 shown=0 publish_us=86
info: event=launcher-results count=0 shown=0 publish_us=25
info: event=launcher-results count=0 shown=0 publish_us=35
info: event=launcher-results count=0 shown=0 publish_us=25
info: event=launcher-painted latency_us=4320
info: event=launcher-results count=0 shown=0 publish_us=28
info: event=launcher-results count=0 shown=0 publish_us=39
info: event=launcher-results count=0 shown=0 publish_us=23
info: event=launcher-results count=0 shown=0 publish_us=36
info: event=launcher-painted latency_us=4412
info: event=launcher-results count=0 shown=0 publish_us=217
info: event=launcher-results count=0 shown=0 publish_us=27
info: event=launcher-painted latency_us=12660
info: event=launcher-results count=0 shown=0 publish_us=55
info: event=launcher-painted latency_us=7414
info(pearl): event=stopping reason=control-quit pending=false
info: event=popup-closed
info(pearl): event=aqueous-availability state=stopped
info(pearl): event=cleanup pending=false watched_objects=0
info(pearl): event=stopped
