info(pearl): event=aqueous-availability state=connecting
info(pearl): event=ready mode=session
info(pearl): event=aqueous-availability state=subscribing
info(pearl): event=aqueous-availability state=ready
info: event=output-mapped id=1 connector=HEADLESS-2 scale=1
info: event=output-mapped id=2 connector=HEADLESS-1 scale=1.5
info(pearl): event=control-ready session=a615beee820374f6827b528ad77388fe
info: event=app-index-ready entries=2009 truncated=false
info: event=preferences-applied revision=0 mode=static cache=false
info: event=popup-opened output=1
info: event=launcher-results count=2008 shown=200 publish_us=7803
info: event=launcher-results count=2008 shown=200 publish_us=6905
info: event=launcher-painted latency_us=22975
info: event=launcher-results count=2008 shown=200 publish_us=7688
info: event=launcher-painted latency_us=19836
info: event=launcher-results count=3 shown=3 publish_us=3565
info: event=launcher-results count=0 shown=0 publish_us=257
info: event=launcher-painted latency_us=4147
info: event=launcher-results count=0 shown=0 publish_us=260
info: event=launcher-results count=0 shown=0 publish_us=375
info: event=launcher-results count=0 shown=0 publish_us=264
info: event=launcher-results count=0 shown=0 publish_us=269
info: event=launcher-painted latency_us=3654
info: event=launcher-results count=0 shown=0 publish_us=285
info: event=launcher-results count=0 shown=0 publish_us=313
info: event=launcher-results count=0 shown=0 publish_us=240
info: event=launcher-results count=0 shown=0 publish_us=242
info: event=launcher-painted latency_us=3449
info: event=launcher-results count=0 shown=0 publish_us=217
info: event=launcher-results count=0 shown=0 publish_us=221
info: event=launcher-painted latency_us=11527
info: event=launcher-results count=0 shown=0 publish_us=710
info: event=launcher-painted latency_us=3929
info: event=launcher-results count=0 shown=0 publish_us=643
info: event=launcher-painted latency_us=15812
info: event=launcher-results count=2008 shown=200 publish_us=4589
info: event=launcher-painted latency_us=28033
info: event=launcher-results count=2009 shown=200 publish_us=8400
info: event=launcher-painted latency_us=21001
info: event=launcher-results count=2000 shown=200 publish_us=8274
info: event=launcher-results count=2000 shown=200 publish_us=7051
info: event=launcher-painted latency_us=20257
info: event=launcher-results count=2000 shown=200 publish_us=8221
info: event=launcher-painted latency_us=20932
info: event=launcher-results count=2000 shown=200 publish_us=6625
info: event=launcher-painted latency_us=18969
info: event=launcher-results count=2000 shown=200 publish_us=7779
info: event=launcher-painted latency_us=19077
info: event=launcher-results count=2000 shown=200 publish_us=7476
info: event=launcher-painted latency_us=25292
info: event=launcher-results count=2000 shown=200 publish_us=9676
info: event=launcher-painted latency_us=25410
info: event=launcher-results count=2008 shown=200 publish_us=9041
info: event=launcher-painted latency_us=22543
info: event=launcher-results count=2009 shown=200 publish_us=9041
info: event=launcher-painted latency_us=22318
info: event=launcher-results count=1 shown=1 publish_us=4580
info: event=launcher-painted latency_us=19869
info: event=launcher-results count=1 shown=1 publish_us=841
info: event=launcher-painted latency_us=4866
info: event=launcher-results count=1 shown=1 publish_us=668
info: event=launcher-painted latency_us=17490
info: event=application-launch accepted=true action=false
info: event=popup-closed
event=fixture-ready Cafe
info: event=popup-opened output=1
info: event=launcher-results count=2009 shown=200 publish_us=5605
info: event=launcher-results count=2009 shown=200 publish_us=6791
info: event=launcher-painted latency_us=20116
info: event=launcher-results count=2009 shown=200 publish_us=19394
info: event=launcher-painted latency_us=31979
info: event=launcher-results count=3 shown=3 publish_us=3578
info: event=launcher-results count=1 shown=1 publish_us=373
info: event=launcher-results count=1 shown=1 publish_us=280
info: event=launcher-results count=1 shown=1 publish_us=359
info: event=launcher-painted latency_us=4247
info: event=launcher-results count=1 shown=1 publish_us=295
info: event=launcher-results count=1 shown=1 publish_us=414
info: event=launcher-results count=1 shown=1 publish_us=253
info: event=launcher-results count=1 shown=1 publish_us=292
info: event=launcher-painted latency_us=3786
info: event=launcher-results count=1 shown=1 publish_us=359
info: event=launcher-results count=1 shown=1 publish_us=307
info: event=launcher-results count=1 shown=1 publish_us=273
info: event=launcher-painted latency_us=7874
info: event=launcher-results count=1 shown=1 publish_us=1300
info: event=launcher-painted latency_us=17441
info: event=launcher-results count=1 shown=1 publish_us=721
info: event=launcher-painted latency_us=13273
info: event=application-launch accepted=true action=false
info: event=popup-closed
event=fixture-ready fields
info: event=popup-opened output=1
info: event=launcher-results count=2010 shown=200 publish_us=5267
info: event=launcher-painted latency_us=18513
info: event=launcher-results count=2010 shown=200 publish_us=7924
info: event=launcher-painted latency_us=20636
info: event=launcher-results count=2011 shown=200 publish_us=8341
info: event=launcher-painted latency_us=20871
info: event=launcher-results count=1 shown=1 publish_us=3330
info: event=launcher-painted latency_us=4315
info: event=launcher-results count=1 shown=1 publish_us=411
info: event=launcher-results count=1 shown=1 publish_us=281
info: event=launcher-results count=1 shown=1 publish_us=350
info: event=launcher-results count=1 shown=1 publish_us=308
info: event=launcher-painted latency_us=3464
info: event=launcher-results count=1 shown=1 publish_us=419
info: event=launcher-results count=1 shown=1 publish_us=263
info: event=launcher-results count=1 shown=1 publish_us=305
info: event=launcher-results count=1 shown=1 publish_us=292
info: event=launcher-painted latency_us=3354
info: event=launcher-results count=1 shown=1 publish_us=850
info: event=launcher-painted latency_us=12918
info: event=launcher-results count=1 shown=1 publish_us=719
info: event=launcher-painted latency_us=9193
info: event=application-launch accepted=true action=true
info: event=popup-closed
event=fixture-ready special
info: event=popup-opened output=1
info: event=launcher-results count=2011 shown=200 publish_us=6034
info: event=launcher-painted latency_us=18972
info: event=launcher-results count=2011 shown=200 publish_us=7815
info: event=launcher-painted latency_us=20068
info: event=launcher-results count=2011 shown=200 publish_us=7940
info: event=launcher-painted latency_us=19569
info: event=launcher-results count=6 shown=6 publish_us=14051
info: event=launcher-results count=1 shown=1 publish_us=575
info: event=launcher-painted latency_us=1671
info: event=launcher-results count=1 shown=1 publish_us=302
info: event=launcher-results count=1 shown=1 publish_us=348
info: event=launcher-results count=1 shown=1 publish_us=351
info: event=launcher-results count=1 shown=1 publish_us=283
info: event=launcher-painted latency_us=2752
info: event=launcher-results count=1 shown=1 publish_us=312
info: event=launcher-results count=1 shown=1 publish_us=276
info: event=launcher-results count=1 shown=1 publish_us=301
info: event=launcher-results count=1 shown=1 publish_us=229
info: event=launcher-painted latency_us=2158
info: event=launcher-results count=1 shown=1 publish_us=282
info: event=launcher-painted latency_us=14109
info: event=launcher-results count=1 shown=1 publish_us=610
info: event=launcher-painted latency_us=6329
info: event=launcher-results count=1 shown=1 publish_us=594
info: event=launcher-painted latency_us=3006
info: event=application-launch accepted=true action=false
info: event=popup-closed
event=fixture-ready Terminal
info: event=popup-opened output=1
info: event=launcher-results count=2013 shown=200 publish_us=4649
info: event=launcher-results count=2013 shown=200 publish_us=6706
info: event=launcher-painted latency_us=19646
info: event=launcher-results count=3 shown=3 publish_us=3780
info: event=launcher-painted latency_us=5673
info: event=launcher-results count=2 shown=2 publish_us=421
info: event=launcher-results count=2 shown=2 publish_us=362
info: event=launcher-results count=2 shown=2 publish_us=329
info: event=launcher-results count=2 shown=2 publish_us=319
info: event=launcher-painted latency_us=4888
info: event=launcher-results count=1 shown=1 publish_us=352
info: event=launcher-results count=1 shown=1 publish_us=285
info: event=launcher-results count=1 shown=1 publish_us=278
info: event=launcher-results count=1 shown=1 publish_us=284
info: event=launcher-painted latency_us=4730
info: event=launcher-results count=1 shown=1 publish_us=293
info: event=launcher-painted latency_us=16190
info: event=launcher-results count=1 shown=1 publish_us=811
info: event=launcher-painted latency_us=10567
info: event=launcher-results count=1 shown=1 publish_us=926
info: event=launcher-painted latency_us=6083
info: event=application-launch accepted=true action=false
info: event=popup-closed
info: event=popup-opened output=1
info: event=launcher-results count=2015 shown=200 publish_us=5491
info: event=launcher-painted latency_us=18820
info: event=launcher-results count=2015 shown=200 publish_us=8407
info: event=launcher-painted latency_us=28649
info: event=launcher-results count=2015 shown=200 publish_us=8492
info: event=launcher-painted latency_us=21111
info: event=launcher-results count=2 shown=2 publish_us=3613
info: event=launcher-painted latency_us=4746
info: event=launcher-results count=2 shown=2 publish_us=1167
info: event=launcher-results count=2 shown=2 publish_us=415
info: event=launcher-results count=2 shown=2 publish_us=312
info: event=launcher-results count=2 shown=2 publish_us=365
info: event=launcher-painted latency_us=2219
info: event=launcher-results count=2 shown=2 publish_us=340
info: event=launcher-results count=2 shown=2 publish_us=402
info: event=launcher-painted latency_us=10511
info: event=launcher-results count=2 shown=2 publish_us=816
info: event=launcher-painted latency_us=3591
info: event=launcher-results count=2 shown=2 publish_us=672
info: event=launcher-painted latency_us=16787
info: event=popup-closed
info: event=popup-opened output=1
info: event=launcher-results count=2015 shown=200 publish_us=5032
info: event=launcher-results count=2015 shown=200 publish_us=6047
info: event=launcher-painted latency_us=18022
info: event=launcher-results count=2015 shown=200 publish_us=8879
info: event=launcher-painted latency_us=21917
info: event=launcher-results count=2 shown=2 publish_us=15916
info: event=launcher-results count=2 shown=2 publish_us=629
info: event=launcher-painted latency_us=1671
info: event=launcher-results count=2 shown=2 publish_us=414
info: event=launcher-results count=2 shown=2 publish_us=426
info: event=launcher-results count=2 shown=2 publish_us=376
info: event=launcher-results count=2 shown=2 publish_us=379
info: event=launcher-painted latency_us=1324
info: event=launcher-results count=2 shown=2 publish_us=357
info: event=launcher-painted latency_us=13637
info: event=launcher-results count=2 shown=2 publish_us=1081
info: event=launcher-painted latency_us=7318
info: event=launcher-results count=2 shown=2 publish_us=985
info: event=launcher-painted latency_us=3554
info: event=launcher-results count=2 shown=2 publish_us=413
info: event=launcher-painted latency_us=16191
info: event=popup-closed
info: event=popup-opened output=1
info: event=launcher-results count=2014 shown=200 publish_us=4889
info: event=launcher-results count=2014 shown=200 publish_us=6153
info: event=launcher-results count=2014 shown=200 publish_us=7258
info: event=launcher-painted latency_us=19904
info: event=launcher-results count=2014 shown=200 publish_us=8395
info: event=launcher-painted latency_us=21083
info: event=launcher-results count=1 shown=1 publish_us=4160
info: event=launcher-results count=1 shown=1 publish_us=377
info: event=launcher-results count=1 shown=1 publish_us=382
info: event=launcher-results count=1 shown=1 publish_us=369
info: event=launcher-results count=1 shown=1 publish_us=402
info: event=launcher-painted latency_us=1827
info: event=launcher-results count=1 shown=1 publish_us=394
info: event=launcher-results count=1 shown=1 publish_us=343
info: event=launcher-painted latency_us=9843
info: event=launcher-results count=1 shown=1 publish_us=841
info: event=launcher-painted latency_us=3168
info: event=launcher-results count=2 shown=2 publish_us=482
info: event=launcher-results count=2 shown=2 publish_us=371
info: event=launcher-results count=2 shown=2 publish_us=409
info: event=launcher-results count=2 shown=2 publish_us=272
info: event=launcher-painted latency_us=2093
info: event=launcher-results count=2 shown=2 publish_us=761
info: event=launcher-painted latency_us=12158
info: event=launcher-results count=2015 shown=200 publish_us=4784
info: event=launcher-painted latency_us=22155
info: event=launcher-results count=2015 shown=200 publish_us=8474
info: event=launcher-painted latency_us=20940
info: event=launcher-results count=2 shown=2 publish_us=3804
info: event=launcher-painted latency_us=4961
info: event=launcher-results count=2 shown=2 publish_us=1187
info: event=launcher-results count=2 shown=2 publish_us=351
info: event=launcher-results count=2 shown=2 publish_us=322
info: event=launcher-results count=2 shown=2 publish_us=340
info: event=launcher-painted latency_us=1807
info: event=launcher-results count=2 shown=2 publish_us=335
info: event=launcher-results count=2 shown=2 publish_us=487
info: event=launcher-painted latency_us=10230
info: event=launcher-results count=2 shown=2 publish_us=635
info: event=launcher-painted latency_us=3095
info: event=launcher-results count=2 shown=2 publish_us=963
info: event=launcher-painted latency_us=5976
info: event=popup-closed
info: event=popup-opened output=1
info: event=launcher-results count=2015 shown=200 publish_us=5410
info: event=launcher-results count=2015 shown=200 publish_us=6927
info: event=launcher-painted latency_us=19945
info: event=launcher-results count=2015 shown=200 publish_us=8176
info: event=launcher-painted latency_us=20460
info: event=launcher-results count=2015 shown=200 publish_us=7940
info: event=launcher-results count=2 shown=2 publish_us=2423
info: event=launcher-results count=2 shown=2 publish_us=448
info: event=launcher-painted latency_us=2919
info: event=launcher-results count=2 shown=2 publish_us=379
info: event=launcher-results count=2 shown=2 publish_us=386
info: event=launcher-results count=2 shown=2 publish_us=404
info: event=launcher-results count=2 shown=2 publish_us=338
info: event=launcher-painted latency_us=2063
info: event=launcher-results count=2 shown=2 publish_us=440
info: event=launcher-results count=2 shown=2 publish_us=346
info: event=launcher-results count=2 shown=2 publish_us=360
info: event=launcher-results count=2 shown=2 publish_us=387
info: event=launcher-painted latency_us=1812
info: event=launcher-results count=2 shown=2 publish_us=641
info: event=launcher-painted latency_us=9896
info: event=popup-closed
info: event=popup-opened output=1
info: event=popup-closed
info: event=popup-opened output=2
info: event=popup-closed
info: event=popup-opened output=1
info: event=popup-closed
info: event=desktop-action status=rejected detail=unavailable
info: event=app-index-ready entries=2010 truncated=false
info: event=popup-opened output=2
info: event=launcher-results count=2016 shown=200 publish_us=4624
info: event=launcher-results count=2016 shown=200 publish_us=6459
info: event=launcher-painted latency_us=22547
info: event=launcher-results count=5 shown=5 publish_us=2983
info: event=launcher-painted latency_us=4460
info: event=launcher-results count=1 shown=1 publish_us=441
info: event=launcher-results count=1 shown=1 publish_us=329
info: event=launcher-results count=1 shown=1 publish_us=406
info: event=launcher-results count=1 shown=1 publish_us=355
info: event=launcher-painted latency_us=2175
info: event=launcher-results count=1 shown=1 publish_us=290
info: event=launcher-results count=1 shown=1 publish_us=336
info: event=launcher-results count=1 shown=1 publish_us=262
info: event=launcher-results count=1 shown=1 publish_us=321
info: event=launcher-painted latency_us=1488
info: event=launcher-results count=1 shown=1 publish_us=352
info: event=launcher-results count=1 shown=1 publish_us=311
info: event=launcher-results count=1 shown=1 publish_us=325
info: event=launcher-results count=1 shown=1 publish_us=252
info: event=launcher-painted latency_us=984
info: event=launcher-results count=1 shown=1 publish_us=304
info: event=launcher-results count=1 shown=1 publish_us=247
info: event=launcher-results count=1 shown=1 publish_us=318
info: event=launcher-painted latency_us=4753
info: event=launcher-results count=1 shown=1 publish_us=653
info: event=launcher-painted latency_us=16783
info: event=launcher-results count=1 shown=1 publish_us=816
info: event=launcher-painted latency_us=9276
info: event=launcher-results count=1 shown=1 publish_us=767
info: event=launcher-painted latency_us=4419
info: event=launcher-results count=2016 shown=200 publish_us=5449
info: event=launcher-painted latency_us=17528
info: event=launcher-results count=5 shown=5 publish_us=3990
info: event=launcher-results count=1 shown=1 publish_us=351
info: event=launcher-results count=1 shown=1 publish_us=293
info: event=launcher-results count=1 shown=1 publish_us=349
info: event=launcher-painted latency_us=2580
info: event=launcher-results count=1 shown=1 publish_us=384
info: event=launcher-results count=1 shown=1 publish_us=325
info: event=launcher-results count=1 shown=1 publish_us=336
info: event=launcher-results count=1 shown=1 publish_us=337
info: event=launcher-painted latency_us=2192
info: event=launcher-results count=1 shown=1 publish_us=370
info: event=launcher-results count=1 shown=1 publish_us=286
info: event=launcher-results count=1 shown=1 publish_us=274
info: event=launcher-results count=1 shown=1 publish_us=324
info: event=launcher-painted latency_us=2260
info: event=launcher-results count=1 shown=1 publish_us=357
info: event=launcher-results count=1 shown=1 publish_us=333
info: event=launcher-results count=1 shown=1 publish_us=300
info: event=launcher-results count=1 shown=1 publish_us=324
info: event=launcher-painted latency_us=2814
info: event=launcher-results count=1 shown=1 publish_us=298
info: event=launcher-painted latency_us=15825
info: event=app-index-ready entries=2009 truncated=false
info: event=launcher-results count=0 shown=0 publish_us=2305
info: event=launcher-painted latency_us=9336
info: event=launcher-results count=0 shown=0 publish_us=714
info: event=launcher-painted latency_us=10013
info: event=launcher-results count=0 shown=0 publish_us=482
info: event=launcher-painted latency_us=3468
info: event=launcher-results count=0 shown=0 publish_us=515
info: event=launcher-painted latency_us=6917
info: event=launcher-results count=2015 shown=200 publish_us=4943
info: event=launcher-painted latency_us=17310
info: event=launcher-results count=2016 shown=200 publish_us=6871
info: event=launcher-results count=2001 shown=200 publish_us=6558
info: event=launcher-painted latency_us=18564
info: event=launcher-results count=1 shown=1 publish_us=3460
info: event=launcher-results count=1 shown=1 publish_us=357
info: event=launcher-results count=1 shown=1 publish_us=394
info: event=launcher-results count=1 shown=1 publish_us=366
info: event=launcher-results count=1 shown=1 publish_us=329
info: event=launcher-painted latency_us=1475
info: event=launcher-results count=1 shown=1 publish_us=395
info: event=launcher-results count=1 shown=1 publish_us=369
info: event=launcher-results count=1 shown=1 publish_us=316
info: event=launcher-painted latency_us=5089
info: event=launcher-results count=1 shown=1 publish_us=1103
info: event=launcher-results count=1 shown=1 publish_us=357
info: event=launcher-painted latency_us=12783
info: event=launcher-results count=1 shown=1 publish_us=532
info: event=launcher-painted latency_us=9187
info: event=popup-closed
info: event=popup-opened output=2
info: event=launcher-results count=2015 shown=200 publish_us=5310
info: event=launcher-results count=2015 shown=200 publish_us=7532
info: event=launcher-painted latency_us=21326
info: event=launcher-results count=2015 shown=200 publish_us=8324
info: event=launcher-painted latency_us=24310
info: event=launcher-results count=2014 shown=200 publish_us=8367
info: event=launcher-painted latency_us=21301
info: event=launcher-results count=2000 shown=200 publish_us=8356
info: event=launcher-results count=2000 shown=200 publish_us=7542
info: event=launcher-painted latency_us=19933
info: event=launcher-results count=2000 shown=200 publish_us=8805
info: event=launcher-painted latency_us=21748
info: event=popup-closed
info: event=popup-opened output=2
info: event=launcher-results count=2015 shown=200 publish_us=5085
info: event=launcher-results count=2015 shown=200 publish_us=10364
info: event=launcher-painted latency_us=24062
info: event=launcher-results count=2015 shown=200 publish_us=8952
info: event=launcher-painted latency_us=27647
info: event=launcher-results count=2014 shown=200 publish_us=8734
info: event=launcher-results count=2008 shown=200 publish_us=8775
info: event=launcher-painted latency_us=20611
info: event=launcher-results count=2000 shown=200 publish_us=7349
info: event=launcher-painted latency_us=26216
info: event=launcher-results count=2000 shown=200 publish_us=9890
info: event=launcher-painted latency_us=23708
info: event=popup-closed
info: event=popup-opened output=1
info: event=launcher-results count=2015 shown=200 publish_us=5085
info: event=launcher-results count=2015 shown=200 publish_us=6151
info: event=launcher-painted latency_us=21864
info: event=popup-closed
info: event=popup-opened output=1
info: event=launcher-results count=2015 shown=200 publish_us=5701
info: event=launcher-results count=2015 shown=200 publish_us=6909
info: event=launcher-painted latency_us=19974
info: event=popup-closed
info: event=popup-opened output=1
info: event=launcher-results count=2015 shown=200 publish_us=5809
info: event=launcher-results count=2015 shown=200 publish_us=6726
info: event=launcher-painted latency_us=23161
info: event=popup-closed
info: event=popup-opened output=1
info: event=launcher-results count=2015 shown=200 publish_us=5403
info: event=launcher-results count=2015 shown=200 publish_us=6847
info: event=launcher-painted latency_us=19655
info: event=popup-closed
info: event=popup-opened output=1
info: event=launcher-results count=2015 shown=200 publish_us=4917
info: event=launcher-painted latency_us=17025
info: event=launcher-results count=2015 shown=200 publish_us=6726
info: event=popup-closed
info: event=popup-opened output=1
info: event=launcher-results count=2015 shown=200 publish_us=5067
info: event=launcher-results count=2015 shown=200 publish_us=6034
info: event=launcher-painted latency_us=19957
info: event=popup-closed
info: event=popup-opened output=1
info: event=launcher-results count=2015 shown=200 publish_us=4874
info: event=launcher-results count=2015 shown=200 publish_us=6019
info: event=launcher-painted latency_us=18100
info: event=popup-closed
info: event=popup-opened output=1
info: event=launcher-results count=2015 shown=200 publish_us=4875
info: event=launcher-painted latency_us=16945
info: event=launcher-results count=2015 shown=200 publish_us=6451
info: event=launcher-painted latency_us=17958
info: event=popup-closed
info: event=popup-opened output=1
info: event=launcher-results count=2015 shown=200 publish_us=4881
info: event=popup-closed
info: event=popup-opened output=1
info: event=launcher-results count=2015 shown=200 publish_us=5229
info: event=popup-closed
info: event=popup-opened output=1
info: event=launcher-results count=2015 shown=200 publish_us=5967
info: event=popup-closed
info: event=popup-opened output=1
info: event=launcher-results count=2015 shown=200 publish_us=5496
info: event=popup-closed
info: event=popup-opened output=1
info: event=launcher-results count=2015 shown=200 publish_us=5731
info: event=popup-closed
info: event=popup-opened output=1
info: event=launcher-results count=2015 shown=200 publish_us=4949
info: event=popup-closed
info: event=popup-opened output=1
info: event=launcher-results count=2015 shown=200 publish_us=4935
info: event=popup-closed
info(pearl): event=stopping reason=control-quit pending=false
info(pearl): event=aqueous-availability state=stopped
info(pearl): event=cleanup pending=false watched_objects=0
info(pearl): event=stopped
