info: event=settings-launch activation_context=false
info: event=settings-instance-ready session=0abbba30ef453cdc30e3f3277d69b46b
info: event=settings-page page=overview
info: event=settings-page page=network
info: event=settings-window-created app_id=org.aqueous.Pearl.Settings
info: event=settings-page page=network
info: event=settings-activation activation_context=false
info: event=settings-page page=network
info: event=settings-activation activation_context=false
info: event=settings-page page=bluetooth
info: event=settings-activation activation_context=false
info: event=settings-page page=sound
info: event=settings-activation activation_context=false
info: event=settings-page page=power
info: event=settings-activation activation_context=false
info: event=settings-page page=bar
info: event=settings-activation activation_context=false
info: event=settings-page page=session
info: event=settings-activation activation_context=false
info: event=settings-page page=notifications
info: event=settings-activation activation_context=false
info: event=settings-page page=overview
info: event=settings-activation activation_context=false
info: event=settings-page page=network
info: event=settings-activation activation_context=false
info: event=settings-page page=network
