info: event=settings-launch activation_context=false
info: event=settings-instance-ready session=b9d805614c86f0dd9f56042c873b575c
info: event=settings-page page=overview
info: event=settings-page page=bluetooth
info: event=settings-window-created app_id=org.aqueous.Pearl.Settings
info: event=settings-page page=bluetooth
info: event=settings-activation activation_context=false
info: event=settings-page page=bar
info: event=settings-activation activation_context=false
info: event=settings-page page=sound
info: event=settings-activation activation_context=false
info: event=settings-page page=aqueous
info: event=settings-aqueous-action action=validate pending=false
info: event=settings-aqueous-action action=apply pending=false
info: event=settings-activation activation_context=false
info: event=settings-page page=aqueous
info: event=settings-activation activation_context=false
info: event=settings-page page=aqueous
info: event=settings-activation activation_context=false
info: event=settings-page page=aqueous
info: event=settings-activation activation_context=false
info: event=settings-page page=aqueous
info: event=settings-activation activation_context=false
info: event=settings-page page=aqueous
info: event=settings-activation activation_context=false
info: event=settings-page page=aqueous
info: event=settings-activation activation_context=false
info: event=settings-page page=aqueous
info: event=settings-activation activation_context=false
info: event=settings-page page=aqueous
info: event=settings-activation activation_context=false
info: event=settings-page page=sound
info: event=settings-activation activation_context=false
info: event=settings-page page=aqueous
info: event=settings-aqueous-action action=apply pending=false
info: event=settings-activation activation_context=false
info: event=settings-page page=sound
