info(pearl): event=aqueous-availability state=connecting
info(pearl): event=ready mode=session
info: event=blur-capability available=false
info(pearl): event=aqueous-availability state=subscribing
info(pearl): event=aqueous-availability state=ready
info: event=output-mapped id=1 connector=HEADLESS-2 scale=1
info: event=output-mapped id=2 connector=HEADLESS-1 scale=1
info(pearl): event=settings-backend-ready session=e431782bd6d7b92eda6c49ed23c53a1f
info(pearl): event=control-ready session=e431782bd6d7b92eda6c49ed23c53a1f
info: event=app-index-ready entries=161 truncated=false
info: event=settings-launch activation_context=true
info: event=settings-instance-ready session=e431782bd6d7b92eda6c49ed23c53a1f
info: event=settings-page page=overview
info: event=settings-page page=sound
info: event=settings-window-created app_id=org.aqueous.Pearl.Git.Settings
info: event=settings-page page=sound
info(pearl): event=stopping reason=signal pending=false
info(pearl): event=aqueous-availability state=stopped
info(pearl): event=cleanup pending=false watched_objects=0
info(pearl): event=stopped
