info(pearl): event=aqueous-availability state=connecting
info(pearl): event=ready mode=session
info: event=blur-capability available=false
info(pearl): event=aqueous-availability state=subscribing
info(pearl): event=aqueous-availability state=ready
info: event=output-mapped id=1 connector=HEADLESS-2 scale=1
info: event=output-mapped id=2 connector=HEADLESS-1 scale=1
info(pearl): event=settings-backend-ready session=e431782bd6d7b92eda6c49ed23c53a1f
info(pearl): event=control-ready session=e431782bd6d7b92eda6c49ed23c53a1f
info: event=app-index-ready entries=161 truncated=false
info: event=popup-opened output=1
info: event=launcher-results count=114 shown=114 publish_us=7210
info: event=launcher-results count=114 shown=114 publish_us=3729
info: event=launcher-painted latency_us=23454
info: event=launcher-results count=114 shown=114 publish_us=4669
info: event=preferences-applied revision=0 mode=static cache=false
info: event=launcher-results count=114 shown=114 publish_us=4266
info: event=launcher-painted latency_us=14550
info: event=launcher-results count=161 shown=161 publish_us=6726
info: event=launcher-results count=105 shown=105 publish_us=5092
info: event=launcher-results count=28 shown=28 publish_us=2493
info: event=launcher-painted latency_us=5494
info: event=launcher-results count=4 shown=4 publish_us=800
info: event=launcher-results count=4 shown=4 publish_us=465
info: event=launcher-results count=4 shown=4 publish_us=357
info: event=launcher-results count=4 shown=4 publish_us=331
info: event=launcher-painted latency_us=3326
info: event=launcher-results count=4 shown=4 publish_us=553
info: event=launcher-results count=4 shown=4 publish_us=409
info: event=launcher-results count=4 shown=4 publish_us=480
info: event=launcher-results count=4 shown=4 publish_us=491
info: event=launcher-painted latency_us=1811
info: event=launcher-results count=2 shown=2 publish_us=363
info: event=launcher-results count=2 shown=2 publish_us=235
info: event=launcher-results count=2 shown=2 publish_us=271
info: event=launcher-results count=2 shown=2 publish_us=301
info: event=launcher-painted latency_us=1382
info: event=launcher-results count=2 shown=2 publish_us=427
info: event=launcher-results count=2 shown=2 publish_us=358
info: event=launcher-results count=1 shown=1 publish_us=327
info: event=launcher-painted latency_us=4950
info: event=launcher-results count=1 shown=1 publish_us=857
info: event=launcher-results count=1 shown=1 publish_us=276
info: event=launcher-results count=1 shown=1 publish_us=350
info: event=launcher-results count=1 shown=1 publish_us=285
info: event=launcher-painted latency_us=4141
info: event=launcher-results count=1 shown=1 publish_us=336
info: event=launcher-results count=1 shown=1 publish_us=277
info: event=launcher-results count=1 shown=1 publish_us=262
info: event=launcher-results count=1 shown=1 publish_us=267
info: event=launcher-painted latency_us=3607
info: event=launcher-results count=1 shown=1 publish_us=260
info: event=launcher-results count=1 shown=1 publish_us=243
info: event=launcher-results count=1 shown=1 publish_us=271
info: event=launcher-results count=1 shown=1 publish_us=256
info: event=launcher-painted latency_us=3183
info: event=launcher-results count=1 shown=1 publish_us=246
info: event=launcher-results count=1 shown=1 publish_us=241
info: event=launcher-results count=1 shown=1 publish_us=200
info: event=launcher-results count=1 shown=1 publish_us=560
info: event=launcher-painted latency_us=1286
info: event=launcher-results count=1 shown=1 publish_us=342
info: event=launcher-results count=1 shown=1 publish_us=1513
info: event=launcher-painted latency_us=3707
info: event=launcher-results count=1 shown=1 publish_us=333
info: event=launcher-painted latency_us=8981
info: event=launcher-results count=1 shown=1 publish_us=677
info: event=launcher-painted latency_us=7593
info: event=application-launch accepted=true action=false
info: event=popup-closed
info: event=settings-launch activation_context=true
info: event=settings-instance-ready session=e431782bd6d7b92eda6c49ed23c53a1f
info: event=settings-page page=overview
info: event=settings-page page=overview
info: event=settings-window-created app_id=org.aqueous.Pearl.Settings
info: event=settings-page page=overview
info: event=preferences-applied revision=1 mode=static cache=false
info: event=settings-launch activation_context=true
info: event=settings-instance-ready session=e431782bd6d7b92eda6c49ed23c53a1f
info: event=settings-page page=overview
info: event=settings-page page=sound
info: event=settings-window-created app_id=org.aqueous.Pearl.Settings
info: event=settings-page page=sound
info(pearl): event=stopping reason=signal pending=false
info(pearl): event=aqueous-availability state=stopped
info(pearl): event=cleanup pending=false watched_objects=0
info(pearl): event=stopped
