info: event=settings-launch activation_context=false
info: event=settings-instance-ready session=4aa10e76627ad23c06d7f37a4532f9ca
info: event=settings-page page=overview
info: event=settings-page page=bluetooth
info: event=settings-window-created app_id=org.aqueous.Pearl.Settings
info: event=settings-page page=bluetooth
info: event=settings-activation activation_context=false
info: event=settings-page page=bar
info: event=settings-activation activation_context=false
info: event=settings-page page=sound
info: event=settings-activation activation_context=false
info: event=settings-page page=aqueous
info: event=settings-page page=aqueous
info: event=settings-page page=sound
info: event=settings-page page=aqueous
info: event=settings-page page=aqueous
info: event=settings-page page=aqueous
info: event=settings-page page=aqueous
info: event=settings-page page=aqueous
info: event=settings-page page=aqueous
info: event=settings-aqueous-action action=validate pending=false
