Traceback (most recent call last):
  File "/home/zoey/Pearl/tests/integration/test_settings_presentation.py", line 147, in <module>
    if __name__=='__main__':main()
                            ~~~~^^
  File "/home/zoey/Pearl/tests/integration/test_settings_presentation.py", line 94, in main
    wait_for(lambda:probe(s,ipc)['style']==('gtk' if theme=='gtk' else variant));size(width,height)
    ~~~~~~~~^^^^^^^^^^^^^^^^^^^^^^^^^^^^^^^^^^^^^^^^^^^^^^^^^^^^^^^^^^^^^^^^^^^^
  File "/home/zoey/Pearl/scripts/pearl_session.py", line 19, in wait_for
    value = check()
  File "/home/zoey/Pearl/tests/integration/test_settings_presentation.py", line 94, in <lambda>
    wait_for(lambda:probe(s,ipc)['style']==('gtk' if theme=='gtk' else variant));size(width,height)
                    ~~~~~^^^^^^^
  File "/home/zoey/Pearl/tests/integration/test_settings_app.py", line 29, in probe
    result = request(s, ipc, op='probe')
  File "/home/zoey/Pearl/tests/integration/test_settings_app.py", line 22, in request
    sock.settimeout(5); sock.connect(str(endpoint(s, ipc)))
                        ~~~~~~~~~~~~^^^^^^^^^^^^^^^^^^^^^^^
ConnectionRefusedError: [Errno 111] Connection refused
Traceback (most recent call last):
  File "/home/zoey/Pearl/tests/integration/test_settings_services.py", line 330, in <module>
    if __name__=='__main__':main()
                            ~~~~^^
  File "/home/zoey/Pearl/tests/integration/test_settings_services.py", line 297, in main
    navigate(s,ipc,'aqueous','displays');aq_ready(s,ipc,peer);peer.aq_action('discard');aq_ready(s,ipc,peer)
    ~~~~~~~~^^^^^^^^^^^^^^^^^^^^^^^^^^^^
  File "/home/zoey/Pearl/tests/integration/test_settings_services.py", line 62, in navigate
    assert request(s,ipc,**params)['ok']
           ~~~~~~~^^^^^^^^^^^^^^^^
  File "/home/zoey/Pearl/tests/integration/test_settings_app.py", line 25, in request
    with sock.makefile('rb') as f: return json.loads(f.readline())
                                          ~~~~~~~~~~^^^^^^^^^^^^^^
  File "/usr/lib/python3.14/json/__init__.py", line 352, in loads
    return _default_decoder.decode(s)
           ~~~~~~~~~~~~~~~~~~~~~~~^^^
  File "/usr/lib/python3.14/json/decoder.py", line 345, in decode
    obj, end = self.raw_decode(s, idx=_w(s, 0).end())
               ~~~~~~~~~~~~~~~^^^^^^^^^^^^^^^^^^^^^^^
  File "/usr/lib/python3.14/json/decoder.py", line 363, in raw_decode
    raise JSONDecodeError("Expecting value", s, err.value) from None
json.decoder.JSONDecodeError: Expecting value: line 1 column 1 (char 0)
{
  "status": "passed",
  "checks": {
    "two-process-handshake-persistent-heartbeat-and-capability-gating": true,
    "cross-session-display-version-and-unimplemented-operation-denial": true,
    "duplicate-id-denied": true,
    "fragmented-frames-oversize-invalid-utf8-empty-frame": true,
    "partial-handshake-timeout": true,
    "eight-client-bound-and-disconnect-slot-reuse": true,
    "handshake-does-not-create-popup-or-change-flyout-routing": true,
    "backend-crash-eof-stale-socket-recovery-new-epoch-session-isolation": true,
    "graceful-endpoint-cleanup": true
  },
  "pearl_sha256": "9792d02d23507de8bcddb5d5e3c39c0b97f34ad7a5d032f2d9666e8fbbd9639e"
}
test-settings-presentation
+- run python3 failure
error: process exited with error code 1
failed command: python3 tests/integration/test_settings_presentation.py --settings ./.zig-cache/o/275612c1031cf39549ea5469eb7644a3/pearl-settings-test --pearl ./.zig-cache/o/ba6d7d8a3c60e1c8019612e67ca43e23/pearl-integration --ctl /home/zoey/Pearl/zig-out/bin/pearlctl

test-settings-services
+- run python3 failure
error: process exited with error code 1
failed command: python3 tests/integration/test_settings_services.py --settings ./.zig-cache/o/275612c1031cf39549ea5469eb7644a3/pearl-settings-test --pearl ./.zig-cache/o/b0cc2e713f25672e2d7fb957bc49a662/pearl --ctl /home/zoey/Pearl/zig-out/bin/pearlctl --spike /home/zoey/Pearl/zig-out/bin/pearl-t00

Build Summary: 43/47 steps succeeded (2 failed); 280/280 tests passed
test-settings-services transitive failure
+- run python3 failure
test-settings-presentation transitive failure
+- run python3 failure

error: the following build command failed with exit code 1:
.zig-cache/o/804dc35427fe7c7d41ed88c97f014a6f/build /usr/bin/zig /usr/lib/zig /home/zoey/Pearl .zig-cache /home/zoey/.cache/zig --seed 0xcfda2cee -Zed328533b0d703cb install test test-settings-boundary test-settings-services test-settings-presentation -Doptimize=ReleaseSafe
