ts=2026-10-05T12:16:22Z pid=91707 info(platform): event=background-effect-owner owner=native gtk=4.22.5
ts=2026-10-05T12:16:22Z pid=91707 info(pearl): event=aqueous-availability state=connecting
ts=2026-10-05T12:16:22Z pid=91707 info(pearl): event=ready mode=session
ts=2026-10-05T12:16:22Z pid=91707 info(platform): event=blur-capability available=false
ts=2026-10-05T12:16:22Z pid=91707 info(pearl): event=aqueous-availability state=subscribing
ts=2026-10-05T12:16:22Z pid=91707 info(pearl): event=aqueous-availability state=ready
ts=2026-10-05T12:16:22Z pid=91707 info(ui): event=output-mapped id=1 connector=HEADLESS-2 scale=1
ts=2026-10-05T12:16:22Z pid=91707 info(ui): event=output-mapped id=2 connector=HEADLESS-1 scale=1
ts=2026-10-05T12:16:22Z pid=91707 info(pearl): event=settings-backend-ready session_hash=1797088dbf47fbff
ts=2026-10-05T12:16:22Z pid=91707 info(pearl): event=control-ready session_hash=1797088dbf47fbff
ts=2026-10-05T12:16:22Z pid=91707 info(desktop): event=app-index-ready entries=145 truncated=false
ts=2026-10-05T12:16:22Z pid=91707 info(ui): event=popup-close-reason reason=bar-inhibited
ts=2026-10-05T12:16:22Z pid=91707 info(ui): event=popup-close-reason reason=bar-inhibited
ts=2026-10-05T12:16:22Z pid=91707 info(ui): event=popup-close-reason reason=bar-inhibited
ts=2026-10-05T12:16:22Z pid=91707 info(ui): event=popup-close-reason reason=bar-inhibited
ts=2026-10-05T12:16:22Z pid=91707 info(ui): event=popup-close-reason reason=bar-inhibited
ts=2026-10-05T12:16:22Z pid=91707 info(ui): event=popup-close-reason reason=bar-inhibited
ts=2026-10-05T12:16:22Z pid=91707 info(ui): event=popup-close-reason reason=locked
ts=2026-10-05T12:16:22Z pid=91707 info(ui): event=popup-close-reason reason=bar-inhibited
ts=2026-10-05T12:16:22Z pid=91707 info(ui): event=popup-close-reason reason=locked
ts=2026-10-05T12:16:22Z pid=91707 info(ui): event=popup-close-reason reason=bar-inhibited
ts=2026-10-05T12:16:22Z pid=91707 info(ui): event=popup-close-reason reason=locked
ts=2026-10-05T12:16:22Z pid=91707 info(config): event=preferences-applied revision=1 mode=static cache=false
ts=2026-10-05T12:16:22Z pid=91707 info(ui): event=popup-close-reason reason=bar-inhibited
ts=2026-10-05T12:16:22Z pid=91707 info(ui): event=popup-close-reason reason=locked
ts=2026-10-05T12:16:22Z pid=91707 info(ui): event=popup-close-reason reason=bar-inhibited
ts=2026-10-05T12:16:22Z pid=91707 info(ui): event=popup-close-reason reason=locked
ts=2026-10-05T12:16:22Z pid=91707 info(ui): event=popup-close-reason reason=bar-inhibited
ts=2026-10-05T12:16:22Z pid=91707 info(ui): event=popup-close-reason reason=locked
ts=2026-10-05T12:16:22Z pid=91707 info(ui): event=popup-close-reason reason=bar-inhibited
ts=2026-10-05T12:16:22Z pid=91707 info(ui): event=popup-close-reason reason=locked
ts=2026-10-05T12:16:22Z pid=91707 info(ui): event=popup-close-reason reason=bar-inhibited
ts=2026-10-05T12:16:22Z pid=91707 info(ui): event=popup-close-reason reason=locked
ts=2026-10-05T12:16:22Z pid=91707 info(ui): event=popup-close-reason reason=bar-inhibited
ts=2026-10-05T12:16:22Z pid=91707 info(ui): event=popup-close-reason reason=locked
ts=2026-10-05T12:16:22Z pid=91707 info(ui): event=popup-close-reason reason=bar-inhibited
ts=2026-10-05T12:16:22Z pid=91707 info(ui): event=popup-close-reason reason=locked
ts=2026-10-05T12:16:22Z pid=91707 info(ui): event=popup-close-reason reason=bar-inhibited
ts=2026-10-05T12:16:22Z pid=91707 info(ui): event=popup-close-reason reason=locked
ts=2026-10-05T12:16:22Z pid=91707 info(ui): event=popup-close-reason reason=bar-inhibited
ts=2026-10-05T12:16:22Z pid=91707 info(ui): event=popup-close-reason reason=locked
ts=2026-10-05T12:16:22Z pid=91707 info(ui): event=popup-close-reason reason=bar-inhibited
ts=2026-10-05T12:16:22Z pid=91707 info(ui): event=popup-close-reason reason=locked
ts=2026-10-05T12:16:22Z pid=91707 info(ui): event=popup-close-reason reason=bar-inhibited
ts=2026-10-05T12:16:22Z pid=91707 info(ui): event=popup-close-reason reason=locked
ts=2026-10-05T12:16:22Z pid=91707 info(ui): event=popup-close-reason reason=bar-inhibited
ts=2026-10-05T12:16:22Z pid=91707 info(ui): event=popup-close-reason reason=locked
ts=2026-10-05T12:16:22Z pid=91707 info(ui): event=popup-close-reason reason=bar-inhibited
ts=2026-10-05T12:16:22Z pid=91707 info(ui): event=popup-close-reason reason=locked
ts=2026-10-05T12:16:23Z pid=91707 info(ui): event=popup-close-reason reason=bar-inhibited
ts=2026-10-05T12:16:23Z pid=91707 info(ui): event=popup-close-reason reason=locked
ts=2026-10-05T12:16:23Z pid=91707 info(ui): event=popup-close-reason reason=bar-inhibited
ts=2026-10-05T12:16:23Z pid=91707 info(ui): event=popup-close-reason reason=locked
ts=2026-10-05T12:16:23Z pid=91707 info(ui): event=popup-close-reason reason=bar-inhibited
ts=2026-10-05T12:16:23Z pid=91707 info(ui): event=popup-close-reason reason=locked
ts=2026-10-05T12:16:23Z pid=91707 info(ui): event=popup-close-reason reason=bar-inhibited
ts=2026-10-05T12:16:23Z pid=91707 info(ui): event=popup-close-reason reason=locked
ts=2026-10-05T12:16:23Z pid=91707 info(ui): event=popup-close-reason reason=bar-inhibited
ts=2026-10-05T12:16:23Z pid=91707 info(ui): event=popup-close-reason reason=bar-inhibited
ts=2026-10-05T12:16:23Z pid=91707 info(config): event=wallpaper-applications-applied generation=3 elapsed_us=276 success=true
ts=2026-10-05T12:16:23Z pid=91707 info(ui): event=popup-close-reason reason=bar-inhibited
ts=2026-10-05T12:16:23Z pid=91707 info(ui): event=popup-close-reason reason=bar-inhibited
ts=2026-10-05T12:16:23Z pid=91707 info(ui): event=popup-close-reason reason=bar-inhibited
ts=2026-10-05T12:16:23Z pid=91707 info(ui): event=popup-close-reason reason=bar-inhibited
ts=2026-10-05T12:16:23Z pid=91707 info(ui): event=popup-close-reason reason=bar-inhibited
ts=2026-10-05T12:16:24Z pid=91707 info(ui): event=popup-close-reason reason=bar-inhibited
ts=2026-10-05T12:16:24Z pid=91707 info(ui): event=popup-close-reason reason=bar-inhibited
ts=2026-10-05T12:16:24Z pid=91707 info(ui): event=popup-close-reason reason=bar-inhibited
ts=2026-10-05T12:16:24Z pid=91707 info(ui): event=popup-close-reason reason=locked
ts=2026-10-05T12:16:24Z pid=91707 info(ui): event=popup-close-reason reason=bar-inhibited
ts=2026-10-05T12:16:24Z pid=91707 info(ui): event=popup-close-reason reason=locked
ts=2026-10-05T12:16:24Z pid=91707 info(ui): event=popup-close-reason reason=bar-inhibited
ts=2026-10-05T12:16:24Z pid=91707 info(ui): event=popup-close-reason reason=locked
