info(pearl): event=aqueous-availability state=connecting
info(pearl): event=ready mode=session
info(pearl): event=aqueous-availability state=subscribing
info(pearl): event=aqueous-availability state=ready
info: event=output-mapped id=1 connector=HEADLESS-2 scale=1
info: event=output-mapped id=2 connector=HEADLESS-1 scale=1
info(pearl): event=control-ready session=6a4aac0bb85bfd44b087e052edded561
info: event=app-index-ready entries=158 truncated=false
info: event=preferences-applied revision=0 mode=static cache=false
info: event=popup-opened output=1
info: event=session-focus target=settings-other
info: event=preferences-applied revision=1 mode=static cache=false
info: event=preferences-error detail=SyntaxError
info: event=preferences-applied revision=3 mode=static cache=false
info: event=preferences-error detail=InvalidImage
info: event=preferences-error detail=InvalidFile
info: event=preferences-applied revision=4 mode=dynamic cache=false
info: event=preferences-applied revision=5 mode=dynamic cache=true
info: event=preferences-applied revision=6 mode=static cache=false
info: event=preferences-error detail=GtkThemeNotInstalled
info: event=preferences-applied revision=7 mode=gtk cache=false
info: event=preferences-applied revision=8 mode=gtk cache=false
info: event=preferences-applied revision=9 mode=static cache=false
info: event=preferences-applied revision=10 mode=static cache=false
info: event=preferences-applied revision=11 mode=static cache=false
info: event=preferences-applied revision=12 mode=static cache=false
info: event=preferences-applied revision=13 mode=static cache=false
info(pearl): event=stopping reason=control-quit pending=false
info: event=popup-closed
info(pearl): event=aqueous-availability state=stopped
info(pearl): event=cleanup pending=false watched_objects=0
info(pearl): event=stopped
