/home/zoey/Pearl/tests/fixtures/session/desktop.py:72: DeprecationWarning: Gio.DBusConnection.register_object is deprecated
  info=Gio.DBusNodeInfo.new_for_xml(xml);bus.register_object(path,info.interfaces[0],method,lambda c,s,p,i,k:objects[(p,i)][k],None)
event=ready
command={"register": true}
command={"notify": {"body": "Hello <b>world</b>\u001b", "resident": true, "summary": "New message"}}
command={"notify": {"replaces": 1, "resident": true, "summary": "Updated message"}}
command={"notify": {"timeout": 150, "transient": true}}
command={"notify": {}}
command={"close": 3}
command={"notify": {"app": "Mail", "summary": "Quiet delivery"}}
command={"close": 4}
command={"burst": 100}
command={"notify": {"summary": "Private locked content"}}
command={"close": 105}
command={"capability": "CanSeek", "value": false}
command={"deny": true}
command={"deny": false}
command={"art": "https://invalid.example/cover.png", "title": "Remote artwork"}
command={"art": "file:///tmp/pearl-dev-lmnz8508/oversized.png", "title": "Oversized"}
command={"art": "file:///tmp/pearl-dev-lmnz8508/cover-fifo", "title": "FIFO"}
command={"menu_overflow": true}
command={"menu_overflow": false}
command={"bad_pixmap": true}
command={"delay": 1000, "title": "Obsolete reply"}
command={"release_player": true}
command={"delay": 0, "own_player": true, "title": "New owner"}
command={"release_tray": true}
command={"own_tray": true}
command={"register": true}
command={"delay": 2000, "title": "Pending at shutdown"}
