ts=2026-10-02T10:49:56Z pid=391552 info(lock): event=lock-ui views=1 waiting=false echo=false caps=false auth=false acquired=false updates=1 clocks=1
ts=2026-10-02T10:49:56Z pid=391552 info(lock): event=lock-monitor
ts=2026-10-02T10:49:56Z pid=391552 info(lock): event=lock-ui views=2 waiting=false echo=false caps=false auth=false acquired=false updates=2 clocks=2
ts=2026-10-02T10:49:56Z pid=391552 info(lock): event=lock-monitor
ts=2026-10-02T10:49:56Z pid=391552 info(lock): event=lock-acquired
ts=2026-10-02T10:49:56Z pid=391552 info(lock): event=lock-ui views=2 waiting=false echo=false caps=false auth=true acquired=true updates=3 clocks=2
ts=2026-10-02T10:49:56Z pid=391552 info(lock): event=lock-ui views=2 waiting=false echo=false caps=false auth=true acquired=true updates=4 clocks=2
ts=2026-10-02T10:49:56Z pid=391552 info(lock): event=lock-ui views=2 waiting=false echo=false caps=false auth=true acquired=true updates=5 clocks=2
ts=2026-10-02T10:49:56Z pid=391552 info(lock): event=lock-ui views=2 waiting=true echo=true caps=false auth=true acquired=true updates=6 clocks=2
ts=2026-10-02T10:49:56Z pid=391552 info(lock): event=lock-ui views=2 waiting=true echo=true caps=false auth=true acquired=true updates=7 clocks=2
ts=2026-10-02T10:49:56Z pid=391552 info(config): event=preferences-applied revision=1 mode=static cache=false
ts=2026-10-02T10:49:56Z pid=391552 info(lock): event=lock-ui views=2 waiting=true echo=true caps=false auth=true acquired=true updates=8 clocks=2
ts=2026-10-02T10:49:57Z pid=391552 info(lock): event=lock-caps enabled=true
ts=2026-10-02T10:49:57Z pid=391552 info(lock): event=lock-caps enabled=false
ts=2026-10-02T10:49:58Z pid=391552 info(lock): event=lock-caps enabled=true
ts=2026-10-02T10:49:58Z pid=391552 info(lock): event=lock-caps enabled=false
ts=2026-10-02T10:49:58Z pid=391552 info(lock): event=lock-ui views=2 waiting=false echo=true caps=false auth=true acquired=true updates=9 clocks=2
ts=2026-10-02T10:49:58Z pid=391552 info(lock): event=lock-ui views=2 waiting=true echo=false caps=false auth=true acquired=true updates=10 clocks=2
ts=2026-10-02T10:49:58Z pid=391552 info(lock): event=lock-ui views=2 waiting=true echo=false caps=false auth=true acquired=true updates=11 clocks=3
ts=2026-10-02T10:49:58Z pid=391552 info(lock): event=lock-monitor
ts=2026-10-02T10:49:59Z pid=391552 info(lock): event=lock-ui views=2 waiting=false echo=false caps=false auth=true acquired=true updates=12 clocks=3
ts=2026-10-02T10:49:59Z pid=391552 info(lock): event=lock-released
