ts=2026-10-02T10:50:36Z pid=401795 info(lock): event=lock-ui views=1 waiting=false echo=false caps=false auth=false acquired=false updates=1 clocks=1
ts=2026-10-02T10:50:36Z pid=401795 info(lock): event=lock-monitor
ts=2026-10-02T10:50:36Z pid=401795 info(lock): event=lock-ui views=2 waiting=false echo=false caps=false auth=false acquired=false updates=2 clocks=2
ts=2026-10-02T10:50:36Z pid=401795 info(lock): event=lock-monitor
ts=2026-10-02T10:50:36Z pid=401795 info(lock): event=lock-acquired
ts=2026-10-02T10:50:36Z pid=401795 info(lock): event=lock-ui views=2 waiting=false echo=false caps=false auth=true acquired=true updates=3 clocks=2
ts=2026-10-02T10:50:36Z pid=401795 info(lock): event=lock-ui views=2 waiting=false echo=false caps=false auth=true acquired=true updates=4 clocks=2
ts=2026-10-02T10:50:36Z pid=401795 info(lock): event=lock-ui views=2 waiting=false echo=false caps=false auth=true acquired=true updates=5 clocks=2
ts=2026-10-02T10:50:36Z pid=401795 info(lock): event=lock-ui views=2 waiting=true echo=true caps=false auth=true acquired=true updates=6 clocks=2
ts=2026-10-02T10:50:36Z pid=401795 info(lock): event=lock-ui views=2 waiting=true echo=true caps=false auth=true acquired=true updates=7 clocks=2
ts=2026-10-02T10:50:36Z pid=401795 info(config): event=preferences-applied revision=1 mode=static cache=false
ts=2026-10-02T10:50:36Z pid=401795 info(lock): event=lock-ui views=2 waiting=true echo=true caps=false auth=true acquired=true updates=8 clocks=2
ts=2026-10-02T10:50:36Z pid=401795 info(lock): event=lock-ui views=2 waiting=false echo=true caps=false auth=false acquired=true updates=9 clocks=2
ts=2026-10-02T10:50:37Z pid=401795 info(lock): event=lock-ui views=2 waiting=false echo=true caps=false auth=false acquired=true updates=10 clocks=3
ts=2026-10-02T10:50:37Z pid=401795 info(lock): event=lock-monitor
ts=2026-10-02T10:50:38Z pid=401795 info(lock): event=lock-ui views=2 waiting=false echo=true caps=false auth=false acquired=true updates=11 clocks=4
ts=2026-10-02T10:50:38Z pid=401795 info(lock): event=lock-monitor
ts=2026-10-02T10:50:38Z pid=401795 info(lock): event=lock-ui views=2 waiting=false echo=true caps=false auth=false acquired=true updates=12 clocks=5
ts=2026-10-02T10:50:38Z pid=401795 info(lock): event=lock-monitor
ts=2026-10-02T10:50:38Z pid=401795 info(lock): event=lock-ui views=2 waiting=false echo=true caps=false auth=false acquired=true updates=13 clocks=6
ts=2026-10-02T10:50:38Z pid=401795 info(lock): event=lock-monitor
ts=2026-10-02T10:50:38Z pid=401795 info(lock): event=lock-ui views=2 waiting=false echo=true caps=false auth=false acquired=true updates=14 clocks=7
ts=2026-10-02T10:50:38Z pid=401795 info(lock): event=lock-monitor
ts=2026-10-02T10:50:39Z pid=401795 info(lock): event=lock-ui views=2 waiting=false echo=true caps=false auth=false acquired=true updates=15 clocks=8
ts=2026-10-02T10:50:39Z pid=401795 info(lock): event=lock-monitor
ts=2026-10-02T10:50:39Z pid=401795 info(lock): event=lock-ui views=2 waiting=false echo=true caps=false auth=false acquired=true updates=16 clocks=9
ts=2026-10-02T10:50:39Z pid=401795 info(lock): event=lock-monitor
ts=2026-10-02T10:50:39Z pid=401795 info(lock): event=lock-ui views=2 waiting=false echo=true caps=false auth=false acquired=true updates=17 clocks=10
ts=2026-10-02T10:50:39Z pid=401795 info(lock): event=lock-monitor
ts=2026-10-02T10:50:39Z pid=401795 info(lock): event=lock-ui views=2 waiting=false echo=true caps=false auth=false acquired=true updates=18 clocks=11
ts=2026-10-02T10:50:39Z pid=401795 info(lock): event=lock-monitor
ts=2026-10-02T10:50:40Z pid=401795 info(lock): event=lock-ui views=2 waiting=false echo=true caps=false auth=false acquired=true updates=19 clocks=12
ts=2026-10-02T10:50:40Z pid=401795 info(lock): event=lock-monitor
ts=2026-10-02T10:50:40Z pid=401795 info(lock): event=lock-ui views=2 waiting=false echo=true caps=false auth=false acquired=true updates=20 clocks=13
ts=2026-10-02T10:50:40Z pid=401795 info(lock): event=lock-monitor
ts=2026-10-02T10:50:40Z pid=401795 info(lock): event=lock-ui views=2 waiting=false echo=true caps=false auth=false acquired=true updates=21 clocks=14
ts=2026-10-02T10:50:40Z pid=401795 info(lock): event=lock-monitor
ts=2026-10-02T10:50:40Z pid=401795 info(lock): event=lock-ui views=2 waiting=false echo=true caps=false auth=false acquired=true updates=22 clocks=15
ts=2026-10-02T10:50:40Z pid=401795 info(lock): event=lock-monitor
ts=2026-10-02T10:50:41Z pid=401795 info(lock): event=lock-ui views=2 waiting=false echo=true caps=false auth=false acquired=true updates=23 clocks=16
ts=2026-10-02T10:50:41Z pid=401795 info(lock): event=lock-monitor
ts=2026-10-02T10:50:41Z pid=401795 info(lock): event=lock-ui views=2 waiting=false echo=true caps=false auth=false acquired=true updates=24 clocks=17
ts=2026-10-02T10:50:41Z pid=401795 info(lock): event=lock-monitor
ts=2026-10-02T10:50:41Z pid=401795 info(lock): event=lock-ui views=2 waiting=false echo=true caps=false auth=false acquired=true updates=25 clocks=18
ts=2026-10-02T10:50:41Z pid=401795 info(lock): event=lock-monitor
ts=2026-10-02T10:50:41Z pid=401795 info(lock): event=lock-ui views=2 waiting=false echo=true caps=false auth=false acquired=true updates=26 clocks=19
ts=2026-10-02T10:50:41Z pid=401795 info(lock): event=lock-monitor
ts=2026-10-02T10:50:42Z pid=401795 info(lock): event=lock-ui views=2 waiting=false echo=true caps=false auth=false acquired=true updates=27 clocks=20
ts=2026-10-02T10:50:42Z pid=401795 info(lock): event=lock-monitor
ts=2026-10-02T10:50:42Z pid=401795 info(lock): event=lock-ui views=2 waiting=false echo=true caps=false auth=false acquired=true updates=28 clocks=21
ts=2026-10-02T10:50:42Z pid=401795 info(lock): event=lock-monitor
ts=2026-10-02T10:50:42Z pid=401795 info(lock): event=lock-ui views=2 waiting=false echo=true caps=false auth=false acquired=true updates=29 clocks=22
ts=2026-10-02T10:50:42Z pid=401795 info(lock): event=lock-monitor
ts=2026-10-02T10:50:42Z pid=401795 info(lock): event=lock-ui views=2 waiting=false echo=true caps=false auth=false acquired=true updates=30 clocks=23
ts=2026-10-02T10:50:42Z pid=401795 info(lock): event=lock-monitor
ts=2026-10-02T10:50:43Z pid=401795 info(lock): event=lock-ui views=2 waiting=false echo=true caps=false auth=false acquired=true updates=31 clocks=24
ts=2026-10-02T10:50:43Z pid=401795 info(lock): event=lock-monitor
ts=2026-10-02T10:50:43Z pid=401795 info(lock): event=lock-ui views=2 waiting=false echo=true caps=false auth=false acquired=true updates=32 clocks=25
ts=2026-10-02T10:50:43Z pid=401795 info(lock): event=lock-monitor
ts=2026-10-02T10:50:43Z pid=401795 info(lock): event=lock-ui views=2 waiting=false echo=true caps=false auth=false acquired=true updates=33 clocks=26
ts=2026-10-02T10:50:43Z pid=401795 info(lock): event=lock-monitor
ts=2026-10-02T10:50:43Z pid=401795 info(lock): event=lock-ui views=2 waiting=false echo=true caps=false auth=false acquired=true updates=34 clocks=27
ts=2026-10-02T10:50:43Z pid=401795 info(lock): event=lock-monitor
ts=2026-10-02T10:50:44Z pid=401795 info(lock): event=lock-ui views=2 waiting=false echo=true caps=false auth=false acquired=true updates=35 clocks=28
ts=2026-10-02T10:50:44Z pid=401795 info(lock): event=lock-monitor
ts=2026-10-02T10:50:44Z pid=401795 info(lock): event=lock-ui views=2 waiting=false echo=true caps=false auth=false acquired=true updates=36 clocks=29
ts=2026-10-02T10:50:44Z pid=401795 info(lock): event=lock-monitor
ts=2026-10-02T10:50:44Z pid=401795 info(lock): event=lock-ui views=2 waiting=false echo=true caps=false auth=false acquired=true updates=37 clocks=30
ts=2026-10-02T10:50:44Z pid=401795 info(lock): event=lock-monitor
ts=2026-10-02T10:50:44Z pid=401795 info(lock): event=lock-ui views=2 waiting=false echo=true caps=false auth=false acquired=true updates=38 clocks=31
ts=2026-10-02T10:50:44Z pid=401795 info(lock): event=lock-monitor
ts=2026-10-02T10:50:45Z pid=401795 info(lock): event=lock-ui views=2 waiting=false echo=true caps=false auth=false acquired=true updates=39 clocks=32
ts=2026-10-02T10:50:45Z pid=401795 info(lock): event=lock-monitor
ts=2026-10-02T10:50:45Z pid=401795 info(lock): event=lock-ui views=2 waiting=false echo=true caps=false auth=false acquired=true updates=40 clocks=33
ts=2026-10-02T10:50:45Z pid=401795 info(lock): event=lock-monitor
ts=2026-10-02T10:50:45Z pid=401795 info(lock): event=lock-ui views=2 waiting=false echo=true caps=false auth=false acquired=true updates=41 clocks=34
ts=2026-10-02T10:50:45Z pid=401795 info(lock): event=lock-monitor
ts=2026-10-02T10:50:45Z pid=401795 info(lock): event=lock-ui views=2 waiting=false echo=true caps=false auth=false acquired=true updates=42 clocks=35
ts=2026-10-02T10:50:45Z pid=401795 info(lock): event=lock-monitor
ts=2026-10-02T10:50:46Z pid=401795 info(lock): event=lock-ui views=2 waiting=false echo=true caps=false auth=false acquired=true updates=43 clocks=36
ts=2026-10-02T10:50:46Z pid=401795 info(lock): event=lock-monitor
ts=2026-10-02T10:50:46Z pid=401795 info(lock): event=lock-ui views=2 waiting=false echo=true caps=false auth=false acquired=true updates=44 clocks=37
ts=2026-10-02T10:50:46Z pid=401795 info(lock): event=lock-monitor
ts=2026-10-02T10:50:46Z pid=401795 info(lock): event=lock-ui views=2 waiting=false echo=true caps=false auth=false acquired=true updates=45 clocks=38
ts=2026-10-02T10:50:46Z pid=401795 info(lock): event=lock-monitor
ts=2026-10-02T10:50:46Z pid=401795 info(lock): event=lock-ui views=2 waiting=false echo=true caps=false auth=false acquired=true updates=46 clocks=39
ts=2026-10-02T10:50:46Z pid=401795 info(lock): event=lock-monitor
ts=2026-10-02T10:50:47Z pid=401795 info(lock): event=lock-ui views=2 waiting=false echo=true caps=false auth=false acquired=true updates=47 clocks=40
ts=2026-10-02T10:50:47Z pid=401795 info(lock): event=lock-monitor
ts=2026-10-02T10:50:47Z pid=401795 info(lock): event=lock-ui views=2 waiting=false echo=true caps=false auth=false acquired=true updates=48 clocks=41
ts=2026-10-02T10:50:47Z pid=401795 info(lock): event=lock-monitor
ts=2026-10-02T10:50:47Z pid=401795 info(lock): event=lock-ui views=2 waiting=false echo=true caps=false auth=false acquired=true updates=49 clocks=42
ts=2026-10-02T10:50:47Z pid=401795 info(lock): event=lock-monitor
ts=2026-10-02T10:50:47Z pid=401795 info(lock): event=lock-ui views=2 waiting=false echo=true caps=false auth=false acquired=true updates=50 clocks=43
ts=2026-10-02T10:50:47Z pid=401795 info(lock): event=lock-monitor
ts=2026-10-02T10:50:48Z pid=401795 info(lock): event=lock-ui views=2 waiting=false echo=true caps=false auth=false acquired=true updates=51 clocks=44
ts=2026-10-02T10:50:48Z pid=401795 info(lock): event=lock-monitor
ts=2026-10-02T10:50:48Z pid=401795 info(lock): event=lock-ui views=2 waiting=false echo=true caps=false auth=false acquired=true updates=52 clocks=45
ts=2026-10-02T10:50:48Z pid=401795 info(lock): event=lock-monitor
ts=2026-10-02T10:50:48Z pid=401795 info(lock): event=lock-ui views=2 waiting=false echo=true caps=false auth=false acquired=true updates=53 clocks=46
ts=2026-10-02T10:50:48Z pid=401795 info(lock): event=lock-monitor
ts=2026-10-02T10:50:48Z pid=401795 info(lock): event=lock-ui views=2 waiting=false echo=true caps=false auth=false acquired=true updates=54 clocks=47
ts=2026-10-02T10:50:48Z pid=401795 info(lock): event=lock-monitor
ts=2026-10-02T10:50:49Z pid=401795 info(lock): event=lock-ui views=2 waiting=false echo=true caps=false auth=false acquired=true updates=55 clocks=48
ts=2026-10-02T10:50:49Z pid=401795 info(lock): event=lock-monitor
ts=2026-10-02T10:50:49Z pid=401795 info(lock): event=lock-ui views=2 waiting=false echo=true caps=false auth=false acquired=true updates=56 clocks=49
ts=2026-10-02T10:50:49Z pid=401795 info(lock): event=lock-monitor
ts=2026-10-02T10:50:49Z pid=401795 info(lock): event=lock-ui views=2 waiting=false echo=true caps=false auth=false acquired=true updates=57 clocks=50
ts=2026-10-02T10:50:49Z pid=401795 info(lock): event=lock-monitor
ts=2026-10-02T10:50:49Z pid=401795 info(lock): event=lock-ui views=2 waiting=false echo=true caps=false auth=false acquired=true updates=58 clocks=51
ts=2026-10-02T10:50:49Z pid=401795 info(lock): event=lock-monitor
ts=2026-10-02T10:50:50Z pid=401795 info(lock): event=lock-ui views=2 waiting=false echo=true caps=false auth=false acquired=true updates=59 clocks=52
ts=2026-10-02T10:50:50Z pid=401795 info(lock): event=lock-monitor
ts=2026-10-02T10:50:50Z pid=401795 info(lock): event=lock-ui views=2 waiting=false echo=true caps=false auth=false acquired=true updates=60 clocks=53
ts=2026-10-02T10:50:50Z pid=401795 info(lock): event=lock-monitor
ts=2026-10-02T10:50:50Z pid=401795 info(lock): event=lock-ui views=2 waiting=false echo=true caps=false auth=false acquired=true updates=61 clocks=54
ts=2026-10-02T10:50:50Z pid=401795 info(lock): event=lock-monitor
ts=2026-10-02T10:50:50Z pid=401795 info(lock): event=lock-ui views=2 waiting=false echo=true caps=false auth=false acquired=true updates=62 clocks=55
ts=2026-10-02T10:50:50Z pid=401795 info(lock): event=lock-monitor
ts=2026-10-02T10:50:51Z pid=401795 info(lock): event=lock-ui views=2 waiting=false echo=true caps=false auth=false acquired=true updates=63 clocks=56
ts=2026-10-02T10:50:51Z pid=401795 info(lock): event=lock-monitor
ts=2026-10-02T10:50:51Z pid=401795 info(lock): event=lock-ui views=2 waiting=false echo=true caps=false auth=false acquired=true updates=64 clocks=57
ts=2026-10-02T10:50:51Z pid=401795 info(lock): event=lock-monitor
ts=2026-10-02T10:50:51Z pid=401795 info(lock): event=lock-ui views=2 waiting=false echo=true caps=false auth=false acquired=true updates=65 clocks=58
ts=2026-10-02T10:50:51Z pid=401795 info(lock): event=lock-monitor
ts=2026-10-02T10:50:51Z pid=401795 info(lock): event=lock-ui views=2 waiting=false echo=true caps=false auth=false acquired=true updates=66 clocks=59
ts=2026-10-02T10:50:51Z pid=401795 info(lock): event=lock-monitor
ts=2026-10-02T10:50:52Z pid=401795 info(lock): event=lock-ui views=2 waiting=false echo=true caps=false auth=false acquired=true updates=67 clocks=60
ts=2026-10-02T10:50:52Z pid=401795 info(lock): event=lock-monitor
ts=2026-10-02T10:50:52Z pid=401795 info(lock): event=lock-ui views=2 waiting=false echo=true caps=false auth=false acquired=true updates=68 clocks=61
ts=2026-10-02T10:50:52Z pid=401795 info(lock): event=lock-monitor
ts=2026-10-02T10:50:52Z pid=401795 info(lock): event=lock-ui views=2 waiting=false echo=true caps=false auth=false acquired=true updates=69 clocks=62
ts=2026-10-02T10:50:52Z pid=401795 info(lock): event=lock-monitor
ts=2026-10-02T10:50:52Z pid=401795 info(lock): event=lock-ui views=2 waiting=false echo=true caps=false auth=false acquired=true updates=70 clocks=63
ts=2026-10-02T10:50:52Z pid=401795 info(lock): event=lock-monitor
ts=2026-10-02T10:50:53Z pid=401795 info(lock): event=lock-ui views=2 waiting=false echo=true caps=false auth=false acquired=true updates=71 clocks=64
ts=2026-10-02T10:50:53Z pid=401795 info(lock): event=lock-monitor
ts=2026-10-02T10:50:53Z pid=401795 info(lock): event=lock-ui views=2 waiting=false echo=true caps=false auth=false acquired=true updates=72 clocks=65
ts=2026-10-02T10:50:53Z pid=401795 info(lock): event=lock-monitor
ts=2026-10-02T10:50:53Z pid=401795 info(lock): event=lock-ui views=2 waiting=false echo=true caps=false auth=false acquired=true updates=73 clocks=66
ts=2026-10-02T10:50:53Z pid=401795 info(lock): event=lock-monitor
ts=2026-10-02T10:50:53Z pid=401795 info(lock): event=lock-ui views=2 waiting=false echo=true caps=false auth=false acquired=true updates=74 clocks=67
ts=2026-10-02T10:50:53Z pid=401795 info(lock): event=lock-monitor
ts=2026-10-02T10:50:54Z pid=401795 info(lock): event=lock-ui views=2 waiting=false echo=true caps=false auth=false acquired=true updates=75 clocks=68
ts=2026-10-02T10:50:54Z pid=401795 info(lock): event=lock-monitor
ts=2026-10-02T10:50:54Z pid=401795 info(lock): event=lock-ui views=2 waiting=false echo=true caps=false auth=false acquired=true updates=76 clocks=69
ts=2026-10-02T10:50:54Z pid=401795 info(lock): event=lock-monitor
ts=2026-10-02T10:50:54Z pid=401795 info(lock): event=lock-ui views=2 waiting=false echo=true caps=false auth=false acquired=true updates=77 clocks=70
ts=2026-10-02T10:50:54Z pid=401795 info(lock): event=lock-monitor
ts=2026-10-02T10:50:54Z pid=401795 info(lock): event=lock-ui views=2 waiting=false echo=true caps=false auth=false acquired=true updates=78 clocks=71
ts=2026-10-02T10:50:54Z pid=401795 info(lock): event=lock-monitor
ts=2026-10-02T10:50:55Z pid=401795 info(lock): event=lock-ui views=2 waiting=false echo=true caps=false auth=false acquired=true updates=79 clocks=72
ts=2026-10-02T10:50:55Z pid=401795 info(lock): event=lock-monitor
ts=2026-10-02T10:50:55Z pid=401795 info(lock): event=lock-ui views=2 waiting=false echo=true caps=false auth=false acquired=true updates=80 clocks=73
ts=2026-10-02T10:50:55Z pid=401795 info(lock): event=lock-monitor
ts=2026-10-02T10:50:55Z pid=401795 info(lock): event=lock-ui views=2 waiting=false echo=true caps=false auth=false acquired=true updates=81 clocks=74
ts=2026-10-02T10:50:55Z pid=401795 info(lock): event=lock-monitor
ts=2026-10-02T10:50:55Z pid=401795 info(lock): event=lock-ui views=2 waiting=false echo=true caps=false auth=false acquired=true updates=82 clocks=75
ts=2026-10-02T10:50:55Z pid=401795 info(lock): event=lock-monitor
ts=2026-10-02T10:50:56Z pid=401795 info(lock): event=lock-ui views=2 waiting=false echo=true caps=false auth=false acquired=true updates=83 clocks=76
ts=2026-10-02T10:50:56Z pid=401795 info(lock): event=lock-monitor
ts=2026-10-02T10:50:56Z pid=401795 info(lock): event=lock-ui views=2 waiting=false echo=true caps=false auth=false acquired=true updates=84 clocks=77
ts=2026-10-02T10:50:56Z pid=401795 info(lock): event=lock-monitor
ts=2026-10-02T10:50:56Z pid=401795 info(lock): event=lock-ui views=2 waiting=false echo=true caps=false auth=false acquired=true updates=85 clocks=78
ts=2026-10-02T10:50:56Z pid=401795 info(lock): event=lock-monitor
ts=2026-10-02T10:50:56Z pid=401795 info(lock): event=lock-ui views=2 waiting=false echo=true caps=false auth=false acquired=true updates=86 clocks=79
ts=2026-10-02T10:50:56Z pid=401795 info(lock): event=lock-monitor
ts=2026-10-02T10:50:57Z pid=401795 info(lock): event=lock-ui views=2 waiting=false echo=true caps=false auth=false acquired=true updates=87 clocks=80
ts=2026-10-02T10:50:57Z pid=401795 info(lock): event=lock-monitor
ts=2026-10-02T10:50:57Z pid=401795 info(lock): event=lock-ui views=2 waiting=false echo=true caps=false auth=false acquired=true updates=88 clocks=81
ts=2026-10-02T10:50:57Z pid=401795 info(lock): event=lock-monitor
ts=2026-10-02T10:50:57Z pid=401795 info(lock): event=lock-ui views=2 waiting=false echo=true caps=false auth=false acquired=true updates=89 clocks=82
ts=2026-10-02T10:50:57Z pid=401795 info(lock): event=lock-monitor
ts=2026-10-02T10:50:57Z pid=401795 info(lock): event=lock-ui views=2 waiting=false echo=true caps=false auth=false acquired=true updates=90 clocks=83
ts=2026-10-02T10:50:57Z pid=401795 info(lock): event=lock-monitor
ts=2026-10-02T10:50:58Z pid=401795 info(lock): event=lock-ui views=2 waiting=false echo=true caps=false auth=false acquired=true updates=91 clocks=84
ts=2026-10-02T10:50:58Z pid=401795 info(lock): event=lock-monitor
ts=2026-10-02T10:50:58Z pid=401795 info(lock): event=lock-ui views=2 waiting=false echo=true caps=false auth=false acquired=true updates=92 clocks=85
ts=2026-10-02T10:50:58Z pid=401795 info(lock): event=lock-monitor
ts=2026-10-02T10:50:58Z pid=401795 info(lock): event=lock-ui views=2 waiting=false echo=true caps=false auth=false acquired=true updates=93 clocks=86
ts=2026-10-02T10:50:58Z pid=401795 info(lock): event=lock-monitor
ts=2026-10-02T10:50:58Z pid=401795 info(lock): event=lock-ui views=2 waiting=false echo=true caps=false auth=false acquired=true updates=94 clocks=87
ts=2026-10-02T10:50:58Z pid=401795 info(lock): event=lock-monitor
ts=2026-10-02T10:50:59Z pid=401795 info(lock): event=lock-ui views=2 waiting=false echo=true caps=false auth=false acquired=true updates=95 clocks=88
ts=2026-10-02T10:50:59Z pid=401795 info(lock): event=lock-monitor
ts=2026-10-02T10:50:59Z pid=401795 info(lock): event=lock-ui views=2 waiting=false echo=true caps=false auth=false acquired=true updates=96 clocks=89
ts=2026-10-02T10:50:59Z pid=401795 info(lock): event=lock-monitor
ts=2026-10-02T10:50:59Z pid=401795 info(lock): event=lock-ui views=2 waiting=false echo=true caps=false auth=false acquired=true updates=97 clocks=90
ts=2026-10-02T10:50:59Z pid=401795 info(lock): event=lock-monitor
ts=2026-10-02T10:50:59Z pid=401795 info(lock): event=lock-ui views=2 waiting=false echo=true caps=false auth=false acquired=true updates=98 clocks=91
ts=2026-10-02T10:50:59Z pid=401795 info(lock): event=lock-monitor
ts=2026-10-02T10:51:00Z pid=401795 info(lock): event=lock-ui views=2 waiting=false echo=true caps=false auth=false acquired=true updates=99 clocks=92
ts=2026-10-02T10:51:00Z pid=401795 info(lock): event=lock-monitor
ts=2026-10-02T10:51:00Z pid=401795 info(lock): event=lock-ui views=2 waiting=false echo=true caps=false auth=false acquired=true updates=100 clocks=93
ts=2026-10-02T10:51:00Z pid=401795 info(lock): event=lock-monitor
ts=2026-10-02T10:51:00Z pid=401795 info(lock): event=lock-ui views=2 waiting=false echo=true caps=false auth=false acquired=true updates=101 clocks=94
ts=2026-10-02T10:51:00Z pid=401795 info(lock): event=lock-monitor
ts=2026-10-02T10:51:00Z pid=401795 info(lock): event=lock-clock updates=101 clocks=95
ts=2026-10-02T10:51:00Z pid=401795 info(lock): event=lock-ui views=2 waiting=false echo=true caps=false auth=false acquired=true updates=102 clocks=96
ts=2026-10-02T10:51:00Z pid=401795 info(lock): event=lock-monitor
ts=2026-10-02T10:51:01Z pid=401795 info(lock): event=lock-ui views=2 waiting=false echo=true caps=false auth=false acquired=true updates=103 clocks=97
ts=2026-10-02T10:51:01Z pid=401795 info(lock): event=lock-monitor
ts=2026-10-02T10:51:01Z pid=401795 info(lock): event=lock-ui views=2 waiting=false echo=true caps=false auth=false acquired=true updates=104 clocks=98
ts=2026-10-02T10:51:01Z pid=401795 info(lock): event=lock-monitor
ts=2026-10-02T10:51:01Z pid=401795 info(lock): event=lock-ui views=2 waiting=false echo=true caps=false auth=false acquired=true updates=105 clocks=99
ts=2026-10-02T10:51:01Z pid=401795 info(lock): event=lock-monitor
ts=2026-10-02T10:51:01Z pid=401795 info(lock): event=lock-ui views=2 waiting=false echo=true caps=false auth=false acquired=true updates=106 clocks=100
ts=2026-10-02T10:51:01Z pid=401795 info(lock): event=lock-monitor
ts=2026-10-02T10:51:02Z pid=401795 info(lock): event=lock-ui views=2 waiting=false echo=true caps=false auth=false acquired=true updates=107 clocks=101
ts=2026-10-02T10:51:02Z pid=401795 info(lock): event=lock-monitor
ts=2026-10-02T10:51:02Z pid=401795 info(lock): event=lock-ui views=2 waiting=false echo=true caps=false auth=false acquired=true updates=108 clocks=102
ts=2026-10-02T10:51:02Z pid=401795 info(lock): event=lock-monitor
ts=2026-10-02T10:51:02Z pid=401795 info(lock): event=lock-ui views=2 waiting=false echo=true caps=false auth=false acquired=true updates=109 clocks=103
ts=2026-10-02T10:51:02Z pid=401795 info(lock): event=lock-monitor
ts=2026-10-02T10:51:03Z pid=401795 info(lock): event=lock-ui views=1 waiting=false echo=true caps=false auth=false acquired=true updates=110 clocks=104
ts=2026-10-02T10:51:03Z pid=401795 info(lock): event=lock-monitor
ts=2026-10-02T10:51:03Z pid=401795 info(lock): event=lock-ui views=2 waiting=false echo=true caps=false auth=false acquired=true updates=111 clocks=105
ts=2026-10-02T10:51:03Z pid=401795 info(lock): event=lock-monitor
ts=2026-10-02T10:51:03Z pid=401795 info(lock): event=lock-ui views=2 waiting=false echo=true caps=false auth=true acquired=true updates=112 clocks=105
ts=2026-10-02T10:51:03Z pid=401795 info(lock): event=lock-ui views=2 waiting=false echo=false caps=false auth=true acquired=true updates=113 clocks=105
ts=2026-10-02T10:51:03Z pid=401795 info(lock): event=lock-ui views=2 waiting=false echo=false caps=false auth=true acquired=true updates=114 clocks=105
ts=2026-10-02T10:51:03Z pid=401795 info(lock): event=lock-ui views=2 waiting=true echo=true caps=false auth=true acquired=true updates=115 clocks=105
ts=2026-10-02T10:51:03Z pid=401795 info(lock): event=lock-ui views=2 waiting=false echo=true caps=false auth=true acquired=true updates=116 clocks=105
ts=2026-10-02T10:51:03Z pid=401795 info(lock): event=lock-ui views=2 waiting=true echo=false caps=false auth=true acquired=true updates=117 clocks=105
ts=2026-10-02T10:51:03Z pid=401795 info(lock): event=lock-ui views=2 waiting=false echo=false caps=false auth=true acquired=true updates=118 clocks=105
ts=2026-10-02T10:51:03Z pid=401795 info(lock): event=lock-released
