ts=2026-10-08T18:39:26Z pid=307261 info(greeter): event=greeter-active-output connector=HEADLESS-2
ts=2026-10-08T18:39:26Z pid=307261 info(greeter): event=greeter-form ready=false
ts=2026-10-08T18:39:26Z pid=307261 info(greeter): event=greeter-outputs interactive=1
ts=2026-10-08T18:39:26Z pid=307261 info(greeter): event=greeter-account count=2 selected=0 manual=false
ts=2026-10-08T18:39:26Z pid=307261 info(greeter): event=greeter-selection desktop=wayland:pearl.desktop
ts=2026-10-08T18:39:26Z pid=307261 info(greeter): event=greeter-selection desktop=wayland:pearl.desktop
ts=2026-10-08T18:39:26Z pid=307261 info(greeter): event=greeter-form ready=true
ts=2026-10-08T18:39:26Z pid=307261 info(greeter): event=greeter-ready sessions=2
ts=2026-10-08T18:39:26Z pid=307261 info(greeter): event=greeter-form ready=false
ts=2026-10-08T18:39:26Z pid=307261 info(greeter): event=greeter-state state=connecting
ts=2026-10-08T18:39:26Z pid=307261 info(greeter): event=greeter-state state=authenticating
ts=2026-10-08T18:39:26Z pid=307261 info(greeter): event=greeter-state state=prompt
ts=2026-10-08T18:39:26Z pid=307261 info(greeter): event=greeter-state state=authenticating
ts=2026-10-08T18:39:26Z pid=307261 info(greeter): event=greeter-state state=prompt
ts=2026-10-08T18:39:26Z pid=307261 info(greeter): event=greeter-state state=authenticating
ts=2026-10-08T18:39:26Z pid=307261 info(greeter): event=greeter-state state=prompt
ts=2026-10-08T18:39:26Z pid=307261 info(greeter): event=greeter-state state=authenticating
ts=2026-10-08T18:39:27Z pid=307261 info(greeter): event=greeter-state state=prompt
ts=2026-10-08T18:39:27Z pid=307261 info(greeter): event=greeter-form ready=true
ts=2026-10-08T18:39:27Z pid=307261 info(greeter): event=greeter-form ready=false
ts=2026-10-08T18:39:27Z pid=307261 info(greeter): event=greeter-state state=authenticating
ts=2026-10-08T18:39:27Z pid=307261 info(greeter): event=greeter-state state=prompt
ts=2026-10-08T18:39:27Z pid=307261 info(greeter): event=greeter-state state=authenticating
ts=2026-10-08T18:39:27Z pid=307261 info(greeter): event=greeter-state state=authenticated
ts=2026-10-08T18:39:27Z pid=307261 info(greeter): event=greeter-state state=cancelling
ts=2026-10-08T18:39:27Z pid=307261 info(greeter): event=greeter-state state=cancelling
ts=2026-10-08T18:39:27Z pid=307261 info(greeter): event=greeter-state state=idle
