{
  "status": "passed",
  "checks": {
    "direct-launch-without-shell-normal-window": true,
    "production-excludes-samples-and-shell-agent-dependencies": true,
    "second-launch-selects-page-and-retains-one-window": true,
    "generic-launch-strict-validation-and-aqueous-sections": true,
    "concurrent-launches-single-owner": true,
    "gio-launcher-token-forwards-and-restores-minimized-window": true,
    "ordinary-minimize-maximize-reactivation-and-escape": true,
    "pointer-sidebar-selection-and-external-heading-focus": true,
    "keyboard-focus-distinct-from-selection": true,
    "internal-body-focus-and-page-scroll-restoration": true,
    "committed-material-light-dark-native-gtk": true,
    "narrow-navigation-fixed-footer-and-escape": true,
    "large-text-reduced-motion-no-window-width-growth": true,
    "backend-loss-and-explicit-retry-without-shell-start": true,
    "ctrl-w-closes-only-frontend-and-removes-instance-endpoint": true,
    "production-rejects-test-probe": true,
    "cold-concurrent-launch-race": true,
    "native-identity-cross-session-denial-on-shared-dbus": true,
    "frontend-crash-stale-instance-recovery": true
  },
  "binaries": {
    "settings": "2435cd338ba42b66dbe99144d55f7bdd61138cf2efa50be8280d076227a0f641",
    "production": "e302df0ee3e7db56c867a327a56f385608afbd9f5802716e2ad8d9ce305000f8",
    "pearl": "fcc5e4be0632a60a2a77a2d87e0819ea7ea03720bda29d2923ef92a71b7e058f",
    "ctl": "547ac0dfba0b83a12b86d8dcbfcd69ff6a6b92913209aacb91120cb5bb17b72e"
  }
}
