action failed apply {'version': '2', 'revision': '3', 'review_version': '1', 'report_version': '3', 'review_revision': '3', 'live': True, 'draft': True, 'busy': False, 'locked': False, 'can_record': True, 'can_reload': True, 'conflict': False, 'unresolved': False, 'outcome': 'validated', 'reload_state': 'not_requested', 'toolkit': 'not_requested', 'save_state': None, 'receipt': None, 'display_state': 'not_requested', 'impact_route': 'runtime', 'error_code': None, 'detail': '', 'phase': 0, 'seconds': 0, 'owns_preview': False} {'online': True, 'ready': True, 'recovery': False, 'dirty': False, 'version': 2, 'revision': 3, 'backend_version': 2, 'mode': 'idle', 'phase': 0, 'busy': False, 'receipt_pending': False, 'recording': False, 'shared_review': False, 'display_changes': 0, 'display_blocked': False, 'fields': 221, 'err': None, 'detail': ''}
Traceback (most recent call last):
  File "/home/zoey/Pearl/tests/integration/test_settings_services.py", line 330, in <module>
    if __name__=='__main__':main()
                            ~~~~^^
  File "/home/zoey/Pearl/tests/integration/test_settings_services.py", line 212, in main
    try:wait_for(lambda:peer.aqueous()['outcome']==('validated' if action=='validate' else 'saved') and not peer.aqueous()['busy'],45)
        ~~~~~~~~^^^^^^^^^^^^^^^^^^^^^^^^^^^^^^^^^^^^^^^^^^^^^^^^^^^^^^^^^^^^^^^^^^^^^^^^^^^^^^^^^^^^^^^^^^^^^^^^^^^^^^^^^^^^^^^^^^^^^^
  File "/home/zoey/Pearl/scripts/pearl_session.py", line 23, in wait_for
    raise TimeoutError('private session condition timed out')
TimeoutError: private session condition timed out
test-settings-services
+- run python3 failure
error: process exited with error code 1
failed command: python3 tests/integration/test_settings_services.py --settings ./.zig-cache/o/53dfe350bffc67587d659804574f4c61/pearl-settings-test --pearl ./.zig-cache/o/d3ce27327411108f6609326857df0d1b/pearl --ctl ./.zig-cache/o/fd0d02d1304fe8b380fb5930df69526b/pearlctl --spike ./.zig-cache/o/1657a1a937000a4f24f1ec92ed3eeec5/pearl-t00 --output artifacts/night-light/regressions/services-retry

Build Summary: 11/13 steps succeeded (1 failed)
test-settings-services transitive failure
+- run python3 failure

error: the following build command failed with exit code 1:
.zig-cache/o/3e0f73dcc21542ce7a918fcc5e9758e5/build /usr/bin/zig /usr/lib/zig /home/zoey/Pearl .zig-cache .cache/zig --seed 0xee77c005 -Zb150bc7af3c171c2 test-settings-services -Doptimize=ReleaseSafe -- --output artifacts/night-light/regressions/services-retry
