Build Summary: 31/31 steps succeeded
install success
+- install themes/profiles/seafoam.zed/ cached
+- install themes/profiles/seafoam.equibop/ cached
+- install themes/profiles/seafoam.fluxer/ cached
+- install themes/profiles/seafoam.starship/ cached
+- install themes/profiles/seafoam.steam/ cached
+- install pearl-themes success
|  +- compile exe pearl-themes ReleaseSafe native success 17s MaxRSS:500M
|     +- options cached
+- install pearl success
|  +- compile exe pearl ReleaseSafe native success 48s MaxRSS:1G
|     +- run pkg-config success 1ms
|     +- translate-c cached 14ms MaxRSS:55M
|     +- run glib-compile-resources (pearl.gresource) cached
|     +- options cached
|     +- run exe zig-wayland-scanner (wayland.zig) cached
|        +- compile exe zig-wayland-scanner Debug native cached 10ms MaxRSS:56M
+- install pearl-settings success
|  +- compile exe pearl-settings ReleaseSafe native success 21s MaxRSS:611M
|     +- run exe zig-wayland-scanner (wayland.zig) (+1 more reused dependencies)
|     +- run glib-compile-resources (pearl.gresource) (reused)
|     +- options cached
+- install packaging/applications/org.aqueous.Pearl.Settings.desktop to share/applications/org.aqueous.Pearl.Settings.desktop cached
+- install packaging/icons/hicolor/scalable/apps/org.aqueous.Pearl.Settings.svg to share/icons/hicolor/scalable/apps/org.aqueous.Pearl.Settings.svg cached
+- install packaging/metainfo/org.aqueous.Pearl.Settings.metainfo.xml to share/metainfo/org.aqueous.Pearl.Settings.metainfo.xml cached
+- install pearl-lock success
|  +- compile exe pearl-lock ReleaseSafe native success 21s MaxRSS:539M
|     +- translate-c (reused)
|     +- run glib-compile-resources (pearl.gresource) (reused)
|     +- options cached
|     +- translate-c cached 15ms MaxRSS:54M
+- install pearl-t00 cached
|  +- compile exe pearl-t00 ReleaseSafe native cached 12ms MaxRSS:59M
|     +- run pkg-config (reused)
|     +- translate-c (reused)
+- install pearlctl success
   +- compile exe pearlctl ReleaseSafe native cached 16ms MaxRSS:58M

