info: event=settings-launch activation_context=false
info: event=settings-instance-ready session=2251be3b05df746198422f0b98bd9726
info: event=settings-page page=overview
info: event=settings-page page=sound
info: event=settings-window-created app_id=org.aqueous.Pearl.Settings
info: event=settings-page page=sound
info: event=settings-activation activation_context=false
info: event=settings-page page=sound
info: event=settings-activation activation_context=false
info: event=settings-page page=power
info: event=settings-activation activation_context=false
info: event=settings-page page=notifications
info: event=settings-activation activation_context=false
info: event=settings-page page=overview
info: event=settings-activation activation_context=false
info: event=settings-page page=sound
info: event=settings-activation activation_context=false
info: event=settings-page page=power
info: event=settings-activation activation_context=false
info: event=settings-page page=notifications
info: event=settings-activation activation_context=false
info: event=settings-page page=sound
info: event=settings-activation activation_context=false
info: event=settings-page page=power
info: event=settings-activation activation_context=false
info: event=settings-page page=notifications
info: event=settings-activation activation_context=false
info: event=settings-page page=sound
info: event=settings-activation activation_context=false
info: event=settings-page page=power
info: event=settings-activation activation_context=false
info: event=settings-page page=notifications
info: event=settings-activation activation_context=false
info: event=settings-page page=sound
info: event=settings-activation activation_context=false
info: event=settings-page page=power
info: event=settings-activation activation_context=false
info: event=settings-page page=notifications
info: event=settings-activation activation_context=false
info: event=settings-page page=overview
info: event=settings-activation activation_context=false
info: event=settings-page page=power
