info: event=settings-launch activation_context=false
info: event=settings-instance-ready session=8df84e06f262c9a18d57fa5f715624ee
info: event=settings-page page=overview
info: event=settings-page page=appearance
info: event=settings-window-created app_id=org.aqueous.Pearl.Settings
info: event=settings-page page=appearance
info: event=settings-activation activation_context=false
info: event=settings-page page=appearance
info: event=settings-activation activation_context=false
info: event=settings-page page=sound
info: event=settings-activation activation_context=false
info: event=settings-page page=network
info: event=settings-activation activation_context=false
info: event=settings-page page=bluetooth
info: event=settings-activation activation_context=false
info: event=settings-page page=power
info: event=settings-activation activation_context=false
info: event=settings-page page=overview
info: event=settings-activation activation_context=false
info: event=settings-page page=overview
info: event=settings-activation activation_context=false
info: event=settings-page page=aqueous
info: event=settings-page page=aqueous
info: event=settings-page page=aqueous
info: event=settings-page page=aqueous
info: event=settings-page page=aqueous
info: event=settings-page page=aqueous
info: event=settings-page page=aqueous
info: event=settings-page page=aqueous
info: event=settings-page page=advanced
info: event=settings-page page=aqueous
info: event=settings-page page=aqueous
info: event=settings-activation activation_context=false
info: event=settings-page page=aqueous
info: event=settings-activation activation_context=false
info: event=settings-page page=sound
info: event=settings-activation activation_context=false
info: event=settings-page page=sound
info: event=settings-activation activation_context=false
info: event=settings-page page=sound
info: event=settings-activation activation_context=false
info: event=settings-page page=sound
info: event=settings-activation activation_context=false
info: event=settings-page page=sound
info: event=settings-activation activation_context=false
info: event=settings-page page=sound
info: event=settings-activation activation_context=false
info: event=settings-page page=network
info: event=settings-activation activation_context=true
info: event=settings-page page=network
info: event=settings-activation activation_context=false
info: event=settings-page page=appearance
info: event=settings-page page=sound
info: event=settings-activation activation_context=false
info: event=settings-page page=appearance
info: event=settings-page page=network
info: event=settings-activation activation_context=false
info: event=settings-page page=appearance
info: event=settings-page page=sound
info: event=settings-page page=appearance
info: event=settings-page page=sound
info: event=settings-page page=appearance
info: event=settings-activation activation_context=false
info: event=settings-page page=appearance
info: event=settings-activation activation_context=false
info: event=settings-page page=appearance
info: event=settings-activation activation_context=false
info: event=settings-page page=network
info: event=settings-activation activation_context=false
info: event=settings-page page=bluetooth
info: event=settings-activation activation_context=false
info: event=settings-page page=sound
info: event=settings-activation activation_context=false
info: event=settings-page page=power
info: event=settings-activation activation_context=false
info: event=settings-page page=appearance
info: event=settings-activation activation_context=false
info: event=settings-page page=network
info: event=settings-activation activation_context=false
info: event=settings-page page=bluetooth
info: event=settings-activation activation_context=false
info: event=settings-page page=sound
info: event=settings-activation activation_context=false
info: event=settings-page page=power
info: event=settings-activation activation_context=false
info: event=settings-page page=appearance
info: event=settings-activation activation_context=false
info: event=settings-page page=network
info: event=settings-activation activation_context=false
info: event=settings-page page=bluetooth
info: event=settings-activation activation_context=false
info: event=settings-page page=sound
info: event=settings-activation activation_context=false
info: event=settings-page page=power
