{
  "status": "passed",
  "checks": {
    "initial-mpris-owner-discovery-and-sni-registration-pixmap": true,
    "truthful-notification-capabilities": true,
    "replacement-history-and-toast-popup-coexistence": true,
    "notification-action-through-gtk-keyboard": true,
    "action-residency-transient-expiry-and-all-closure-reasons": true,
    "dnd-history-no-replay-and-bounded-bursts": true,
    "real-aqueous-lock-hides-content-blocks-actions-and-prevents-replay": true,
    "keyboard-seek-edit-survives-progress-timer-and-focus-change": true,
    "media-keyboard-controls-position-capabilities-and-rejection": true,
    "bounded-cancellable-artwork-local-only-and-hidden-view-timers": true,
    "tray-activation-secondary-and-nested-dbusmenu-keyboard-actions": true,
    "malformed-pixmaps-menu-limits-and-stale-menu-rejection": true,
    "owner-loss-restart-and-stale-replies-clean-cards": true,
    "player-selection-falls-back-after-owner-exit": true,
    "clean-shutdown": true,
    "existing-daemon-respected-and-external-watcher-hosting": true,
    "queued-names-acquired-after-existing-services-exit": true,
    "production-session-bus-reconnect-restores-protocols": true
  },
  "pearl_sha256": "522f96f9159d5284becf109f5013002aa40143be9cf71de875bd6a430d3b5690",
  "ctl_sha256": "4d062a02587ca20dc112d1ba9f93202cb7c3b0f90db2e62914b72e897eeb40cb",
  "production_sha256": "28df1dae76d97f879c4630a2b7218ec9bcde29baa6597abc6ea9d32687a11de8"
}
