{
  "status": "passed",
  "checks": {
    "defaults-atomic-save-and-live-popup-theme": true,
    "one-theme-updates-bars-popup-wallpaper-and-second-output-osd": true,
    "corrupt-external-config-and-stale-revision": true,
    "bounded-images-fifo-rejection-and-dynamic-palette-cache": true,
    "missing-font-falls-back": true,
    "broken-gtk-css-cannot-replace-working-theme-or-config": true,
    "installed-gtk-theme-and-system-follow-without-material-css": true,
    "bar-reservation-conflict-is-rejected-before-saving": true,
    "per-connector-bar-and-popup-policies": true,
    "gtk-draft-survives-close-external-edit-and-three-way-merge": true,
    "opt-in-exports-ownership-backup-and-disable": true,
    "failed-save-retains-working-file": true,
    "legacy-migration-is-validated-and-only-written-on-apply": true,
    "large-preferences-preserved-with-bounded-control-status": true,
    "no-theme-work-at-idle": true,
    "restart-uses-last-good-without-overwriting-corruption": true,
    "generator-failure-malformed-output-bounds-and-deadline": true,
    "rapid-edits-cancel-obsolete-generator-and-coalesce-latest": true,
    "concurrent-disk-edit-blocks-save-before-atomic-replacement": true,
    "shutdown-cancels-worker-and-reaps-generator": true,
    "static-theme-and-last-good-recovery-without-matugen": true
  },
  "pearl_sha256": "a906fd342f871d4fc3e442ca43b8acebbbab9cf81ddd67511da576239e245c3f",
  "ctl_sha256": "b1b119ccf1b11afa818cd62441fd4c8bdf175669357c93e35278a29eb7f80b9a"
}
Build Summary: 10/10 steps succeeded
test-preferences success
+- run python3 success 51s
   +- compile exe pearl-integration ReleaseSafe native success 17s MaxRSS:562M
   |  +- run pkg-config success 1ms
   |  +- translate-c cached 13ms MaxRSS:53M
   |  +- run glib-compile-resources (pearl.gresource) cached
   |  +- options cached
   |  +- run exe zig-wayland-scanner (wayland.zig) cached
   |     +- compile exe zig-wayland-scanner Debug native cached 10ms MaxRSS:53M
   +- compile exe pearlctl ReleaseSafe native cached 13ms MaxRSS:56M

