info(pearl): event=aqueous-availability state=connecting
info(pearl): event=ready mode=session
info(pearl): event=aqueous-availability state=subscribing
info(pearl): event=aqueous-availability state=ready
info: event=output-mapped id=2 connector=HEADLESS-1 scale=2
info: event=output-mapped id=1 connector=HEADLESS-2 scale=1
info(pearl): event=settings-backend-ready session=7f95da687e9e19cf37107b37210f9c62
info(pearl): event=control-ready session=7f95da687e9e19cf37107b37210f9c62
info: event=app-index-ready entries=2009 truncated=false
info: event=popup-opened output=1
info: event=launcher-results count=2015 shown=200 publish_us=7972
info: event=launcher-results count=2015 shown=200 publish_us=6964
info: event=launcher-results count=2015 shown=200 publish_us=6627
info: event=launcher-painted latency_us=19581
info: event=launcher-results count=2015 shown=200 publish_us=9101
info: event=preferences-applied revision=0 mode=static cache=false
info: event=launcher-painted latency_us=22224
info: event=launcher-results count=1 shown=1 publish_us=3041
info: event=launcher-results count=1 shown=1 publish_us=355
info: event=launcher-results count=1 shown=1 publish_us=368
info: event=launcher-results count=1 shown=1 publish_us=274
info: event=launcher-painted latency_us=3818
info: event=launcher-results count=1 shown=1 publish_us=278
info: event=launcher-painted latency_us=12754
info: event=launcher-results count=1 shown=1 publish_us=450
info: event=launcher-painted latency_us=6600
info: event=popup-closed
info: event=popup-opened output=1
info(pearl): event=stopping reason=control-quit pending=false
info: event=popup-closed
info(pearl): event=aqueous-availability state=stopped
info(pearl): event=cleanup pending=false watched_objects=0
info(pearl): event=stopped
