info: event=settings-launch activation_context=false
info: event=settings-instance-ready session=02309359663f2769ff3d4955f201c009
info: event=settings-page page=overview
info: event=settings-page page=network
info: event=settings-window-created app_id=org.aqueous.Pearl.Settings
info: event=settings-page page=network
info: event=settings-activation activation_context=false
info: event=settings-page page=network
info: event=settings-activation activation_context=false
info: event=settings-page page=bluetooth
info: event=settings-activation activation_context=false
info: event=settings-page page=sound
info: event=settings-activation activation_context=false
info: event=settings-page page=power
info: event=settings-activation activation_context=false
info: event=settings-page page=bar
info: event=settings-activation activation_context=false
info: event=settings-page page=session
info: event=settings-activation activation_context=false
info: event=settings-page page=notifications
info: event=settings-activation activation_context=false
info: event=settings-page page=overview
info: event=settings-activation activation_context=false
info: event=settings-page page=network
info: event=settings-activation activation_context=false
info: event=settings-page page=network
info: event=settings-activation activation_context=false
info: event=settings-page page=bar
info: event=settings-activation activation_context=false
info: event=settings-page page=sound
info: event=settings-activation activation_context=false
info: event=settings-page page=aqueous
info: event=settings-aqueous-action action=validate pending=false
info: event=settings-aqueous-action action=apply pending=false
info: event=settings-activation activation_context=false
info: event=settings-page page=aqueous
info: event=settings-activation activation_context=false
info: event=settings-page page=aqueous
info: event=settings-activation activation_context=false
info: event=settings-page page=aqueous
info: event=settings-activation activation_context=false
info: event=settings-page page=aqueous
info: event=settings-activation activation_context=false
info: event=settings-page page=aqueous
info: event=settings-activation activation_context=false
info: event=settings-page page=aqueous
info: event=settings-activation activation_context=false
info: event=settings-page page=aqueous
info: event=settings-activation activation_context=false
info: event=settings-page page=aqueous
info: event=settings-activation activation_context=false
info: event=settings-page page=sound
info: event=settings-activation activation_context=false
info: event=settings-page page=aqueous
info: event=settings-aqueous-action action=apply pending=false
info: event=settings-activation activation_context=false
info: event=settings-page page=sound
