info(pearl): event=aqueous-availability state=connecting
info(pearl): event=ready mode=session
info(pearl): event=aqueous-availability state=subscribing
info(pearl): event=aqueous-availability state=ready
info: event=output-mapped id=1 connector=HEADLESS-2 scale=1
info: event=output-mapped id=2 connector=HEADLESS-1 scale=1
info(pearl): event=control-ready session=e53915ff400baf01b03f51fd6e96e2a9
info: event=app-index-ready entries=158 truncated=false
info: event=preferences-applied revision=0 mode=static cache=false
info: event=popup-opened output=1
info: event=launcher-results count=111 shown=111 publish_us=2216
info: event=popup-closed
info: event=popup-opened output=1
info: event=popup-closed
info: event=popup-opened output=1
info: event=popup-closed
info: event=popup-opened output=1
info: event=launcher-results count=111 shown=111 publish_us=3979
info: event=popup-closed
info: event=popup-opened output=1
info: event=popup-closed
info: event=popup-opened output=1
info: event=popup-closed
info: event=popup-opened output=1
info: event=launcher-results count=111 shown=111 publish_us=3468
info: event=popup-closed
info: event=popup-opened output=1
info: event=popup-closed
info: event=popup-opened output=1
info: event=popup-closed
info: event=popup-opened output=1
info: event=launcher-results count=111 shown=111 publish_us=3506
info: event=popup-closed
info: event=popup-opened output=1
info: event=popup-closed
info: event=popup-opened output=1
info: event=popup-closed
info: event=popup-opened output=1
info: event=launcher-results count=111 shown=111 publish_us=3558
info: event=popup-closed
info: event=popup-opened output=1
info: event=popup-closed
info: event=popup-opened output=1
info: event=popup-closed
info: event=popup-opened output=1
info: event=launcher-results count=111 shown=111 publish_us=3680
info: event=popup-closed
info: event=popup-opened output=1
info: event=popup-closed
info: event=popup-opened output=1
info: event=popup-closed
info: event=popup-opened output=1
info: event=launcher-results count=111 shown=111 publish_us=3453
info: event=popup-closed
info: event=popup-opened output=1
info: event=popup-closed
info: event=popup-opened output=1
info: event=popup-closed
info: event=popup-opened output=1
info: event=launcher-results count=111 shown=111 publish_us=3872
info: event=popup-closed
info: event=popup-opened output=1
info: event=popup-closed
info: event=popup-opened output=1
info: event=popup-closed
info: event=popup-opened output=1
info: event=launcher-results count=111 shown=111 publish_us=3607
info: event=popup-closed
info: event=popup-opened output=1
info: event=popup-closed
info: event=popup-opened output=1
info: event=popup-closed
info: event=popup-opened output=1
info: event=launcher-results count=111 shown=111 publish_us=3435
info: event=popup-closed
info: event=popup-opened output=1
info: event=popup-closed
info: event=popup-opened output=1
info: event=popup-closed
info: event=popup-opened output=1
info: event=launcher-results count=111 shown=111 publish_us=3646
info: event=popup-closed
info: event=popup-opened output=1
info: event=popup-closed
info: event=popup-opened output=1
info: event=popup-closed
info: event=popup-opened output=1
info: event=launcher-results count=111 shown=111 publish_us=3411
info: event=popup-closed
info: event=popup-opened output=1
info: event=popup-closed
info: event=popup-opened output=1
info: event=popup-closed
info: event=popup-opened output=1
info: event=launcher-results count=111 shown=111 publish_us=3474
info: event=popup-closed
info: event=popup-opened output=1
info: event=popup-closed
info: event=popup-opened output=1
info: event=popup-closed
info: event=popup-opened output=1
info: event=launcher-results count=111 shown=111 publish_us=3760
info: event=popup-closed
info: event=popup-opened output=1
info: event=popup-closed
info: event=popup-opened output=1
info: event=popup-closed
info: event=popup-opened output=1
info: event=launcher-results count=111 shown=111 publish_us=3437
info: event=popup-closed
info: event=popup-opened output=1
info: event=popup-closed
info: event=popup-opened output=1
info: event=popup-closed
info: event=popup-opened output=1
info: event=launcher-results count=111 shown=111 publish_us=3465
info: event=popup-closed
info: event=popup-opened output=1
info: event=popup-closed
info: event=popup-opened output=1
info: event=popup-closed
info: event=popup-opened output=1
info: event=launcher-results count=111 shown=111 publish_us=3447
info: event=popup-closed
info: event=popup-opened output=1
info: event=popup-closed
info: event=popup-opened output=1
info: event=popup-closed
info: event=popup-opened output=1
info: event=launcher-results count=111 shown=111 publish_us=3504
info: event=popup-closed
info: event=popup-opened output=1
info: event=popup-closed
info: event=popup-opened output=1
info: event=popup-closed
info: event=popup-opened output=1
info: event=launcher-results count=111 shown=111 publish_us=3496
info: event=popup-closed
info: event=popup-opened output=1
info: event=popup-closed
info: event=popup-opened output=1
info: event=popup-closed
info: event=popup-opened output=1
info: event=launcher-results count=111 shown=111 publish_us=3338
info: event=popup-closed
info: event=popup-opened output=1
info: event=popup-closed
info: event=popup-opened output=1
info: event=popup-closed
info: event=popup-opened output=1
info: event=launcher-results count=111 shown=111 publish_us=3387
info: event=popup-closed
info: event=popup-opened output=1
info: event=popup-closed
info: event=popup-opened output=1
info: event=popup-closed
info: event=popup-opened output=1
info: event=launcher-results count=111 shown=111 publish_us=3477
info: event=popup-closed
info: event=popup-opened output=1
info: event=popup-closed
info: event=popup-opened output=1
info: event=popup-closed
info: event=popup-opened output=1
info: event=launcher-results count=111 shown=111 publish_us=3701
info: event=popup-closed
info: event=popup-opened output=1
info: event=popup-closed
info: event=popup-opened output=1
info: event=popup-closed
info: event=popup-opened output=1
info: event=launcher-results count=111 shown=111 publish_us=3423
info: event=popup-closed
info: event=popup-opened output=1
info: event=popup-closed
info: event=popup-opened output=1
info: event=popup-closed
info: event=popup-opened output=1
info: event=launcher-results count=111 shown=111 publish_us=3323
info: event=popup-closed
info: event=popup-opened output=1
info: event=popup-closed
info: event=popup-opened output=1
info: event=popup-closed
info: event=popup-opened output=1
info: event=launcher-results count=111 shown=111 publish_us=3453
info: event=popup-closed
info: event=popup-opened output=1
info: event=popup-closed
info: event=popup-opened output=1
info: event=popup-closed
info: event=popup-opened output=1
info: event=launcher-results count=111 shown=111 publish_us=3486
info: event=popup-closed
info: event=popup-opened output=1
info: event=popup-closed
info: event=popup-opened output=1
info: event=popup-closed
info: event=popup-opened output=1
info: event=launcher-results count=111 shown=111 publish_us=3485
info: event=popup-closed
info: event=popup-opened output=1
info: event=popup-closed
info: event=popup-opened output=1
info: event=popup-closed
info: event=popup-opened output=1
info: event=launcher-results count=111 shown=111 publish_us=3359
info: event=popup-closed
info: event=popup-opened output=1
info: event=popup-closed
info: event=popup-opened output=1
info: event=popup-closed
info: event=popup-opened output=1
info: event=launcher-results count=111 shown=111 publish_us=3384
info: event=popup-closed
info: event=popup-opened output=1
info: event=popup-closed
info: event=popup-opened output=1
info: event=popup-closed
info: event=popup-opened output=1
info: event=launcher-results count=111 shown=111 publish_us=3411
info: event=popup-closed
info: event=popup-opened output=1
info: event=popup-closed
info: event=popup-opened output=1
info: event=popup-closed
info: event=popup-opened output=1
info: event=launcher-results count=111 shown=111 publish_us=3488
info: event=popup-closed
info: event=popup-opened output=1
info: event=popup-closed
info: event=popup-opened output=1
info: event=popup-closed
info: event=popup-opened output=1
info: event=launcher-results count=111 shown=111 publish_us=3975
info: event=popup-closed
info: event=popup-opened output=1
info: event=popup-closed
info: event=popup-opened output=1
info: event=popup-closed
info: event=popup-opened output=1
info: event=launcher-results count=111 shown=111 publish_us=3378
info: event=popup-closed
info: event=output-mapped id=2 connector=HEADLESS-1 scale=1
info: event=popup-opened output=1
info: event=popup-closed
info: event=popup-opened output=1
info: event=popup-closed
info: event=popup-opened output=1
info: event=launcher-results count=111 shown=111 publish_us=3429
info: event=popup-closed
info: event=popup-opened output=1
info: event=popup-closed
info: event=popup-opened output=1
info: event=popup-closed
info: event=popup-opened output=1
info: event=launcher-results count=111 shown=111 publish_us=3340
info: event=popup-closed
info: event=popup-opened output=1
info: event=popup-closed
info: event=popup-opened output=1
info: event=popup-closed
info: event=popup-opened output=1
info: event=launcher-results count=111 shown=111 publish_us=3546
info: event=popup-closed
info: event=popup-opened output=1
info: event=popup-closed
info: event=popup-opened output=1
info: event=popup-closed
info: event=popup-opened output=1
info: event=launcher-results count=111 shown=111 publish_us=3564
info: event=popup-closed
info: event=popup-opened output=1
info: event=popup-closed
info: event=popup-opened output=1
info: event=popup-closed
info: event=popup-opened output=1
info: event=launcher-results count=111 shown=111 publish_us=3441
info: event=popup-closed
info: event=popup-opened output=1
info: event=popup-closed
info: event=popup-opened output=1
info: event=popup-closed
info: event=popup-opened output=1
info: event=launcher-results count=111 shown=111 publish_us=3545
info: event=popup-closed
info: event=popup-opened output=1
info: event=popup-closed
info: event=popup-opened output=1
info: event=popup-closed
info: event=popup-opened output=1
info: event=launcher-results count=111 shown=111 publish_us=3617
info: event=popup-closed
info: event=popup-opened output=1
info: event=popup-closed
info: event=popup-opened output=1
info: event=popup-closed
info: event=popup-opened output=1
info: event=launcher-results count=111 shown=111 publish_us=3598
info: event=popup-closed
info: event=popup-opened output=1
info: event=popup-closed
info: event=popup-opened output=1
info: event=popup-closed
info: event=popup-opened output=1
info: event=launcher-results count=111 shown=111 publish_us=3382
info: event=popup-closed
info: event=popup-opened output=1
info: event=popup-closed
info: event=popup-opened output=1
info: event=popup-closed
info: event=popup-opened output=1
info: event=launcher-results count=111 shown=111 publish_us=3625
info: event=popup-closed
info: event=popup-opened output=1
info: event=popup-closed
info: event=popup-opened output=1
info: event=popup-closed
info: event=popup-opened output=1
info: event=launcher-results count=111 shown=111 publish_us=4074
info: event=popup-closed
info: event=popup-opened output=1
info: event=popup-closed
info: event=popup-opened output=1
info: event=popup-closed
info: event=popup-opened output=1
info: event=launcher-results count=111 shown=111 publish_us=3675
info: event=popup-closed
info: event=popup-opened output=1
info: event=popup-closed
info: event=popup-opened output=1
info: event=popup-closed
info: event=popup-opened output=1
info: event=launcher-results count=111 shown=111 publish_us=3580
info: event=popup-closed
info: event=popup-opened output=1
info: event=popup-closed
info: event=popup-opened output=1
info: event=popup-closed
info: event=popup-opened output=1
info: event=launcher-results count=111 shown=111 publish_us=3799
info: event=popup-closed
info: event=popup-opened output=1
info: event=popup-closed
info: event=popup-opened output=1
info: event=popup-closed
info: event=popup-opened output=1
info: event=launcher-results count=111 shown=111 publish_us=3570
info: event=popup-closed
info: event=popup-opened output=1
info: event=popup-closed
info: event=popup-opened output=1
info: event=popup-closed
info: event=popup-opened output=1
info: event=launcher-results count=111 shown=111 publish_us=3722
info: event=popup-closed
info: event=popup-opened output=1
info: event=popup-closed
info: event=popup-opened output=1
info: event=popup-closed
info: event=popup-opened output=1
info: event=launcher-results count=111 shown=111 publish_us=3935
info: event=popup-closed
info: event=popup-opened output=1
info: event=popup-closed
info: event=popup-opened output=1
info: event=popup-closed
info: event=popup-opened output=1
info: event=launcher-results count=111 shown=111 publish_us=3924
info: event=popup-closed
info: event=popup-opened output=1
info: event=popup-closed
info: event=popup-opened output=1
info: event=popup-closed
info: event=popup-opened output=1
info: event=launcher-results count=111 shown=111 publish_us=3936
info: event=popup-closed
info: event=popup-opened output=1
info: event=popup-closed
info: event=popup-opened output=1
info: event=popup-closed
info: event=popup-opened output=1
info: event=launcher-results count=111 shown=111 publish_us=3628
info: event=popup-closed
info: event=popup-opened output=1
info: event=popup-closed
info: event=popup-opened output=1
info: event=popup-closed
info: event=popup-opened output=1
info: event=launcher-results count=111 shown=111 publish_us=3837
info: event=popup-closed
info: event=popup-opened output=1
info: event=popup-closed
info: event=popup-opened output=1
info: event=popup-closed
info: event=popup-opened output=1
info: event=launcher-results count=111 shown=111 publish_us=3848
info: event=popup-closed
info: event=popup-opened output=1
info: event=popup-closed
info: event=popup-opened output=1
info: event=popup-closed
info: event=popup-opened output=1
info: event=launcher-results count=111 shown=111 publish_us=3873
info: event=popup-closed
info: event=popup-opened output=1
info: event=popup-closed
info: event=popup-opened output=1
info: event=popup-closed
info: event=popup-opened output=1
info: event=launcher-results count=111 shown=111 publish_us=3850
info: event=popup-closed
info: event=popup-opened output=1
info: event=popup-closed
info: event=popup-opened output=1
info: event=popup-closed
info: event=popup-opened output=1
info: event=launcher-results count=111 shown=111 publish_us=3500
info: event=popup-closed
info: event=popup-opened output=1
info: event=popup-closed
info: event=popup-opened output=1
info: event=popup-closed
info: event=popup-opened output=1
info: event=launcher-results count=111 shown=111 publish_us=3236
info: event=popup-closed
info: event=popup-opened output=1
info: event=popup-closed
info: event=popup-opened output=1
info: event=popup-closed
info: event=popup-opened output=1
info: event=launcher-results count=111 shown=111 publish_us=4372
info: event=popup-closed
info: event=popup-opened output=1
info: event=popup-closed
info: event=popup-opened output=1
info: event=popup-closed
info: event=popup-opened output=1
info: event=launcher-results count=111 shown=111 publish_us=3307
info: event=popup-closed
info: event=popup-opened output=1
info: event=popup-closed
info: event=popup-opened output=1
info: event=popup-closed
info: event=popup-opened output=1
info: event=launcher-results count=111 shown=111 publish_us=3465
info: event=popup-closed
info: event=popup-opened output=1
info: event=popup-closed
info: event=popup-opened output=1
info: event=popup-closed
info: event=popup-opened output=1
info: event=launcher-results count=111 shown=111 publish_us=3558
info: event=popup-closed
info: event=popup-opened output=1
info: event=popup-closed
info: event=popup-opened output=1
info: event=popup-closed
info: event=popup-opened output=1
info: event=launcher-results count=111 shown=111 publish_us=3641
info: event=popup-closed
info: event=popup-opened output=1
info: event=popup-closed
info: event=popup-opened output=1
info: event=popup-closed
info: event=popup-opened output=1
info: event=launcher-results count=111 shown=111 publish_us=3543
info: event=popup-closed
info: event=popup-opened output=1
info: event=popup-closed
info: event=popup-opened output=1
info: event=popup-closed
info: event=popup-opened output=1
info: event=launcher-results count=111 shown=111 publish_us=3547
info: event=popup-closed
info: event=popup-opened output=1
info: event=popup-closed
info: event=output-mapped id=2 connector=HEADLESS-1 scale=1
info: event=popup-opened output=1
info: event=popup-closed
info: event=popup-opened output=1
info: event=launcher-results count=111 shown=111 publish_us=3736
info: event=popup-closed
info: event=popup-opened output=1
info: event=popup-closed
info: event=popup-opened output=1
info: event=popup-closed
info: event=popup-opened output=1
info: event=launcher-results count=111 shown=111 publish_us=3519
info: event=popup-closed
info: event=popup-opened output=1
info: event=popup-closed
info: event=popup-opened output=1
info: event=popup-closed
info: event=popup-opened output=1
info: event=launcher-results count=111 shown=111 publish_us=3696
info: event=popup-closed
info: event=popup-opened output=1
info: event=popup-closed
info: event=popup-opened output=1
info: event=popup-closed
info: event=popup-opened output=1
info: event=launcher-results count=111 shown=111 publish_us=3701
info: event=popup-closed
info: event=popup-opened output=1
info: event=popup-closed
info: event=popup-opened output=1
info: event=popup-closed
info: event=popup-opened output=1
info: event=launcher-results count=111 shown=111 publish_us=3561
info: event=popup-closed
info: event=popup-opened output=1
info: event=popup-closed
info: event=popup-opened output=1
info: event=popup-closed
info: event=popup-opened output=1
info: event=launcher-results count=111 shown=111 publish_us=3712
info: event=popup-closed
info: event=popup-opened output=1
info: event=popup-closed
info: event=popup-opened output=1
info: event=popup-closed
info: event=popup-opened output=1
info: event=launcher-results count=111 shown=111 publish_us=3597
info: event=popup-closed
info: event=popup-opened output=1
info: event=popup-closed
info: event=popup-opened output=1
info: event=popup-closed
info: event=popup-opened output=1
info: event=launcher-results count=111 shown=111 publish_us=3551
info: event=popup-closed
info: event=popup-opened output=1
info: event=popup-closed
info: event=popup-opened output=1
info: event=popup-closed
info: event=popup-opened output=1
info: event=launcher-results count=111 shown=111 publish_us=3521
info: event=popup-closed
info: event=popup-opened output=1
info: event=popup-closed
info: event=popup-opened output=1
info: event=popup-closed
info: event=popup-opened output=1
info: event=launcher-results count=111 shown=111 publish_us=3518
info: event=popup-closed
info: event=popup-opened output=1
info: event=popup-closed
info: event=popup-opened output=1
info: event=popup-closed
info: event=popup-opened output=1
info: event=launcher-results count=111 shown=111 publish_us=3987
info: event=popup-closed
info: event=popup-opened output=1
info: event=popup-closed
info: event=popup-opened output=1
info: event=popup-closed
info: event=popup-opened output=1
info: event=launcher-results count=111 shown=111 publish_us=3542
info: event=popup-closed
info: event=popup-opened output=1
info: event=popup-closed
info: event=popup-opened output=1
info: event=popup-closed
info: event=popup-opened output=1
info: event=launcher-results count=111 shown=111 publish_us=3612
info: event=popup-closed
info: event=popup-opened output=1
info: event=popup-closed
info: event=popup-opened output=1
info: event=popup-closed
info: event=popup-opened output=1
info: event=launcher-results count=111 shown=111 publish_us=3735
info: event=popup-closed
info: event=popup-opened output=1
info: event=popup-closed
info: event=popup-opened output=1
info: event=popup-closed
info: event=popup-opened output=1
info: event=launcher-results count=111 shown=111 publish_us=3464
info: event=popup-closed
info: event=popup-opened output=1
info: event=popup-closed
info: event=popup-opened output=1
info: event=popup-closed
info: event=popup-opened output=1
info: event=launcher-results count=111 shown=111 publish_us=3480
info: event=popup-closed
info: event=popup-opened output=1
info: event=popup-closed
info: event=popup-opened output=1
info: event=popup-closed
info: event=popup-opened output=1
info: event=launcher-results count=111 shown=111 publish_us=3489
info: event=popup-closed
info: event=popup-opened output=1
info: event=popup-closed
info: event=popup-opened output=1
info: event=popup-closed
info: event=popup-opened output=1
info: event=launcher-results count=111 shown=111 publish_us=3662
info: event=popup-closed
info: event=popup-opened output=1
info: event=popup-closed
info: event=popup-opened output=1
info: event=popup-closed
info: event=popup-opened output=1
info: event=launcher-results count=111 shown=111 publish_us=4011
info: event=popup-closed
info: event=popup-opened output=1
info: event=popup-closed
info: event=popup-opened output=1
info: event=popup-closed
info: event=popup-opened output=1
info: event=launcher-results count=111 shown=111 publish_us=3472
info: event=popup-closed
info: event=popup-opened output=1
info: event=popup-closed
info: event=popup-opened output=1
info: event=popup-closed
info: event=popup-opened output=1
info: event=launcher-results count=111 shown=111 publish_us=3969
info: event=popup-closed
info: event=popup-opened output=1
info: event=popup-closed
info: event=popup-opened output=1
info: event=popup-closed
info: event=popup-opened output=1
info: event=launcher-results count=111 shown=111 publish_us=3459
info: event=popup-closed
info: event=popup-opened output=1
info: event=popup-closed
info: event=popup-opened output=1
info: event=popup-closed
info: event=popup-opened output=1
info: event=launcher-results count=111 shown=111 publish_us=3538
info: event=popup-closed
info: event=popup-opened output=1
info: event=popup-closed
info: event=popup-opened output=1
info: event=popup-closed
info: event=popup-opened output=1
info: event=launcher-results count=111 shown=111 publish_us=3662
info: event=popup-closed
info: event=popup-opened output=1
info: event=popup-closed
info: event=popup-opened output=1
info: event=popup-closed
info: event=popup-opened output=1
info: event=launcher-results count=111 shown=111 publish_us=3407
info: event=popup-closed
info: event=popup-opened output=1
info: event=popup-closed
info: event=popup-opened output=1
info: event=popup-closed
info: event=popup-opened output=1
info: event=launcher-results count=111 shown=111 publish_us=3471
info: event=popup-closed
info: event=popup-opened output=1
info: event=popup-closed
info: event=popup-opened output=1
info: event=popup-closed
info: event=popup-opened output=1
info: event=launcher-results count=111 shown=111 publish_us=3763
info: event=popup-closed
info: event=popup-opened output=1
info: event=popup-closed
info: event=popup-opened output=1
info: event=popup-closed
info: event=popup-opened output=1
info: event=launcher-results count=111 shown=111 publish_us=3959
info: event=popup-closed
info: event=popup-opened output=1
info: event=popup-closed
info: event=popup-opened output=1
info: event=popup-closed
info: event=popup-opened output=1
info: event=launcher-results count=111 shown=111 publish_us=3697
info: event=popup-closed
info: event=popup-opened output=1
info: event=popup-closed
info: event=popup-opened output=1
info: event=popup-closed
info: event=popup-opened output=1
info: event=launcher-results count=111 shown=111 publish_us=3485
info: event=popup-closed
info: event=popup-opened output=1
info: event=popup-closed
info: event=popup-opened output=1
info: event=popup-closed
info: event=popup-opened output=1
info: event=launcher-results count=111 shown=111 publish_us=3508
info: event=popup-closed
info: event=popup-opened output=1
info: event=popup-closed
info: event=popup-opened output=1
info: event=popup-closed
info: event=popup-opened output=1
info: event=launcher-results count=111 shown=111 publish_us=3749
info: event=popup-closed
info: event=popup-opened output=1
info: event=popup-closed
info: event=popup-opened output=1
info: event=popup-closed
info: event=popup-opened output=1
info: event=launcher-results count=111 shown=111 publish_us=3726
info: event=popup-closed
info: event=popup-opened output=1
info: event=popup-closed
info: event=popup-opened output=1
info: event=popup-closed
info: event=output-mapped id=2 connector=HEADLESS-1 scale=1
info: event=popup-opened output=1
info: event=launcher-results count=111 shown=111 publish_us=3592
info: event=popup-closed
info: event=popup-opened output=1
info: event=popup-closed
info: event=popup-opened output=1
info: event=popup-closed
info: event=popup-opened output=1
info: event=launcher-results count=111 shown=111 publish_us=3507
info: event=popup-closed
info: event=popup-opened output=1
info: event=popup-closed
info: event=popup-opened output=1
info: event=popup-closed
info: event=popup-opened output=1
info: event=launcher-results count=111 shown=111 publish_us=3851
info: event=popup-closed
info: event=popup-opened output=1
info: event=popup-closed
info: event=popup-opened output=1
info: event=popup-closed
info: event=popup-opened output=1
info: event=launcher-results count=111 shown=111 publish_us=3438
info: event=popup-closed
info: event=popup-opened output=1
info: event=popup-closed
info: event=popup-opened output=1
info: event=popup-closed
info: event=popup-opened output=1
info: event=launcher-results count=111 shown=111 publish_us=3625
info: event=popup-closed
info: event=popup-opened output=1
info: event=popup-closed
info: event=popup-opened output=1
info: event=popup-closed
info: event=popup-opened output=1
info: event=launcher-results count=111 shown=111 publish_us=3604
info: event=popup-closed
info: event=popup-opened output=1
info: event=popup-closed
info: event=popup-opened output=1
info: event=popup-closed
info: event=popup-opened output=1
info: event=launcher-results count=111 shown=111 publish_us=3677
info: event=popup-closed
info: event=popup-opened output=1
info: event=popup-closed
info: event=popup-opened output=1
info: event=popup-closed
info: event=popup-opened output=1
info: event=launcher-results count=111 shown=111 publish_us=3696
info: event=popup-closed
info: event=popup-opened output=1
info: event=popup-closed
info: event=popup-opened output=1
info: event=popup-closed
info: event=popup-opened output=1
info: event=launcher-results count=111 shown=111 publish_us=3485
info: event=popup-closed
info: event=popup-opened output=1
info: event=popup-closed
info: event=popup-opened output=1
info: event=popup-closed
info: event=popup-opened output=1
info: event=launcher-results count=111 shown=111 publish_us=3620
info: event=popup-closed
info: event=popup-opened output=1
info: event=popup-closed
info: event=popup-opened output=1
info: event=popup-closed
info: event=popup-opened output=1
info: event=launcher-results count=111 shown=111 publish_us=3680
info: event=popup-closed
info: event=popup-opened output=1
info: event=popup-closed
info: event=popup-opened output=1
info: event=popup-closed
info: event=popup-opened output=1
info: event=launcher-results count=111 shown=111 publish_us=3773
info: event=popup-closed
info: event=popup-opened output=1
info: event=popup-closed
info: event=popup-opened output=1
info: event=popup-closed
info: event=popup-opened output=1
info: event=launcher-results count=111 shown=111 publish_us=3595
info: event=popup-closed
info: event=popup-opened output=1
info: event=popup-closed
info: event=popup-opened output=1
info: event=popup-closed
info: event=popup-opened output=1
info: event=launcher-results count=111 shown=111 publish_us=3789
info: event=popup-closed
info: event=popup-opened output=1
info: event=popup-closed
info: event=popup-opened output=1
info: event=popup-closed
info: event=popup-opened output=1
info: event=launcher-results count=111 shown=111 publish_us=3718
info: event=popup-closed
info: event=popup-opened output=1
info: event=popup-closed
info: event=popup-opened output=1
info: event=popup-closed
info: event=popup-opened output=1
info: event=launcher-results count=111 shown=111 publish_us=3675
info: event=popup-closed
info: event=popup-opened output=1
info: event=popup-closed
info: event=popup-opened output=1
info: event=popup-closed
info: event=popup-opened output=1
info: event=launcher-results count=111 shown=111 publish_us=3847
info: event=popup-closed
info: event=popup-opened output=1
info: event=popup-closed
info: event=popup-opened output=1
info: event=popup-closed
info: event=popup-opened output=1
info: event=launcher-results count=111 shown=111 publish_us=3890
info: event=popup-closed
info: event=popup-opened output=1
info: event=popup-closed
info: event=popup-opened output=1
info: event=popup-closed
info: event=popup-opened output=1
info: event=launcher-results count=111 shown=111 publish_us=4141
info: event=popup-closed
info: event=popup-opened output=1
info: event=popup-closed
info: event=popup-opened output=1
info: event=popup-closed
info: event=popup-opened output=1
info: event=launcher-results count=111 shown=111 publish_us=3844
info: event=popup-closed
info: event=popup-opened output=1
info: event=popup-closed
info: event=popup-opened output=1
info: event=popup-closed
info: event=popup-opened output=1
info: event=launcher-results count=111 shown=111 publish_us=3726
info: event=popup-closed
info: event=popup-opened output=1
info: event=popup-closed
info: event=popup-opened output=1
info: event=popup-closed
info: event=popup-opened output=1
info: event=launcher-results count=111 shown=111 publish_us=4147
info: event=popup-closed
info: event=popup-opened output=1
info: event=popup-closed
info: event=popup-opened output=1
info: event=popup-closed
info: event=popup-opened output=1
info: event=launcher-results count=111 shown=111 publish_us=3494
info: event=popup-closed
info: event=popup-opened output=1
info: event=popup-closed
info: event=popup-opened output=1
info: event=popup-closed
info: event=popup-opened output=1
info: event=launcher-results count=111 shown=111 publish_us=3857
info: event=popup-closed
info: event=popup-opened output=1
info: event=popup-closed
info: event=popup-opened output=1
info: event=popup-closed
info: event=popup-opened output=1
info: event=launcher-results count=111 shown=111 publish_us=3676
info: event=popup-closed
info: event=popup-opened output=1
info: event=popup-closed
info: event=popup-opened output=1
info: event=popup-closed
info: event=popup-opened output=1
info: event=launcher-results count=111 shown=111 publish_us=3604
info: event=popup-closed
info: event=popup-opened output=1
info: event=popup-closed
info: event=popup-opened output=1
info: event=popup-closed
info: event=popup-opened output=1
info: event=launcher-results count=111 shown=111 publish_us=3654
info: event=popup-closed
info: event=popup-opened output=1
info: event=popup-closed
info: event=popup-opened output=1
info: event=popup-closed
info: event=popup-opened output=1
info: event=launcher-results count=111 shown=111 publish_us=3645
info: event=popup-closed
info: event=popup-opened output=1
info: event=popup-closed
info: event=popup-opened output=1
info: event=popup-closed
info: event=popup-opened output=1
info: event=launcher-results count=111 shown=111 publish_us=3669
info: event=popup-closed
info: event=popup-opened output=1
info: event=popup-closed
info: event=popup-opened output=1
info: event=popup-closed
info: event=popup-opened output=1
info: event=launcher-results count=111 shown=111 publish_us=3583
info: event=popup-closed
info: event=popup-opened output=1
info: event=popup-closed
info: event=popup-opened output=1
info: event=popup-closed
info: event=popup-opened output=1
info: event=launcher-results count=111 shown=111 publish_us=3664
info: event=popup-closed
info: event=popup-opened output=1
info: event=popup-closed
info: event=popup-opened output=1
info: event=popup-closed
info: event=popup-opened output=1
info: event=launcher-results count=111 shown=111 publish_us=3964
info: event=popup-closed
info: event=popup-opened output=1
info: event=popup-closed
info: event=popup-opened output=1
info: event=popup-closed
info: event=popup-opened output=1
info: event=launcher-results count=111 shown=111 publish_us=3501
info: event=popup-closed
info: event=popup-opened output=1
info: event=popup-closed
info: event=popup-opened output=1
info: event=popup-closed
info: event=popup-opened output=1
info: event=launcher-results count=111 shown=111 publish_us=3718
info: event=popup-closed
info: event=output-mapped id=2 connector=HEADLESS-1 scale=1
info: event=popup-opened output=1
info: event=popup-closed
info: event=popup-opened output=1
info: event=popup-closed
info: event=popup-opened output=1
info: event=launcher-results count=111 shown=111 publish_us=3763
info: event=popup-closed
info: event=popup-opened output=1
info: event=popup-closed
info: event=popup-opened output=1
info: event=popup-closed
info: event=popup-opened output=1
info: event=launcher-results count=111 shown=111 publish_us=3627
info: event=popup-closed
info: event=popup-opened output=1
info: event=popup-closed
info: event=popup-opened output=1
info: event=popup-closed
info: event=popup-opened output=1
info: event=launcher-results count=111 shown=111 publish_us=3674
info: event=popup-closed
info: event=popup-opened output=1
info: event=popup-closed
info: event=popup-opened output=1
info: event=popup-closed
info: event=popup-opened output=1
info: event=launcher-results count=111 shown=111 publish_us=3521
info: event=popup-closed
info: event=popup-opened output=1
info: event=popup-closed
info: event=popup-opened output=1
info: event=popup-closed
info: event=popup-opened output=1
info: event=launcher-results count=111 shown=111 publish_us=3636
info: event=popup-closed
info: event=popup-opened output=1
info: event=popup-closed
info: event=popup-opened output=1
info: event=popup-closed
info: event=popup-opened output=1
info: event=launcher-results count=111 shown=111 publish_us=3970
info: event=popup-closed
info: event=popup-opened output=1
info: event=popup-closed
info: event=popup-opened output=1
info: event=popup-closed
info: event=popup-opened output=1
info: event=launcher-results count=111 shown=111 publish_us=3670
info: event=popup-closed
info: event=popup-opened output=1
info: event=popup-closed
info: event=popup-opened output=1
info: event=popup-closed
info: event=popup-opened output=1
info: event=launcher-results count=111 shown=111 publish_us=3916
info: event=popup-closed
info: event=popup-opened output=1
info: event=popup-closed
info: event=popup-opened output=1
info: event=popup-closed
info: event=popup-opened output=1
info: event=launcher-results count=111 shown=111 publish_us=3480
info: event=popup-closed
info: event=popup-opened output=1
info: event=popup-closed
info: event=popup-opened output=1
info: event=popup-closed
info: event=popup-opened output=1
info: event=launcher-results count=111 shown=111 publish_us=3593
info: event=popup-closed
info: event=popup-opened output=1
info: event=popup-closed
info: event=popup-opened output=1
info: event=popup-closed
info: event=popup-opened output=1
info: event=launcher-results count=111 shown=111 publish_us=3965
info: event=popup-closed
info: event=popup-opened output=1
info: event=popup-closed
info: event=popup-opened output=1
info: event=popup-closed
info: event=popup-opened output=1
info: event=launcher-results count=111 shown=111 publish_us=3548
info: event=popup-closed
info: event=popup-opened output=1
info: event=popup-closed
info: event=popup-opened output=1
info: event=popup-closed
info: event=popup-opened output=1
info: event=launcher-results count=111 shown=111 publish_us=3672
info: event=popup-closed
info: event=popup-opened output=1
info: event=popup-closed
info: event=popup-opened output=1
info: event=popup-closed
info: event=popup-opened output=1
info: event=launcher-results count=111 shown=111 publish_us=3758
info: event=popup-closed
info: event=popup-opened output=1
info: event=popup-closed
info: event=popup-opened output=1
info: event=popup-closed
info: event=popup-opened output=1
info: event=launcher-results count=111 shown=111 publish_us=3514
info: event=popup-closed
info: event=popup-opened output=1
info: event=popup-closed
info: event=popup-opened output=1
info: event=popup-closed
info: event=popup-opened output=1
info: event=launcher-results count=111 shown=111 publish_us=3561
info: event=popup-closed
info: event=popup-opened output=1
info: event=popup-closed
info: event=popup-opened output=1
info: event=popup-closed
info: event=popup-opened output=1
info: event=launcher-results count=111 shown=111 publish_us=3384
info: event=popup-closed
info: event=popup-opened output=1
info: event=popup-closed
info: event=popup-opened output=1
info: event=popup-closed
info: event=popup-opened output=1
info: event=launcher-results count=111 shown=111 publish_us=3568
info: event=popup-closed
info: event=popup-opened output=1
info: event=popup-closed
info: event=popup-opened output=1
info: event=popup-closed
info: event=popup-opened output=1
info: event=launcher-results count=111 shown=111 publish_us=3491
info: event=popup-closed
info: event=popup-opened output=1
info: event=popup-closed
info: event=popup-opened output=1
info: event=popup-closed
info: event=popup-opened output=1
info: event=launcher-results count=111 shown=111 publish_us=3647
info: event=popup-closed
info: event=popup-opened output=1
info: event=popup-closed
info: event=popup-opened output=1
info: event=popup-closed
info: event=popup-opened output=1
info: event=launcher-results count=111 shown=111 publish_us=3705
info: event=popup-closed
info: event=popup-opened output=1
info: event=popup-closed
info: event=popup-opened output=1
info: event=popup-closed
info: event=popup-opened output=1
info: event=launcher-results count=111 shown=111 publish_us=3476
info: event=popup-closed
info: event=popup-opened output=1
info: event=popup-closed
info: event=popup-opened output=1
info: event=popup-closed
info: event=popup-opened output=1
info: event=launcher-results count=111 shown=111 publish_us=3643
info: event=popup-closed
info: event=popup-opened output=1
info: event=popup-closed
info: event=popup-opened output=1
info: event=popup-closed
info: event=popup-opened output=1
info: event=launcher-results count=111 shown=111 publish_us=3666
info: event=popup-closed
info: event=popup-opened output=1
info: event=popup-closed
info: event=popup-opened output=1
info: event=popup-closed
info: event=popup-opened output=1
info: event=launcher-results count=111 shown=111 publish_us=4133
info: event=popup-closed
info: event=popup-opened output=1
info: event=popup-closed
info: event=popup-opened output=1
info: event=popup-closed
info: event=popup-opened output=1
info: event=launcher-results count=111 shown=111 publish_us=3640
info: event=popup-closed
info: event=popup-opened output=1
info: event=popup-closed
info: event=popup-opened output=1
info: event=popup-closed
info: event=popup-opened output=1
info: event=launcher-results count=111 shown=111 publish_us=3573
info: event=popup-closed
info: event=popup-opened output=1
info: event=popup-closed
info: event=popup-opened output=1
info: event=popup-closed
info: event=popup-opened output=1
info: event=launcher-results count=111 shown=111 publish_us=3610
info: event=popup-closed
info: event=popup-opened output=1
info: event=popup-closed
info: event=popup-opened output=1
info: event=popup-closed
info: event=popup-opened output=1
info: event=launcher-results count=111 shown=111 publish_us=3549
info: event=popup-closed
info: event=popup-opened output=1
info: event=popup-closed
info: event=popup-opened output=1
info: event=popup-closed
info: event=popup-opened output=1
info: event=launcher-results count=111 shown=111 publish_us=3706
info: event=popup-closed
info: event=popup-opened output=1
info: event=popup-closed
info: event=popup-opened output=1
info: event=popup-closed
info: event=popup-opened output=1
info: event=launcher-results count=111 shown=111 publish_us=3549
info: event=popup-closed
info: event=popup-opened output=1
info: event=popup-closed
info: event=popup-opened output=1
info: event=popup-closed
info: event=popup-opened output=1
info: event=launcher-results count=111 shown=111 publish_us=3555
info: event=popup-closed
info: event=popup-opened output=1
info: event=popup-closed
info: event=popup-opened output=1
info: event=popup-closed
info: event=popup-opened output=1
info: event=launcher-results count=111 shown=111 publish_us=3677
info: event=popup-closed
info: event=popup-opened output=1
info: event=popup-closed
info: event=output-mapped id=2 connector=HEADLESS-1 scale=1
info: event=popup-opened output=1
info: event=popup-closed
info: event=popup-opened output=1
info: event=launcher-results count=111 shown=111 publish_us=3924
info: event=popup-closed
info: event=popup-opened output=1
info: event=popup-closed
info: event=popup-opened output=1
info: event=popup-closed
info: event=popup-opened output=1
info: event=launcher-results count=111 shown=111 publish_us=3495
info: event=popup-closed
info: event=popup-opened output=1
info: event=popup-closed
info: event=popup-opened output=1
info: event=popup-closed
info: event=popup-opened output=1
info: event=launcher-results count=111 shown=111 publish_us=3673
info: event=popup-closed
info: event=popup-opened output=1
info: event=popup-closed
info: event=popup-opened output=1
info: event=popup-closed
info: event=popup-opened output=1
info: event=launcher-results count=111 shown=111 publish_us=3661
info: event=popup-closed
info: event=popup-opened output=1
info: event=popup-closed
info: event=popup-opened output=1
info: event=popup-closed
info: event=popup-opened output=1
info: event=launcher-results count=111 shown=111 publish_us=3392
info: event=popup-closed
info: event=popup-opened output=1
info: event=popup-closed
info: event=popup-opened output=1
info: event=popup-closed
info: event=popup-opened output=1
info: event=launcher-results count=111 shown=111 publish_us=3474
info: event=popup-closed
info: event=popup-opened output=1
info: event=popup-closed
info: event=popup-opened output=1
info: event=popup-closed
info: event=popup-opened output=1
info: event=launcher-results count=111 shown=111 publish_us=3300
info: event=popup-closed
info: event=popup-opened output=1
info: event=popup-closed
info: event=popup-opened output=1
info: event=popup-closed
info: event=popup-opened output=1
info: event=launcher-results count=111 shown=111 publish_us=3588
info: event=popup-closed
info: event=popup-opened output=1
info: event=popup-closed
info: event=popup-opened output=1
info: event=popup-closed
info: event=popup-opened output=1
info: event=launcher-results count=111 shown=111 publish_us=3457
info: event=popup-closed
info: event=popup-opened output=1
info: event=popup-closed
info: event=popup-opened output=1
info: event=popup-closed
info: event=popup-opened output=1
info: event=launcher-results count=111 shown=111 publish_us=3295
info: event=popup-closed
info: event=popup-opened output=1
info: event=popup-closed
info: event=popup-opened output=1
info: event=popup-closed
info: event=popup-opened output=1
info: event=launcher-results count=111 shown=111 publish_us=3295
info: event=popup-closed
info: event=popup-opened output=1
info: event=popup-closed
info: event=popup-opened output=1
info: event=popup-closed
info: event=popup-opened output=1
info: event=launcher-results count=111 shown=111 publish_us=3845
info: event=popup-closed
info: event=popup-opened output=1
info: event=popup-closed
info: event=popup-opened output=1
info: event=popup-closed
info: event=popup-opened output=1
info: event=launcher-results count=111 shown=111 publish_us=3599
info: event=popup-closed
info: event=popup-opened output=1
info: event=popup-closed
info: event=popup-opened output=1
info: event=popup-closed
info: event=popup-opened output=1
info: event=launcher-results count=111 shown=111 publish_us=3305
info: event=popup-closed
info: event=popup-opened output=1
info: event=popup-closed
info: event=popup-opened output=1
info: event=popup-closed
info: event=popup-opened output=1
info: event=launcher-results count=111 shown=111 publish_us=3873
info: event=popup-closed
info: event=popup-opened output=1
info: event=popup-closed
info: event=popup-opened output=1
info: event=popup-closed
info: event=popup-opened output=1
info: event=launcher-results count=111 shown=111 publish_us=3674
info: event=popup-closed
info: event=popup-opened output=1
info: event=popup-closed
info: event=popup-opened output=1
info: event=popup-closed
info: event=popup-opened output=1
info: event=launcher-results count=111 shown=111 publish_us=3849
info: event=popup-closed
info: event=popup-opened output=1
info: event=popup-closed
info: event=popup-opened output=1
info: event=popup-closed
info: event=popup-opened output=1
info: event=launcher-results count=111 shown=111 publish_us=3489
info: event=popup-closed
info: event=popup-opened output=1
info: event=popup-closed
info: event=popup-opened output=1
info: event=popup-closed
info: event=popup-opened output=1
info: event=launcher-results count=111 shown=111 publish_us=3759
info: event=popup-closed
info: event=popup-opened output=1
info: event=popup-closed
info: event=popup-opened output=1
info: event=popup-closed
info: event=popup-opened output=1
info: event=launcher-results count=111 shown=111 publish_us=3488
info: event=popup-closed
info: event=popup-opened output=1
info: event=popup-closed
info: event=popup-opened output=1
info: event=popup-closed
info: event=popup-opened output=1
info: event=launcher-results count=111 shown=111 publish_us=4115
info: event=popup-closed
info: event=popup-opened output=1
info: event=popup-closed
info: event=popup-opened output=1
info: event=popup-closed
info: event=popup-opened output=1
info: event=launcher-results count=111 shown=111 publish_us=3428
info: event=popup-closed
info: event=popup-opened output=1
info: event=popup-closed
info: event=popup-opened output=1
info: event=popup-closed
info: event=popup-opened output=1
info: event=launcher-results count=111 shown=111 publish_us=3802
info: event=popup-closed
info: event=popup-opened output=1
info: event=popup-closed
info: event=popup-opened output=1
info: event=popup-closed
info: event=popup-opened output=1
info: event=launcher-results count=111 shown=111 publish_us=3414
info: event=popup-closed
info: event=popup-opened output=1
info: event=popup-closed
info: event=popup-opened output=1
info: event=popup-closed
info: event=popup-opened output=1
info: event=launcher-results count=111 shown=111 publish_us=3854
info: event=popup-closed
info: event=popup-opened output=1
info: event=popup-closed
info: event=popup-opened output=1
info: event=popup-closed
info: event=popup-opened output=1
info: event=launcher-results count=111 shown=111 publish_us=3210
info: event=popup-closed
info: event=popup-opened output=1
info: event=popup-closed
info: event=popup-opened output=1
info: event=popup-closed
info: event=popup-opened output=1
info: event=launcher-results count=111 shown=111 publish_us=3485
info: event=popup-closed
info: event=popup-opened output=1
info: event=popup-closed
info: event=popup-opened output=1
info: event=popup-closed
info: event=popup-opened output=1
info: event=launcher-results count=111 shown=111 publish_us=3771
info: event=popup-closed
info: event=popup-opened output=1
info: event=popup-closed
info: event=popup-opened output=1
info: event=popup-closed
info: event=popup-opened output=1
info: event=launcher-results count=111 shown=111 publish_us=3484
info: event=popup-closed
info: event=popup-opened output=1
info: event=popup-closed
info: event=popup-opened output=1
info: event=popup-closed
info: event=popup-opened output=1
info: event=launcher-results count=111 shown=111 publish_us=3367
info: event=popup-closed
info: event=popup-opened output=1
info: event=popup-closed
info: event=popup-opened output=1
info: event=popup-closed
info: event=popup-opened output=1
info: event=launcher-results count=111 shown=111 publish_us=3580
info: event=popup-closed
info: event=popup-opened output=1
info: event=popup-closed
info: event=popup-opened output=1
info: event=popup-closed
info: event=popup-opened output=1
info: event=launcher-results count=111 shown=111 publish_us=3858
info: event=popup-closed
info: event=popup-opened output=1
info: event=popup-closed
info: event=popup-opened output=1
info: event=popup-closed
info: event=popup-opened output=1
info: event=launcher-results count=111 shown=111 publish_us=3799
info: event=popup-closed
info: event=popup-opened output=1
info: event=popup-closed
info: event=popup-opened output=1
info: event=popup-closed
info: event=output-mapped id=2 connector=HEADLESS-1 scale=1
info: event=popup-opened output=1
info: event=launcher-results count=111 shown=111 publish_us=3485
info: event=popup-closed
info: event=popup-opened output=1
info: event=popup-closed
info: event=popup-opened output=1
info: event=popup-closed
info: event=popup-opened output=1
info: event=launcher-results count=111 shown=111 publish_us=3436
info: event=popup-closed
info: event=popup-opened output=1
info: event=popup-closed
info: event=popup-opened output=1
info: event=popup-closed
info: event=popup-opened output=1
info: event=launcher-results count=111 shown=111 publish_us=3936
info: event=popup-closed
info: event=popup-opened output=1
info: event=popup-closed
info: event=popup-opened output=1
info: event=popup-closed
info: event=popup-opened output=1
info: event=launcher-results count=111 shown=111 publish_us=3775
info: event=popup-closed
info: event=popup-opened output=1
info: event=popup-closed
info: event=popup-opened output=1
info: event=popup-closed
info: event=popup-opened output=1
info: event=launcher-results count=111 shown=111 publish_us=3711
info: event=popup-closed
info: event=popup-opened output=1
info: event=popup-closed
info: event=popup-opened output=1
info: event=popup-closed
info: event=popup-opened output=1
info: event=launcher-results count=111 shown=111 publish_us=3373
info: event=popup-closed
info: event=popup-opened output=1
info: event=popup-closed
info: event=popup-opened output=1
info: event=popup-closed
info: event=popup-opened output=1
info: event=launcher-results count=111 shown=111 publish_us=3401
info: event=popup-closed
info: event=popup-opened output=1
info: event=popup-closed
info: event=popup-opened output=1
info: event=popup-closed
info: event=popup-opened output=1
info: event=launcher-results count=111 shown=111 publish_us=3630
info: event=popup-closed
info: event=popup-opened output=1
info: event=popup-closed
info: event=popup-opened output=1
info: event=popup-closed
info: event=popup-opened output=1
info: event=launcher-results count=111 shown=111 publish_us=3364
info: event=popup-closed
info: event=popup-opened output=1
info: event=popup-closed
info: event=popup-opened output=1
info: event=popup-closed
info: event=popup-opened output=1
info: event=launcher-results count=111 shown=111 publish_us=3813
info: event=popup-closed
info: event=popup-opened output=1
info: event=popup-closed
info: event=popup-opened output=1
info: event=popup-closed
info: event=popup-opened output=1
info: event=launcher-results count=111 shown=111 publish_us=3560
info: event=popup-closed
info: event=popup-opened output=1
info: event=popup-closed
info: event=popup-opened output=1
info: event=popup-closed
info: event=popup-opened output=1
info: event=launcher-results count=111 shown=111 publish_us=3479
info: event=popup-closed
info: event=popup-opened output=1
info: event=popup-closed
info: event=popup-opened output=1
info: event=popup-closed
info: event=popup-opened output=1
info: event=launcher-results count=111 shown=111 publish_us=3732
info: event=popup-closed
info: event=popup-opened output=1
info: event=popup-closed
info: event=popup-opened output=1
info: event=popup-closed
info: event=popup-opened output=1
info: event=launcher-results count=111 shown=111 publish_us=3658
info: event=popup-closed
info: event=popup-opened output=1
info: event=popup-closed
info: event=popup-opened output=1
info: event=popup-closed
info: event=popup-opened output=1
info: event=launcher-results count=111 shown=111 publish_us=3640
info: event=popup-closed
info: event=popup-opened output=1
info: event=popup-closed
info: event=popup-opened output=1
info: event=popup-closed
info: event=popup-opened output=1
info: event=launcher-results count=111 shown=111 publish_us=3231
info: event=popup-closed
info: event=popup-opened output=1
info: event=popup-closed
info: event=popup-opened output=1
info: event=popup-closed
info: event=popup-opened output=1
info: event=launcher-results count=111 shown=111 publish_us=3260
info: event=popup-closed
info: event=popup-opened output=1
info: event=popup-closed
info: event=popup-opened output=1
info: event=popup-closed
info: event=popup-opened output=1
info: event=launcher-results count=111 shown=111 publish_us=3437
info: event=popup-closed
info: event=popup-opened output=1
info: event=popup-closed
info: event=popup-opened output=1
info: event=popup-closed
info: event=popup-opened output=1
info: event=launcher-results count=111 shown=111 publish_us=3926
info: event=popup-closed
info: event=popup-opened output=1
info: event=popup-closed
info: event=popup-opened output=1
info: event=popup-closed
info: event=popup-opened output=1
info: event=launcher-results count=111 shown=111 publish_us=3433
info: event=popup-closed
info: event=popup-opened output=1
info: event=popup-closed
info: event=popup-opened output=1
info: event=popup-closed
info: event=popup-opened output=1
info: event=launcher-results count=111 shown=111 publish_us=3426
info: event=popup-closed
info: event=popup-opened output=1
info: event=popup-closed
info: event=popup-opened output=1
info: event=popup-closed
info: event=popup-opened output=1
info: event=launcher-results count=111 shown=111 publish_us=3424
info: event=popup-closed
info: event=popup-opened output=1
info: event=popup-closed
info: event=popup-opened output=1
info: event=popup-closed
info: event=popup-opened output=1
info: event=launcher-results count=111 shown=111 publish_us=3704
info: event=popup-closed
info: event=popup-opened output=1
info: event=popup-closed
info: event=popup-opened output=1
info: event=popup-closed
info: event=popup-opened output=1
info: event=launcher-results count=111 shown=111 publish_us=3227
info: event=popup-closed
info: event=popup-opened output=1
info: event=popup-closed
info: event=popup-opened output=1
info: event=popup-closed
info: event=popup-opened output=1
info: event=launcher-results count=111 shown=111 publish_us=3391
info: event=popup-closed
info: event=popup-opened output=1
info: event=popup-closed
info: event=popup-opened output=1
info: event=popup-closed
info: event=popup-opened output=1
info: event=launcher-results count=111 shown=111 publish_us=3464
info: event=popup-closed
info: event=popup-opened output=1
info: event=popup-closed
info: event=popup-opened output=1
info: event=popup-closed
info: event=popup-opened output=1
info: event=launcher-results count=111 shown=111 publish_us=3416
info: event=popup-closed
info: event=popup-opened output=1
info: event=popup-closed
info: event=popup-opened output=1
info: event=popup-closed
info: event=popup-opened output=1
info: event=launcher-results count=111 shown=111 publish_us=3672
info: event=popup-closed
info: event=popup-opened output=1
info: event=popup-closed
info: event=popup-opened output=1
info: event=popup-closed
info: event=popup-opened output=1
info: event=launcher-results count=111 shown=111 publish_us=3381
info: event=popup-closed
info: event=popup-opened output=1
info: event=popup-closed
info: event=popup-opened output=1
info: event=popup-closed
info: event=popup-opened output=1
info: event=launcher-results count=111 shown=111 publish_us=3659
info: event=popup-closed
info: event=popup-opened output=1
info: event=popup-closed
info: event=popup-opened output=1
info: event=popup-closed
info: event=popup-opened output=1
info: event=launcher-results count=111 shown=111 publish_us=3497
info: event=popup-closed
info: event=popup-opened output=1
info: event=popup-closed
info: event=popup-opened output=1
info: event=popup-closed
info: event=popup-opened output=1
info: event=launcher-results count=111 shown=111 publish_us=3539
info: event=popup-closed
info: event=popup-opened output=1
info: event=popup-closed
info: event=popup-opened output=1
info: event=popup-closed
info: event=popup-opened output=1
info: event=launcher-results count=111 shown=111 publish_us=3446
info: event=popup-closed
info: event=popup-opened output=1
info: event=popup-closed
info: event=popup-opened output=1
info: event=popup-closed
info: event=popup-opened output=1
info: event=launcher-results count=111 shown=111 publish_us=3339
info: event=popup-closed
info: event=output-mapped id=2 connector=HEADLESS-1 scale=1
info: event=popup-opened output=1
info: event=popup-closed
info: event=popup-opened output=1
info: event=popup-closed
info: event=popup-opened output=1
info: event=launcher-results count=111 shown=111 publish_us=3259
info: event=popup-closed
info: event=popup-opened output=1
info: event=popup-closed
info: event=popup-opened output=1
info: event=popup-closed
info: event=popup-opened output=1
info: event=launcher-results count=111 shown=111 publish_us=3663
info: event=popup-closed
info: event=popup-opened output=1
info: event=popup-closed
info: event=popup-opened output=1
info: event=popup-closed
info: event=popup-opened output=1
info: event=launcher-results count=111 shown=111 publish_us=3362
info: event=popup-closed
info: event=popup-opened output=1
info: event=popup-closed
info: event=popup-opened output=1
info: event=popup-closed
info: event=popup-opened output=1
info: event=launcher-results count=111 shown=111 publish_us=3507
info: event=popup-closed
info: event=popup-opened output=1
info: event=popup-closed
info: event=popup-opened output=1
info: event=popup-closed
info: event=popup-opened output=1
info: event=launcher-results count=111 shown=111 publish_us=3888
info: event=popup-closed
info: event=popup-opened output=1
info: event=popup-closed
info: event=popup-opened output=1
info: event=popup-closed
info: event=popup-opened output=1
info: event=launcher-results count=111 shown=111 publish_us=3326
info: event=popup-closed
info: event=popup-opened output=1
info: event=popup-closed
info: event=popup-opened output=1
info: event=popup-closed
info: event=popup-opened output=1
info: event=launcher-results count=111 shown=111 publish_us=3450
info: event=popup-closed
info: event=popup-opened output=1
info: event=popup-closed
info: event=popup-opened output=1
info: event=popup-closed
info: event=popup-opened output=1
info: event=launcher-results count=111 shown=111 publish_us=3460
info: event=popup-closed
info: event=popup-opened output=1
info: event=popup-closed
info: event=popup-opened output=1
info: event=popup-closed
info: event=popup-opened output=1
info: event=launcher-results count=111 shown=111 publish_us=3439
info: event=popup-closed
info: event=popup-opened output=1
info: event=popup-closed
info: event=popup-opened output=1
info: event=popup-closed
info: event=popup-opened output=1
info: event=launcher-results count=111 shown=111 publish_us=3526
info: event=popup-closed
info: event=popup-opened output=1
info: event=popup-closed
info: event=popup-opened output=1
info: event=popup-closed
info: event=popup-opened output=1
info: event=launcher-results count=111 shown=111 publish_us=3511
info: event=popup-closed
info: event=popup-opened output=1
info: event=popup-closed
info: event=popup-opened output=1
info: event=popup-closed
info: event=popup-opened output=1
info: event=launcher-results count=111 shown=111 publish_us=3449
info: event=popup-closed
info: event=popup-opened output=1
info: event=popup-closed
info: event=popup-opened output=1
info: event=popup-closed
info: event=popup-opened output=1
info: event=launcher-results count=111 shown=111 publish_us=3491
info: event=popup-closed
info: event=popup-opened output=1
info: event=popup-closed
info: event=popup-opened output=1
info: event=popup-closed
info: event=popup-opened output=1
info: event=launcher-results count=111 shown=111 publish_us=3712
info: event=popup-closed
info: event=popup-opened output=1
info: event=popup-closed
info: event=popup-opened output=1
info: event=popup-closed
info: event=popup-opened output=1
info: event=launcher-results count=111 shown=111 publish_us=3633
info: event=popup-closed
info: event=popup-opened output=1
info: event=popup-closed
info: event=popup-opened output=1
info: event=popup-closed
info: event=popup-opened output=1
info: event=launcher-results count=111 shown=111 publish_us=3503
info: event=popup-closed
info: event=popup-opened output=1
info: event=popup-closed
info: event=popup-opened output=1
info: event=popup-closed
info: event=popup-opened output=1
info: event=launcher-results count=111 shown=111 publish_us=3409
info: event=popup-closed
info: event=popup-opened output=1
info: event=popup-closed
info: event=popup-opened output=1
info: event=popup-closed
info: event=popup-opened output=1
info: event=launcher-results count=111 shown=111 publish_us=3515
info: event=popup-closed
info: event=popup-opened output=1
info: event=popup-closed
info: event=popup-opened output=1
info: event=popup-closed
info: event=popup-opened output=1
info: event=launcher-results count=111 shown=111 publish_us=3384
info: event=popup-closed
info: event=popup-opened output=1
info: event=popup-closed
info: event=popup-opened output=1
info: event=popup-closed
info: event=popup-opened output=1
info: event=launcher-results count=111 shown=111 publish_us=3349
info: event=popup-closed
info: event=popup-opened output=1
info: event=popup-closed
info: event=popup-opened output=1
info: event=popup-closed
info: event=popup-opened output=1
info: event=launcher-results count=111 shown=111 publish_us=3881
info: event=popup-closed
info: event=popup-opened output=1
info: event=popup-closed
info: event=popup-opened output=1
info: event=popup-closed
info: event=popup-opened output=1
info: event=launcher-results count=111 shown=111 publish_us=3660
info: event=popup-closed
info: event=popup-opened output=1
info: event=popup-closed
info: event=popup-opened output=1
info: event=popup-closed
info: event=popup-opened output=1
info: event=launcher-results count=111 shown=111 publish_us=3434
info: event=popup-closed
info: event=popup-opened output=1
info: event=popup-closed
info: event=popup-opened output=1
info: event=popup-closed
info: event=popup-opened output=1
info: event=launcher-results count=111 shown=111 publish_us=3376
info: event=popup-closed
info: event=popup-opened output=1
info: event=popup-closed
info: event=popup-opened output=1
info: event=popup-closed
info: event=popup-opened output=1
info: event=launcher-results count=111 shown=111 publish_us=3552
info: event=popup-closed
info: event=popup-opened output=1
info: event=popup-closed
info: event=popup-opened output=1
info: event=popup-closed
info: event=popup-opened output=1
info: event=launcher-results count=111 shown=111 publish_us=3934
info: event=popup-closed
info: event=popup-opened output=1
info: event=popup-closed
info: event=popup-opened output=1
info: event=popup-closed
info: event=popup-opened output=1
info: event=launcher-results count=111 shown=111 publish_us=3854
info: event=popup-closed
info: event=popup-opened output=1
info: event=popup-closed
info: event=popup-opened output=1
info: event=popup-closed
info: event=popup-opened output=1
info: event=launcher-results count=111 shown=111 publish_us=3484
info: event=popup-closed
info: event=popup-opened output=1
info: event=popup-closed
info: event=popup-opened output=1
info: event=popup-closed
info: event=popup-opened output=1
info: event=launcher-results count=111 shown=111 publish_us=3454
info: event=popup-closed
info: event=popup-opened output=1
info: event=popup-closed
info: event=popup-opened output=1
info: event=popup-closed
info: event=popup-opened output=1
info: event=launcher-results count=111 shown=111 publish_us=3529
info: event=popup-closed
info: event=popup-opened output=1
info: event=popup-closed
info: event=popup-opened output=1
info: event=popup-closed
info: event=popup-opened output=1
info: event=launcher-results count=111 shown=111 publish_us=3605
info: event=popup-closed
info: event=popup-opened output=1
info: event=popup-closed
info: event=popup-opened output=1
info: event=popup-closed
info: event=popup-opened output=1
info: event=launcher-results count=111 shown=111 publish_us=3490
info: event=popup-closed
info: event=popup-opened output=1
info: event=popup-closed
info: event=popup-opened output=1
info: event=popup-closed
info: event=popup-opened output=1
info: event=launcher-results count=111 shown=111 publish_us=3313
info: event=popup-closed
info: event=popup-opened output=1
info: event=popup-closed
info: event=output-mapped id=2 connector=HEADLESS-1 scale=1
info: event=popup-opened output=1
info: event=popup-closed
info: event=popup-opened output=1
info: event=launcher-results count=111 shown=111 publish_us=3693
info: event=popup-closed
info: event=popup-opened output=1
info: event=popup-closed
info: event=popup-opened output=1
info: event=popup-closed
info: event=popup-opened output=1
info: event=launcher-results count=111 shown=111 publish_us=3766
info: event=popup-closed
info: event=popup-opened output=1
info: event=popup-closed
info: event=popup-opened output=1
info: event=popup-closed
info: event=popup-opened output=1
info: event=launcher-results count=111 shown=111 publish_us=3831
info: event=popup-closed
info: event=popup-opened output=1
info: event=popup-closed
info: event=popup-opened output=1
info: event=popup-closed
info: event=popup-opened output=1
info: event=launcher-results count=111 shown=111 publish_us=3546
info: event=popup-closed
info: event=popup-opened output=1
info: event=popup-closed
info: event=popup-opened output=1
info: event=popup-closed
info: event=popup-opened output=1
info: event=launcher-results count=111 shown=111 publish_us=3878
info: event=popup-closed
info: event=popup-opened output=1
info: event=popup-closed
info: event=popup-opened output=1
info: event=popup-closed
info: event=popup-opened output=1
info: event=launcher-results count=111 shown=111 publish_us=3268
info: event=popup-closed
info: event=popup-opened output=1
info: event=popup-closed
info: event=popup-opened output=1
info: event=popup-closed
info: event=popup-opened output=1
info: event=launcher-results count=111 shown=111 publish_us=3548
info: event=popup-closed
info: event=popup-opened output=1
info: event=popup-closed
info: event=popup-opened output=1
info: event=popup-closed
info: event=popup-opened output=1
info: event=launcher-results count=111 shown=111 publish_us=3685
info: event=popup-closed
info: event=popup-opened output=1
info: event=popup-closed
info: event=popup-opened output=1
info: event=popup-closed
info: event=popup-opened output=1
info: event=launcher-results count=111 shown=111 publish_us=3763
info: event=popup-closed
info: event=popup-opened output=1
info: event=popup-closed
info: event=popup-opened output=1
info: event=popup-closed
info: event=popup-opened output=1
info: event=launcher-results count=111 shown=111 publish_us=3490
info: event=popup-closed
info: event=popup-opened output=1
info: event=popup-closed
info: event=popup-opened output=1
info: event=popup-closed
info: event=popup-opened output=1
info: event=launcher-results count=111 shown=111 publish_us=3444
info: event=popup-closed
info: event=popup-opened output=1
info: event=popup-closed
info: event=popup-opened output=1
info: event=popup-closed
info: event=popup-opened output=1
info: event=launcher-results count=111 shown=111 publish_us=3334
info: event=popup-closed
info: event=popup-opened output=1
info: event=popup-closed
info: event=popup-opened output=1
info: event=popup-closed
info: event=popup-opened output=1
info: event=launcher-results count=111 shown=111 publish_us=3703
info: event=popup-closed
info: event=popup-opened output=1
info: event=popup-closed
info: event=popup-opened output=1
info: event=popup-closed
info: event=popup-opened output=1
info: event=launcher-results count=111 shown=111 publish_us=3674
info: event=popup-closed
info: event=popup-opened output=1
info: event=popup-closed
info: event=popup-opened output=1
info: event=popup-closed
info: event=popup-opened output=1
info: event=launcher-results count=111 shown=111 publish_us=3593
info: event=popup-closed
info: event=popup-opened output=1
info: event=popup-closed
info: event=popup-opened output=1
info: event=popup-closed
info: event=popup-opened output=1
info: event=launcher-results count=111 shown=111 publish_us=3564
info: event=popup-closed
info: event=popup-opened output=1
info: event=popup-closed
info: event=popup-opened output=1
info: event=popup-closed
info: event=popup-opened output=1
info: event=launcher-results count=111 shown=111 publish_us=3302
info: event=popup-closed
info: event=popup-opened output=1
info: event=popup-closed
info: event=popup-opened output=1
info: event=popup-closed
info: event=popup-opened output=1
info: event=launcher-results count=111 shown=111 publish_us=3647
info: event=popup-closed
info: event=popup-opened output=1
info: event=popup-closed
info: event=popup-opened output=1
info: event=popup-closed
info: event=popup-opened output=1
info: event=launcher-results count=111 shown=111 publish_us=3399
info: event=popup-closed
info: event=popup-opened output=1
info: event=popup-closed
info: event=popup-opened output=1
info: event=popup-closed
info: event=popup-opened output=1
info: event=launcher-results count=111 shown=111 publish_us=3845
info: event=popup-closed
info: event=popup-opened output=1
info: event=popup-closed
info: event=popup-opened output=1
info: event=popup-closed
info: event=popup-opened output=1
info: event=launcher-results count=111 shown=111 publish_us=3487
info: event=popup-closed
info: event=popup-opened output=1
info: event=popup-closed
info: event=popup-opened output=1
info: event=popup-closed
info: event=popup-opened output=1
info: event=launcher-results count=111 shown=111 publish_us=3492
info: event=popup-closed
info: event=popup-opened output=1
info: event=popup-closed
info: event=popup-opened output=1
info: event=popup-closed
info: event=popup-opened output=1
info: event=launcher-results count=111 shown=111 publish_us=3576
info: event=popup-closed
info: event=popup-opened output=1
info: event=popup-closed
info: event=popup-opened output=1
info: event=popup-closed
info: event=popup-opened output=1
info: event=launcher-results count=111 shown=111 publish_us=3512
info: event=popup-closed
info: event=popup-opened output=1
info: event=popup-closed
info: event=popup-opened output=1
info: event=popup-closed
info: event=popup-opened output=1
info: event=launcher-results count=111 shown=111 publish_us=3530
info: event=popup-closed
info: event=popup-opened output=1
info: event=popup-closed
info: event=popup-opened output=1
info: event=popup-closed
info: event=popup-opened output=1
info: event=launcher-results count=111 shown=111 publish_us=3421
info: event=popup-closed
info: event=popup-opened output=1
info: event=popup-closed
info: event=popup-opened output=1
info: event=popup-closed
info: event=popup-opened output=1
info: event=launcher-results count=111 shown=111 publish_us=3482
info: event=popup-closed
info: event=popup-opened output=1
info: event=popup-closed
info: event=popup-opened output=1
info: event=popup-closed
info: event=popup-opened output=1
info: event=launcher-results count=111 shown=111 publish_us=3496
info: event=popup-closed
info: event=popup-opened output=1
info: event=popup-closed
info: event=popup-opened output=1
info: event=popup-closed
info: event=popup-opened output=1
info: event=launcher-results count=111 shown=111 publish_us=3452
info: event=popup-closed
info: event=popup-opened output=1
info: event=popup-closed
info: event=popup-opened output=1
info: event=popup-closed
info: event=popup-opened output=1
info: event=launcher-results count=111 shown=111 publish_us=3304
info: event=popup-closed
info: event=popup-opened output=1
info: event=popup-closed
info: event=popup-opened output=1
info: event=popup-closed
info: event=popup-opened output=1
info: event=launcher-results count=111 shown=111 publish_us=3476
info: event=popup-closed
info: event=popup-opened output=1
info: event=popup-closed
info: event=popup-opened output=1
info: event=popup-closed
info: event=popup-opened output=1
info: event=launcher-results count=111 shown=111 publish_us=3486
info: event=popup-closed
info: event=popup-opened output=1
info: event=popup-closed
info: event=popup-opened output=1
info: event=popup-closed
info: event=popup-opened output=1
info: event=launcher-results count=111 shown=111 publish_us=3559
info: event=popup-closed
info: event=popup-opened output=1
info: event=popup-closed
info: event=popup-opened output=1
info: event=popup-closed
info: event=output-mapped id=2 connector=HEADLESS-1 scale=1
info: event=popup-opened output=1
info: event=launcher-results count=111 shown=111 publish_us=3506
info: event=popup-closed
info: event=popup-opened output=1
info: event=popup-closed
info: event=popup-opened output=1
info: event=popup-closed
info: event=popup-opened output=1
info: event=launcher-results count=111 shown=111 publish_us=3416
info: event=popup-closed
info: event=popup-opened output=1
info: event=popup-closed
info: event=popup-opened output=1
info: event=popup-closed
info: event=popup-opened output=1
info: event=launcher-results count=111 shown=111 publish_us=3701
info: event=popup-closed
info: event=popup-opened output=1
info: event=popup-closed
info: event=popup-opened output=1
info: event=popup-closed
info: event=popup-opened output=1
info: event=launcher-results count=111 shown=111 publish_us=3489
info: event=popup-closed
info: event=popup-opened output=1
info: event=popup-closed
info: event=popup-opened output=1
info: event=popup-closed
info: event=popup-opened output=1
info: event=launcher-results count=111 shown=111 publish_us=3573
info: event=popup-closed
info: event=popup-opened output=1
info: event=popup-closed
info: event=popup-opened output=1
info: event=popup-closed
info: event=popup-opened output=1
info: event=launcher-results count=111 shown=111 publish_us=3586
info: event=popup-closed
info: event=popup-opened output=1
info: event=popup-closed
info: event=popup-opened output=1
info: event=popup-closed
info: event=popup-opened output=1
info: event=launcher-results count=111 shown=111 publish_us=3684
info: event=popup-closed
info: event=popup-opened output=1
info: event=popup-closed
info: event=popup-opened output=1
info: event=popup-closed
info: event=popup-opened output=1
info: event=launcher-results count=111 shown=111 publish_us=3800
info: event=popup-closed
info: event=popup-opened output=1
info: event=popup-closed
info: event=popup-opened output=1
info: event=popup-closed
info: event=popup-opened output=1
info: event=launcher-results count=111 shown=111 publish_us=3508
info: event=popup-closed
info: event=popup-opened output=1
info: event=popup-closed
info: event=popup-opened output=1
info: event=popup-closed
info: event=popup-opened output=1
info: event=launcher-results count=111 shown=111 publish_us=3512
info: event=popup-closed
info: event=popup-opened output=1
info: event=popup-closed
info: event=popup-opened output=1
info: event=popup-closed
info: event=popup-opened output=1
info: event=launcher-results count=111 shown=111 publish_us=3635
info: event=popup-closed
info: event=popup-opened output=1
info: event=popup-closed
info: event=popup-opened output=1
info: event=popup-closed
info: event=popup-opened output=1
info: event=launcher-results count=111 shown=111 publish_us=3491
info: event=popup-closed
info: event=popup-opened output=1
info: event=popup-closed
info: event=popup-opened output=1
info: event=popup-closed
info: event=popup-opened output=1
info: event=launcher-results count=111 shown=111 publish_us=3576
info: event=popup-closed
info: event=popup-opened output=1
info: event=popup-closed
info: event=popup-opened output=1
info: event=popup-closed
info: event=popup-opened output=1
info: event=launcher-results count=111 shown=111 publish_us=3382
info: event=popup-closed
info: event=popup-opened output=1
info: event=popup-closed
info: event=popup-opened output=1
info: event=popup-closed
info: event=popup-opened output=1
info: event=launcher-results count=111 shown=111 publish_us=3451
info: event=popup-closed
info: event=popup-opened output=1
info: event=popup-closed
info: event=popup-opened output=1
info: event=popup-closed
info: event=popup-opened output=1
info: event=launcher-results count=111 shown=111 publish_us=3745
info: event=popup-closed
info: event=popup-opened output=1
info: event=popup-closed
info: event=popup-opened output=1
info: event=popup-closed
info: event=popup-opened output=1
info: event=launcher-results count=111 shown=111 publish_us=3634
info: event=popup-closed
info: event=popup-opened output=1
info: event=popup-closed
info: event=popup-opened output=1
info: event=popup-closed
info: event=popup-opened output=1
info: event=launcher-results count=111 shown=111 publish_us=3485
info: event=popup-closed
info: event=popup-opened output=1
info: event=popup-closed
info: event=popup-opened output=1
info: event=popup-closed
info: event=popup-opened output=1
info: event=launcher-results count=111 shown=111 publish_us=3688
info: event=popup-closed
info: event=popup-opened output=1
info: event=popup-closed
info: event=popup-opened output=1
info: event=popup-closed
info: event=popup-opened output=1
info: event=launcher-results count=111 shown=111 publish_us=3451
info: event=popup-closed
info: event=popup-opened output=1
info: event=popup-closed
info: event=popup-opened output=1
info: event=popup-closed
info: event=popup-opened output=1
info: event=launcher-results count=111 shown=111 publish_us=3538
info: event=popup-closed
info: event=popup-opened output=1
info: event=popup-closed
info: event=popup-opened output=1
info: event=popup-closed
info: event=popup-opened output=1
info: event=launcher-results count=111 shown=111 publish_us=3716
info: event=popup-closed
info: event=popup-opened output=1
info: event=popup-closed
info: event=popup-opened output=1
info: event=popup-closed
info: event=popup-opened output=1
info: event=launcher-results count=111 shown=111 publish_us=4201
info: event=popup-closed
info: event=popup-opened output=1
info: event=popup-closed
info: event=popup-opened output=1
info: event=popup-closed
info: event=popup-opened output=1
info: event=launcher-results count=111 shown=111 publish_us=3379
info: event=popup-closed
info: event=popup-opened output=1
info: event=popup-closed
info: event=popup-opened output=1
info: event=popup-closed
info: event=popup-opened output=1
info: event=launcher-results count=111 shown=111 publish_us=3362
info: event=popup-closed
info: event=popup-opened output=1
info: event=popup-closed
info: event=popup-opened output=1
info: event=popup-closed
info: event=popup-opened output=1
info: event=launcher-results count=111 shown=111 publish_us=3460
info: event=popup-closed
info: event=popup-opened output=1
info: event=popup-closed
info: event=popup-opened output=1
info: event=popup-closed
info: event=popup-opened output=1
info: event=launcher-results count=111 shown=111 publish_us=3746
info: event=popup-closed
info: event=popup-opened output=1
info: event=popup-closed
info: event=popup-opened output=1
info: event=popup-closed
info: event=popup-opened output=1
info: event=launcher-results count=111 shown=111 publish_us=3337
info: event=popup-closed
info: event=popup-opened output=1
info: event=popup-closed
info: event=popup-opened output=1
info: event=popup-closed
info: event=popup-opened output=1
info: event=launcher-results count=111 shown=111 publish_us=3636
info: event=popup-closed
info: event=popup-opened output=1
info: event=popup-closed
info: event=popup-opened output=1
info: event=popup-closed
info: event=popup-opened output=1
info: event=launcher-results count=111 shown=111 publish_us=3444
info: event=popup-closed
info: event=popup-opened output=1
info: event=popup-closed
info: event=popup-opened output=1
info: event=popup-closed
info: event=popup-opened output=1
info: event=launcher-results count=111 shown=111 publish_us=4102
info: event=popup-closed
info: event=popup-opened output=1
info: event=popup-closed
info: event=popup-opened output=1
info: event=popup-closed
info: event=popup-opened output=1
info: event=launcher-results count=111 shown=111 publish_us=3528
info: event=popup-closed
info: event=popup-opened output=1
info: event=popup-closed
info: event=popup-opened output=1
info: event=popup-closed
info: event=popup-opened output=1
info: event=launcher-results count=111 shown=111 publish_us=3545
info: event=popup-closed
info: event=popup-opened output=1
info: event=popup-closed
info: event=popup-opened output=1
info: event=popup-closed
info: event=popup-opened output=1
info: event=launcher-results count=111 shown=111 publish_us=3612
info: event=popup-closed
info: event=output-mapped id=2 connector=HEADLESS-1 scale=1
info(pearl): event=stopping reason=control-quit pending=false
info(pearl): event=aqueous-availability state=stopped
info(pearl): event=cleanup pending=false watched_objects=0
info(pearl): event=stopped
