==> Making package: pearl 1.0.0rc2-1 (Mon Sep 14 10:22:16 2026)
==> Checking runtime dependencies...
==> Checking buildtime dependencies...
==> Retrieving sources...
  -> Found pearl-1.0.0rc2.tar.gz
==> Validating source files with sha256sums...
    pearl-1.0.0rc2.tar.gz ... Passed
==> Extracting sources...
  -> Extracting pearl-1.0.0rc2.tar.gz with bsdtar
==> Sources are ready.
==> Making package: pearl 1.0.0rc2-1 (Mon Sep 14 10:22:16 2026)
==> Checking runtime dependencies...
==> Checking buildtime dependencies...
==> WARNING: Using existing $srcdir/ tree
==> Starting build()...
==> Starting check()...
....
----------------------------------------------------------------------
Ran 4 tests in 0.032s

OK
==> Entering fakeroot environment...
==> Starting package()...
==> Tidying install...
  -> Removing libtool files...
  -> Removing static library files...
  -> Purging unwanted files...
  -> Compressing man and info pages...
==> Checking for packaging issues...
==> Creating package "pearl"...
  -> Generating .PKGINFO file...
  -> Generating .BUILDINFO file...
  -> Generating .MTREE file...
  -> Compressing package...
==> Leaving fakeroot environment.
==> Finished making: pearl 1.0.0rc2-1 (Mon Sep 14 10:22:52 2026)
