info(pearl): event=aqueous-availability state=connecting
info(pearl): event=ready mode=session
info: event=app-index-ready entries=0 truncated=false
info(pearl): event=aqueous-availability state=subscribing
info(pearl): event=aqueous-availability state=ready
info: event=output-mapped id=2 connector=HEADLESS-1 scale=2
info: event=output-mapped id=1 connector=HEADLESS-2 scale=1
info(pearl): event=control-ready session=6d606fe790105fda84f57641e0a4b6ae
info: event=popup-opened output=1
info: event=launcher-results count=7 shown=7 publish_us=4269
info: event=launcher-results count=7 shown=7 publish_us=298
info: event=launcher-painted latency_us=6357
info: event=launcher-results count=7 shown=7 publish_us=420
info: event=launcher-painted latency_us=12971
info: event=launcher-results count=4 shown=4 publish_us=446
info: event=launcher-results count=1 shown=1 publish_us=240
info: event=launcher-results count=1 shown=1 publish_us=142
info: event=preferences-applied revision=0 mode=static cache=false
info: event=launcher-results count=1 shown=1 publish_us=284
info: event=launcher-results count=0 shown=0 publish_us=39
info: event=launcher-painted latency_us=2596
info: event=launcher-results count=0 shown=0 publish_us=1434
info: event=launcher-results count=0 shown=0 publish_us=35
info: event=launcher-results count=0 shown=0 publish_us=95
info: event=launcher-results count=0 shown=0 publish_us=41
info: event=launcher-painted latency_us=3909
info: event=launcher-results count=0 shown=0 publish_us=46
info: event=launcher-results count=0 shown=0 publish_us=162
info: event=launcher-results count=0 shown=0 publish_us=410
info: event=launcher-results count=0 shown=0 publish_us=41
info: event=launcher-painted latency_us=3593
info: event=launcher-results count=0 shown=0 publish_us=40
info: event=launcher-results count=0 shown=0 publish_us=130
info: event=launcher-results count=0 shown=0 publish_us=142
info: event=launcher-results count=0 shown=0 publish_us=43
info: event=launcher-painted latency_us=3469
info: event=launcher-results count=0 shown=0 publish_us=40
info: event=launcher-results count=0 shown=0 publish_us=44
info: event=launcher-painted latency_us=11915
info: event=launcher-results count=0 shown=0 publish_us=728
info: event=launcher-painted latency_us=6824
info(pearl): event=stopping reason=control-quit pending=false
info: event=popup-closed
info(pearl): event=aqueous-availability state=stopped
info(pearl): event=cleanup pending=false watched_objects=0
info(pearl): event=stopped
