info: event=settings-launch activation_context=false
info: event=settings-instance-ready session=f9c2686dc67940392ca2b4e8f48cac98
info: event=settings-page page=overview
info: event=settings-page page=appearance
info: event=settings-window-created app_id=org.aqueous.Pearl.Settings
info: event=settings-page page=appearance
info: event=settings-activation activation_context=false
info: event=settings-page page=appearance
info: event=settings-activation activation_context=false
info: event=settings-page page=sound
info: event=settings-activation activation_context=false
info: event=settings-page page=network
info: event=settings-activation activation_context=false
info: event=settings-page page=bluetooth
info: event=settings-activation activation_context=false
info: event=settings-page page=power
info: event=settings-activation activation_context=false
info: event=settings-page page=overview
info: event=settings-activation activation_context=false
info: event=settings-page page=overview
info: event=settings-activation activation_context=false
info: event=settings-page page=aqueous
info: event=settings-activation activation_context=false
info: event=settings-page page=sound
info: event=settings-activation activation_context=false
info: event=settings-page page=sound
info: event=settings-activation activation_context=false
info: event=settings-page page=sound
info: event=settings-activation activation_context=false
info: event=settings-page page=sound
info: event=settings-activation activation_context=false
info: event=settings-page page=sound
info: event=settings-activation activation_context=false
info: event=settings-page page=sound
info: event=settings-activation activation_context=false
info: event=settings-page page=network
info: event=settings-activation activation_context=true
info: event=settings-page page=network
info: event=settings-activation activation_context=false
info: event=settings-page page=appearance
info: event=settings-page page=sound
info: event=settings-activation activation_context=false
info: event=settings-page page=appearance
info: event=settings-page page=network
info: event=settings-activation activation_context=false
info: event=settings-page page=appearance
info: event=settings-page page=sound
info: event=settings-page page=appearance
info: event=settings-page page=sound
info: event=settings-page page=appearance
info: event=settings-activation activation_context=false
info: event=settings-page page=appearance
info: event=settings-activation activation_context=false
info: event=settings-page page=appearance
info: event=settings-activation activation_context=false
info: event=settings-page page=network
info: event=settings-activation activation_context=false
info: event=settings-page page=bluetooth
info: event=settings-activation activation_context=false
info: event=settings-page page=sound
info: event=settings-activation activation_context=false
info: event=settings-page page=power
info: event=settings-activation activation_context=false
info: event=settings-page page=appearance
info: event=settings-activation activation_context=false
info: event=settings-page page=network
info: event=settings-activation activation_context=false
info: event=settings-page page=bluetooth
info: event=settings-activation activation_context=false
info: event=settings-page page=sound
info: event=settings-activation activation_context=false
info: event=settings-page page=power
info: event=settings-activation activation_context=false
info: event=settings-page page=appearance
info: event=settings-activation activation_context=false
info: event=settings-page page=network
info: event=settings-activation activation_context=false
info: event=settings-page page=bluetooth
info: event=settings-activation activation_context=false
info: event=settings-page page=sound
info: event=settings-activation activation_context=false
info: event=settings-page page=power
