{
  "status": "passed",
  "checks": {
    "direct-launch-without-shell-normal-window": true,
    "production-excludes-samples-and-shell-agent-dependencies": true,
    "second-launch-selects-page-and-retains-one-window": true,
    "generic-launch-strict-validation-and-aqueous-sections": true,
    "concurrent-launches-single-owner": true,
    "gio-launcher-token-forwards-and-restores-minimized-window": true,
    "ordinary-minimize-maximize-reactivation-and-escape": true,
    "pointer-sidebar-selection-and-external-heading-focus": true,
    "keyboard-focus-distinct-from-selection": true,
    "internal-body-focus-and-page-scroll-restoration": true,
    "committed-material-light-dark-native-gtk": true,
    "narrow-navigation-fixed-footer-and-escape": true,
    "large-text-reduced-motion-no-window-width-growth": true,
    "backend-loss-and-explicit-retry-without-shell-start": true,
    "ctrl-w-closes-only-frontend-and-removes-instance-endpoint": true,
    "production-rejects-test-probe": true,
    "cold-concurrent-launch-race": true,
    "native-identity-cross-session-denial-on-shared-dbus": true,
    "frontend-crash-stale-instance-recovery": true
  },
  "binaries": {
    "settings": "fc142ca09e5d496174ab260534d28f7e62981e199748430069bdbbfec61bd42a",
    "production": "041f84e36b47688a08b1a7e3517b0a1e7c73e68ec6b7917c5073fc6530f1f747",
    "pearl": "28df1dae76d97f879c4630a2b7218ec9bcde29baa6597abc6ea9d32687a11de8",
    "ctl": "4d062a02587ca20dc112d1ba9f93202cb7c3b0f90db2e62914b72e897eeb40cb"
  }
}
