Build Summary: 31/31 steps succeeded
install success
+- install themes/profiles/seafoam.zed/ cached
+- install themes/profiles/seafoam.equibop/ cached
+- install themes/profiles/seafoam.fluxer/ cached
+- install themes/profiles/seafoam.starship/ cached
+- install themes/profiles/seafoam.steam/ cached
+- install pearl-themes cached
|  +- compile exe pearl-themes ReleaseSafe native cached 13ms MaxRSS:58M
|     +- options cached
+- install pearl success
|  +- compile exe pearl ReleaseSafe native success 49s MaxRSS:1G
|     +- run pkg-config success 1ms
|     +- translate-c cached 12ms MaxRSS:53M
|     +- run glib-compile-resources (pearl.gresource) cached
|     +- options cached
|     +- run exe zig-wayland-scanner (wayland.zig) cached
|        +- compile exe zig-wayland-scanner Debug native cached 9ms MaxRSS:55M
+- install pearl-settings cached
|  +- compile exe pearl-settings ReleaseSafe native cached 14ms MaxRSS:58M
|     +- run exe zig-wayland-scanner (wayland.zig) (+1 more reused dependencies)
|     +- run glib-compile-resources (pearl.gresource) (reused)
|     +- options cached
+- install packaging/applications/org.aqueous.Pearl.Settings.desktop to share/applications/org.aqueous.Pearl.Settings.desktop cached
+- install packaging/icons/hicolor/scalable/apps/org.aqueous.Pearl.Settings.svg to share/icons/hicolor/scalable/apps/org.aqueous.Pearl.Settings.svg cached
+- install packaging/metainfo/org.aqueous.Pearl.Settings.metainfo.xml to share/metainfo/org.aqueous.Pearl.Settings.metainfo.xml cached
+- install pearl-lock cached
|  +- compile exe pearl-lock ReleaseSafe native cached 12ms MaxRSS:55M
|     +- translate-c (reused)
|     +- run glib-compile-resources (pearl.gresource) (reused)
|     +- options cached
|     +- translate-c cached 12ms MaxRSS:53M
+- install pearl-t00 cached
|  +- compile exe pearl-t00 ReleaseSafe native cached 13ms MaxRSS:59M
|     +- run pkg-config (reused)
|     +- translate-c (reused)
+- install pearlctl cached
   +- compile exe pearlctl ReleaseSafe native cached 15ms MaxRSS:58M

