{
  "status": "passed",
  "production": false,
  "checks": {
    "keep-waits-for-presentation-and-revert-waits-for-hardware": true,
    "inactive-session-blocks-keep-and-resumes-rollback": true,
    "restart-reconciles-durable-preview-token": true
  },
  "pearl_sha256": "48d1657f2b29202a8ab38373f14935c577e6219fbaf58022b85509e6891b93b1",
  "compositor_sha256": "0d569a2f27832961b60921f685e87a2f2b06da5c208529fde91b6598c5bde49d"
}
{
  "status": "passed",
  "checks": {
    "matching-toolchain-negotiation": true,
    "typed-cli-action-and-stale-target-rejection": true,
    "structured-runtime-save-and-review": true,
    "durable-pending-record-resolved": true,
    "comments-only-candidate-persists-through-structured-apply": true,
    "native-preview-revert-no-persistence": true,
    "native-keep-durable-receipt": true,
    "incomplete-impact-blocks-raw-save": true,
    "hardware-only-color-change-gated": true,
    "capability-version-digest-and-additive-effect-gates": true,
    "lost-apply-reply-queries-receipt-without-second-write": true,
    "restart-reconciles-pending-operation": true,
    "nonzero-structured-save-preserves-independent-reload-failure": true,
    "missing-snapshot-retains-draft-and-recovered-effects-remain-unknown": true,
    "durable-early-rejection-resolves-pending-and-allows-explicit-retry": true,
    "protected-collections-save-and-roundtrip": true,
    "invalid-snap-geometry-rejected": true,
    "structured-display-profile-member-inheritance-move-delete-and-mixed-save": true,
    "display-mutations-require-fresh-negotiated-capability": true,
    "changed-reviewed-digest-requires-explicit-second-apply": true,
    "collection-rebase-only-for-untouched-source": true,
    "owner-crash-rolls-back-without-persistence": true
  },
  "pearl_sha256": "48d1657f2b29202a8ab38373f14935c577e6219fbaf58022b85509e6891b93b1",
  "baseline": {
    "revision": "b3d486920c42e24d45bed0a79e68915fe11c4815",
    "status": "passed",
    "commands": {
      "compositor": [
        "zig",
        "build",
        "--prefix",
        "/home/zoey/Pearl/.cache/aqueous-082",
        "-Dvulkan-effects=true",
        "-Dman-pages=false",
        "-Doptimize=ReleaseSafe",
        "-Dllvm"
      ],
      "settingsApplication": [
        "zig",
        "build",
        "config",
        "--prefix",
        "/home/zoey/Pearl/.cache/aqueous-082",
        "-Doptimize=ReleaseSafe"
      ]
    },
    "patched_wlroots_pkgconfig": "/home/zoey/Pearl/.cache/aqueous-082/source/compositor/.deps/wlroots-render-hook/lib/pkgconfig",
    "binary_sha256": {
      "aqueous": "2fdb523934e9d4f8683ef69294482414a8a4b0119f24407a82cdc751c46253e2",
      "aqueousctl": "b03e8518d1772ca883dc4d074d7b439e49c15b224a344fcc73ab682092339bb6",
      "aqueous-config": "db2ba3218e46541ab8a9a00af6e7c9f7d4b8d6a920e0e30deccba825c3ef9158"
    },
    "wlroots_patch_sha256": {
      "0001-aqueous-vulkan-render-hook.patch": "054e6e1b2f3195acc28a647f227561e4e4489b36d62dd409fee305cdc0224de4",
      "0002-fix-hdr-min-luminance.patch": "2685553aa70594f503b2a102ff617deee14d12ff4a22e613ea37a598e11313c3",
      "0003-color-management-v1-srgb-compat.patch": "01c6ae35467e54b2994c1631ee9dca67120d25b4d73addc333b868f0116d3985",
      "0004-scene-sdr-white-level.patch": "425916da9881bc44704467ff0077dd5d54dbd5ffcf5c89ef2136ffc345dc8799",
      "0005-drm-expose-edid-hdr-static-metadata.patch": "f7a3e8cb132cb8e92542d006ba30558a66d73b6ad00520c361bab30abab7f512",
      "0006-color-management-v1-windows-hdr.patch": "7ff1b16dad2f5ed5a20bf65538cef2cc92c384395d92d8f15cd814cbf17a6e05",
      "0007-scene-precise-position.patch": "847fd2495759988943810bd04a8c878ac929e5c4ad60ee0f890bf098278739d1",
      "0008-xwayland-native-scaling.patch": "114952393122278ad19c3eb55f0c48969dfed4446404b7b421cc8113f3932e23",
      "0009-surface-preferred-scale-override.patch": "2eace9b5f91733c3956452bc890ce4bf610dee2871c2a9920cd35100b4761e73",
      "0010-output-layer-sync-and-test.patch": "333220807852a5bb180c22bcc551ebf1f68dd0d212e7a758d136df760e604101",
      "0011-scene-output-layer-promotion.patch": "210a027951637230c7c90fd196f5b376012fda985e1b50586e556ba71193b34a",
      "0012-syncobj-release-on-buffer-detach.patch": "388a65ad593254962f79c4e1f186f8c14eb47c34dc69304fffab1142cc73c22f",
      "0013-fifo-v1.patch": "e8f598d228ea84a9778653b6df8bfefa8a74e01612baa1dc7865b88b5f6ce47e",
      "0014-screencopy-10bit-sdr-shm.patch": "b7e250ec8ccf676aed25e82e2fc5ceb16bcfeaae4b1310530b34f4ea47fd8bd8",
      "0015-ext-capture-formats-and-color.patch": "d75c243c0c237ccd9d19d4e35af5251e564af0e959293480b1cbd87e6dd40c0a",
      "0016-toplevel-icon-lifetime.patch": "95b55249e78a2be603b4c955c30c9cfc54e6890d7ebfefccd5578088ed2f6832",
      "0017-xdg-toplevel-drag-v1.patch": "d23361f4bdcee892c378ce14685e285810027995531026174f89dcf5492bfd97",
      "0018-pointer-constraint-initial-region.patch": "fa548441eb1e4c4daf5f3f605e8358a7425df29d0fc4c8d7bebf2b28753aa8d9",
      "0019-overlay-backend-recovery.patch": "b7b16ab8c56aeebe4fb67014125e9677fa1c3109e41ab3de06002e87a16ed1de",
      "0020-vulkan-sync-failure-handling.patch": "3b30c3c0b8e7ca10a0b2afb89620f53f72c6de9d949939f97fe0196a07e3b532",
      "0021-drm-lease-lifetime.patch": "073e4485a07a27a3e6f9b523e3b39e9752a2879fc4b41aed5ca8c007fd886e27",
      "0022-pointer-enter-serial-validation.patch": "b98199e30c129427f116adc19e6fa0c05a4c6d9fead3cc8b3fbf730b5e29becd",
      "0023-commit-timing-v1.patch": "71edb8370f10b0711b1272f8a01a3aa5e53e9fbc85b1a9d6312040f4534389a7"
    },
    "helper": {
      "ok": true,
      "protocol": 1,
      "version": "0.8.2",
      "capabilities": [
        "schema_fields",
        "validate",
        "generation_check",
        "stdin_requests",
        "atomic_file_replace",
        "monitor_modes",
        "monitor_mirroring",
        "live_outputs",
        "keybinds",
        "window_rules",
        "cursor_sync",
        "typography_sync",
        "shell_dms",
        "shell_none",
        "monitor_scale",
        "display_configuration_v1",
        "candidate_review_v1",
        "helper_writer_lock_v1",
        "apply_result_v1",
        "collection_identity_v1",
        "display_model_v2",
        "recoverable_commit_v1",
        "operation_receipts_v1",
        "candidate_impact_v1",
        "display_observation_v1",
        "display_preview_commit_v1",
        "collection_schema_v1",
        "collection_preconditions_v1",
        "protected_collection_apply_v1",
        "collection_preconditions_v2",
        "display_declaration_mutations_v1"
      ]
    },
    "wlroots_sha256": "bfcc691acfea1ebdb7374e20196b399feb4d0373ee1ed56e2d02309d46221b45"
  }
}
{
  "status": "passed",
  "checks": {
    "theme-dark": true,
    "theme-light": true,
    "theme-gtk-compact": true,
    "theme-large-text": true,
    "native-accessibility-names-and-roles": true,
    "settings-allocation-fits-default-and-large-text": true,
    "keyboard-rule-entry-and-shared-advanced-draft": true,
    "keyboard-display-declaration-staging": true,
    "custom-shortcut-recorder-cancellation": true,
    "mixed-scale-display-page": true
  },
  "baseline": {
    "revision": "b3d486920c42e24d45bed0a79e68915fe11c4815",
    "status": "passed",
    "commands": {
      "compositor": [
        "zig",
        "build",
        "--prefix",
        "/home/zoey/Pearl/.cache/aqueous-082",
        "-Dvulkan-effects=true",
        "-Dman-pages=false",
        "-Doptimize=ReleaseSafe",
        "-Dllvm"
      ],
      "settingsApplication": [
        "zig",
        "build",
        "config",
        "--prefix",
        "/home/zoey/Pearl/.cache/aqueous-082",
        "-Doptimize=ReleaseSafe"
      ]
    },
    "patched_wlroots_pkgconfig": "/home/zoey/Pearl/.cache/aqueous-082/source/compositor/.deps/wlroots-render-hook/lib/pkgconfig",
    "binary_sha256": {
      "aqueous": "2fdb523934e9d4f8683ef69294482414a8a4b0119f24407a82cdc751c46253e2",
      "aqueousctl": "b03e8518d1772ca883dc4d074d7b439e49c15b224a344fcc73ab682092339bb6",
      "aqueous-config": "db2ba3218e46541ab8a9a00af6e7c9f7d4b8d6a920e0e30deccba825c3ef9158"
    },
    "wlroots_patch_sha256": {
      "0001-aqueous-vulkan-render-hook.patch": "054e6e1b2f3195acc28a647f227561e4e4489b36d62dd409fee305cdc0224de4",
      "0002-fix-hdr-min-luminance.patch": "2685553aa70594f503b2a102ff617deee14d12ff4a22e613ea37a598e11313c3",
      "0003-color-management-v1-srgb-compat.patch": "01c6ae35467e54b2994c1631ee9dca67120d25b4d73addc333b868f0116d3985",
      "0004-scene-sdr-white-level.patch": "425916da9881bc44704467ff0077dd5d54dbd5ffcf5c89ef2136ffc345dc8799",
      "0005-drm-expose-edid-hdr-static-metadata.patch": "f7a3e8cb132cb8e92542d006ba30558a66d73b6ad00520c361bab30abab7f512",
      "0006-color-management-v1-windows-hdr.patch": "7ff1b16dad2f5ed5a20bf65538cef2cc92c384395d92d8f15cd814cbf17a6e05",
      "0007-scene-precise-position.patch": "847fd2495759988943810bd04a8c878ac929e5c4ad60ee0f890bf098278739d1",
      "0008-xwayland-native-scaling.patch": "114952393122278ad19c3eb55f0c48969dfed4446404b7b421cc8113f3932e23",
      "0009-surface-preferred-scale-override.patch": "2eace9b5f91733c3956452bc890ce4bf610dee2871c2a9920cd35100b4761e73",
      "0010-output-layer-sync-and-test.patch": "333220807852a5bb180c22bcc551ebf1f68dd0d212e7a758d136df760e604101",
      "0011-scene-output-layer-promotion.patch": "210a027951637230c7c90fd196f5b376012fda985e1b50586e556ba71193b34a",
      "0012-syncobj-release-on-buffer-detach.patch": "388a65ad593254962f79c4e1f186f8c14eb47c34dc69304fffab1142cc73c22f",
      "0013-fifo-v1.patch": "e8f598d228ea84a9778653b6df8bfefa8a74e01612baa1dc7865b88b5f6ce47e",
      "0014-screencopy-10bit-sdr-shm.patch": "b7e250ec8ccf676aed25e82e2fc5ceb16bcfeaae4b1310530b34f4ea47fd8bd8",
      "0015-ext-capture-formats-and-color.patch": "d75c243c0c237ccd9d19d4e35af5251e564af0e959293480b1cbd87e6dd40c0a",
      "0016-toplevel-icon-lifetime.patch": "95b55249e78a2be603b4c955c30c9cfc54e6890d7ebfefccd5578088ed2f6832",
      "0017-xdg-toplevel-drag-v1.patch": "d23361f4bdcee892c378ce14685e285810027995531026174f89dcf5492bfd97",
      "0018-pointer-constraint-initial-region.patch": "fa548441eb1e4c4daf5f3f605e8358a7425df29d0fc4c8d7bebf2b28753aa8d9",
      "0019-overlay-backend-recovery.patch": "b7b16ab8c56aeebe4fb67014125e9677fa1c3109e41ab3de06002e87a16ed1de",
      "0020-vulkan-sync-failure-handling.patch": "3b30c3c0b8e7ca10a0b2afb89620f53f72c6de9d949939f97fe0196a07e3b532",
      "0021-drm-lease-lifetime.patch": "073e4485a07a27a3e6f9b523e3b39e9752a2879fc4b41aed5ca8c007fd886e27",
      "0022-pointer-enter-serial-validation.patch": "b98199e30c129427f116adc19e6fa0c05a4c6d9fead3cc8b3fbf730b5e29becd",
      "0023-commit-timing-v1.patch": "71edb8370f10b0711b1272f8a01a3aa5e53e9fbc85b1a9d6312040f4534389a7"
    },
    "helper": {
      "ok": true,
      "protocol": 1,
      "version": "0.8.2",
      "capabilities": [
        "schema_fields",
        "validate",
        "generation_check",
        "stdin_requests",
        "atomic_file_replace",
        "monitor_modes",
        "monitor_mirroring",
        "live_outputs",
        "keybinds",
        "window_rules",
        "cursor_sync",
        "typography_sync",
        "shell_dms",
        "shell_none",
        "monitor_scale",
        "display_configuration_v1",
        "candidate_review_v1",
        "helper_writer_lock_v1",
        "apply_result_v1",
        "collection_identity_v1",
        "display_model_v2",
        "recoverable_commit_v1",
        "operation_receipts_v1",
        "candidate_impact_v1",
        "display_observation_v1",
        "display_preview_commit_v1",
        "collection_schema_v1",
        "collection_preconditions_v1",
        "protected_collection_apply_v1",
        "collection_preconditions_v2",
        "display_declaration_mutations_v1"
      ]
    },
    "wlroots_sha256": "bfcc691acfea1ebdb7374e20196b399feb4d0373ee1ed56e2d02309d46221b45"
  },
  "pearl_sha256": "48d1657f2b29202a8ab38373f14935c577e6219fbaf58022b85509e6891b93b1",
  "manual_acceptance": false,
  "quick": false,
  "keyboard_fixture_sha256": "59ebd17d0b93c2315a0274ba89c8aab3d7a61edde08f14e8e74d7d0387fe16cb",
  "accessibility_limitations": [
    "Private AT-SPI names/roles and direct focus outcome recorded. Keyboard focus is measured independently using the test-only synchronous focus query; Orca acceptance remains pending."
  ],
  "atspi_direct_focus": {
    "exit_code": 1,
    "attempts": [
      {
        "role": "check box",
        "focusable": true,
        "sensitive": true
      },
      {
        "error": "atspi_error:  (1)"
      }
    ]
  }
}
