info: event=blur-capability available=false
info(pearl): event=aqueous-availability state=connecting
info(pearl): event=ready mode=session
info(pearl): event=aqueous-availability state=subscribing
info(pearl): event=aqueous-availability state=ready
info: event=output-mapped id=1 connector=HEADLESS-2 scale=1
info: event=output-mapped id=2 connector=HEADLESS-1 scale=1
info(pearl): event=settings-backend-ready session=5330814e244960695e6decb5213832b0
info(pearl): event=control-ready session=5330814e244960695e6decb5213832b0
info: event=app-index-ready entries=160 truncated=false
info: event=preferences-applied revision=0 mode=static cache=false
info: event=wallpaper-applications-applied generation=2 elapsed_us=2175 success=true
info: event=preferences-applied revision=1 mode=static cache=false
info: event=wallpaper-applications-applied generation=3 elapsed_us=1539 success=true
info: event=preferences-applied revision=2 mode=static cache=false
info: event=wallpaper-applications-applied generation=5 elapsed_us=2248 success=true
info: event=preferences-applied revision=3 mode=static cache=false
info: event=wallpaper-applications-applied generation=7 elapsed_us=1586 success=true
info: event=preferences-applied revision=4 mode=static cache=false
info: event=wallpaper-applications-applied generation=9 elapsed_us=2243 success=true
info: event=preferences-applied revision=5 mode=static cache=false
info: event=wallpaper-applications-applied generation=11 elapsed_us=1519 success=true
info: event=preferences-applied revision=6 mode=static cache=false
info: event=wallpaper-applications-applied generation=13 elapsed_us=2327 success=true
info: event=preferences-applied revision=7 mode=static cache=false
info: event=wallpaper-applications-applied generation=15 elapsed_us=3176 success=true
info: event=preferences-applied revision=8 mode=static cache=false
info: event=wallpaper-applications-applied generation=17 elapsed_us=2141 success=true
info: event=preferences-applied revision=9 mode=static cache=false
info: event=wallpaper-applications-applied generation=19 elapsed_us=2781 success=true
info: event=preferences-applied revision=10 mode=static cache=false
info: event=wallpaper-applications-applied generation=21 elapsed_us=1507 success=true
info: event=preferences-applied revision=11 mode=static cache=false
info: event=wallpaper-applications-applied generation=23 elapsed_us=2248 success=true
info: event=preferences-applied revision=12 mode=static cache=false
info: event=wallpaper-applications-applied generation=25 elapsed_us=1599 success=true
info: event=preferences-applied revision=13 mode=gtk cache=false
info: event=wallpaper-applications-applied generation=27 elapsed_us=679 success=true
info: event=preferences-applied revision=14 mode=gtk cache=false
info: event=wallpaper-applications-applied generation=29 elapsed_us=735 success=true
info: event=preferences-applied revision=15 mode=gtk cache=false
info: event=wallpaper-applications-applied generation=31 elapsed_us=1210 success=true
info: event=preferences-applied revision=16 mode=gtk cache=false
info: event=wallpaper-applications-applied generation=33 elapsed_us=1210 success=true
info: event=preferences-applied revision=17 mode=gtk cache=false
info: event=wallpaper-applications-applied generation=35 elapsed_us=1259 success=true
info: event=preferences-applied revision=18 mode=gtk cache=false
info: event=wallpaper-applications-applied generation=37 elapsed_us=1280 success=true
info: event=preferences-applied revision=19 mode=package cache=false
info: event=wallpaper-applications-applied generation=39 elapsed_us=3481 success=true
info: event=preferences-applied revision=20 mode=package cache=false
info: event=wallpaper-applications-applied generation=41 elapsed_us=2427 success=true
info: event=preferences-applied revision=21 mode=package cache=false
info: event=wallpaper-applications-applied generation=43 elapsed_us=2493 success=true
info: event=preferences-applied revision=22 mode=package cache=false
info: event=wallpaper-applications-applied generation=45 elapsed_us=1803 success=true
info: event=preferences-applied revision=23 mode=package cache=false
info: event=wallpaper-applications-applied generation=47 elapsed_us=1869 success=true
info: event=preferences-applied revision=24 mode=package cache=false
info: event=wallpaper-applications-applied generation=49 elapsed_us=2501 success=true
info: event=preferences-applied revision=25 mode=static cache=false
info: event=wallpaper-applications-applied generation=51 elapsed_us=7675 success=true
info: event=preferences-applied revision=26 mode=static cache=false
info: event=wallpaper-applications-applied generation=53 elapsed_us=1695 success=true
info: event=preferences-applied revision=27 mode=static cache=false
info: event=wallpaper-applications-applied generation=55 elapsed_us=1670 success=true
info: event=preferences-applied revision=28 mode=static cache=false
info: event=wallpaper-applications-applied generation=57 elapsed_us=2183 success=true
info: event=preferences-applied revision=29 mode=static cache=false
info: event=wallpaper-applications-applied generation=59 elapsed_us=1704 success=true
info: event=preferences-applied revision=30 mode=static cache=false
info: event=wallpaper-applications-applied generation=61 elapsed_us=2439 success=true
info: event=preferences-applied revision=31 mode=static cache=false
info: event=wallpaper-applications-applied generation=63 elapsed_us=2291 success=true
info: event=preferences-applied revision=32 mode=static cache=false
info: event=wallpaper-applications-applied generation=65 elapsed_us=1595 success=true
info: event=preferences-applied revision=33 mode=static cache=false
info: event=wallpaper-applications-applied generation=67 elapsed_us=1531 success=true
info: event=preferences-applied revision=34 mode=static cache=false
info: event=wallpaper-applications-applied generation=69 elapsed_us=1639 success=true
info: event=preferences-applied revision=35 mode=static cache=false
info: event=wallpaper-applications-applied generation=71 elapsed_us=1789 success=true
info: event=preferences-applied revision=36 mode=static cache=false
info: event=wallpaper-applications-applied generation=73 elapsed_us=2336 success=true
info: event=preferences-applied revision=37 mode=static cache=false
info: event=wallpaper-applications-applied generation=75 elapsed_us=2157 success=true
info: event=preferences-applied revision=38 mode=static cache=false
info: event=wallpaper-applications-applied generation=77 elapsed_us=1561 success=true
info: event=preferences-applied revision=39 mode=static cache=false
info: event=wallpaper-applications-applied generation=79 elapsed_us=1579 success=true
info: event=preferences-applied revision=40 mode=static cache=false
info: event=wallpaper-applications-applied generation=81 elapsed_us=2492 success=true
info: event=preferences-applied revision=41 mode=static cache=false
info: event=wallpaper-applications-applied generation=83 elapsed_us=1606 success=true
info: event=preferences-applied revision=42 mode=gtk cache=false
info: event=wallpaper-applications-applied generation=85 elapsed_us=6716 success=true
info: event=preferences-applied revision=43 mode=gtk cache=false
info: event=wallpaper-applications-applied generation=87 elapsed_us=6678 success=true
info: event=preferences-applied revision=44 mode=gtk cache=false
info: event=wallpaper-applications-applied generation=89 elapsed_us=7574 success=true
info: event=preferences-applied revision=45 mode=gtk cache=false
info: event=wallpaper-applications-applied generation=91 elapsed_us=7417 success=true
info: event=preferences-applied revision=46 mode=static cache=false
info: event=wallpaper-applications-applied generation=93 elapsed_us=9255 success=true
info: event=preferences-applied revision=47 mode=static cache=false
info: event=wallpaper-applications-applied generation=95 elapsed_us=1722 success=true
info: event=preferences-applied revision=48 mode=static cache=false
info: event=wallpaper-applications-applied generation=97 elapsed_us=2460 success=true
info: event=preferences-applied revision=49 mode=static cache=false
info: event=wallpaper-applications-applied generation=99 elapsed_us=1580 success=true
info: event=preferences-applied revision=50 mode=gtk cache=false
info: event=wallpaper-applications-applied generation=101 elapsed_us=6239 success=true
info: event=preferences-applied revision=51 mode=gtk cache=false
info: event=wallpaper-applications-applied generation=103 elapsed_us=6488 success=true
info: event=preferences-applied revision=52 mode=gtk cache=false
info: event=wallpaper-applications-applied generation=105 elapsed_us=6759 success=true
info: event=preferences-applied revision=53 mode=gtk cache=false
info: event=wallpaper-applications-applied generation=107 elapsed_us=6493 success=true
info: event=preferences-applied revision=54 mode=static cache=false
info: event=wallpaper-applications-applied generation=109 elapsed_us=1941 success=true
info: event=preferences-applied revision=55 mode=static cache=false
info: event=wallpaper-applications-applied generation=111 elapsed_us=1718 success=true
info: event=preferences-applied revision=56 mode=static cache=false
info: event=wallpaper-applications-applied generation=113 elapsed_us=1719 success=true
info: event=preferences-applied revision=57 mode=static cache=false
info: event=wallpaper-applications-applied generation=115 elapsed_us=1605 success=true
info: event=preferences-applied revision=58 mode=static cache=false
info: event=wallpaper-applications-applied generation=117 elapsed_us=1696 success=true
info: event=preferences-applied revision=59 mode=static cache=false
info: event=wallpaper-applications-applied generation=119 elapsed_us=1560 success=true
info: event=preferences-applied revision=60 mode=static cache=false
info: event=wallpaper-applications-applied generation=121 elapsed_us=1589 success=true
info: event=preferences-applied revision=61 mode=static cache=false
info: event=wallpaper-applications-applied generation=123 elapsed_us=1591 success=true
info: event=preferences-applied revision=62 mode=static cache=false
info: event=wallpaper-applications-applied generation=125 elapsed_us=1657 success=true
info: event=preferences-applied revision=63 mode=static cache=false
info: event=wallpaper-applications-applied generation=127 elapsed_us=1682 success=true
info: event=preferences-applied revision=64 mode=static cache=false
info: event=wallpaper-applications-applied generation=129 elapsed_us=1685 success=true
info: event=preferences-applied revision=65 mode=static cache=false
info: event=wallpaper-applications-applied generation=131 elapsed_us=1676 success=true
info: event=preferences-applied revision=66 mode=static cache=false
info: event=wallpaper-applications-applied generation=133 elapsed_us=1690 success=true
info: event=preferences-applied revision=67 mode=static cache=false
info: event=wallpaper-applications-applied generation=135 elapsed_us=1961 success=true
info: event=preferences-applied revision=68 mode=static cache=false
info: event=wallpaper-applications-applied generation=137 elapsed_us=1620 success=true
info: event=preferences-applied revision=69 mode=static cache=false
info: event=wallpaper-applications-applied generation=139 elapsed_us=1607 success=true
info: event=preferences-applied revision=70 mode=static cache=false
info: event=wallpaper-applications-applied generation=141 elapsed_us=1716 success=true
info: event=preferences-applied revision=71 mode=static cache=false
info: event=wallpaper-applications-applied generation=143 elapsed_us=1741 success=true
info: event=preferences-applied revision=72 mode=static cache=false
info: event=wallpaper-applications-applied generation=145 elapsed_us=1874 success=true
info: event=preferences-applied revision=73 mode=static cache=false
info: event=wallpaper-applications-applied generation=147 elapsed_us=7381 success=true
info: event=popup-opened output=1
info: event=settings-focus target=body
info: event=settings-focus target=heading
info: event=popup-closed
info: event=popup-opened output=1
info: event=settings-focus target=body
info: event=settings-focus target=heading
info: event=popup-closed
info: event=preferences-applied revision=74 mode=static cache=false
info: event=wallpaper-applications-applied generation=149 elapsed_us=1799 success=true
info(pearl): event=stopping reason=control-quit pending=false
info(pearl): event=aqueous-availability state=stopped
info(pearl): event=cleanup pending=false watched_objects=0
info(pearl): event=stopped
