info: event=settings-launch activation_context=false
info: event=settings-instance-ready session=79b9ab487e59250989cadccbac8ff9c3
info: event=settings-page page=overview
info: event=settings-page page=sound
info: event=settings-window-created app_id=org.aqueous.Pearl.Settings
info: event=settings-page page=sound
info: event=settings-activation activation_context=false
info: event=settings-page page=sound
info: event=settings-activation activation_context=false
info: event=settings-page page=power
info: event=settings-activation activation_context=false
info: event=settings-page page=notifications
info: event=settings-activation activation_context=false
info: event=settings-page page=overview
info: event=settings-activation activation_context=false
info: event=settings-page page=sound
info: event=settings-activation activation_context=false
info: event=settings-page page=power
info: event=settings-activation activation_context=false
info: event=settings-page page=notifications
info: event=settings-activation activation_context=false
info: event=settings-page page=sound
info: event=settings-activation activation_context=false
info: event=settings-page page=power
info: event=settings-activation activation_context=false
info: event=settings-page page=notifications
info: event=settings-activation activation_context=false
info: event=settings-page page=sound
info: event=settings-activation activation_context=false
info: event=settings-page page=power
info: event=settings-activation activation_context=false
info: event=settings-page page=notifications
info: event=settings-activation activation_context=false
info: event=settings-page page=sound
info: event=settings-activation activation_context=false
info: event=settings-page page=power
info: event=settings-activation activation_context=false
info: event=settings-page page=notifications
info: event=settings-activation activation_context=false
info: event=settings-page page=overview
info: event=settings-activation activation_context=false
info: event=settings-page page=power
