Build Summary: 17/17 steps succeeded
install success
+- install pearl success
|  +- compile exe pearl ReleaseSafe native success 17s MaxRSS:370M
|     +- run pkg-config success 1ms
|     +- translate-c success 30ms MaxRSS:54M
|     +- run glib-compile-resources (pearl.gresource) success 1ms
|     +- options cached
|     +- run exe zig-wayland-scanner (wayland.zig) success 118ms
|        +- compile exe zig-wayland-scanner Debug native success 475ms MaxRSS:207M
+- install pearl-lock success
|  +- compile exe pearl-lock ReleaseSafe native success 5s MaxRSS:240M
|     +- translate-c (reused)
|     +- run glib-compile-resources (pearl.gresource) (reused)
|     +- options success
|     +- translate-c success 27ms MaxRSS:54M
+- install pearl-t00 success
|  +- compile exe pearl-t00 ReleaseSafe native success 7s MaxRSS:346M
|     +- run pkg-config (reused)
|     +- translate-c (reused)
+- install pearlctl success
   +- compile exe pearlctl ReleaseSafe native success 6s MaxRSS:244M

