ts=2026-10-06T16:50:12Z pid=744348 info(greeter): event=greeter-active-output connector=HEADLESS-2
ts=2026-10-06T16:50:12Z pid=744348 info(greeter): event=greeter-outputs interactive=1
ts=2026-10-06T16:50:12Z pid=744348 info(greeter): event=greeter-account count=2 selected=0 manual=false
ts=2026-10-06T16:50:12Z pid=744348 info(greeter): event=greeter-ready sessions=2
ts=2026-10-06T16:50:13Z pid=744348 info(greeter): event=greeter-account count=2 selected=2 manual=true
ts=2026-10-06T16:50:14Z pid=744348 info(greeter): event=greeter-state state=connecting
ts=2026-10-06T16:50:14Z pid=744348 info(greeter): event=greeter-state state=authenticating
ts=2026-10-06T16:50:14Z pid=744348 info(greeter): event=greeter-state state=prompt
ts=2026-10-06T16:50:14Z pid=744348 info(greeter): event=greeter-state state=authenticating
ts=2026-10-06T16:50:14Z pid=744348 info(greeter): event=greeter-state state=prompt
ts=2026-10-06T16:50:14Z pid=744348 info(greeter): event=greeter-state state=authenticating
ts=2026-10-06T16:50:14Z pid=744348 info(greeter): event=greeter-state state=prompt
ts=2026-10-06T16:50:14Z pid=744348 info(greeter): event=greeter-state state=authenticating
ts=2026-10-06T16:50:14Z pid=744348 info(greeter): event=greeter-state state=prompt
ts=2026-10-06T16:50:15Z pid=744348 info(greeter): event=greeter-state state=authenticating
ts=2026-10-06T16:50:15Z pid=744348 info(greeter): event=greeter-state state=prompt
ts=2026-10-06T16:50:15Z pid=744348 info(greeter): event=greeter-state state=authenticating
ts=2026-10-06T16:50:15Z pid=744348 info(greeter): event=greeter-state state=authenticated
ts=2026-10-06T16:50:15Z pid=744348 info(greeter): event=greeter-state state=starting
ts=2026-10-06T16:50:15Z pid=744348 info(greeter): event=greeter-state state=handoff
