ts=2026-10-06T16:50:00Z pid=741607 info(greeter): event=greeter-active-output connector=HEADLESS-2
ts=2026-10-06T16:50:00Z pid=741607 info(greeter): event=greeter-outputs interactive=1
ts=2026-10-06T16:50:00Z pid=741607 info(greeter): event=greeter-account count=0 selected=0 manual=true
ts=2026-10-06T16:50:00Z pid=741607 info(greeter): event=greeter-ready sessions=2
ts=2026-10-06T16:50:00Z pid=741607 info(greeter): event=greeter-contrast enabled=true
ts=2026-10-06T16:50:00Z pid=741607 info(greeter): event=greeter-reduced-motion enabled=false
ts=2026-10-06T16:50:01Z pid=741607 info(greeter): event=greeter-reduced-motion enabled=true
ts=2026-10-06T16:50:03Z pid=741607 info(greeter): event=greeter-state state=connecting
ts=2026-10-06T16:50:03Z pid=741607 info(greeter): event=greeter-state state=authenticating
ts=2026-10-06T16:50:03Z pid=741607 info(greeter): event=greeter-state state=prompt
ts=2026-10-06T16:50:03Z pid=741607 info(greeter): event=greeter-state state=authenticating
ts=2026-10-06T16:50:03Z pid=741607 info(greeter): event=greeter-state state=prompt
ts=2026-10-06T16:50:03Z pid=741607 info(greeter): event=greeter-state state=authenticating
ts=2026-10-06T16:50:03Z pid=741607 info(greeter): event=greeter-state state=prompt
ts=2026-10-06T16:50:03Z pid=741607 info(greeter): event=greeter-state state=authenticating
ts=2026-10-06T16:50:04Z pid=741607 info(greeter): event=greeter-state state=prompt
ts=2026-10-06T16:50:04Z pid=741607 info(greeter): event=greeter-state state=authenticating
ts=2026-10-06T16:50:04Z pid=741607 info(greeter): event=greeter-state state=prompt
ts=2026-10-06T16:50:04Z pid=741607 info(greeter): event=greeter-state state=authenticating
ts=2026-10-06T16:50:04Z pid=741607 info(greeter): event=greeter-state state=authenticated
ts=2026-10-06T16:50:04Z pid=741607 info(greeter): event=greeter-state state=starting
ts=2026-10-06T16:50:04Z pid=741607 info(greeter): event=greeter-state state=handoff
