PASS empty-workspace-no-op
PASS forward-visits-every-window-wraps-immediate-focus-and-nonkeyboard-hud
PASS reverse-wrap-and-native-capture
PASS forward-reverse-animation-frame-sequences-and-live-client-textures
PASS idle-dismissal-preserves-ring-order
PASS escape-retains-selected-focus
PASS native-bar-button-activates-without-keyboard-grab
PASS native-hud-cycle-button-retains-input-through-release
PASS native-next-and-previous-keybindings-share-the-ring
PASS rapid-six-press-burst-retains-logical-steps
PASS typing-dismisses-presentation
PASS client-geometry-and-layout-unchanged
PASS fullscreen-membership-and-client-mode-preserved
PASS external-focus-and-workspace-change-dismiss-presentation
PASS new-windows-append-and-all-four-identities-remain-reachable
PASS tiled-layout-keeps-client-geometry-through-full-cycle
PASS reduced-motion-and-vertical-bar
PASS overview-coexists-with-switcher-after-reduced-motion
PASS request-connection-loss-releases-compositor-presentation
PASS selected-window-close-cleans-up-and-resumes
PASS one-window-no-op-and-other-display-exclusion
PASS minimized-windows-excluded
PASS session-lock-clears-scene-hud-and-input
PASS powered-off-output-releases-native-stack-and-hud
