PASS launcher-choice-removal-apply-discard-and-retained-pins
PASS opening-is-read-only-and-unavailable-plugin-is-retained
PASS multiple-clocks-persist-across-shell-and-settings-restart
PASS multiple-clocks-add-edit-cancel-invalid-zone-move-retain-delete-discard-apply-stale-editor
PASS bar-autohide-draft-discard-apply-override-and-reopen
PASS bar-opacity-slider-number-draft-discard-save-and-reopen
PASS launcher-icons-preview-discard-apply-file-cancel-retry-reset-and-stale-edit
PASS workspace-mode-radio-selection-preview-and-discard
PASS workspace-keyboard-apply-reopen-and-stale-mode-rejection
PASS plugin-catalog-placement-and-refresh-revalidate-approval
PASS native-picker-search-add-and-duplicate-prevention
PASS launcher-protection-and-atomic-move-reorder
PASS remove-and-navigation-preserve-unrelated-shared-draft
PASS running-apps-picker-move-reorder-remove-and-discard
PASS discard-apply-and-reopen-persist-selections
PASS stale-menu-cannot-overwrite-a-newer-layout
PASS invalid-advanced-draft-is-retained-and-structured-edits-disabled
PASS keyboard-escape-restores-focus-without-editing
PASS all-edge-labels-and-exact-size-roundtrip
PASS narrow-light-dark-and-large-text-menus
{
  "status": "passed",
  "checks": {
    "launcher-choice-removal-apply-discard-and-retained-pins": true,
    "opening-is-read-only-and-unavailable-plugin-is-retained": true,
    "multiple-clocks-persist-across-shell-and-settings-restart": true,
    "multiple-clocks-add-edit-cancel-invalid-zone-move-retain-delete-discard-apply-stale-editor": true,
    "bar-autohide-draft-discard-apply-override-and-reopen": true,
    "bar-opacity-slider-number-draft-discard-save-and-reopen": true,
    "launcher-icons-preview-discard-apply-file-cancel-retry-reset-and-stale-edit": true,
    "workspace-mode-radio-selection-preview-and-discard": true,
    "workspace-keyboard-apply-reopen-and-stale-mode-rejection": true,
    "plugin-catalog-placement-and-refresh-revalidate-approval": true,
    "native-picker-search-add-and-duplicate-prevention": true,
    "launcher-protection-and-atomic-move-reorder": true,
    "remove-and-navigation-preserve-unrelated-shared-draft": true,
    "running-apps-picker-move-reorder-remove-and-discard": true,
    "discard-apply-and-reopen-persist-selections": true,
    "stale-menu-cannot-overwrite-a-newer-layout": true,
    "invalid-advanced-draft-is-retained-and-structured-edits-disabled": true,
    "keyboard-escape-restores-focus-without-editing": true,
    "all-edge-labels-and-exact-size-roundtrip": true,
    "narrow-light-dark-and-large-text-menus": true
  },
  "binaries": {
    "settings": "c4324eb9a710e4209e698a2fc746fb21cdc490ba31c521c95c73190902dfa214",
    "pearl": "ec6931ea60562aa25c6b9299183c42466f9c999b228a548c86162ed4309bf143",
    "ctl": "370d194d027387293576370c1947b2770ea30e73492ea4ae604e8d1ca33484fc"
  }
}
PASS empty-widget-collapses-and-default-layout-roundtrips
PASS global-groups-include-inactive-workspaces-other-output-and-minimized-windows
PASS small-workspace-mode-frees-task-strip-space-without-changing-global-groups
PASS bar-group-click-selects-restores-and-focuses-exact-remote-window
PASS single-window-click-activates-without-chooser
PASS cli-keyboard-entry-arrows-escape-and-bar-focus-policy
PASS open-chooser-refreshes-after-window-close-without-stale-callback
PASS catalog-rescan-reclassifies-group-without-losing-chooser
PASS taskbar-exclusion-does-not-confuse-switcher-exclusion
PASS all-four-bar-edges-and-clamped-chooser
PASS compact-bar-keeps-application-counts-without-growing-the-edge
PASS per-output-placement-preserves-global-window-scope
PASS gtk-theme-large-text-and-mixed-scale
PASS more-than-32-apps-and-64-windows-remain-reachable
PASS powered-off-output-removes-surfaces-and-dismisses-chooser
PASS teardown-with-fatal-gtk-warnings-enabled
{"status": "passed", "cases": 55}
{
  "status": "passed",
  "checks": {
    "wallpaper-picker-selection-cancel-save-and-parent-close": true,
    "wallpaper-picker-sets-cover-from-every-fit-mode": true,
    "defaults-atomic-save-and-live-popup-theme": true,
    "one-theme-updates-bars-popup-wallpaper-and-second-output-osd": true,
    "corrupt-external-config-and-stale-revision": true,
    "wallpapers-exceed-former-dimension-pixel-and-file-size-caps": true,
    "image-validation-fifo-rejection-and-dynamic-palette-cache": true,
    "missing-font-falls-back": true,
    "broken-gtk-css-cannot-replace-working-theme-or-config": true,
    "installed-gtk-theme-and-system-follow-without-material-css": true,
    "bar-reservation-conflict-is-rejected-before-saving": true,
    "per-connector-bar-and-popup-policies": true,
    "gtk-draft-survives-close-external-edit-and-three-way-merge": true,
    "opt-in-exports-ownership-backup-and-disable": true,
    "failed-save-retains-working-file": true,
    "legacy-migration-is-validated-and-only-written-on-apply": true,
    "large-preferences-preserved-with-bounded-control-status": true,
    "no-theme-work-at-idle": true,
    "custom-bar-opacity-persists-through-restart-and-recovery": true,
    "restart-uses-last-good-without-overwriting-corruption": true,
    "generator-failure-malformed-output-bounds-and-deadline": true,
    "rapid-edits-cancel-obsolete-generator-and-coalesce-latest": true,
    "concurrent-disk-edit-blocks-save-before-atomic-replacement": true,
    "shutdown-cancels-worker-and-reaps-generator": true,
    "static-theme-and-last-good-recovery-without-matugen": true
  },
  "pearl_sha256": "ec6931ea60562aa25c6b9299183c42466f9c999b228a548c86162ed4309bf143",
  "ctl_sha256": "370d194d027387293576370c1947b2770ea30e73492ea4ae604e8d1ca33484fc"
}
