ts=2026-10-02T10:49:40Z pid=387620 info(greeter): event=greeter-active-output connector=HEADLESS-1
ts=2026-10-02T10:49:40Z pid=387620 info(greeter): event=greeter-outputs interactive=1
ts=2026-10-02T10:49:40Z pid=387620 info(greeter): event=greeter-ready sessions=2
ts=2026-10-02T10:49:40Z pid=387620 info(greeter): event=greeter-active-output connector=HEADLESS-2
ts=2026-10-02T10:49:40Z pid=387620 info(greeter): event=greeter-outputs interactive=1
ts=2026-10-02T10:49:40Z pid=387620 info(greeter): event=greeter-outputs interactive=1
ts=2026-10-02T10:49:41Z pid=387620 info(greeter): event=greeter-state state=connecting
ts=2026-10-02T10:49:41Z pid=387620 info(greeter): event=greeter-state state=authenticating
ts=2026-10-02T10:49:41Z pid=387620 info(greeter): event=greeter-state state=prompt
ts=2026-10-02T10:49:41Z pid=387620 info(greeter): event=greeter-state state=authenticating
ts=2026-10-02T10:49:41Z pid=387620 info(greeter): event=greeter-state state=prompt
ts=2026-10-02T10:49:41Z pid=387620 info(greeter): event=greeter-state state=authenticating
ts=2026-10-02T10:49:41Z pid=387620 info(greeter): event=greeter-state state=prompt
ts=2026-10-02T10:49:41Z pid=387620 info(greeter): event=greeter-state state=authenticating
ts=2026-10-02T10:49:42Z pid=387620 info(greeter): event=greeter-state state=prompt
ts=2026-10-02T10:49:42Z pid=387620 info(greeter): event=greeter-state state=authenticating
ts=2026-10-02T10:49:42Z pid=387620 info(greeter): event=greeter-state state=prompt
ts=2026-10-02T10:49:42Z pid=387620 info(greeter): event=greeter-state state=authenticating
ts=2026-10-02T10:49:42Z pid=387620 info(greeter): event=greeter-state state=authenticated
ts=2026-10-02T10:49:42Z pid=387620 info(greeter): event=greeter-state state=starting
ts=2026-10-02T10:49:42Z pid=387620 info(greeter): event=greeter-state state=handoff
