ts=2026-10-02T10:49:46Z pid=389136 info(greeter): event=greeter-active-output connector=HEADLESS-2
ts=2026-10-02T10:49:46Z pid=389136 info(greeter): event=greeter-outputs interactive=1
ts=2026-10-02T10:49:46Z pid=389136 info(greeter): event=greeter-ready sessions=2
ts=2026-10-02T10:49:46Z pid=389136 info(greeter): event=greeter-contrast enabled=true
ts=2026-10-02T10:49:47Z pid=389136 info(greeter): event=greeter-reduced-motion enabled=false
ts=2026-10-02T10:49:47Z pid=389136 info(greeter): event=greeter-reduced-motion enabled=true
ts=2026-10-02T10:49:49Z pid=389136 info(greeter): event=greeter-state state=connecting
ts=2026-10-02T10:49:49Z pid=389136 info(greeter): event=greeter-state state=authenticating
ts=2026-10-02T10:49:49Z pid=389136 info(greeter): event=greeter-state state=prompt
ts=2026-10-02T10:49:49Z pid=389136 info(greeter): event=greeter-state state=authenticating
ts=2026-10-02T10:49:49Z pid=389136 info(greeter): event=greeter-state state=prompt
ts=2026-10-02T10:49:49Z pid=389136 info(greeter): event=greeter-state state=authenticating
ts=2026-10-02T10:49:49Z pid=389136 info(greeter): event=greeter-state state=prompt
ts=2026-10-02T10:49:49Z pid=389136 info(greeter): event=greeter-state state=authenticating
ts=2026-10-02T10:49:50Z pid=389136 info(greeter): event=greeter-state state=prompt
ts=2026-10-02T10:49:50Z pid=389136 info(greeter): event=greeter-state state=authenticating
ts=2026-10-02T10:49:50Z pid=389136 info(greeter): event=greeter-state state=prompt
ts=2026-10-02T10:49:50Z pid=389136 info(greeter): event=greeter-state state=authenticating
ts=2026-10-02T10:49:50Z pid=389136 info(greeter): event=greeter-state state=authenticated
ts=2026-10-02T10:49:50Z pid=389136 info(greeter): event=greeter-state state=starting
ts=2026-10-02T10:49:50Z pid=389136 info(greeter): event=greeter-state state=handoff
