ts=2026-10-02T13:40:23Z pid=501132 info(greeter): event=greeter-active-output connector=HEADLESS-2
ts=2026-10-02T13:40:23Z pid=501132 info(greeter): event=greeter-outputs interactive=1
ts=2026-10-02T13:40:23Z pid=501132 info(greeter): event=greeter-account count=2 selected=0 manual=false
ts=2026-10-02T13:40:23Z pid=501132 info(greeter): event=greeter-ready sessions=2
ts=2026-10-02T13:41:30Z pid=501132 info(greeter): event=greeter-state state=connecting
ts=2026-10-02T13:41:30Z pid=501132 info(greeter): event=greeter-state state=authenticating
ts=2026-10-02T13:41:30Z pid=501132 info(greeter): event=greeter-state state=prompt
ts=2026-10-02T13:41:30Z pid=501132 info(greeter): event=greeter-state state=authenticating
ts=2026-10-02T13:41:30Z pid=501132 info(greeter): event=greeter-state state=prompt
ts=2026-10-02T13:41:30Z pid=501132 info(greeter): event=greeter-state state=authenticating
ts=2026-10-02T13:41:30Z pid=501132 info(greeter): event=greeter-state state=prompt
ts=2026-10-02T13:41:30Z pid=501132 info(greeter): event=greeter-state state=authenticating
ts=2026-10-02T13:41:31Z pid=501132 info(greeter): event=greeter-state state=prompt
ts=2026-10-02T13:41:31Z pid=501132 info(greeter): event=greeter-active-output connector=HEADLESS-1
ts=2026-10-02T13:41:31Z pid=501132 info(greeter): event=greeter-outputs interactive=1
ts=2026-10-02T13:41:32Z pid=501132 info(greeter): event=greeter-outputs interactive=1
ts=2026-10-02T13:41:32Z pid=501132 info(greeter): event=greeter-outputs interactive=1
ts=2026-10-02T13:41:32Z pid=501132 info(greeter): event=greeter-state state=authenticating
ts=2026-10-02T13:41:32Z pid=501132 info(greeter): event=greeter-state state=prompt
ts=2026-10-02T13:41:32Z pid=501132 info(greeter): event=greeter-state state=authenticating
ts=2026-10-02T13:41:33Z pid=501132 info(greeter): event=greeter-state state=authenticated
ts=2026-10-02T13:41:33Z pid=501132 info(greeter): event=greeter-state state=starting
ts=2026-10-02T13:41:33Z pid=501132 info(greeter): event=greeter-state state=handoff
