/home/azdanov/Projects/pearl/tests/fixtures/session/desktop.py:73: DeprecationWarning: Gio.DBusConnection.register_object is deprecated
  info=Gio.DBusNodeInfo.new_for_xml(xml);bus.register_object(path,info.interfaces[0],method,lambda c,s,p,i,k:objects[(p,i)][k],None)
event=ready
command={"register": true}
command={"notify": {"body": "Hello <b>world</b>\u001b", "image_data": [64, 64, 230], "resident": true, "summary": "New message"}}
command={"notify": {"image_data": [64, 64, 230], "replaces": 1, "resident": true, "summary": "Updated message"}}
command={"notify": {"timeout": 150, "transient": true}}
command={"notify": {}}
command={"close": 3}
command={"notify": {"image_data": [160, 160, 200], "summary": "Large site icon", "timeout": 150, "transient": true}}
command={"notify": {"icon": "pearl-notifications-symbolic", "image_data": [8, 8, 7], "summary": "Raw hint beats themed app icon"}}
command={"notify": {"image_data": [2048, 1, 7], "image_path": "file:///tmp/pearl-dev-dq7047d1/cover.png", "summary": "Oversized hint falls through to path"}}
command={"notify": {"icon_data": [8, 8, 7], "image_path": "pearl-notifications-symbolic", "summary": "Themed path outranks raw hint"}}
command={"notify": {"icon": "/tmp/pearl-dev-dq7047d1/cover.png", "image_path": "pearl-notifications-symbolic", "summary": "Themed path outranks app icon path"}}
command={"notify": {"icon_data": [8, 8, 7], "summary": "Legacy icon_data hint"}}
command={"notify": {"icon": "/tmp/pearl-dev-dq7047d1/cover.png", "summary": "Absolute app icon path"}}
command={"notify": {"replaces": 10, "summary": "Absolute app icon path"}}
command={"close": 5}
command={"close": 6}
command={"close": 7}
command={"close": 8}
command={"close": 9}
command={"close": 10}
command={"notify": {"app": "Mail", "summary": "Quiet delivery"}}
command={"close": 11}
command={"burst": 100}
command={"notify": {"summary": "Private locked content"}}
command={"close": 112}
command={"capability": "CanSeek", "value": false}
command={"deny": true}
command={"deny": false}
command={"art": "https://invalid.example/cover.png", "title": "Remote artwork"}
command={"art": "file:///tmp/pearl-dev-dq7047d1/oversized.png", "title": "Oversized"}
command={"art": "file:///tmp/pearl-dev-dq7047d1/cover-fifo", "title": "FIFO"}
command={"menu_overflow": true}
command={"menu_overflow": false}
command={"bad_pixmap": true}
command={"delay": 1000, "title": "Obsolete reply"}
command={"release_player": true}
command={"delay": 0, "own_player": true, "title": "New owner"}
command={"release_tray": true}
command={"own_tray": true}
command={"register": true}
command={"delay": 2000, "title": "Pending at shutdown"}
