availability=connecting
availability=subscribing
state=1:25
availability=ready
queued=1
queued=2
queued=3
queued=4
queued=5
queued=6
queued=7
queued=8
queued=9
queued=10
queued=11
queued=12
queued=13
queued=14
queued=15
queued=16
queued=17
queued=18
queued=19
queued=20
queued=21
queued=22
queued=23
queued=24
queued=25
queued=26
queued=27
queued=28
queued=29
queued=30
queued=31
queued=32
enqueue-error=QueueFull
enqueue-error=QueueFull
enqueue-error=QueueFull
enqueue-error=QueueFull
enqueue-error=QueueFull
enqueue-error=QueueFull
enqueue-error=QueueFull
enqueue-error=QueueFull
availability=reconnecting
fault=Eof
completion=1:unknown:Eof:
completion=2:dropped:Eof:
completion=3:dropped:Eof:
completion=4:dropped:Eof:
completion=5:dropped:Eof:
completion=6:dropped:Eof:
completion=7:dropped:Eof:
completion=8:dropped:Eof:
completion=9:dropped:Eof:
completion=10:dropped:Eof:
completion=11:dropped:Eof:
completion=12:dropped:Eof:
completion=13:dropped:Eof:
completion=14:dropped:Eof:
completion=15:dropped:Eof:
completion=16:dropped:Eof:
completion=17:dropped:Eof:
completion=18:dropped:Eof:
completion=19:dropped:Eof:
completion=20:dropped:Eof:
completion=21:dropped:Eof:
completion=22:dropped:Eof:
completion=23:dropped:Eof:
completion=24:dropped:Eof:
completion=25:dropped:Eof:
completion=26:dropped:Eof:
completion=27:dropped:Eof:
completion=28:dropped:Eof:
completion=29:dropped:Eof:
completion=30:dropped:Eof:
completion=31:dropped:Eof:
completion=32:dropped:Eof:
availability=subscribing
state=1:25
availability=ready
availability=stopped
