info(pearl): event=aqueous-availability state=connecting
info(pearl): event=ready mode=session
info(pearl): event=aqueous-availability state=subscribing
info(pearl): event=aqueous-availability state=ready
info: event=output-mapped id=2 connector=HEADLESS-1 scale=2
info: event=output-mapped id=1 connector=HEADLESS-2 scale=1
info(pearl): event=control-ready session=b92abd68abb8094b88451c248bf044d1
info: event=app-index-ready entries=2009 truncated=false
info: event=popup-opened output=1
info: event=launcher-results count=2015 shown=200 publish_us=8173
info: event=launcher-results count=2015 shown=200 publish_us=7044
info: event=launcher-results count=2015 shown=200 publish_us=7366
info: event=launcher-painted latency_us=21230
info: event=launcher-results count=2009 shown=200 publish_us=9756
info: event=launcher-painted latency_us=23029
info: event=launcher-results count=1 shown=1 publish_us=4398
info: event=launcher-painted latency_us=15246
info: event=launcher-results count=1 shown=1 publish_us=817
info: event=launcher-painted latency_us=9511
info: event=popup-closed
info: event=popup-opened output=1
info(pearl): event=stopping reason=control-quit pending=false
info: event=popup-closed
info(pearl): event=aqueous-availability state=stopped
info(pearl): event=cleanup pending=false watched_objects=0
info(pearl): event=stopped
