info(pearl): event=aqueous-availability state=connecting
info(pearl): event=ready mode=session
info: event=blur-capability available=false
info(pearl): event=aqueous-availability state=subscribing
info(pearl): event=aqueous-availability state=ready
info: event=output-mapped id=1 connector=HEADLESS-2 scale=1
info: event=output-mapped id=2 connector=HEADLESS-1 scale=1
info(pearl): event=settings-backend-ready session=bb3f8430b010ec3bcea49f9c56c3c04b
info(pearl): event=control-ready session=bb3f8430b010ec3bcea49f9c56c3c04b
info: event=app-index-ready entries=162 truncated=false
info: event=preferences-applied revision=0 mode=static cache=false
info: event=wallpaper-applications-applied generation=2 elapsed_us=1573 success=true
info: event=preferences-applied revision=1 mode=static cache=false
info: event=wallpaper-applications-applied generation=3 elapsed_us=2155 success=true
info: event=preferences-applied revision=2 mode=static cache=false
info: event=wallpaper-applications-applied generation=5 elapsed_us=1705 success=true
info: event=preferences-applied revision=3 mode=static cache=false
info: event=wallpaper-applications-applied generation=7 elapsed_us=1759 success=true
info: event=preferences-applied revision=4 mode=static cache=false
info: event=wallpaper-applications-applied generation=9 elapsed_us=1784 success=true
info: event=preferences-applied revision=5 mode=static cache=false
info: event=wallpaper-applications-applied generation=11 elapsed_us=1775 success=true
info: event=preferences-applied revision=6 mode=static cache=false
info: event=wallpaper-applications-applied generation=13 elapsed_us=1675 success=true
info: event=preferences-applied revision=7 mode=static cache=false
info: event=wallpaper-applications-applied generation=15 elapsed_us=1680 success=true
info: event=preferences-applied revision=8 mode=static cache=false
info: event=wallpaper-applications-applied generation=17 elapsed_us=1749 success=true
info: event=preferences-applied revision=9 mode=static cache=false
info: event=wallpaper-applications-applied generation=19 elapsed_us=1699 success=true
info: event=preferences-applied revision=10 mode=static cache=false
info: event=wallpaper-applications-applied generation=21 elapsed_us=1930 success=true
info: event=popup-opened output=1
info: event=popup-closed
info: event=preferences-applied revision=11 mode=static cache=false
info: event=wallpaper-applications-applied generation=23 elapsed_us=1632 success=true
info: event=popup-opened output=1
info: event=popup-closed
info: event=popup-opened output=2
info: event=launcher-results count=116 shown=116 publish_us=4227
info: event=launcher-results count=116 shown=116 publish_us=3715
info: event=launcher-painted latency_us=17551
info: event=popup-closed
info: event=preferences-applied revision=12 mode=static cache=false
info: event=wallpaper-applications-applied generation=25 elapsed_us=3095 success=true
info: event=popup-opened output=1
info: event=popup-closed
info: event=popup-opened output=2
info: event=launcher-results count=116 shown=116 publish_us=2501
info: event=launcher-painted latency_us=14796
info: event=launcher-results count=116 shown=116 publish_us=5391
info: event=launcher-results count=116 shown=116 publish_us=4024
info: event=launcher-painted latency_us=14686
info: event=popup-closed
info: event=preferences-applied revision=13 mode=static cache=false
info: event=wallpaper-applications-applied generation=27 elapsed_us=2168 success=true
info: event=popup-opened output=1
info: event=popup-closed
info: event=popup-opened output=2
info: event=launcher-results count=116 shown=116 publish_us=2532
info: event=launcher-painted latency_us=15986
info: event=launcher-results count=116 shown=116 publish_us=5096
info: event=launcher-results count=116 shown=116 publish_us=3931
info: event=launcher-painted latency_us=15127
info: event=popup-closed
info: event=preferences-applied revision=14 mode=static cache=false
info: event=wallpaper-applications-applied generation=29 elapsed_us=1831 success=true
info: event=popup-opened output=1
info: event=popup-closed
info: event=popup-opened output=2
info: event=launcher-results count=116 shown=116 publish_us=2577
info: event=launcher-painted latency_us=14286
info: event=launcher-results count=116 shown=116 publish_us=4217
info: event=launcher-results count=116 shown=116 publish_us=3700
info: event=launcher-painted latency_us=15641
info: event=popup-closed
info: event=preferences-applied revision=15 mode=static cache=false
info: event=wallpaper-applications-applied generation=31 elapsed_us=1661 success=true
info: event=popup-opened output=1
info: event=popup-closed
info: event=preferences-applied revision=16 mode=static cache=false
info: event=wallpaper-applications-applied generation=33 elapsed_us=1625 success=true
info: event=preferences-applied revision=17 mode=static cache=false
info: event=wallpaper-applications-applied generation=35 elapsed_us=1536 success=true
info: event=preferences-applied revision=18 mode=static cache=false
info: event=wallpaper-applications-applied generation=37 elapsed_us=1692 success=true
info: event=preferences-applied revision=19 mode=static cache=false
info: event=wallpaper-applications-applied generation=39 elapsed_us=1576 success=true
info: event=preferences-applied revision=20 mode=static cache=false
info: event=wallpaper-applications-applied generation=41 elapsed_us=2021 success=true
info(pearl): event=stopping reason=control-quit pending=false
info(pearl): event=aqueous-availability state=stopped
info(pearl): event=cleanup pending=false watched_objects=0
info(pearl): event=stopped
