......
----------------------------------------------------------------------
Ran 6 tests in 0.350s

OK
Build Summary: 15/15 steps succeeded; 285/285 tests passed
test success
+- run test 228 pass (228 total) 254ms MaxRSS:9M
|  +- compile test ReleaseSafe native cached 17ms MaxRSS:56M
+- run test 13 pass (13 total) 3ms MaxRSS:9M
   +- compile test ReleaseSafe native cached 26ms MaxRSS:59M
test-adapter-unit success
+- run test 42 pass (42 total) 237ms MaxRSS:13M
   +- compile test ReleaseSafe native success 13s MaxRSS:387M
test-bindings success
+- run test 2 pass (2 total) 2ms MaxRSS:10M
   +- compile test ReleaseSafe native cached 26ms MaxRSS:59M
      +- run pkg-config success 1ms
      +- translate-c cached 21ms MaxRSS:54M
test-release-tools success
+- run python3 success 414ms

