info(pearl): event=aqueous-availability state=connecting
info(pearl): event=ready mode=session
info: event=app-index-ready entries=2 truncated=false
info(pearl): event=aqueous-availability state=subscribing
info(pearl): event=aqueous-availability state=ready
info: event=output-mapped id=1 connector=HEADLESS-2 scale=1
info: event=output-mapped id=2 connector=HEADLESS-1 scale=1
info(pearl): event=settings-backend-ready session=17a9b5e93c7a9b7c11354cbbb4a204e7
info(pearl): event=control-ready session=17a9b5e93c7a9b7c11354cbbb4a204e7
info: event=preferences-applied revision=0 mode=static cache=false
info: event=wallpaper-applications-applied generation=2 elapsed_us=1372 success=true
info: event=preferences-applied revision=1 mode=static cache=false
info: event=wallpaper-applications-applied generation=3 elapsed_us=2935 success=true
info: event=preferences-applied revision=2 mode=static cache=false
info: event=wallpaper-applications-applied generation=5 elapsed_us=2112 success=true
event=fixture-ready Alpha
info: event=popup-opened output=1
info: event=launcher-results count=4 shown=4 publish_us=347
info: event=launcher-painted latency_us=2799
info: event=popup-closed
info: event=popup-opened output=1
info: event=popup-closed
event=fixture-ready Alpha
event=fixture-ready Alpha
event=fixture-ready Alpha
info: event=preferences-applied revision=3 mode=static cache=false
info: event=wallpaper-applications-applied generation=7 elapsed_us=1908 success=true
info: event=preferences-applied revision=4 mode=static cache=false
info: event=wallpaper-applications-applied generation=9 elapsed_us=1516 success=true
info: event=preferences-applied revision=5 mode=static cache=false
info: event=wallpaper-applications-applied generation=11 elapsed_us=1558 success=true
info: event=preferences-applied revision=6 mode=static cache=false
info: event=wallpaper-applications-applied generation=13 elapsed_us=1511 success=true
info: event=preferences-applied revision=7 mode=static cache=false
info: event=wallpaper-applications-applied generation=15 elapsed_us=1638 success=true
info: event=popup-opened output=1
info: event=launcher-results count=7 shown=7 publish_us=3943
info: event=launcher-results count=7 shown=7 publish_us=353
info: event=launcher-painted latency_us=13493
info: event=popup-closed
info: event=popup-opened output=1
info: event=settings-focus target=body
info: event=settings-focus target=heading
info: event=popup-closed
info: event=popup-opened output=1
info: event=popup-closed
info: event=popup-opened output=1
info: event=session-focus target=dnd
info: event=popup-closed
info: event=popup-opened output=1
info: event=session-focus target=other
info: event=popup-closed
info: event=popup-opened output=1
info: event=session-focus target=other
info: event=popup-closed
info: event=popup-opened output=1
info: event=settings-focus target=body
info: event=settings-focus target=heading
info: event=settings-focus target=body
info: event=settings-focus target=section-chooser
info: event=settings-focus target=body
info: event=settings-focus target=body
info: event=settings-focus target=body
info: event=settings-focus target=body
info: event=settings-focus target=body
info: event=settings-focus target=body
info: event=settings-focus target=body
info: event=settings-focus target=body
info: event=settings-focus target=body
info: event=settings-focus target=body
info: event=settings-focus target=body
info: event=settings-focus target=body
info: event=settings-focus target=body
info: event=settings-focus target=body
info: event=settings-focus target=body
info: event=settings-focus target=body
info: event=popup-closed
info: event=popup-opened output=1
info: event=session-focus target=settings-other
info: event=popup-closed
info: event=popup-opened output=1
info: event=settings-focus target=body
info: event=settings-focus target=heading
info: event=settings-focus target=body
info: event=settings-focus target=section-chooser
info: event=settings-focus target=body
info: event=settings-focus target=body
info: event=settings-focus target=body
info: event=settings-focus target=body
info: event=settings-focus target=body
info: event=settings-focus target=body
info: event=settings-focus target=body
info: event=settings-focus target=body
info: event=settings-focus target=body
info: event=settings-focus target=body
info: event=settings-focus target=body
info: event=settings-focus target=body
info: event=settings-focus target=body
info: event=settings-focus target=body
info: event=settings-focus target=body
info: event=settings-focus target=body
info: event=settings-focus target=body
info: event=settings-focus target=body
info: event=popup-closed
info: event=popup-opened output=1
info: event=popup-closed
info: event=popup-opened output=1
info: event=popup-closed
info: event=preferences-applied revision=8 mode=gtk cache=false
info: event=wallpaper-applications-applied generation=17 elapsed_us=561 success=true
info: event=preferences-applied revision=9 mode=static cache=false
info: event=wallpaper-applications-applied generation=19 elapsed_us=1677 success=true
info: event=preferences-applied revision=10 mode=static cache=false
info: event=wallpaper-applications-applied generation=21 elapsed_us=1533 success=true
info: event=app-index-ready entries=16 truncated=false
info: event=preferences-applied revision=11 mode=static cache=false
info: event=wallpaper-applications-applied generation=23 elapsed_us=1735 success=true
info: event=preferences-applied revision=12 mode=static cache=false
info: event=wallpaper-applications-applied generation=25 elapsed_us=1991 success=true
info: event=preferences-applied revision=13 mode=static cache=false
info: event=wallpaper-applications-applied generation=27 elapsed_us=1876 success=true
info: event=preferences-applied revision=14 mode=static cache=false
info: event=wallpaper-applications-applied generation=29 elapsed_us=1680 success=true
info(pearl): event=stopping reason=control-quit pending=false
info(pearl): event=aqueous-availability state=stopped
info(pearl): event=cleanup pending=false watched_objects=0
info(pearl): event=stopped
