info(pearl): event=aqueous-availability state=connecting
info(pearl): event=ready mode=session
info: event=blur-capability available=false
info: event=app-index-ready entries=160 truncated=false
info(pearl): event=aqueous-availability state=subscribing
info(pearl): event=aqueous-availability state=ready
info: event=output-mapped id=1 connector=HEADLESS-2 scale=1
info: event=output-mapped id=2 connector=HEADLESS-1 scale=1
info(pearl): event=settings-backend-ready session=b6154672dd005f02bd9d010a08ce9e17
info(pearl): event=control-ready session=b6154672dd005f02bd9d010a08ce9e17
info: event=preferences-applied revision=0 mode=static cache=false
info: event=wallpaper-applications-applied generation=2 elapsed_us=1649 success=true
info: event=preferences-applied revision=1 mode=gtk cache=false
info: event=wallpaper-applications-applied generation=3 elapsed_us=441 success=true
info: event=preferences-applied revision=2 mode=gtk cache=false
info: event=wallpaper-applications-applied generation=5 elapsed_us=774 success=true
info(pearl): event=stopping reason=control-quit pending=false
info(pearl): event=aqueous-availability state=stopped
info(pearl): event=cleanup pending=false watched_objects=0
info(pearl): event=stopped
