info: event=blur-capability available=false
info(pearl): event=aqueous-availability state=connecting
info(pearl): event=ready mode=session
info(pearl): event=aqueous-availability state=subscribing
info(pearl): event=aqueous-availability state=ready
info: event=output-mapped id=1 connector=HEADLESS-2 scale=1
info: event=output-mapped id=2 connector=HEADLESS-1 scale=1
info(pearl): event=settings-backend-ready session=1cb9c4211d04cff5af79a11863963ea9
info(pearl): event=control-ready session=1cb9c4211d04cff5af79a11863963ea9
info: event=app-index-ready entries=160 truncated=false
info: event=preferences-applied revision=0 mode=static cache=false
info: event=wallpaper-applications-applied generation=2 elapsed_us=1401 success=true
info: event=preferences-applied revision=1 mode=static cache=false
info: event=wallpaper-applications-applied generation=3 elapsed_us=1556 success=true
info: event=preferences-applied revision=2 mode=static cache=false
info: event=wallpaper-applications-applied generation=6 elapsed_us=1673 success=true
info: event=preferences-applied revision=3 mode=static cache=false
info: event=wallpaper-applications-applied generation=8 elapsed_us=1699 success=true
info: event=preferences-applied revision=4 mode=static cache=false
info: event=wallpaper-applications-applied generation=10 elapsed_us=1770 success=true
info: event=preferences-applied revision=5 mode=static cache=false
info: event=wallpaper-applications-applied generation=12 elapsed_us=1741 success=true
info: event=preferences-applied revision=6 mode=static cache=false
info: event=wallpaper-applications-applied generation=14 elapsed_us=1900 success=true
info: event=preferences-applied revision=7 mode=static cache=false
info: event=wallpaper-applications-applied generation=16 elapsed_us=1752 success=true
info: event=app-index-ready entries=160 truncated=false
info: event=preferences-applied revision=8 mode=static cache=false
info: event=wallpaper-applications-applied generation=18 elapsed_us=1786 success=true
info: event=preferences-applied revision=9 mode=static cache=false
info: event=wallpaper-applications-applied generation=20 elapsed_us=1677 success=true
info(pearl): event=stopping reason=control-quit pending=false
info(pearl): event=aqueous-availability state=stopped
info(pearl): event=cleanup pending=false watched_objects=0
info(pearl): event=stopped
