/home/zoey/Pearl/tests/fixtures/session_security.py:53: DeprecationWarning: Gio.DBusConnection.register_object is deprecated
  for iface in Gio.DBusNodeInfo.new_for_xml(xml).interfaces: bus.register_object(path,iface,method,None,None)
event=ready
event=delay-acquired
event=registered
command={"begin": true}
command={"cancel": true}
event=authentication
event=cancel
command={"begin": true, "unsupported": true}
event=authentication
command={"begin": true}
command={"restart": "org.freedesktop.PolicyKit1"}
event=authentication
event=registered
command={"begin": true}
event=authentication
command={"inhibit": "sleep"}
command={"inhibit": ""}
event=Suspend
event=prepare
event=delay-released
event=prepare
command={"prepare": false}
event=delay-acquired
event=prepare
command={"prepare": true}
event=delay-released
event=prepare
command={"prepare": false}
event=delay-acquired
command={"battery": true}
command={"battery": false}
event=Suspend
event=prepare
event=delay-released
event=prepare
command={"prepare": false}
event=delay-acquired
command={"restart": "org.freedesktop.login1"}
event=delay-released
event=unregistered
event=delay-acquired
event=registered
command={"active": false}
command={"active": true}
event=delay-released
event=unregistered
event=delay-acquired
event=registered
event=prepare
command={"prepare": true}
event=prepare
command={"prepare": false}
event=delay-released
event=unregistered
event=delay-acquired
event=registered
event=delay-released
command={"restart": "org.freedesktop.PolicyKit1"}
event=delay-acquired
event=registered
event=delay-released
