info(pearl): event=aqueous-availability state=connecting
info(pearl): event=ready mode=session
info(pearl): event=aqueous-availability state=subscribing
info(pearl): event=aqueous-availability state=ready
info: event=output-mapped id=1 connector=HEADLESS-2 scale=1
info: event=output-mapped id=2 connector=HEADLESS-1 scale=1
info(pearl): event=control-ready session=f9b42a2fe8920d2416915b68079b886e
info: event=app-index-ready entries=158 truncated=false
info: event=popup-opened output=1
info: event=session-focus target=other
info: event=services-focus target=other
info: event=connectivity-focus target=other
info: event=preferences-applied revision=0 mode=static cache=false
info: event=popup-closed
info: event=output-mapped id=2 connector=HEADLESS-1 scale=1
info: event=preferences-applied revision=1 mode=static cache=false
info: event=preferences-applied revision=2 mode=gtk cache=false
info: event=preferences-applied revision=3 mode=static cache=false
info: event=preferences-applied revision=4 mode=static cache=false
info(pearl): event=stopping reason=control-quit pending=false
info(pearl): event=aqueous-availability state=stopped
info(pearl): event=cleanup pending=false watched_objects=0
info(pearl): event=stopped
