info(pearl): event=aqueous-availability state=connecting
info(pearl): event=ready mode=session
info(pearl): event=aqueous-availability state=subscribing
info(pearl): event=aqueous-availability state=ready
info: event=output-mapped id=1 connector=HEADLESS-2 scale=1
info: event=output-mapped id=2 connector=HEADLESS-1 scale=1
info(pearl): event=settings-backend-ready session=241d9c7a6d6554358cfb632d93b8a0b3
info(pearl): event=control-ready session=241d9c7a6d6554358cfb632d93b8a0b3
info: event=app-index-ready entries=160 truncated=false
info: event=preferences-applied revision=0 mode=static cache=false
info: event=wallpaper-applications-applied generation=2 elapsed_us=2126 success=true
info: event=popup-opened output=1
info: event=settings-focus target=body
info: event=settings-focus target=heading
info: event=settings-focus target=body
info: event=settings-focus target=section-chooser
info: event=settings-focus target=body
info: event=settings-focus target=body
info: event=settings-focus target=body
info: event=settings-focus target=body
info: event=settings-focus target=body
info: event=settings-focus target=body
info: event=settings-focus target=body
info: event=settings-focus target=body
info: event=settings-focus target=body
info: event=settings-focus target=body
info: event=settings-focus target=body
info: event=settings-focus target=body
info: event=settings-focus target=body
info: event=settings-focus target=body
info: event=settings-focus target=body
info: event=settings-focus target=body
info: event=popup-closed
info: event=popup-opened output=1
info: event=session-focus target=settings-other
info: event=session-focus target=settings-gtk-name
info: event=session-focus target=settings-seed
info: event=session-focus target=settings-wallpaper
info: event=session-focus target=settings-wallpaper-choose
invoking IsSupported() failed for remote volume monitor with dbus name org.gtk.vfs.UDisks2VolumeMonitor:: GDBus.Error:org.freedesktop.DBus.Error.ServiceUnknown: The name org.gtk.vfs.UDisks2VolumeMonitor was not provided by any .service files (g-dbus-error-quark, 2)
invoking IsSupported() failed for remote volume monitor with dbus name org.gtk.vfs.AfcVolumeMonitor:: GDBus.Error:org.freedesktop.DBus.Error.ServiceUnknown: The name org.gtk.vfs.AfcVolumeMonitor was not provided by any .service files (g-dbus-error-quark, 2)
invoking IsSupported() failed for remote volume monitor with dbus name org.gtk.vfs.GoaVolumeMonitor:: GDBus.Error:org.freedesktop.DBus.Error.ServiceUnknown: The name org.gtk.vfs.GoaVolumeMonitor was not provided by any .service files (g-dbus-error-quark, 2)
invoking IsSupported() failed for remote volume monitor with dbus name org.gtk.vfs.GPhoto2VolumeMonitor:: GDBus.Error:org.freedesktop.DBus.Error.ServiceUnknown: The name org.gtk.vfs.GPhoto2VolumeMonitor was not provided by any .service files (g-dbus-error-quark, 2)
invoking IsSupported() failed for remote volume monitor with dbus name org.gtk.vfs.MTPVolumeMonitor:: GDBus.Error:org.freedesktop.DBus.Error.ServiceUnknown: The name org.gtk.vfs.MTPVolumeMonitor was not provided by any .service files (g-dbus-error-quark, 2)
info: event=app-index-ready entries=160 truncated=false
invoking IsSupported() failed for remote volume monitor with dbus name org.gtk.vfs.AfcVolumeMonitor:: GDBus.Error:org.freedesktop.DBus.Error.ServiceUnknown: The name org.gtk.vfs.AfcVolumeMonitor was not provided by any .service files (g-dbus-error-quark, 2)
invoking IsSupported() failed for remote volume monitor with dbus name org.gtk.vfs.GoaVolumeMonitor:: GDBus.Error:org.freedesktop.DBus.Error.ServiceUnknown: The name org.gtk.vfs.GoaVolumeMonitor was not provided by any .service files (g-dbus-error-quark, 2)
invoking IsSupported() failed for remote volume monitor with dbus name org.gtk.vfs.GPhoto2VolumeMonitor:: GDBus.Error:org.freedesktop.DBus.Error.ServiceUnknown: The name org.gtk.vfs.GPhoto2VolumeMonitor was not provided by any .service files (g-dbus-error-quark, 2)
invoking IsSupported() failed for remote volume monitor with dbus name org.gtk.vfs.MTPVolumeMonitor:: GDBus.Error:org.freedesktop.DBus.Error.ServiceUnknown: The name org.gtk.vfs.MTPVolumeMonitor was not provided by any .service files (g-dbus-error-quark, 2)
info: event=session-focus target=settings-other
info: event=session-focus target=settings-color
info: event=session-focus target=settings-font
info: event=session-focus target=settings-other
info: event=session-focus target=settings-greeter-sync
info: event=session-focus target=settings-other
info: event=session-focus target=settings-apply
info: event=preferences-applied revision=1 mode=static cache=false
info: event=wallpaper-applications-applied generation=3 elapsed_us=36996 success=true
info: event=session-focus target=settings-other
info: event=session-focus target=settings-gtk-name
info: event=session-focus target=settings-seed
info: event=session-focus target=settings-wallpaper
info: event=session-focus target=settings-wallpaper-choose
invoking IsSupported() failed for remote volume monitor with dbus name org.gtk.vfs.AfcVolumeMonitor:: GDBus.Error:org.freedesktop.DBus.Error.ServiceUnknown: The name org.gtk.vfs.AfcVolumeMonitor was not provided by any .service files (g-dbus-error-quark, 2)
invoking IsSupported() failed for remote volume monitor with dbus name org.gtk.vfs.GoaVolumeMonitor:: GDBus.Error:org.freedesktop.DBus.Error.ServiceUnknown: The name org.gtk.vfs.GoaVolumeMonitor was not provided by any .service files (g-dbus-error-quark, 2)
invoking IsSupported() failed for remote volume monitor with dbus name org.gtk.vfs.GPhoto2VolumeMonitor:: GDBus.Error:org.freedesktop.DBus.Error.ServiceUnknown: The name org.gtk.vfs.GPhoto2VolumeMonitor was not provided by any .service files (g-dbus-error-quark, 2)
invoking IsSupported() failed for remote volume monitor with dbus name org.gtk.vfs.MTPVolumeMonitor:: GDBus.Error:org.freedesktop.DBus.Error.ServiceUnknown: The name org.gtk.vfs.MTPVolumeMonitor was not provided by any .service files (g-dbus-error-quark, 2)
invoking IsSupported() failed for remote volume monitor with dbus name org.gtk.vfs.AfcVolumeMonitor:: GDBus.Error:org.freedesktop.DBus.Error.ServiceUnknown: The name org.gtk.vfs.AfcVolumeMonitor was not provided by any .service files (g-dbus-error-quark, 2)
invoking IsSupported() failed for remote volume monitor with dbus name org.gtk.vfs.GoaVolumeMonitor:: GDBus.Error:org.freedesktop.DBus.Error.ServiceUnknown: The name org.gtk.vfs.GoaVolumeMonitor was not provided by any .service files (g-dbus-error-quark, 2)
invoking IsSupported() failed for remote volume monitor with dbus name org.gtk.vfs.GPhoto2VolumeMonitor:: GDBus.Error:org.freedesktop.DBus.Error.ServiceUnknown: The name org.gtk.vfs.GPhoto2VolumeMonitor was not provided by any .service files (g-dbus-error-quark, 2)
invoking IsSupported() failed for remote volume monitor with dbus name org.gtk.vfs.MTPVolumeMonitor:: GDBus.Error:org.freedesktop.DBus.Error.ServiceUnknown: The name org.gtk.vfs.MTPVolumeMonitor was not provided by any .service files (g-dbus-error-quark, 2)
info: event=popup-closed
info: event=popup-opened output=1
info: event=settings-focus target=body
info: event=settings-focus target=heading
info: event=settings-focus target=body
info: event=settings-focus target=section-chooser
info: event=settings-focus target=body
info: event=settings-focus target=body
info: event=settings-focus target=body
info: event=settings-focus target=body
info: event=settings-focus target=body
info: event=settings-focus target=body
info: event=settings-focus target=body
info: event=settings-focus target=body
info: event=settings-focus target=body
info: event=settings-focus target=body
info: event=settings-focus target=body
info: event=settings-focus target=body
info: event=settings-focus target=body
info: event=settings-focus target=body
info: event=settings-focus target=body
info: event=settings-focus target=body
info: event=popup-closed
info: event=popup-opened output=1
info: event=session-focus target=settings-other
info: event=session-focus target=settings-gtk-name
info: event=session-focus target=settings-seed
info: event=session-focus target=settings-wallpaper
info: event=session-focus target=settings-wallpaper-choose
invoking IsSupported() failed for remote volume monitor with dbus name org.gtk.vfs.AfcVolumeMonitor:: GDBus.Error:org.freedesktop.DBus.Error.ServiceUnknown: The name org.gtk.vfs.AfcVolumeMonitor was not provided by any .service files (g-dbus-error-quark, 2)
invoking IsSupported() failed for remote volume monitor with dbus name org.gtk.vfs.GoaVolumeMonitor:: GDBus.Error:org.freedesktop.DBus.Error.ServiceUnknown: The name org.gtk.vfs.GoaVolumeMonitor was not provided by any .service files (g-dbus-error-quark, 2)
invoking IsSupported() failed for remote volume monitor with dbus name org.gtk.vfs.GPhoto2VolumeMonitor:: GDBus.Error:org.freedesktop.DBus.Error.ServiceUnknown: The name org.gtk.vfs.GPhoto2VolumeMonitor was not provided by any .service files (g-dbus-error-quark, 2)
invoking IsSupported() failed for remote volume monitor with dbus name org.gtk.vfs.MTPVolumeMonitor:: GDBus.Error:org.freedesktop.DBus.Error.ServiceUnknown: The name org.gtk.vfs.MTPVolumeMonitor was not provided by any .service files (g-dbus-error-quark, 2)
info: event=preferences-applied revision=2 mode=static cache=false
info: event=wallpaper-applications-applied generation=6 elapsed_us=2544 success=true
invoking IsSupported() failed for remote volume monitor with dbus name org.gtk.vfs.AfcVolumeMonitor:: GDBus.Error:org.freedesktop.DBus.Error.ServiceUnknown: The name org.gtk.vfs.AfcVolumeMonitor was not provided by any .service files (g-dbus-error-quark, 2)
invoking IsSupported() failed for remote volume monitor with dbus name org.gtk.vfs.GoaVolumeMonitor:: GDBus.Error:org.freedesktop.DBus.Error.ServiceUnknown: The name org.gtk.vfs.GoaVolumeMonitor was not provided by any .service files (g-dbus-error-quark, 2)
invoking IsSupported() failed for remote volume monitor with dbus name org.gtk.vfs.GPhoto2VolumeMonitor:: GDBus.Error:org.freedesktop.DBus.Error.ServiceUnknown: The name org.gtk.vfs.GPhoto2VolumeMonitor was not provided by any .service files (g-dbus-error-quark, 2)
invoking IsSupported() failed for remote volume monitor with dbus name org.gtk.vfs.MTPVolumeMonitor:: GDBus.Error:org.freedesktop.DBus.Error.ServiceUnknown: The name org.gtk.vfs.MTPVolumeMonitor was not provided by any .service files (g-dbus-error-quark, 2)
invoking IsSupported() failed for remote volume monitor with dbus name org.gtk.vfs.AfcVolumeMonitor:: GDBus.Error:org.freedesktop.DBus.Error.ServiceUnknown: The name org.gtk.vfs.AfcVolumeMonitor was not provided by any .service files (g-dbus-error-quark, 2)
invoking IsSupported() failed for remote volume monitor with dbus name org.gtk.vfs.GoaVolumeMonitor:: GDBus.Error:org.freedesktop.DBus.Error.ServiceUnknown: The name org.gtk.vfs.GoaVolumeMonitor was not provided by any .service files (g-dbus-error-quark, 2)
invoking IsSupported() failed for remote volume monitor with dbus name org.gtk.vfs.GPhoto2VolumeMonitor:: GDBus.Error:org.freedesktop.DBus.Error.ServiceUnknown: The name org.gtk.vfs.GPhoto2VolumeMonitor was not provided by any .service files (g-dbus-error-quark, 2)
invoking IsSupported() failed for remote volume monitor with dbus name org.gtk.vfs.MTPVolumeMonitor:: GDBus.Error:org.freedesktop.DBus.Error.ServiceUnknown: The name org.gtk.vfs.MTPVolumeMonitor was not provided by any .service files (g-dbus-error-quark, 2)
info: event=session-focus target=settings-other
info: event=session-focus target=settings-color
info: event=session-focus target=settings-font
info: event=session-focus target=settings-other
info: event=session-focus target=settings-greeter-sync
info: event=session-focus target=settings-other
info: event=session-focus target=settings-apply
info: event=preferences-applied revision=3 mode=static cache=false
info: event=wallpaper-applications-applied generation=8 elapsed_us=24639 success=true
info: event=preferences-applied revision=4 mode=static cache=false
info: event=wallpaper-applications-applied generation=10 elapsed_us=24090 success=true
info: event=session-focus target=settings-other
info: event=session-focus target=settings-gtk-name
info: event=session-focus target=settings-seed
info: event=session-focus target=settings-wallpaper
info: event=session-focus target=settings-wallpaper-choose
invoking IsSupported() failed for remote volume monitor with dbus name org.gtk.vfs.AfcVolumeMonitor:: GDBus.Error:org.freedesktop.DBus.Error.ServiceUnknown: The name org.gtk.vfs.AfcVolumeMonitor was not provided by any .service files (g-dbus-error-quark, 2)
invoking IsSupported() failed for remote volume monitor with dbus name org.gtk.vfs.GoaVolumeMonitor:: GDBus.Error:org.freedesktop.DBus.Error.ServiceUnknown: The name org.gtk.vfs.GoaVolumeMonitor was not provided by any .service files (g-dbus-error-quark, 2)
invoking IsSupported() failed for remote volume monitor with dbus name org.gtk.vfs.GPhoto2VolumeMonitor:: GDBus.Error:org.freedesktop.DBus.Error.ServiceUnknown: The name org.gtk.vfs.GPhoto2VolumeMonitor was not provided by any .service files (g-dbus-error-quark, 2)
invoking IsSupported() failed for remote volume monitor with dbus name org.gtk.vfs.MTPVolumeMonitor:: GDBus.Error:org.freedesktop.DBus.Error.ServiceUnknown: The name org.gtk.vfs.MTPVolumeMonitor was not provided by any .service files (g-dbus-error-quark, 2)
invoking IsSupported() failed for remote volume monitor with dbus name org.gtk.vfs.AfcVolumeMonitor:: GDBus.Error:org.freedesktop.DBus.Error.ServiceUnknown: The name org.gtk.vfs.AfcVolumeMonitor was not provided by any .service files (g-dbus-error-quark, 2)
invoking IsSupported() failed for remote volume monitor with dbus name org.gtk.vfs.GoaVolumeMonitor:: GDBus.Error:org.freedesktop.DBus.Error.ServiceUnknown: The name org.gtk.vfs.GoaVolumeMonitor was not provided by any .service files (g-dbus-error-quark, 2)
invoking IsSupported() failed for remote volume monitor with dbus name org.gtk.vfs.GPhoto2VolumeMonitor:: GDBus.Error:org.freedesktop.DBus.Error.ServiceUnknown: The name org.gtk.vfs.GPhoto2VolumeMonitor was not provided by any .service files (g-dbus-error-quark, 2)
invoking IsSupported() failed for remote volume monitor with dbus name org.gtk.vfs.MTPVolumeMonitor:: GDBus.Error:org.freedesktop.DBus.Error.ServiceUnknown: The name org.gtk.vfs.MTPVolumeMonitor was not provided by any .service files (g-dbus-error-quark, 2)
info: event=session-focus target=settings-other
info: event=session-focus target=settings-color
info: event=session-focus target=settings-font
info: event=session-focus target=settings-other
info: event=session-focus target=settings-greeter-sync
info: event=session-focus target=settings-other
info: event=session-focus target=settings-apply
info: event=preferences-applied revision=5 mode=static cache=false
info: event=wallpaper-applications-applied generation=12 elapsed_us=23875 success=true
info: event=preferences-applied revision=6 mode=static cache=false
info: event=wallpaper-applications-applied generation=14 elapsed_us=24576 success=true
info: event=session-focus target=settings-other
info: event=session-focus target=settings-gtk-name
info: event=session-focus target=settings-seed
info: event=session-focus target=settings-wallpaper
info: event=session-focus target=settings-wallpaper-choose
invoking IsSupported() failed for remote volume monitor with dbus name org.gtk.vfs.AfcVolumeMonitor:: GDBus.Error:org.freedesktop.DBus.Error.ServiceUnknown: The name org.gtk.vfs.AfcVolumeMonitor was not provided by any .service files (g-dbus-error-quark, 2)
invoking IsSupported() failed for remote volume monitor with dbus name org.gtk.vfs.GoaVolumeMonitor:: GDBus.Error:org.freedesktop.DBus.Error.ServiceUnknown: The name org.gtk.vfs.GoaVolumeMonitor was not provided by any .service files (g-dbus-error-quark, 2)
invoking IsSupported() failed for remote volume monitor with dbus name org.gtk.vfs.GPhoto2VolumeMonitor:: GDBus.Error:org.freedesktop.DBus.Error.ServiceUnknown: The name org.gtk.vfs.GPhoto2VolumeMonitor was not provided by any .service files (g-dbus-error-quark, 2)
invoking IsSupported() failed for remote volume monitor with dbus name org.gtk.vfs.MTPVolumeMonitor:: GDBus.Error:org.freedesktop.DBus.Error.ServiceUnknown: The name org.gtk.vfs.MTPVolumeMonitor was not provided by any .service files (g-dbus-error-quark, 2)
invoking IsSupported() failed for remote volume monitor with dbus name org.gtk.vfs.AfcVolumeMonitor:: GDBus.Error:org.freedesktop.DBus.Error.ServiceUnknown: The name org.gtk.vfs.AfcVolumeMonitor was not provided by any .service files (g-dbus-error-quark, 2)
invoking IsSupported() failed for remote volume monitor with dbus name org.gtk.vfs.GoaVolumeMonitor:: GDBus.Error:org.freedesktop.DBus.Error.ServiceUnknown: The name org.gtk.vfs.GoaVolumeMonitor was not provided by any .service files (g-dbus-error-quark, 2)
invoking IsSupported() failed for remote volume monitor with dbus name org.gtk.vfs.GPhoto2VolumeMonitor:: GDBus.Error:org.freedesktop.DBus.Error.ServiceUnknown: The name org.gtk.vfs.GPhoto2VolumeMonitor was not provided by any .service files (g-dbus-error-quark, 2)
invoking IsSupported() failed for remote volume monitor with dbus name org.gtk.vfs.MTPVolumeMonitor:: GDBus.Error:org.freedesktop.DBus.Error.ServiceUnknown: The name org.gtk.vfs.MTPVolumeMonitor was not provided by any .service files (g-dbus-error-quark, 2)
info: event=session-focus target=settings-other
info: event=session-focus target=settings-color
info: event=session-focus target=settings-font
info: event=session-focus target=settings-other
info: event=session-focus target=settings-greeter-sync
info: event=session-focus target=settings-other
info: event=session-focus target=settings-apply
info: event=preferences-applied revision=7 mode=static cache=false
info: event=wallpaper-applications-applied generation=16 elapsed_us=24443 success=true
info: event=preferences-applied revision=8 mode=static cache=false
info: event=wallpaper-applications-applied generation=18 elapsed_us=24190 success=true
info: event=preferences-applied revision=9 mode=static cache=false
info: event=wallpaper-applications-applied generation=20 elapsed_us=23763 success=true
info: event=preferences-applied revision=10 mode=static cache=false
info: event=wallpaper-applications-applied generation=22 elapsed_us=23558 success=true
info: event=preferences-error detail=SyntaxError
info: event=preferences-applied revision=12 mode=static cache=false
info: event=wallpaper-applications-applied generation=25 elapsed_us=23642 success=true
info: event=preferences-error detail=InvalidImage
info: event=preferences-error detail=InvalidFile
info: event=preferences-applied revision=13 mode=static cache=false
info: event=wallpaper-applications-applied generation=28 elapsed_us=69296 success=true
info: event=popup-closed
info: event=popup-opened output=1
info: event=settings-focus target=body
info: event=settings-focus target=heading
info: event=settings-focus target=body
info: event=settings-focus target=section-chooser
info: event=settings-focus target=body
info: event=settings-focus target=body
info: event=settings-focus target=body
info: event=settings-focus target=body
info: event=settings-focus target=body
info: event=settings-focus target=body
info: event=settings-focus target=body
info: event=settings-focus target=body
info: event=settings-focus target=body
info: event=settings-focus target=body
info: event=settings-focus target=body
info: event=settings-focus target=body
info: event=settings-focus target=body
info: event=settings-focus target=body
info: event=settings-focus target=body
info: event=settings-focus target=body
info: event=popup-closed
info: event=popup-opened output=1
info: event=session-focus target=settings-other
info: event=preferences-error detail=InvalidImage
info: event=preferences-applied revision=14 mode=dynamic cache=false
info: event=wallpaper-applications-applied generation=31 elapsed_us=10486 success=true
info: event=preferences-applied revision=15 mode=dynamic cache=true
info: event=wallpaper-applications-applied generation=33 elapsed_us=7002 success=true
info: event=preferences-applied revision=16 mode=static cache=false
info: event=wallpaper-applications-applied generation=35 elapsed_us=3554 success=true
info: event=preferences-error detail=GtkThemeNotInstalled
info: event=preferences-error detail=InvalidGtkTheme
info: event=preferences-applied revision=17 mode=gtk cache=false
info: event=wallpaper-applications-applied generation=39 elapsed_us=1418 success=true
info: event=preferences-applied revision=18 mode=gtk cache=false
info: event=wallpaper-applications-applied generation=41 elapsed_us=2428 success=true
info: event=preferences-error detail=EdgeOccupied
info: event=preferences-applied revision=19 mode=static cache=false
info: event=wallpaper-applications-applied generation=44 elapsed_us=2400 success=true
info: event=session-focus target=settings-gtk-name
info: event=popup-closed
info: event=preferences-applied revision=20 mode=static cache=false
info: event=wallpaper-applications-applied generation=46 elapsed_us=1963 success=true
info: event=popup-opened output=1
info: event=settings-focus target=body
info: event=settings-focus target=heading
info: event=settings-focus target=body
info: event=settings-focus target=section-chooser
info: event=settings-focus target=body
info: event=settings-focus target=body
info: event=settings-focus target=body
info: event=settings-focus target=body
info: event=settings-focus target=body
info: event=settings-focus target=body
info: event=settings-focus target=body
info: event=settings-focus target=body
info: event=settings-focus target=body
info: event=settings-focus target=body
info: event=settings-focus target=body
info: event=settings-focus target=body
info: event=settings-focus target=body
info: event=settings-focus target=body
info: event=settings-focus target=body
info: event=settings-focus target=body
info: event=popup-closed
info: event=popup-opened output=1
info: event=session-focus target=settings-other
info: event=session-focus target=settings-gtk-name
info: event=session-focus target=settings-seed
info: event=session-focus target=settings-wallpaper
info: event=session-focus target=settings-wallpaper-choose
info: event=session-focus target=settings-other
info: event=session-focus target=settings-color
info: event=session-focus target=settings-font
info: event=session-focus target=settings-other
info: event=session-focus target=settings-greeter-sync
info: event=session-focus target=settings-other
info: event=session-focus target=settings-merge
info: event=session-focus target=settings-other
info: event=session-focus target=settings-gtk-name
info: event=session-focus target=settings-seed
info: event=session-focus target=settings-wallpaper
info: event=session-focus target=settings-wallpaper-choose
info: event=session-focus target=settings-other
info: event=session-focus target=settings-color
info: event=session-focus target=settings-font
info: event=session-focus target=settings-other
info: event=session-focus target=settings-greeter-sync
info: event=session-focus target=settings-other
info: event=session-focus target=settings-apply
info: event=preferences-applied revision=21 mode=static cache=false
info: event=wallpaper-applications-applied generation=47 elapsed_us=2311 success=true
info: event=preferences-applied revision=22 mode=static cache=false
info: event=wallpaper-applications-applied generation=49 elapsed_us=3019 success=true
info: event=preferences-applied revision=23 mode=static cache=false
info: event=wallpaper-applications-applied generation=51 elapsed_us=2481 success=true
info: event=preferences-applied revision=24 mode=static cache=false
info: event=wallpaper-applications-applied generation=53 elapsed_us=2184 success=true
info: event=preferences-applied revision=25 mode=static cache=false
info: event=wallpaper-applications-applied generation=55 elapsed_us=3139 success=true
info: event=preferences-error detail=SaveFailed
info: event=app-index-ready entries=160 truncated=false
info: event=preferences-applied revision=26 mode=static cache=false
info: event=wallpaper-applications-applied generation=58 elapsed_us=2403 success=true
info: event=preferences-applied revision=27 mode=static cache=false
info: event=wallpaper-applications-applied generation=59 elapsed_us=1882 success=true
info: event=preferences-applied revision=28 mode=static cache=false
info: event=wallpaper-applications-applied generation=61 elapsed_us=2565 success=true
info: event=preferences-applied revision=29 mode=static cache=false
info: event=wallpaper-applications-applied generation=62 elapsed_us=3424 success=true
info(pearl): event=stopping reason=control-quit pending=false
info: event=popup-closed
info(pearl): event=aqueous-availability state=stopped
info(pearl): event=cleanup pending=false watched_objects=0
info(pearl): event=stopped
