[18:37:23.249747] {Default Queue}  -> wl_display#1.get_registry(new id wl_registry#2)
[18:37:23.249753] {Default Queue}  -> wl_display#1.sync(new id wl_callback#3)
[18:37:23.249810] {Display Queue} wl_display#1.delete_id(3)
[18:37:23.249812] {Default Queue} wl_registry#2.global(1, "wl_compositor", 6)
[18:37:23.249814] {Default Queue}  -> wl_registry#2.bind(1, "wl_compositor", 6, new id [unknown]#4)
[18:37:23.249816] {Default Queue} wl_registry#2.global(2, "wl_fixes", 1)
[18:37:23.249819] {Default Queue}  -> wl_registry#2.bind(2, "wl_fixes", 1, new id [unknown]#5)
[18:37:23.249821] {Default Queue} wl_registry#2.global(3, "wp_security_context_manager_v1", 1)
[18:37:23.249822] {Default Queue} wl_registry#2.global(4, "wl_shm", 2)
[18:37:23.249824] {Default Queue}  -> wl_registry#2.bind(4, "wl_shm", 1, new id [unknown]#6)
[18:37:23.249825] {Default Queue} wl_registry#2.global(5, "wp_single_pixel_buffer_manager_v1", 1)
[18:37:23.249826] {Default Queue}  -> wl_registry#2.bind(5, "wp_single_pixel_buffer_manager_v1", 1, new id [unknown]#7)
[18:37:23.249826] {Default Queue} wl_registry#2.global(6, "wp_alpha_modifier_v1", 1)
[18:37:23.249827] {Default Queue} wl_registry#2.global(7, "wp_color_representation_manager_v1", 1)
[18:37:23.249828] {Default Queue}  -> wl_registry#2.bind(7, "wp_color_representation_manager_v1", 1, new id [unknown]#8)
[18:37:23.249829] {Default Queue} wl_registry#2.global(8, "wp_content_type_manager_v1", 1)
[18:37:23.249830] {Default Queue} wl_registry#2.global(9, "wp_fifo_manager_v1", 1)
[18:37:23.249831] {Default Queue} wl_registry#2.global(10, "wp_commit_timing_manager_v1", 1)
[18:37:23.249832] {Default Queue} wl_registry#2.global(11, "xdg_wm_dialog_v1", 1)
[18:37:23.249833] {Default Queue}  -> wl_registry#2.bind(11, "xdg_wm_dialog_v1", 1, new id [unknown]#9)
[18:37:23.249833] {Default Queue} wl_registry#2.global(12, "xdg_toplevel_drag_manager_v1", 1)
[18:37:23.249834] {Default Queue} wl_registry#2.global(13, "xdg_toplevel_icon_manager_v1", 1)
[18:37:23.249835] {Default Queue}  -> wl_registry#2.bind(13, "xdg_toplevel_icon_manager_v1", 1, new id [unknown]#10)
[18:37:23.249836] {Default Queue} wl_registry#2.global(14, "xdg_toplevel_tag_manager_v1", 1)
[18:37:23.249836] {Default Queue} wl_registry#2.global(15, "wp_viewporter", 1)
[18:37:23.249837] {Default Queue}  -> wl_registry#2.bind(15, "wp_viewporter", 1, new id [unknown]#11)
[18:37:23.249838] {Default Queue} wl_registry#2.global(16, "wp_fractional_scale_manager_v1", 1)
[18:37:23.249839] {Default Queue}  -> wl_registry#2.bind(16, "wp_fractional_scale_manager_v1", 1, new id [unknown]#12)
[18:37:23.249840] {Default Queue} wl_registry#2.global(17, "wl_subcompositor", 1)
[18:37:23.249841] {Default Queue}  -> wl_registry#2.bind(17, "wl_subcompositor", 1, new id [unknown]#13)
[18:37:23.249842] {Default Queue} wl_registry#2.global(18, "wp_cursor_shape_manager_v1", 2)
[18:37:23.249842] {Default Queue}  -> wl_registry#2.bind(18, "wp_cursor_shape_manager_v1", 2, new id [unknown]#14)
[18:37:23.249843] {Default Queue} wl_registry#2.global(19, "xdg_wm_base", 7)
[18:37:23.249844] {Default Queue} wl_registry#2.global(20, "zxdg_decoration_manager_v1", 1)
[18:37:23.249845] {Default Queue} wl_registry#2.global(21, "org_kde_kwin_server_decoration_manager", 1)
[18:37:23.249845] {Default Queue}  -> wl_registry#2.bind(21, "org_kde_kwin_server_decoration_manager", 1, new id [unknown]#15)
[18:37:23.249846] {Default Queue} wl_registry#2.global(22, "xdg_activation_v1", 1)
[18:37:23.249847] {Default Queue}  -> wl_registry#2.bind(22, "xdg_activation_v1", 1, new id [unknown]#16)
[18:37:23.249848] {Default Queue} wl_registry#2.global(23, "zxdg_exporter_v2", 1)
[18:37:23.249848] {Default Queue}  -> wl_registry#2.bind(23, "zxdg_exporter_v2", 1, new id [unknown]#17)
[18:37:23.249849] {Default Queue} wl_registry#2.global(24, "zxdg_importer_v2", 1)
[18:37:23.249850] {Default Queue}  -> wl_registry#2.bind(24, "zxdg_importer_v2", 1, new id [unknown]#18)
[18:37:23.249851] {Default Queue} wl_registry#2.global(25, "wl_data_device_manager", 3)
[18:37:23.249851] {Default Queue}  -> wl_registry#2.bind(25, "wl_data_device_manager", 3, new id [unknown]#19)
[18:37:23.249852] {Default Queue} wl_registry#2.global(26, "zwp_primary_selection_device_manager_v1", 1)
[18:37:23.249853] {Default Queue}  -> wl_registry#2.bind(26, "zwp_primary_selection_device_manager_v1", 1, new id [unknown]#20)
[18:37:23.249853] {Default Queue} wl_registry#2.global(27, "ext_data_control_manager_v1", 1)
[18:37:23.249854] {Default Queue} wl_registry#2.global(28, "zwlr_data_control_manager_v1", 2)
[18:37:23.249855] {Default Queue} wl_registry#2.global(29, "zwlr_export_dmabuf_manager_v1", 1)
[18:37:23.249856] {Default Queue} wl_registry#2.global(30, "zwlr_screencopy_manager_v1", 3)
[18:37:23.249856] {Default Queue} wl_registry#2.global(31, "ext_image_copy_capture_manager_v1", 1)
[18:37:23.249860] {Default Queue} wl_registry#2.global(32, "aqueous_capture_color_manager_v1", 1)
[18:37:23.249869] {Default Queue} wl_registry#2.global(33, "ext_output_image_capture_source_manager_v1", 1)
[18:37:23.249869] {Default Queue} wl_registry#2.global(34, "zwlr_foreign_toplevel_manager_v1", 3)
[18:37:23.249870] {Default Queue} wl_registry#2.global(35, "ext_foreign_toplevel_list_v1", 1)
[18:37:23.249871] {Default Queue} wl_registry#2.global(36, "ext_foreign_toplevel_image_capture_source_manager_v1", 1)
[18:37:23.249872] {Default Queue} wl_registry#2.global(37, "wp_tearing_control_manager_v1", 1)
[18:37:23.249873] {Default Queue} wl_registry#2.global(38, "aqueous_window_manager_v1", 10)
[18:37:23.249873] {Default Queue} wl_registry#2.global(39, "ext_workspace_manager_v1", 1)
[18:37:23.249874] {Default Queue} wl_registry#2.global(40, "aqueous_window_info_manager_v1", 8)
[18:37:23.249875] {Default Queue} wl_registry#2.global(41, "aqueous_xkb_bindings_v1", 3)
[18:37:23.249876] {Default Queue} wl_registry#2.global(42, "aqueous_layer_shell_v1", 1)
[18:37:23.249877] {Default Queue} wl_registry#2.global(43, "zwlr_layer_shell_v1", 4)
[18:37:23.249877] {Default Queue} wl_registry#2.global(44, "zwlr_gamma_control_manager_v1", 1)
[18:37:23.249878] {Default Queue} wl_registry#2.global(45, "wp_presentation", 2)
[18:37:23.249879] {Default Queue}  -> wl_registry#2.bind(45, "wp_presentation", 1, new id [unknown]#21)
[18:37:23.249879] {Default Queue} wl_registry#2.global(46, "zxdg_output_manager_v1", 3)
[18:37:23.249880] {Default Queue}  -> wl_registry#2.bind(46, "zxdg_output_manager_v1", 3, new id [unknown]#22)
[18:37:23.249881] {Default Queue}  -> wl_display#1.sync(new id wl_callback#23)
[18:37:23.249882] {Default Queue} wl_registry#2.global(47, "zwlr_output_manager_v1", 4)
[18:37:23.249883] {Default Queue} wl_registry#2.global(48, "zwlr_output_power_manager_v1", 1)
[18:37:23.249884] {Default Queue} wl_registry#2.global(49, "aqueous_input_manager_v1", 2)
[18:37:23.249885] {Default Queue} wl_registry#2.global(50, "ext_idle_notifier_v1", 2)
[18:37:23.249885] {Default Queue} wl_registry#2.global(51, "zwp_relative_pointer_manager_v1", 1)
[18:37:23.249886] {Default Queue} wl_registry#2.global(52, "zwp_pointer_gestures_v1", 3)
[18:37:23.249887] {Default Queue}  -> wl_registry#2.bind(52, "zwp_pointer_gestures_v1", 3, new id [unknown]#24)
[18:37:23.249888] {Default Queue} wl_registry#2.global(53, "zwlr_virtual_pointer_manager_v1", 2)
[18:37:23.249889] {Default Queue} wl_registry#2.global(54, "zwp_virtual_keyboard_manager_v1", 1)
[18:37:23.249890] {Default Queue} wl_registry#2.global(55, "zwp_pointer_constraints_v1", 1)
[18:37:23.249890] {Default Queue} wl_registry#2.global(56, "zwp_input_method_manager_v2", 1)
[18:37:23.249891] {Default Queue} wl_registry#2.global(57, "zwp_text_input_manager_v3", 1)
[18:37:23.249892] {Default Queue} wl_registry#2.global(58, "zwp_tablet_manager_v2", 1)
[18:37:23.249893] {Default Queue}  -> wl_registry#2.bind(58, "zwp_tablet_manager_v2", 1, new id [unknown]#25)
[18:37:23.249893] {Default Queue} wl_registry#2.global(59, "wp_pointer_warp_v1", 1)
[18:37:23.249894] {Default Queue} wl_registry#2.global(60, "wl_seat", 9)
[18:37:23.249895] {Default Queue} wl_registry#2.global(61, "aqueous_libinput_config_v1", 2)
[18:37:23.249897] {Default Queue} wl_registry#2.global(62, "aqueous_xkb_config_v1", 2)
[18:37:23.249897] {Default Queue} wl_registry#2.global(63, "zwp_idle_inhibit_manager_v1", 1)
[18:37:23.249898] {Default Queue}  -> wl_registry#2.bind(63, "zwp_idle_inhibit_manager_v1", 1, new id [unknown]#26)
[18:37:23.249899] {Default Queue} wl_registry#2.global(64, "ext_session_lock_manager_v1", 1)
[18:37:23.249900] {Default Queue} wl_registry#2.global(65, "aqueous_shell_manager_v1", 2)
[18:37:23.249900] {Default Queue} wl_registry#2.global(66, "zwp_keyboard_shortcuts_inhibit_manager_v1", 1)
[18:37:23.249901] {Default Queue}  -> wl_registry#2.bind(66, "zwp_keyboard_shortcuts_inhibit_manager_v1", 1, new id [unknown]#27)
[18:37:23.249902] {Default Queue} wl_registry#2.global(67, "xdg_system_bell_v1", 1)
[18:37:23.249903] {Default Queue}  -> wl_registry#2.bind(67, "xdg_system_bell_v1", 1, new id [unknown]#28)
[18:37:23.249904] {Default Queue} wl_registry#2.global(68, "wl_output", 4)
[18:37:23.249904] {Default Queue}  -> wl_registry#2.bind(68, "wl_output", 4, new id [unknown]#29)
[18:37:23.249922] {Default Queue}  -> zxdg_output_manager_v1#22.get_xdg_output(new id zxdg_output_v1#30, wl_output#29)
[18:37:23.249927] {Default Queue}  -> wl_display#1.sync(new id wl_callback#31)
[18:37:23.249928] {Default Queue} wl_registry#2.global(69, "wl_output", 4)
[18:37:23.249929] {Default Queue}  -> wl_registry#2.bind(69, "wl_output", 4, new id [unknown]#32)
[18:37:23.249930] {Default Queue}  -> zxdg_output_manager_v1#22.get_xdg_output(new id zxdg_output_v1#33, wl_output#32)
[18:37:23.249932] {Default Queue}  -> wl_display#1.sync(new id wl_callback#34)
[18:37:23.249933] {Default Queue} wl_callback#3.done(1)
[18:37:23.249935] {Default Queue}  -> wl_registry#2.bind(60, "wl_seat", 9, new id [unknown]#3)
[18:37:23.250934] {Default Queue}  -> zwp_primary_selection_device_manager_v1#20.get_device(new id zwp_primary_selection_device_v1#35, wl_seat#3)
[18:37:23.250938] {Default Queue}  -> wl_data_device_manager#19.get_data_device(new id wl_data_device#36, wl_seat#3)
[18:37:23.250961] {Default Queue}  -> wl_compositor#4.create_surface(new id wl_surface#37)
[18:37:23.250963] {Default Queue}  -> wp_viewporter#11.get_viewport(new id wp_viewport#38, wl_surface#37)
[18:37:23.250964] {Default Queue}  -> wp_fractional_scale_manager_v1#12.get_fractional_scale(new id wp_fractional_scale_v1#39, wl_surface#37)
[18:37:23.250965] {Default Queue}  -> zwp_tablet_manager_v2#25.get_tablet_seat(new id zwp_tablet_seat_v2#40, wl_seat#3)
[18:37:23.250967] {Default Queue}  -> wl_display#1.sync(new id wl_callback#41)
[18:37:23.251055] {Display Queue} wl_display#1.delete_id(23)
[18:37:23.251057] {Display Queue} wl_display#1.delete_id(31)
[18:37:23.251058] {Display Queue} wl_display#1.delete_id(34)
[18:37:23.251058] {Display Queue} wl_display#1.delete_id(41)
[18:37:23.251059] {Default Queue} wl_shm#6.format(0)
[18:37:23.251060] {Default Queue} wl_shm#6.format(875709016)
[18:37:23.251060] {Default Queue} wl_shm#6.format(1)
[18:37:23.251061] {Default Queue} wl_shm#6.format(875708993)
[18:37:23.251061] {Default Queue} wl_shm#6.format(875708754)
[18:37:23.251062] {Default Queue} wl_shm#6.format(875714642)
[18:37:23.251062] {Default Queue} wl_shm#6.format(875708738)
[18:37:23.251063] {Default Queue} wl_shm#6.format(875714626)
[18:37:23.251063] {Default Queue} wl_shm#6.format(909199186)
[18:37:23.251064] {Default Queue} wl_shm#6.format(909199170)
[18:37:23.251064] {Default Queue} wl_shm#6.format(808669761)
[18:37:23.251065] {Default Queue} wl_shm#6.format(808669784)
[18:37:23.251065] {Default Queue} wl_shm#6.format(808665665)
[18:37:23.251066] {Default Queue} wl_shm#6.format(808665688)
[18:37:23.251066] {Default Queue} wl_shm#6.format(942948929)
[18:37:23.251067] {Default Queue} wp_color_representation_manager_v1#8.supported_alpha_mode(0)
[18:37:23.251067] {Default Queue} wp_color_representation_manager_v1#8.supported_coefficients_and_ranges(1, 1)
[18:37:23.251068] {Default Queue} wp_color_representation_manager_v1#8.done()
[18:37:23.251069] {Default Queue} discarded xdg_toplevel_icon_manager_v1#10.icon_size(32)
[18:37:23.251070] {Default Queue} discarded xdg_toplevel_icon_manager_v1#10.icon_size(64)
[18:37:23.251071] {Default Queue} discarded xdg_toplevel_icon_manager_v1#10.icon_size(128)
[18:37:23.251071] {Default Queue} discarded xdg_toplevel_icon_manager_v1#10.done()
[18:37:23.251071] {Default Queue} org_kde_kwin_server_decoration_manager#15.default_mode(1)
[18:37:23.251072] {Default Queue} discarded wp_presentation#21.clock_id(1)
[18:37:23.251073] {Default Queue} wl_callback#23.done(1)
[18:37:23.251074] {Default Queue} wl_output#29.geometry(0, 0, 0, 0, 0, "Unknown", "Unknown", 0)
[18:37:23.251077] {Default Queue} wl_output#29.mode(1, 1280, 720, 0)
[18:37:23.251078] {Default Queue} wl_output#29.scale(1)
[18:37:23.251079] {Default Queue} wl_output#29.name("HEADLESS-2")
[18:37:23.251080] {Default Queue} wl_output#29.description("Headless output 2")
[18:37:23.251080] {Default Queue} wl_output#29.done()
[18:37:23.251081] {Default Queue} zxdg_output_v1#30.name("HEADLESS-2")
[18:37:23.251082] {Default Queue} zxdg_output_v1#30.description("Headless output 2")
[18:37:23.251083] {Default Queue} zxdg_output_v1#30.logical_position(0, 0)
[18:37:23.251084] {Default Queue} zxdg_output_v1#30.logical_size(1280, 720)
[18:37:23.251084] {Default Queue} wl_output#29.done()
[18:37:23.251085] {Default Queue} wl_callback#31.done(1)
[18:37:23.251086] {Default Queue} wl_output#32.geometry(0, 0, 0, 0, 0, "Unknown", "Unknown", 0)
[18:37:23.251087] {Default Queue} wl_output#32.mode(1, 1280, 720, 0)
[18:37:23.251088] {Default Queue} wl_output#32.scale(1)
[18:37:23.251088] {Default Queue} wl_output#32.name("HEADLESS-1")
[18:37:23.251089] {Default Queue} wl_output#32.description("Headless output 1")
[18:37:23.251090] {Default Queue} wl_output#32.done()
[18:37:23.251090] {Default Queue} zxdg_output_v1#33.name("HEADLESS-1")
[18:37:23.251091] {Default Queue} zxdg_output_v1#33.description("Headless output 1")
[18:37:23.251091] {Default Queue} zxdg_output_v1#33.logical_position(1280, 0)
[18:37:23.251092] {Default Queue} zxdg_output_v1#33.logical_size(1280, 720)
[18:37:23.251093] {Default Queue} wl_output#32.done()
[18:37:23.251093] {Default Queue} wl_callback#34.done(1)
[18:37:23.251094] {Default Queue} wl_seat#3.name("default")
[18:37:23.251094] {Default Queue} wl_seat#3.capabilities(0)
[18:37:23.251095] {Default Queue} wl_callback#41.done(1)
[18:37:23.251096] {Default Queue}  -> wl_registry#2.bind(19, "xdg_wm_base", 7, new id [unknown]#41)
[18:37:23.251103] {Default Queue}  -> wl_display#1.get_registry(new id wl_registry#34)
[18:37:23.251104] {Default Queue}  -> wl_display#1.sync(new id wl_callback#31)
[18:37:23.251127] {Display Queue} wl_display#1.delete_id(31)
[18:37:23.251128] {Default Queue} wl_registry#34.global(1, "wl_compositor", 6)
[18:37:23.251129] {Default Queue} wl_registry#34.global(2, "wl_fixes", 1)
[18:37:23.251130] {Default Queue} wl_registry#34.global(3, "wp_security_context_manager_v1", 1)
[18:37:23.251131] {Default Queue} wl_registry#34.global(4, "wl_shm", 2)
[18:37:23.251131] {Default Queue} wl_registry#34.global(5, "wp_single_pixel_buffer_manager_v1", 1)
[18:37:23.251132] {Default Queue} wl_registry#34.global(6, "wp_alpha_modifier_v1", 1)
[18:37:23.251133] {Default Queue} wl_registry#34.global(7, "wp_color_representation_manager_v1", 1)
[18:37:23.251133] {Default Queue} wl_registry#34.global(8, "wp_content_type_manager_v1", 1)
[18:37:23.251134] {Default Queue} wl_registry#34.global(9, "wp_fifo_manager_v1", 1)
[18:37:23.251134] {Default Queue} wl_registry#34.global(10, "wp_commit_timing_manager_v1", 1)
[18:37:23.251135] {Default Queue} wl_registry#34.global(11, "xdg_wm_dialog_v1", 1)
[18:37:23.251136] {Default Queue} wl_registry#34.global(12, "xdg_toplevel_drag_manager_v1", 1)
[18:37:23.251136] {Default Queue} wl_registry#34.global(13, "xdg_toplevel_icon_manager_v1", 1)
[18:37:23.251137] {Default Queue} wl_registry#34.global(14, "xdg_toplevel_tag_manager_v1", 1)
[18:37:23.251137] {Default Queue} wl_registry#34.global(15, "wp_viewporter", 1)
[18:37:23.251138] {Default Queue} wl_registry#34.global(16, "wp_fractional_scale_manager_v1", 1)
[18:37:23.251139] {Default Queue} wl_registry#34.global(17, "wl_subcompositor", 1)
[18:37:23.251139] {Default Queue} wl_registry#34.global(18, "wp_cursor_shape_manager_v1", 2)
[18:37:23.251140] {Default Queue} wl_registry#34.global(19, "xdg_wm_base", 7)
[18:37:23.251140] {Default Queue} wl_registry#34.global(20, "zxdg_decoration_manager_v1", 1)
[18:37:23.251141] {Default Queue} wl_registry#34.global(21, "org_kde_kwin_server_decoration_manager", 1)
[18:37:23.251142] {Default Queue} wl_registry#34.global(22, "xdg_activation_v1", 1)
[18:37:23.251142] {Default Queue} wl_registry#34.global(23, "zxdg_exporter_v2", 1)
[18:37:23.251143] {Default Queue} wl_registry#34.global(24, "zxdg_importer_v2", 1)
[18:37:23.251143] {Default Queue} wl_registry#34.global(25, "wl_data_device_manager", 3)
[18:37:23.251144] {Default Queue} wl_registry#34.global(26, "zwp_primary_selection_device_manager_v1", 1)
[18:37:23.251145] {Default Queue} wl_registry#34.global(27, "ext_data_control_manager_v1", 1)
[18:37:23.251145] {Default Queue} wl_registry#34.global(28, "zwlr_data_control_manager_v1", 2)
[18:37:23.251146] {Default Queue} wl_registry#34.global(29, "zwlr_export_dmabuf_manager_v1", 1)
[18:37:23.251146] {Default Queue} wl_registry#34.global(30, "zwlr_screencopy_manager_v1", 3)
[18:37:23.251147] {Default Queue} wl_registry#34.global(31, "ext_image_copy_capture_manager_v1", 1)
[18:37:23.251148] {Default Queue} wl_registry#34.global(32, "aqueous_capture_color_manager_v1", 1)
[18:37:23.251148] {Default Queue} wl_registry#34.global(33, "ext_output_image_capture_source_manager_v1", 1)
[18:37:23.251149] {Default Queue} wl_registry#34.global(34, "zwlr_foreign_toplevel_manager_v1", 3)
[18:37:23.251149] {Default Queue} wl_registry#34.global(35, "ext_foreign_toplevel_list_v1", 1)
[18:37:23.251150] {Default Queue} wl_registry#34.global(36, "ext_foreign_toplevel_image_capture_source_manager_v1", 1)
[18:37:23.251151] {Default Queue} wl_registry#34.global(37, "wp_tearing_control_manager_v1", 1)
[18:37:23.251151] {Default Queue} wl_registry#34.global(38, "aqueous_window_manager_v1", 10)
[18:37:23.251152] {Default Queue} wl_registry#34.global(39, "ext_workspace_manager_v1", 1)
[18:37:23.251152] {Default Queue} wl_registry#34.global(40, "aqueous_window_info_manager_v1", 8)
[18:37:23.251153] {Default Queue} wl_registry#34.global(41, "aqueous_xkb_bindings_v1", 3)
[18:37:23.251154] {Default Queue} wl_registry#34.global(42, "aqueous_layer_shell_v1", 1)
[18:37:23.251154] {Default Queue} wl_registry#34.global(43, "zwlr_layer_shell_v1", 4)
[18:37:23.251155] {Default Queue}  -> wl_registry#34.bind(43, "zwlr_layer_shell_v1", 4, new id [unknown]#23)
[18:37:23.251156] {Default Queue} wl_registry#34.global(44, "zwlr_gamma_control_manager_v1", 1)
[18:37:23.251156] {Default Queue} wl_registry#34.global(45, "wp_presentation", 2)
[18:37:23.251157] {Default Queue} wl_registry#34.global(46, "zxdg_output_manager_v1", 3)
[18:37:23.251158] {Default Queue} wl_registry#34.global(47, "zwlr_output_manager_v1", 4)
[18:37:23.251158] {Default Queue} wl_registry#34.global(48, "zwlr_output_power_manager_v1", 1)
[18:37:23.251159] {Default Queue} wl_registry#34.global(49, "aqueous_input_manager_v1", 2)
[18:37:23.251159] {Default Queue} wl_registry#34.global(50, "ext_idle_notifier_v1", 2)
[18:37:23.251160] {Default Queue} wl_registry#34.global(51, "zwp_relative_pointer_manager_v1", 1)
[18:37:23.251161] {Default Queue} wl_registry#34.global(52, "zwp_pointer_gestures_v1", 3)
[18:37:23.251161] {Default Queue} wl_registry#34.global(53, "zwlr_virtual_pointer_manager_v1", 2)
[18:37:23.251162] {Default Queue} wl_registry#34.global(54, "zwp_virtual_keyboard_manager_v1", 1)
[18:37:23.251162] {Default Queue} wl_registry#34.global(55, "zwp_pointer_constraints_v1", 1)
[18:37:23.251163] {Default Queue} wl_registry#34.global(56, "zwp_input_method_manager_v2", 1)
[18:37:23.251164] {Default Queue} wl_registry#34.global(57, "zwp_text_input_manager_v3", 1)
[18:37:23.251164] {Default Queue} wl_registry#34.global(58, "zwp_tablet_manager_v2", 1)
[18:37:23.251165] {Default Queue} wl_registry#34.global(59, "wp_pointer_warp_v1", 1)
[18:37:23.251165] {Default Queue} wl_registry#34.global(60, "wl_seat", 9)
[18:37:23.251166] {Default Queue} wl_registry#34.global(61, "aqueous_libinput_config_v1", 2)
[18:37:23.251167] {Default Queue} wl_registry#34.global(62, "aqueous_xkb_config_v1", 2)
[18:37:23.251167] {Default Queue} wl_registry#34.global(63, "zwp_idle_inhibit_manager_v1", 1)
[18:37:23.251168] {Default Queue} wl_registry#34.global(64, "ext_session_lock_manager_v1", 1)
[18:37:23.251168] {Default Queue} wl_registry#34.global(65, "aqueous_shell_manager_v1", 2)
[18:37:23.251169] {Default Queue} wl_registry#34.global(66, "zwp_keyboard_shortcuts_inhibit_manager_v1", 1)
[18:37:23.251169] {Default Queue} wl_registry#34.global(67, "xdg_system_bell_v1", 1)
[18:37:23.251170] {Default Queue} wl_registry#34.global(68, "wl_output", 4)
[18:37:23.251171] {Default Queue} wl_registry#34.global(69, "wl_output", 4)
[18:37:23.251171] {Default Queue} wl_callback#31.done(1)
[18:37:23.265231] {Default Queue}  -> wl_display#1.get_registry(new id wl_registry#31)
[18:37:23.265681] {Default Queue}  -> wl_display#1.get_registry(new id wl_registry#42)
[18:37:23.265712] {Default Queue}  -> wl_display#1.sync(new id wl_callback#43)
ts=2026-10-08T18:37:23Z pid=276961 info(greeter): event=greeter-form ready=false
[18:37:23.265824] {Display Queue} wl_display#1.delete_id(43)
[18:37:23.265830] {Default Queue} wl_registry#31.global(1, "wl_compositor", 6)
[18:37:23.265832] {Default Queue} wl_registry#31.global(2, "wl_fixes", 1)
[18:37:23.265833] {Default Queue}  -> wl_registry#31.bind(2, "wl_fixes", 1, new id [unknown]#44)
[18:37:23.265834] {Default Queue} wl_registry#31.global(3, "wp_security_context_manager_v1", 1)
[18:37:23.265835] {Default Queue} wl_registry#31.global(4, "wl_shm", 2)
[18:37:23.265836] {Default Queue} wl_registry#31.global(5, "wp_single_pixel_buffer_manager_v1", 1)
[18:37:23.265836] {Default Queue} wl_registry#31.global(6, "wp_alpha_modifier_v1", 1)
[18:37:23.265837] {Default Queue} wl_registry#31.global(7, "wp_color_representation_manager_v1", 1)
[18:37:23.265838] {Default Queue} wl_registry#31.global(8, "wp_content_type_manager_v1", 1)
[18:37:23.265839] {Default Queue} wl_registry#31.global(9, "wp_fifo_manager_v1", 1)
[18:37:23.265840] {Default Queue} wl_registry#31.global(10, "wp_commit_timing_manager_v1", 1)
[18:37:23.265840] {Default Queue} wl_registry#31.global(11, "xdg_wm_dialog_v1", 1)
[18:37:23.265841] {Default Queue} wl_registry#31.global(12, "xdg_toplevel_drag_manager_v1", 1)
[18:37:23.265842] {Default Queue} wl_registry#31.global(13, "xdg_toplevel_icon_manager_v1", 1)
[18:37:23.265842] {Default Queue} wl_registry#31.global(14, "xdg_toplevel_tag_manager_v1", 1)
[18:37:23.265843] {Default Queue} wl_registry#31.global(15, "wp_viewporter", 1)
[18:37:23.265844] {Default Queue} wl_registry#31.global(16, "wp_fractional_scale_manager_v1", 1)
[18:37:23.265844] {Default Queue} wl_registry#31.global(17, "wl_subcompositor", 1)
[18:37:23.265845] {Default Queue} wl_registry#31.global(18, "wp_cursor_shape_manager_v1", 2)
[18:37:23.265845] {Default Queue} wl_registry#31.global(19, "xdg_wm_base", 7)
[18:37:23.265846] {Default Queue} wl_registry#31.global(20, "zxdg_decoration_manager_v1", 1)
[18:37:23.265847] {Default Queue} wl_registry#31.global(21, "org_kde_kwin_server_decoration_manager", 1)
[18:37:23.265847] {Default Queue} wl_registry#31.global(22, "xdg_activation_v1", 1)
[18:37:23.265848] {Default Queue} wl_registry#31.global(23, "zxdg_exporter_v2", 1)
[18:37:23.265848] {Default Queue} wl_registry#31.global(24, "zxdg_importer_v2", 1)
[18:37:23.265849] {Default Queue} wl_registry#31.global(25, "wl_data_device_manager", 3)
[18:37:23.265849] {Default Queue} wl_registry#31.global(26, "zwp_primary_selection_device_manager_v1", 1)
[18:37:23.265850] {Default Queue} wl_registry#31.global(27, "ext_data_control_manager_v1", 1)
[18:37:23.265851] {Default Queue} wl_registry#31.global(28, "zwlr_data_control_manager_v1", 2)
[18:37:23.265851] {Default Queue} wl_registry#31.global(29, "zwlr_export_dmabuf_manager_v1", 1)
[18:37:23.265852] {Default Queue} wl_registry#31.global(30, "zwlr_screencopy_manager_v1", 3)
[18:37:23.265852] {Default Queue} wl_registry#31.global(31, "ext_image_copy_capture_manager_v1", 1)
[18:37:23.265853] {Default Queue} wl_registry#31.global(32, "aqueous_capture_color_manager_v1", 1)
[18:37:23.265854] {Default Queue} wl_registry#31.global(33, "ext_output_image_capture_source_manager_v1", 1)
[18:37:23.265854] {Default Queue} wl_registry#31.global(34, "zwlr_foreign_toplevel_manager_v1", 3)
[18:37:23.265855] {Default Queue} wl_registry#31.global(35, "ext_foreign_toplevel_list_v1", 1)
[18:37:23.265856] {Default Queue} wl_registry#31.global(36, "ext_foreign_toplevel_image_capture_source_manager_v1", 1)
[18:37:23.265857] {Default Queue} wl_registry#31.global(37, "wp_tearing_control_manager_v1", 1)
[18:37:23.265857] {Default Queue} wl_registry#31.global(38, "aqueous_window_manager_v1", 10)
[18:37:23.265858] {Default Queue} wl_registry#31.global(39, "ext_workspace_manager_v1", 1)
[18:37:23.265858] {Default Queue} wl_registry#31.global(40, "aqueous_window_info_manager_v1", 8)
[18:37:23.265859] {Default Queue} wl_registry#31.global(41, "aqueous_xkb_bindings_v1", 3)
[18:37:23.265860] {Default Queue} wl_registry#31.global(42, "aqueous_layer_shell_v1", 1)
[18:37:23.265860] {Default Queue} wl_registry#31.global(43, "zwlr_layer_shell_v1", 4)
[18:37:23.265861] {Default Queue} wl_registry#31.global(44, "zwlr_gamma_control_manager_v1", 1)
[18:37:23.265861] {Default Queue} wl_registry#31.global(45, "wp_presentation", 2)
[18:37:23.265862] {Default Queue} wl_registry#31.global(46, "zxdg_output_manager_v1", 3)
[18:37:23.265863] {Default Queue} wl_registry#31.global(47, "zwlr_output_manager_v1", 4)
[18:37:23.265863] {Default Queue} wl_registry#31.global(48, "zwlr_output_power_manager_v1", 1)
[18:37:23.265864] {Default Queue} wl_registry#31.global(49, "aqueous_input_manager_v1", 2)
[18:37:23.265864] {Default Queue} wl_registry#31.global(50, "ext_idle_notifier_v1", 2)
[18:37:23.265865] {Default Queue} wl_registry#31.global(51, "zwp_relative_pointer_manager_v1", 1)
[18:37:23.265866] {Default Queue} wl_registry#31.global(52, "zwp_pointer_gestures_v1", 3)
[18:37:23.265866] {Default Queue} wl_registry#31.global(53, "zwlr_virtual_pointer_manager_v1", 2)
[18:37:23.265867] {Default Queue} wl_registry#31.global(54, "zwp_virtual_keyboard_manager_v1", 1)
[18:37:23.265867] {Default Queue} wl_registry#31.global(55, "zwp_pointer_constraints_v1", 1)
[18:37:23.265868] {Default Queue} wl_registry#31.global(56, "zwp_input_method_manager_v2", 1)
[18:37:23.265869] {Default Queue} wl_registry#31.global(57, "zwp_text_input_manager_v3", 1)
[18:37:23.265869] {Default Queue}  -> wl_registry#31.bind(57, "zwp_text_input_manager_v3", 1, new id [unknown]#45)
[18:37:23.265871] {Default Queue}  -> zwp_text_input_manager_v3#45.get_text_input(new id zwp_text_input_v3#46, wl_seat#3)
[18:37:23.265872] {Default Queue} wl_registry#31.global(58, "zwp_tablet_manager_v2", 1)
[18:37:23.265873] {Default Queue} wl_registry#31.global(59, "wp_pointer_warp_v1", 1)
[18:37:23.265873] {Default Queue} wl_registry#31.global(60, "wl_seat", 9)
[18:37:23.265874] {Default Queue} wl_registry#31.global(61, "aqueous_libinput_config_v1", 2)
[18:37:23.265875] {Default Queue} wl_registry#31.global(62, "aqueous_xkb_config_v1", 2)
[18:37:23.265875] {Default Queue} wl_registry#31.global(63, "zwp_idle_inhibit_manager_v1", 1)
[18:37:23.265876] {Default Queue} wl_registry#31.global(64, "ext_session_lock_manager_v1", 1)
[18:37:23.265876] {Default Queue} wl_registry#31.global(65, "aqueous_shell_manager_v1", 2)
[18:37:23.265877] {Default Queue} wl_registry#31.global(66, "zwp_keyboard_shortcuts_inhibit_manager_v1", 1)
[18:37:23.265878] {Default Queue} wl_registry#31.global(67, "xdg_system_bell_v1", 1)
[18:37:23.265878] {Default Queue} wl_registry#31.global(68, "wl_output", 4)
[18:37:23.265879] {Default Queue} wl_registry#31.global(69, "wl_output", 4)
[18:37:23.265880] {Default Queue} wl_registry#42.global(1, "wl_compositor", 6)
[18:37:23.265881] {Default Queue} wl_registry#42.global(2, "wl_fixes", 1)
[18:37:23.265881] {Default Queue} wl_registry#42.global(3, "wp_security_context_manager_v1", 1)
[18:37:23.265882] {Default Queue} wl_registry#42.global(4, "wl_shm", 2)
[18:37:23.265882] {Default Queue} wl_registry#42.global(5, "wp_single_pixel_buffer_manager_v1", 1)
[18:37:23.265883] {Default Queue} wl_registry#42.global(6, "wp_alpha_modifier_v1", 1)
[18:37:23.265883] {Default Queue} wl_registry#42.global(7, "wp_color_representation_manager_v1", 1)
[18:37:23.265884] {Default Queue} wl_registry#42.global(8, "wp_content_type_manager_v1", 1)
[18:37:23.265884] {Default Queue} wl_registry#42.global(9, "wp_fifo_manager_v1", 1)
[18:37:23.265885] {Default Queue} wl_registry#42.global(10, "wp_commit_timing_manager_v1", 1)
[18:37:23.265886] {Default Queue} wl_registry#42.global(11, "xdg_wm_dialog_v1", 1)
[18:37:23.265886] {Default Queue} wl_registry#42.global(12, "xdg_toplevel_drag_manager_v1", 1)
[18:37:23.265887] {Default Queue} wl_registry#42.global(13, "xdg_toplevel_icon_manager_v1", 1)
[18:37:23.265887] {Default Queue} wl_registry#42.global(14, "xdg_toplevel_tag_manager_v1", 1)
[18:37:23.265888] {Default Queue} wl_registry#42.global(15, "wp_viewporter", 1)
[18:37:23.265888] {Default Queue} wl_registry#42.global(16, "wp_fractional_scale_manager_v1", 1)
[18:37:23.265889] {Default Queue} wl_registry#42.global(17, "wl_subcompositor", 1)
[18:37:23.265889] {Default Queue} wl_registry#42.global(18, "wp_cursor_shape_manager_v1", 2)
[18:37:23.265890] {Default Queue} wl_registry#42.global(19, "xdg_wm_base", 7)
[18:37:23.265890] {Default Queue} wl_registry#42.global(20, "zxdg_decoration_manager_v1", 1)
[18:37:23.265891] {Default Queue} wl_registry#42.global(21, "org_kde_kwin_server_decoration_manager", 1)
[18:37:23.265891] {Default Queue} wl_registry#42.global(22, "xdg_activation_v1", 1)
[18:37:23.265892] {Default Queue} wl_registry#42.global(23, "zxdg_exporter_v2", 1)
[18:37:23.265892] {Default Queue} wl_registry#42.global(24, "zxdg_importer_v2", 1)
[18:37:23.265893] {Default Queue} wl_registry#42.global(25, "wl_data_device_manager", 3)
[18:37:23.265893] {Default Queue} wl_registry#42.global(26, "zwp_primary_selection_device_manager_v1", 1)
[18:37:23.265894] {Default Queue} wl_registry#42.global(27, "ext_data_control_manager_v1", 1)
[18:37:23.265894] {Default Queue} wl_registry#42.global(28, "zwlr_data_control_manager_v1", 2)
[18:37:23.265895] {Default Queue} wl_registry#42.global(29, "zwlr_export_dmabuf_manager_v1", 1)
[18:37:23.265895] {Default Queue} wl_registry#42.global(30, "zwlr_screencopy_manager_v1", 3)
[18:37:23.265896] {Default Queue} wl_registry#42.global(31, "ext_image_copy_capture_manager_v1", 1)
[18:37:23.265897] {Default Queue} wl_registry#42.global(32, "aqueous_capture_color_manager_v1", 1)
[18:37:23.265897] {Default Queue} wl_registry#42.global(33, "ext_output_image_capture_source_manager_v1", 1)
[18:37:23.265898] {Default Queue} wl_registry#42.global(34, "zwlr_foreign_toplevel_manager_v1", 3)
[18:37:23.265898] {Default Queue} wl_registry#42.global(35, "ext_foreign_toplevel_list_v1", 1)
[18:37:23.265899] {Default Queue} wl_registry#42.global(36, "ext_foreign_toplevel_image_capture_source_manager_v1", 1)
[18:37:23.265899] {Default Queue} wl_registry#42.global(37, "wp_tearing_control_manager_v1", 1)
[18:37:23.265900] {Default Queue} wl_registry#42.global(38, "aqueous_window_manager_v1", 10)
[18:37:23.265901] {Default Queue} wl_registry#42.global(39, "ext_workspace_manager_v1", 1)
[18:37:23.265901] {Default Queue} wl_registry#42.global(40, "aqueous_window_info_manager_v1", 8)
[18:37:23.265902] {Default Queue} wl_registry#42.global(41, "aqueous_xkb_bindings_v1", 3)
[18:37:23.265902] {Default Queue} wl_registry#42.global(42, "aqueous_layer_shell_v1", 1)
[18:37:23.265903] {Default Queue} wl_registry#42.global(43, "zwlr_layer_shell_v1", 4)
[18:37:23.265904] {Default Queue} wl_registry#42.global(44, "zwlr_gamma_control_manager_v1", 1)
[18:37:23.265905] {Default Queue} wl_registry#42.global(45, "wp_presentation", 2)
[18:37:23.265905] {Default Queue} wl_registry#42.global(46, "zxdg_output_manager_v1", 3)
[18:37:23.265906] {Default Queue} wl_registry#42.global(47, "zwlr_output_manager_v1", 4)
[18:37:23.265906] {Default Queue}  -> wl_registry#42.bind(47, "zwlr_output_manager_v1", 3, new id [unknown]#47)
[18:37:23.265908] {Default Queue} wl_registry#42.global(48, "zwlr_output_power_manager_v1", 1)
[18:37:23.265909] {Default Queue} wl_registry#42.global(49, "aqueous_input_manager_v1", 2)
[18:37:23.265909] {Default Queue} wl_registry#42.global(50, "ext_idle_notifier_v1", 2)
[18:37:23.265910] {Default Queue} wl_registry#42.global(51, "zwp_relative_pointer_manager_v1", 1)
[18:37:23.265910] {Default Queue} wl_registry#42.global(52, "zwp_pointer_gestures_v1", 3)
[18:37:23.265911] {Default Queue} wl_registry#42.global(53, "zwlr_virtual_pointer_manager_v1", 2)
[18:37:23.265911] {Default Queue} wl_registry#42.global(54, "zwp_virtual_keyboard_manager_v1", 1)
[18:37:23.265912] {Default Queue} wl_registry#42.global(55, "zwp_pointer_constraints_v1", 1)
[18:37:23.265913] {Default Queue} wl_registry#42.global(56, "zwp_input_method_manager_v2", 1)
[18:37:23.265913] {Default Queue} wl_registry#42.global(57, "zwp_text_input_manager_v3", 1)
[18:37:23.265914] {Default Queue} wl_registry#42.global(58, "zwp_tablet_manager_v2", 1)
[18:37:23.265914] {Default Queue} wl_registry#42.global(59, "wp_pointer_warp_v1", 1)
[18:37:23.265915] {Default Queue} wl_registry#42.global(60, "wl_seat", 9)
[18:37:23.265915] {Default Queue} wl_registry#42.global(61, "aqueous_libinput_config_v1", 2)
[18:37:23.265916] {Default Queue} wl_registry#42.global(62, "aqueous_xkb_config_v1", 2)
[18:37:23.265916] {Default Queue} wl_registry#42.global(63, "zwp_idle_inhibit_manager_v1", 1)
[18:37:23.265917] {Default Queue} wl_registry#42.global(64, "ext_session_lock_manager_v1", 1)
[18:37:23.265917] {Default Queue} wl_registry#42.global(65, "aqueous_shell_manager_v1", 2)
[18:37:23.265918] {Default Queue} wl_registry#42.global(66, "zwp_keyboard_shortcuts_inhibit_manager_v1", 1)
[18:37:23.265918] {Default Queue} wl_registry#42.global(67, "xdg_system_bell_v1", 1)
[18:37:23.265919] {Default Queue} wl_registry#42.global(68, "wl_output", 4)
[18:37:23.265920] {Default Queue} wl_registry#42.global(69, "wl_output", 4)
[18:37:23.265920] {Default Queue} wl_callback#43.done(1)
ts=2026-10-08T18:37:23Z pid=276961 info(greeter): event=greeter-account count=0 selected=0 manual=true
ts=2026-10-08T18:37:23Z pid=276961 info(greeter): event=greeter-selection desktop=wayland:fixture.desktop
ts=2026-10-08T18:37:23Z pid=276961 info(greeter): event=greeter-selection desktop=wayland:fixture.desktop
ts=2026-10-08T18:37:23Z pid=276961 info(greeter): event=greeter-ready sessions=1
[18:37:23.266071] {Default Queue} zwlr_output_manager_v1#47.head(new id zwlr_output_head_v1#4278190080)
[18:37:23.266073] {Default Queue} zwlr_output_head_v1#4278190080.name("HEADLESS-2")
[18:37:23.266074] {Default Queue} zwlr_output_head_v1#4278190080.description("Headless output 2")
[18:37:23.266075] {Default Queue} zwlr_output_head_v1#4278190080.mode(new id zwlr_output_mode_v1#4278190081)
[18:37:23.266076] {Default Queue} zwlr_output_head_v1#4278190080.enabled(1)
[18:37:23.266077] {Default Queue} zwlr_output_mode_v1#4278190081.size(1280, 720)
[18:37:23.266078] {Default Queue} zwlr_output_head_v1#4278190080.current_mode(zwlr_output_mode_v1#4278190081)
[18:37:23.266079] {Default Queue} zwlr_output_head_v1#4278190080.position(0, 0)
[18:37:23.266080] {Default Queue} zwlr_output_head_v1#4278190080.transform(0)
[18:37:23.266080] {Default Queue} zwlr_output_head_v1#4278190080.scale(1.00000000)
[18:37:23.266081] {Default Queue} zwlr_output_manager_v1#47.head(new id zwlr_output_head_v1#4278190082)
[18:37:23.266082] {Default Queue} zwlr_output_head_v1#4278190082.name("HEADLESS-1")
[18:37:23.266083] {Default Queue} zwlr_output_head_v1#4278190082.description("Headless output 1")
[18:37:23.266083] {Default Queue} zwlr_output_head_v1#4278190082.mode(new id zwlr_output_mode_v1#4278190083)
[18:37:23.266084] {Default Queue} zwlr_output_head_v1#4278190082.enabled(1)
[18:37:23.266084] {Default Queue} zwlr_output_mode_v1#4278190083.size(1280, 720)
[18:37:23.266085] {Default Queue} zwlr_output_head_v1#4278190082.current_mode(zwlr_output_mode_v1#4278190083)
[18:37:23.266085] {Default Queue} zwlr_output_head_v1#4278190082.position(1280, 0)
[18:37:23.266086] {Default Queue} zwlr_output_head_v1#4278190082.transform(0)
[18:37:23.266086] {Default Queue} zwlr_output_head_v1#4278190082.scale(1.00000000)
[18:37:23.266087] {Default Queue} zwlr_output_manager_v1#47.done(1)
ts=2026-10-08T18:37:23Z pid=276961 info(greeter): event=greeter-active-output connector=HEADLESS-1
[18:37:23.266494] {Default Queue}  -> zwp_text_input_v3#46.set_surrounding_text("", 0, 0)
[18:37:23.266497] {Default Queue}  -> zwp_text_input_v3#46.set_text_change_cause(1)
[18:37:23.266498] {Default Queue}  -> zwp_text_input_v3#46.set_content_type(0, 0)
[18:37:23.266499] {Default Queue}  -> zwp_text_input_v3#46.set_cursor_rectangle(0, 0, 0, 0)
[18:37:23.266500] {Default Queue}  -> zwp_text_input_v3#46.commit()
[18:37:23.268687] {Default Queue}  -> wl_compositor#4.create_surface(new id wl_surface#43)
[18:37:23.268691] {Default Queue}  -> wp_fractional_scale_manager_v1#12.get_fractional_scale(new id wp_fractional_scale_v1#48, wl_surface#43)
[18:37:23.268694] {Default Queue}  -> wp_viewporter#11.get_viewport(new id wp_viewport#49, wl_surface#43)
[18:37:23.268720] {Default Queue}  -> xdg_toplevel_icon_manager_v1#10.create_icon(new id xdg_toplevel_icon_v1#50)
[18:37:23.268733] {Default Queue}  -> zwlr_layer_shell_v1#23.get_layer_surface(new id zwlr_layer_surface_v1#51, wl_surface#43, wl_output#32, 3, "pearl-greeter")
[18:37:23.268735] {Default Queue}  -> zwlr_layer_surface_v1#51.set_keyboard_interactivity(1)
[18:37:23.268736] {Default Queue}  -> zwlr_layer_surface_v1#51.set_exclusive_zone(-1)
[18:37:23.268737] {Default Queue}  -> zwlr_layer_surface_v1#51.set_anchor(15)
[18:37:23.268738] {Default Queue}  -> zwlr_layer_surface_v1#51.set_margin(0, 0, 0, 0)
[18:37:23.268739] {Default Queue}  -> zwlr_layer_surface_v1#51.set_size(0, 0)
[18:37:23.268743]  -> wl_surface#43.commit()
[18:37:23.268815] {Default Queue}  -> xdg_activation_v1#16.get_activation_token(new id xdg_activation_token_v1#52)
[18:37:23.268818]  -> xdg_activation_token_v1#52.set_serial(0, wl_seat#3)
[18:37:23.268819]  -> xdg_activation_token_v1#52.commit()
[18:37:23.269003] xdg_activation_token_v1#52.done("3b8557ae7e36644a23a57b3da159b761")
[18:37:23.269005]  -> xdg_activation_token_v1#52.destroy()
[18:37:23.269006] {Default Queue}  -> xdg_activation_v1#16.activate("3b8557ae7e36644a23a57b3da159b761", wl_surface#43)
[18:37:23.269112] {Default Queue}  -> wl_compositor#4.create_surface(new id wl_surface#53)
[18:37:23.269114] {Default Queue}  -> wp_fractional_scale_manager_v1#12.get_fractional_scale(new id wp_fractional_scale_v1#54, wl_surface#53)
[18:37:23.269116] {Default Queue}  -> wp_viewporter#11.get_viewport(new id wp_viewport#55, wl_surface#53)
[18:37:23.269125] {Default Queue}  -> xdg_toplevel_icon_manager_v1#10.create_icon(new id xdg_toplevel_icon_v1#56)
[18:37:23.269130] {Default Queue}  -> zwlr_layer_shell_v1#23.get_layer_surface(new id zwlr_layer_surface_v1#57, wl_surface#53, wl_output#29, 3, "pearl-greeter")
[18:37:23.269132] {Default Queue}  -> zwlr_layer_surface_v1#57.set_keyboard_interactivity(0)
[18:37:23.269132] {Default Queue}  -> zwlr_layer_surface_v1#57.set_exclusive_zone(-1)
[18:37:23.269133] {Default Queue}  -> zwlr_layer_surface_v1#57.set_anchor(15)
[18:37:23.269133] {Default Queue}  -> zwlr_layer_surface_v1#57.set_margin(0, 0, 0, 0)
[18:37:23.269134] {Default Queue}  -> zwlr_layer_surface_v1#57.set_size(0, 0)
[18:37:23.269136]  -> wl_surface#53.commit()
[18:37:23.269147] {Default Queue}  -> xdg_activation_v1#16.get_activation_token(new id xdg_activation_token_v1#58)
[18:37:23.269148]  -> xdg_activation_token_v1#58.set_serial(0, wl_seat#3)
[18:37:23.269149]  -> xdg_activation_token_v1#58.commit()
[18:37:23.269189] {Display Queue} wl_display#1.delete_id(52)
[18:37:23.269191] xdg_activation_token_v1#58.done("816c48c5333d5e1d1e3183c57711f6c7")
[18:37:23.269191]  -> xdg_activation_token_v1#58.destroy()
[18:37:23.269192] {Default Queue}  -> xdg_activation_v1#16.activate("816c48c5333d5e1d1e3183c57711f6c7", wl_surface#53)
ts=2026-10-08T18:37:23Z pid=276961 info(greeter): event=greeter-outputs interactive=1
[18:37:23.269201] {Default Queue} zwlr_layer_surface_v1#51.configure(2, 1280, 720)
[18:37:23.269208] {Default Queue}  -> zwlr_layer_surface_v1#51.ack_configure(2)
[18:37:23.269209] {Default Queue} zwlr_layer_surface_v1#57.configure(3, 1280, 720)
[18:37:23.269210] {Default Queue}  -> zwlr_layer_surface_v1#57.ack_configure(3)
[18:37:23.274362] {Default Queue}  -> zwp_text_input_v3#46.set_cursor_rectangle(498, 262, 0, 26)
[18:37:23.274366] {Default Queue}  -> zwp_text_input_v3#46.commit()
[18:37:23.274624] {Default Queue}  -> wl_shm#6.create_pool(new id wl_shm_pool#52, fd 8, 3686400)
[18:37:23.274633] {Default Queue}  -> wl_shm_pool#52.create_buffer(new id wl_buffer#59, 0, 1280, 720, 5120, 0)
[18:37:23.278153] {Default Queue}  -> wl_compositor#4.create_region(new id wl_region#60)
[18:37:23.278156] {Default Queue}  -> wl_region#60.add(0, 0, 1280, 720)
[18:37:23.278158]  -> wl_surface#43.set_opaque_region(wl_region#60)
[18:37:23.278159] {Default Queue}  -> wl_region#60.destroy()
[18:37:23.278160] {Default Queue}  -> wp_viewport#49.set_destination(1280, 720)
[18:37:23.278162]  -> wl_surface#43.attach(wl_buffer#59, 0, 0)
[18:37:23.278163]  -> wl_surface#43.damage_buffer(0, 0, 1280, 720)
[18:37:23.278164]  -> wl_surface#43.frame(new id wl_callback#61)
[18:37:23.278166] {Default Queue}  -> wp_presentation#21.feedback(wl_surface#43, new id wp_presentation_feedback#62)
[18:37:23.278167]  -> wl_surface#43.commit()
[18:37:23.278563] {Default Queue}  -> wl_shm#6.create_pool(new id wl_shm_pool#63, fd 9, 3686400)
[18:37:23.278567] {Default Queue}  -> wl_shm_pool#63.create_buffer(new id wl_buffer#64, 0, 1280, 720, 5120, 0)
[18:37:23.280797] {Default Queue}  -> wl_compositor#4.create_region(new id wl_region#65)
[18:37:23.280799] {Default Queue}  -> wl_region#65.add(0, 0, 1280, 720)
[18:37:23.280800]  -> wl_surface#53.set_opaque_region(wl_region#65)
[18:37:23.280801] {Default Queue}  -> wl_region#65.destroy()
[18:37:23.280802] {Default Queue}  -> wp_viewport#55.set_destination(1280, 720)
[18:37:23.280803]  -> wl_surface#53.attach(wl_buffer#64, 0, 0)
[18:37:23.280804]  -> wl_surface#53.damage_buffer(0, 0, 1280, 720)
[18:37:23.280805]  -> wl_surface#53.frame(new id wl_callback#66)
[18:37:23.280807] {Default Queue}  -> wp_presentation#21.feedback(wl_surface#53, new id wp_presentation_feedback#67)
[18:37:23.280808]  -> wl_surface#53.commit()
[18:37:23.280975] {Display Queue} wl_display#1.delete_id(58)
[18:37:23.280979] {Display Queue} wl_display#1.delete_id(60)
[18:37:23.280981] {Display Queue} wl_display#1.delete_id(65)
[18:37:23.280981] {Default Queue} zwlr_layer_surface_v1#51.configure(4, 1280, 720)
[18:37:23.280985] {Default Queue}  -> zwlr_layer_surface_v1#51.ack_configure(4)
[18:37:23.280987] {Default Queue} wp_fractional_scale_v1#48.preferred_scale(120)
[18:37:23.280988] {Default Queue} zwlr_layer_surface_v1#57.configure(5, 1280, 720)
[18:37:23.280989] {Default Queue}  -> zwlr_layer_surface_v1#57.ack_configure(5)
[18:37:23.280989] {Default Queue} wp_fractional_scale_v1#54.preferred_scale(120)
[18:37:23.280990] {Default Queue} wl_data_device#36.selection(nil)
[18:37:23.280995] {Default Queue} zwp_primary_selection_device_v1#35.selection(nil)
[18:37:23.280997] wl_surface#53.enter(wl_output#29)
[18:37:23.281006] wl_surface#53.preferred_buffer_scale(1)
[18:37:23.281007] wl_surface#43.enter(wl_output#32)
[18:37:23.281034] wl_surface#43.preferred_buffer_scale(1)
[18:37:23.285006] {Display Queue} wl_display#1.delete_id(66)
[18:37:23.285008] {Display Queue} wl_display#1.delete_id(67)
[18:37:23.285009] {Display Queue} wl_display#1.delete_id(61)
[18:37:23.285010] {Display Queue} wl_display#1.delete_id(62)
[18:37:23.285011] {Default Queue} wl_callback#66.done(20425128)
[18:37:23.285016] {Default Queue} wp_presentation_feedback#67.sync_output(wl_output#29)
[18:37:23.285018] {Default Queue} wp_presentation_feedback#67.presented(0, 20425, 128660349, 0, 0, 0, 0)
[18:37:23.285021] {Default Queue} wl_callback#61.done(20425128)
[18:37:23.285022] {Default Queue} wp_presentation_feedback#62.sync_output(wl_output#32)
[18:37:23.285023] {Default Queue} wp_presentation_feedback#62.presented(0, 20425, 128667029, 0, 0, 0, 0)
[18:37:23.285038]  -> wl_surface#53.commit()
[18:37:23.285066]  -> wl_surface#43.commit()
[18:37:23.289267] {Default Queue} zwlr_layer_surface_v1#57.configure(9, 1280, 720)
[18:37:23.289280] {Default Queue}  -> zwlr_layer_surface_v1#57.ack_configure(9)
[18:37:23.289283] {Default Queue} zxdg_output_v1#30.logical_position(2560, 0)
[18:37:23.289285] {Default Queue} zxdg_output_v1#30.logical_size(1280, 720)
[18:37:23.289286] {Default Queue} zwlr_output_head_v1#4278190080.position(2560, 0)
[18:37:23.289289] {Default Queue} zwlr_output_manager_v1#47.done(10)
[18:37:23.289297] {Default Queue} wl_output#29.done()
ts=2026-10-08T18:37:23Z pid=276961 info(greeter): event=greeter-outputs interactive=1
[18:37:23.301764]  -> wl_surface#53.commit()
[18:37:23.590785] discarded [unknown]#34.[event 1](0 fd, 12 byte)
[18:37:23.590797] {Default Queue} wl_registry#42.global_remove(69)
[18:37:23.590799] {Default Queue} wl_registry#31.global_remove(69)
[18:37:23.590802] {Default Queue} wl_registry#2.global_remove(69)
[18:37:23.590886] {Default Queue}  -> zwlr_layer_surface_v1#51.destroy()
[18:37:23.590890]  -> wl_surface#43.attach(nil, 0, 0)
[18:37:23.590891]  -> wl_surface#43.commit()
[18:37:23.590945] {Default Queue}  -> wp_viewport#49.destroy()
[18:37:23.590946] {Default Queue}  -> wp_fractional_scale_v1#48.destroy()
[18:37:23.590947]  -> wl_surface#43.destroy()
[18:37:23.590954] {Default Queue}  -> xdg_toplevel_icon_v1#50.destroy()
[18:37:23.590970] {Default Queue}  -> wl_compositor#4.create_surface(new id wl_surface#62)
[18:37:23.590972] {Default Queue}  -> wp_fractional_scale_manager_v1#12.get_fractional_scale(new id wp_fractional_scale_v1#61, wl_surface#62)
[18:37:23.590974] {Default Queue}  -> wp_viewporter#11.get_viewport(new id wp_viewport#67, wl_surface#62)
[18:37:23.591000] {Default Queue}  -> xdg_toplevel_icon_manager_v1#10.create_icon(new id xdg_toplevel_icon_v1#66)
[18:37:23.591086] {Default Queue}  -> zwlr_layer_shell_v1#23.get_layer_surface(new id zwlr_layer_surface_v1#65, wl_surface#62, nil, 3, "pearl-greeter")
[18:37:23.591088] {Default Queue}  -> zwlr_layer_surface_v1#65.set_keyboard_interactivity(1)
[18:37:23.591089] {Default Queue}  -> zwlr_layer_surface_v1#65.set_exclusive_zone(-1)
[18:37:23.591090] {Default Queue}  -> zwlr_layer_surface_v1#65.set_anchor(15)
[18:37:23.591091] {Default Queue}  -> zwlr_layer_surface_v1#65.set_margin(0, 0, 0, 0)
[18:37:23.591092] {Default Queue}  -> zwlr_layer_surface_v1#65.set_size(0, 0)
[18:37:23.591096]  -> wl_surface#62.commit()
[18:37:23.591099] {Default Queue} wl_output#29.geometry(0, 0, 0, 0, 0, "Unknown", "Unknown", 0)
[18:37:23.591102] {Default Queue} wl_output#29.scale(1)
[18:37:23.591103] {Default Queue} zwlr_output_head_v1#4278190082.enabled(0)
[18:37:23.591105] {Default Queue} zwlr_output_manager_v1#47.done(13)
[18:37:23.591109] {Default Queue} wl_output#29.done()
[18:37:23.591257] {Default Queue}  -> zwlr_layer_surface_v1#65.set_keyboard_interactivity(0)
[18:37:23.591262] {Default Queue}  -> zwlr_layer_surface_v1#65.destroy()
[18:37:23.591263]  -> wl_surface#62.attach(nil, 0, 0)
[18:37:23.591264]  -> wl_surface#62.commit()
[18:37:23.591269] {Default Queue}  -> wp_viewport#67.destroy()
[18:37:23.591270] {Default Queue}  -> wp_fractional_scale_v1#61.destroy()
[18:37:23.591270]  -> wl_surface#62.destroy()
[18:37:23.591273] {Default Queue}  -> xdg_toplevel_icon_v1#66.destroy()
[18:37:23.591310] {Default Queue}  -> zxdg_output_v1#33.destroy()
[18:37:23.591311] {Default Queue}  -> wl_output#32.release()
ts=2026-10-08T18:37:23Z pid=276961 info(greeter): event=greeter-active-output connector=HEADLESS-2
[18:37:23.591662] {Default Queue}  -> zwlr_layer_surface_v1#57.set_keyboard_interactivity(1)
[18:37:23.591740] {Default Queue}  -> zwp_text_input_v3#46.set_surrounding_text("", 0, 0)
[18:37:23.591742] {Default Queue}  -> zwp_text_input_v3#46.set_text_change_cause(1)
[18:37:23.591743] {Default Queue}  -> zwp_text_input_v3#46.set_content_type(0, 0)
[18:37:23.591744] {Default Queue}  -> zwp_text_input_v3#46.set_cursor_rectangle(498, 262, 0, 26)
[18:37:23.591745] {Default Queue}  -> zwp_text_input_v3#46.commit()
ts=2026-10-08T18:37:23Z pid=276961 info(greeter): event=greeter-outputs interactive=1
[18:37:23.591757] discarded [unknown]#65.[event 0](0 fd, 20 byte)
[18:37:23.591758] {Display Queue} wl_display#1.delete_id(51)
[18:37:23.591760] {Display Queue} wl_display#1.delete_id(49)
[18:37:23.591760] {Display Queue} wl_display#1.delete_id(48)
[18:37:23.591761] {Display Queue} wl_display#1.delete_id(43)
[18:37:23.591761] {Display Queue} wl_display#1.delete_id(50)
[18:37:23.591762] {Default Queue} wl_buffer#59.release()
[18:37:23.591764] {Default Queue}  -> wl_buffer#59.destroy()
[18:37:23.591765] {Default Queue}  -> wl_shm_pool#52.destroy()
[18:37:23.591818] {Default Queue} zwlr_layer_surface_v1#57.configure(17, 1280, 720)
[18:37:23.591820] {Default Queue}  -> zwlr_layer_surface_v1#57.ack_configure(17)
[18:37:23.592685] {Default Queue}  -> wl_shm#6.create_pool(new id wl_shm_pool#50, fd 8, 3686400)
[18:37:23.592691] {Default Queue}  -> wl_shm_pool#50.create_buffer(new id wl_buffer#43, 0, 1280, 720, 5120, 0)
[18:37:23.595504]  -> wl_surface#53.attach(wl_buffer#43, 0, 0)
[18:37:23.595507]  -> wl_surface#53.damage_buffer(0, 0, 1280, 720)
[18:37:23.595509]  -> wl_surface#53.frame(new id wl_callback#48)
[18:37:23.595511] {Default Queue}  -> wp_presentation#21.feedback(wl_surface#53, new id wp_presentation_feedback#49)
[18:37:23.595513]  -> wl_surface#53.commit()
[18:37:23.595616] {Display Queue} wl_display#1.delete_id(65)
[18:37:23.595618] {Display Queue} wl_display#1.delete_id(67)
[18:37:23.595618] {Display Queue} wl_display#1.delete_id(61)
[18:37:23.595619] {Display Queue} wl_display#1.delete_id(62)
[18:37:23.595619] {Display Queue} wl_display#1.delete_id(66)
[18:37:23.595620] {Display Queue} wl_display#1.delete_id(33)
[18:37:23.595620] {Display Queue} wl_display#1.delete_id(32)
[18:37:23.595621] {Display Queue} wl_display#1.delete_id(59)
[18:37:23.595621] {Display Queue} wl_display#1.delete_id(52)
[18:37:23.595622] {Default Queue} wl_buffer#64.release()
[18:37:23.595623] {Default Queue} zwlr_layer_surface_v1#57.configure(19, 1280, 720)
[18:37:23.595625] {Default Queue}  -> zwlr_layer_surface_v1#57.ack_configure(19)
[18:37:23.595626] {Default Queue} wl_data_device#36.selection(nil)
[18:37:23.595630] {Default Queue} zwp_primary_selection_device_v1#35.selection(nil)
[18:37:23.606683] {Display Queue} wl_display#1.delete_id(48)
[18:37:23.606685] {Display Queue} wl_display#1.delete_id(49)
[18:37:23.606686] {Default Queue} wl_callback#48.done(20425450)
[18:37:23.606691] {Default Queue} wp_presentation_feedback#49.sync_output(wl_output#29)
[18:37:23.606692] {Default Queue} wp_presentation_feedback#49.presented(0, 20425, 450342776, 0, 0, 0, 0)
[18:37:23.606715]  -> wl_surface#53.commit()
