info(pearl): event=aqueous-availability state=connecting
info(pearl): event=ready mode=session
info: event=app-index-ready entries=0 truncated=false
info(pearl): event=aqueous-availability state=subscribing
info(pearl): event=aqueous-availability state=ready
info: event=output-mapped id=2 connector=HEADLESS-1 scale=2
info: event=output-mapped id=1 connector=HEADLESS-2 scale=1
info(pearl): event=control-ready session=593fc354ecdeb7c396ef2e384a9d8130
info: event=popup-opened output=1
info: event=launcher-results count=7 shown=7 publish_us=4163
info: event=launcher-results count=7 shown=7 publish_us=259
info: event=launcher-results count=7 shown=7 publish_us=291
info: event=launcher-painted latency_us=6249
info: event=launcher-results count=4 shown=4 publish_us=401
info: event=launcher-results count=1 shown=1 publish_us=154
info: event=launcher-results count=1 shown=1 publish_us=95
info: event=preferences-applied revision=0 mode=static cache=false
info: event=launcher-results count=1 shown=1 publish_us=132
info: event=launcher-results count=0 shown=0 publish_us=69
info: event=launcher-painted latency_us=2988
info: event=launcher-results count=0 shown=0 publish_us=981
info: event=launcher-results count=0 shown=0 publish_us=26
info: event=launcher-results count=0 shown=0 publish_us=32
info: event=launcher-results count=0 shown=0 publish_us=34
info: event=launcher-painted latency_us=4162
info: event=launcher-results count=0 shown=0 publish_us=49
info: event=launcher-results count=0 shown=0 publish_us=43
info: event=launcher-results count=0 shown=0 publish_us=31
info: event=launcher-results count=0 shown=0 publish_us=34
info: event=launcher-painted latency_us=3874
info: event=launcher-results count=0 shown=0 publish_us=40
info: event=launcher-results count=0 shown=0 publish_us=41
info: event=launcher-results count=0 shown=0 publish_us=32
info: event=launcher-results count=0 shown=0 publish_us=33
info: event=launcher-painted latency_us=3666
info: event=launcher-results count=0 shown=0 publish_us=39
info: event=launcher-results count=0 shown=0 publish_us=31
info: event=launcher-painted latency_us=11631
info: event=launcher-results count=0 shown=0 publish_us=57
info: event=launcher-painted latency_us=6913
info(pearl): event=stopping reason=control-quit pending=false
info: event=popup-closed
info(pearl): event=aqueous-availability state=stopped
info(pearl): event=cleanup pending=false watched_objects=0
info(pearl): event=stopped
