ts=2026-10-08T14:56:05Z pid=130967 info(platform): event=background-effect-owner owner=gtk gtk=4.24.1
ts=2026-10-08T14:56:05Z pid=130967 info(platform): event=blur-capability available=false
ts=2026-10-08T14:56:05Z pid=130967 info(pearl): event=aqueous-availability state=connecting
ts=2026-10-08T14:56:05Z pid=130967 info(pearl): event=ready mode=session
ts=2026-10-08T14:56:05Z pid=130967 info(pearl): event=aqueous-availability state=subscribing
ts=2026-10-08T14:56:05Z pid=130967 info(ui): event=popup-close-reason reason=bar-inhibited
ts=2026-10-08T14:56:05Z pid=130967 info(pearl): event=aqueous-availability state=ready
ts=2026-10-08T14:56:05Z pid=130967 info(ui): event=output-mapped id=1 connector=HEADLESS-2 scale=1
ts=2026-10-08T14:56:05Z pid=130967 info(ui): event=output-mapped id=2 connector=HEADLESS-1 scale=1
ts=2026-10-08T14:56:05Z pid=130967 info(pearl): event=settings-backend-ready session_hash=6169cb5e64f9a0be
ts=2026-10-08T14:56:05Z pid=130967 info(pearl): event=control-ready session_hash=6169cb5e64f9a0be
ts=2026-10-08T14:56:05Z pid=130967 info(desktop): event=app-index-ready entries=145 truncated=false
ts=2026-10-08T14:56:05Z pid=130967 info(config): event=preferences-applied revision=0 mode=static cache=false
ts=2026-10-08T14:56:05Z pid=130967 info(config): event=wallpaper-applications-applied generation=2 elapsed_us=5057 success=true
ts=2026-10-08T14:56:19Z pid=130967 info(ui): event=popup-close-reason reason=capture-hide
ts=2026-10-08T14:56:30Z pid=130967 info(services): event=activity-auth-presented
ts=2026-10-08T14:56:30Z pid=130967 info(ui): event=popup-close-reason reason=bar-inhibited
ts=2026-10-08T14:56:30Z pid=130967 info(ui): event=popup-close-reason reason=bar-inhibited
ts=2026-10-08T14:56:30Z pid=130967 info(ui): event=popup-close-reason reason=bar-inhibited
ts=2026-10-08T14:56:30Z pid=130967 info(ui): event=popup-close-reason reason=bar-inhibited
ts=2026-10-08T14:56:30Z pid=130967 info(ui): event=popup-close-reason reason=bar-inhibited
ts=2026-10-08T14:56:30Z pid=130967 info(ui): event=popup-close-reason reason=bar-inhibited
ts=2026-10-08T14:56:30Z pid=130967 info(ui): event=popup-close-reason reason=bar-inhibited
ts=2026-10-08T14:56:30Z pid=130967 info(ui): event=popup-close-reason reason=bar-inhibited
ts=2026-10-08T14:56:30Z pid=130967 info(ui): event=popup-close-reason reason=locked
ts=2026-10-08T14:56:30Z pid=130967 info(ui): event=popup-close-reason reason=bar-inhibited
ts=2026-10-08T14:56:30Z pid=130967 info(ui): event=popup-close-reason reason=locked
ts=2026-10-08T14:56:30Z pid=130967 info(ui): event=popup-close-reason reason=bar-inhibited
ts=2026-10-08T14:56:30Z pid=130967 info(ui): event=popup-close-reason reason=locked
ts=2026-10-08T14:56:30Z pid=130967 info(ui): event=popup-close-reason reason=bar-inhibited
ts=2026-10-08T14:56:30Z pid=130967 info(ui): event=popup-close-reason reason=locked
ts=2026-10-08T14:56:31Z pid=130967 info(ui): event=popup-close-reason reason=bar-inhibited
ts=2026-10-08T14:56:31Z pid=130967 info(ui): event=popup-close-reason reason=locked
ts=2026-10-08T14:56:31Z pid=130967 info(ui): event=popup-close-reason reason=bar-inhibited
ts=2026-10-08T14:56:31Z pid=130967 info(config): event=wallpaper-applications-applied generation=3 elapsed_us=246 success=true
ts=2026-10-08T14:56:31Z pid=130967 info(ui): event=popup-close-reason reason=bar-inhibited
ts=2026-10-08T14:56:31Z pid=130967 info(ui): event=popup-close-reason reason=bar-inhibited
ts=2026-10-08T14:56:32Z pid=130967 info(ui): event=output-mapped id=1 connector=HEADLESS-2 scale=1.5
ts=2026-10-08T14:56:33Z pid=130967 info(config): event=preferences-applied revision=1 mode=static cache=false
ts=2026-10-08T14:56:33Z pid=130967 info(config): event=wallpaper-applications-applied generation=4 elapsed_us=7639 success=true
ts=2026-10-08T14:56:33Z pid=130967 info(config): event=preferences-applied revision=2 mode=gtk cache=false
ts=2026-10-08T14:56:33Z pid=130967 info(config): event=wallpaper-applications-applied generation=6 elapsed_us=9891 success=true
ts=2026-10-08T14:56:34Z pid=130967 info(pearl): event=stopping reason=control-quit pending=false
ts=2026-10-08T14:56:34Z pid=130967 info(pearl): event=aqueous-availability state=stopped
ts=2026-10-08T14:56:34Z pid=130967 info(pearl): event=cleanup pending=false watched_objects=0
ts=2026-10-08T14:56:34Z pid=130967 info(pearl): event=stopped
