
(coral:470603): libenchant-WARNING **: 12:23:17.430: broker.vala:159: Error loading plugin: libhspell.so.0: cannot open shared object file: No such file or directory

(coral:470603): libenchant-WARNING **: 12:23:17.430: broker.vala:159: Error loading plugin: libnuspell.so.5: cannot open shared object file: No such file or directory

(coral:470603): libenchant-WARNING **: 12:23:17.430: broker.vala:159: Error loading plugin: libvoikko.so.1: cannot open shared object file: No such file or directory
CORAL_PROBE {"tabs":1,"id":1,"dirty":false,"busy":false,"revision":1,"chars":80,"spelling":0,"dictionary":true,"enumerated":true,"search":0,"dialog":-1,"popover":false,"theme":0,"font":14,"lines":true,"bom":false,"newline":0,"check_from":0,"inflight":false,"checking_enabled":true,"large":false,"max_spell_tick_us":38}
CORAL_PROBE {"tabs":1,"id":1,"dirty":false,"busy":false,"revision":1,"chars":80,"spelling":0,"dictionary":true,"enumerated":true,"search":0,"dialog":-1,"popover":false,"theme":0,"font":14,"lines":true,"bom":false,"newline":0,"check_from":0,"inflight":false,"checking_enabled":true,"large":false,"max_spell_tick_us":57}
CORAL_PROBE {"tabs":1,"id":1,"dirty":false,"busy":false,"revision":1,"chars":80,"spelling":0,"dictionary":true,"enumerated":true,"search":0,"dialog":-1,"popover":false,"theme":0,"font":14,"lines":true,"bom":false,"newline":0,"check_from":0,"inflight":false,"checking_enabled":true,"large":false,"max_spell_tick_us":57}
CORAL_PROBE {"tabs":1,"id":1,"dirty":false,"busy":false,"revision":1,"chars":80,"spelling":0,"dictionary":true,"enumerated":true,"search":0,"dialog":-1,"popover":false,"theme":0,"font":14,"lines":true,"bom":false,"newline":0,"check_from":0,"inflight":false,"checking_enabled":true,"large":false,"max_spell_tick_us":86}
CORAL_PROBE {"tabs":1,"id":1,"dirty":false,"busy":false,"revision":1,"chars":80,"spelling":1,"dictionary":true,"enumerated":true,"search":0,"dialog":-1,"popover":false,"theme":0,"font":14,"lines":true,"bom":false,"newline":0,"check_from":80,"inflight":false,"checking_enabled":true,"large":false,"max_spell_tick_us":86}
CORAL_PROBE {"tabs":1,"id":1,"dirty":false,"busy":false,"revision":1,"chars":80,"spelling":1,"dictionary":true,"enumerated":true,"search":0,"dialog":-1,"popover":false,"theme":0,"font":14,"lines":true,"bom":false,"newline":0,"check_from":80,"inflight":false,"checking_enabled":true,"large":false,"max_spell_tick_us":86}
CORAL_PROBE {"tabs":1,"id":1,"dirty":false,"busy":false,"revision":1,"chars":80,"spelling":1,"dictionary":true,"enumerated":true,"search":0,"dialog":-1,"popover":true,"theme":0,"font":14,"lines":true,"bom":false,"newline":0,"check_from":80,"inflight":false,"checking_enabled":true,"large":false,"max_spell_tick_us":3112}
CORAL_PROBE {"tabs":1,"id":1,"dirty":false,"busy":false,"revision":1,"chars":80,"spelling":1,"dictionary":true,"enumerated":true,"search":0,"dialog":-1,"popover":true,"theme":0,"font":14,"lines":true,"bom":false,"newline":0,"check_from":80,"inflight":false,"checking_enabled":true,"large":false,"max_spell_tick_us":3112}
CORAL_PROBE {"tabs":1,"id":1,"dirty":true,"busy":false,"revision":12,"chars":10,"spelling":0,"dictionary":true,"enumerated":true,"search":0,"dialog":-1,"popover":false,"theme":0,"font":14,"lines":true,"bom":false,"newline":0,"check_from":0,"inflight":false,"checking_enabled":true,"large":false,"max_spell_tick_us":3112}
CORAL_PROBE {"tabs":1,"id":1,"dirty":true,"busy":false,"revision":12,"chars":10,"spelling":0,"dictionary":true,"enumerated":true,"search":0,"dialog":-1,"popover":false,"theme":0,"font":14,"lines":true,"bom":false,"newline":0,"check_from":0,"inflight":false,"checking_enabled":true,"large":false,"max_spell_tick_us":3112}
CORAL_PROBE {"tabs":1,"id":1,"dirty":true,"busy":false,"revision":12,"chars":10,"spelling":0,"dictionary":true,"enumerated":true,"search":0,"dialog":-1,"popover":false,"theme":0,"font":14,"lines":true,"bom":false,"newline":0,"check_from":0,"inflight":false,"checking_enabled":true,"large":false,"max_spell_tick_us":3112}
CORAL_PROBE {"tabs":1,"id":1,"dirty":true,"busy":false,"revision":12,"chars":10,"spelling":0,"dictionary":true,"enumerated":true,"search":0,"dialog":-1,"popover":false,"theme":0,"font":14,"lines":true,"bom":false,"newline":0,"check_from":0,"inflight":false,"checking_enabled":true,"large":false,"max_spell_tick_us":3112}
CORAL_PROBE {"tabs":1,"id":1,"dirty":true,"busy":false,"revision":12,"chars":10,"spelling":1,"dictionary":true,"enumerated":true,"search":0,"dialog":-1,"popover":false,"theme":0,"font":14,"lines":true,"bom":false,"newline":0,"check_from":10,"inflight":false,"checking_enabled":true,"large":false,"max_spell_tick_us":3112}
CORAL_PROBE {"tabs":1,"id":1,"dirty":true,"busy":false,"revision":12,"chars":10,"spelling":1,"dictionary":true,"enumerated":true,"search":0,"dialog":-1,"popover":true,"theme":0,"font":14,"lines":true,"bom":false,"newline":0,"check_from":10,"inflight":false,"checking_enabled":true,"large":false,"max_spell_tick_us":3112}
CORAL_COMMAND_DONE
CORAL_PROBE {"tabs":1,"id":1,"dirty":true,"busy":false,"revision":14,"chars":11,"spelling":0,"dictionary":true,"enumerated":true,"search":0,"dialog":-1,"popover":false,"theme":0,"font":14,"lines":true,"bom":false,"newline":0,"check_from":0,"inflight":false,"checking_enabled":true,"large":false,"max_spell_tick_us":3112}
CORAL_PROBE {"tabs":1,"id":1,"dirty":true,"busy":false,"revision":14,"chars":11,"spelling":0,"dictionary":true,"enumerated":true,"search":0,"dialog":-1,"popover":false,"theme":0,"font":14,"lines":true,"bom":false,"newline":0,"check_from":0,"inflight":false,"checking_enabled":true,"large":false,"max_spell_tick_us":3112}
CORAL_PROBE {"tabs":1,"id":1,"dirty":true,"busy":false,"revision":14,"chars":11,"spelling":0,"dictionary":true,"enumerated":true,"search":0,"dialog":-1,"popover":false,"theme":0,"font":14,"lines":true,"bom":false,"newline":0,"check_from":0,"inflight":false,"checking_enabled":true,"large":false,"max_spell_tick_us":3112}
CORAL_PROBE {"tabs":1,"id":1,"dirty":true,"busy":false,"revision":14,"chars":11,"spelling":0,"dictionary":true,"enumerated":true,"search":0,"dialog":-1,"popover":false,"theme":0,"font":14,"lines":true,"bom":false,"newline":0,"check_from":0,"inflight":false,"checking_enabled":true,"large":false,"max_spell_tick_us":3112}
CORAL_PROBE {"tabs":1,"id":1,"dirty":true,"busy":false,"revision":14,"chars":11,"spelling":0,"dictionary":true,"enumerated":true,"search":0,"dialog":-1,"popover":false,"theme":0,"font":14,"lines":true,"bom":false,"newline":0,"check_from":11,"inflight":false,"checking_enabled":true,"large":false,"max_spell_tick_us":3112}
CORAL_PROBE {"tabs":1,"id":1,"dirty":true,"busy":false,"revision":16,"chars":10,"spelling":0,"dictionary":true,"enumerated":true,"search":0,"dialog":-1,"popover":false,"theme":0,"font":14,"lines":true,"bom":false,"newline":0,"check_from":0,"inflight":false,"checking_enabled":true,"large":false,"max_spell_tick_us":3112}
CORAL_PROBE {"tabs":1,"id":1,"dirty":true,"busy":false,"revision":16,"chars":10,"spelling":0,"dictionary":true,"enumerated":true,"search":0,"dialog":-1,"popover":false,"theme":0,"font":14,"lines":true,"bom":false,"newline":0,"check_from":0,"inflight":false,"checking_enabled":true,"large":false,"max_spell_tick_us":3112}
CORAL_PROBE {"tabs":1,"id":1,"dirty":true,"busy":false,"revision":16,"chars":10,"spelling":0,"dictionary":true,"enumerated":true,"search":0,"dialog":-1,"popover":false,"theme":0,"font":14,"lines":true,"bom":false,"newline":0,"check_from":0,"inflight":false,"checking_enabled":true,"large":false,"max_spell_tick_us":3112}
CORAL_PROBE {"tabs":1,"id":1,"dirty":true,"busy":false,"revision":16,"chars":10,"spelling":0,"dictionary":true,"enumerated":true,"search":0,"dialog":-1,"popover":false,"theme":0,"font":14,"lines":true,"bom":false,"newline":0,"check_from":0,"inflight":false,"checking_enabled":true,"large":false,"max_spell_tick_us":3112}
CORAL_PROBE {"tabs":1,"id":1,"dirty":true,"busy":false,"revision":16,"chars":10,"spelling":1,"dictionary":true,"enumerated":true,"search":0,"dialog":-1,"popover":false,"theme":0,"font":14,"lines":true,"bom":false,"newline":0,"check_from":10,"inflight":false,"checking_enabled":true,"large":false,"max_spell_tick_us":3112}
CORAL_PROBE {"tabs":1,"id":1,"dirty":true,"busy":false,"revision":18,"chars":11,"spelling":0,"dictionary":true,"enumerated":true,"search":0,"dialog":-1,"popover":false,"theme":0,"font":14,"lines":true,"bom":false,"newline":0,"check_from":0,"inflight":false,"checking_enabled":true,"large":false,"max_spell_tick_us":3112}
CORAL_PROBE {"tabs":1,"id":1,"dirty":true,"busy":false,"revision":18,"chars":11,"spelling":0,"dictionary":true,"enumerated":true,"search":0,"dialog":-1,"popover":false,"theme":0,"font":14,"lines":true,"bom":false,"newline":0,"check_from":0,"inflight":false,"checking_enabled":true,"large":false,"max_spell_tick_us":3112}
CORAL_PROBE {"tabs":1,"id":1,"dirty":true,"busy":false,"revision":18,"chars":11,"spelling":0,"dictionary":true,"enumerated":true,"search":0,"dialog":-1,"popover":false,"theme":0,"font":14,"lines":true,"bom":false,"newline":0,"check_from":0,"inflight":false,"checking_enabled":true,"large":false,"max_spell_tick_us":3112}
CORAL_PROBE {"tabs":1,"id":1,"dirty":true,"busy":false,"revision":18,"chars":11,"spelling":0,"dictionary":true,"enumerated":true,"search":0,"dialog":-1,"popover":false,"theme":0,"font":14,"lines":true,"bom":false,"newline":0,"check_from":0,"inflight":true,"checking_enabled":true,"large":false,"max_spell_tick_us":3112}
CORAL_PROBE {"tabs":1,"id":1,"dirty":true,"busy":false,"revision":18,"chars":11,"spelling":0,"dictionary":true,"enumerated":true,"search":0,"dialog":-1,"popover":false,"theme":0,"font":14,"lines":true,"bom":false,"newline":0,"check_from":11,"inflight":false,"checking_enabled":true,"large":false,"max_spell_tick_us":3112}
CORAL_PROBE {"tabs":1,"id":1,"dirty":false,"busy":false,"revision":18,"chars":11,"spelling":0,"dictionary":true,"enumerated":true,"search":0,"dialog":-1,"popover":false,"theme":0,"font":14,"lines":true,"bom":false,"newline":0,"check_from":11,"inflight":false,"checking_enabled":true,"large":false,"max_spell_tick_us":3112}
CORAL_PROBE {"tabs":1,"id":1,"dirty":false,"busy":false,"revision":18,"chars":11,"spelling":0,"dictionary":true,"enumerated":true,"search":0,"dialog":-1,"popover":false,"theme":0,"font":14,"lines":true,"bom":false,"newline":0,"check_from":11,"inflight":false,"checking_enabled":true,"large":false,"max_spell_tick_us":3112}
CORAL_PROBE {"tabs":1,"id":1,"dirty":true,"busy":false,"revision":43,"chars":24,"spelling":0,"dictionary":true,"enumerated":true,"search":0,"dialog":-1,"popover":false,"theme":0,"font":14,"lines":true,"bom":false,"newline":0,"check_from":0,"inflight":false,"checking_enabled":true,"large":false,"max_spell_tick_us":3112}
CORAL_PROBE {"tabs":1,"id":1,"dirty":true,"busy":false,"revision":43,"chars":24,"spelling":0,"dictionary":true,"enumerated":true,"search":0,"dialog":-1,"popover":false,"theme":0,"font":14,"lines":true,"bom":false,"newline":0,"check_from":0,"inflight":false,"checking_enabled":true,"large":false,"max_spell_tick_us":3112}
CORAL_PROBE {"tabs":1,"id":1,"dirty":true,"busy":false,"revision":43,"chars":24,"spelling":1,"dictionary":true,"enumerated":true,"search":2,"dialog":-1,"popover":false,"theme":0,"font":14,"lines":true,"bom":false,"newline":0,"check_from":24,"inflight":false,"checking_enabled":true,"large":false,"max_spell_tick_us":3112}
CORAL_PROBE {"tabs":1,"id":1,"dirty":true,"busy":false,"revision":43,"chars":24,"spelling":1,"dictionary":true,"enumerated":true,"search":2,"dialog":-1,"popover":false,"theme":0,"font":14,"lines":true,"bom":false,"newline":0,"check_from":24,"inflight":false,"checking_enabled":true,"large":false,"max_spell_tick_us":3112}
CORAL_COMMAND_DONE
CORAL_PROBE {"tabs":1,"id":1,"dirty":false,"busy":false,"revision":47,"chars":24,"spelling":0,"dictionary":true,"enumerated":true,"search":0,"dialog":-1,"popover":false,"theme":0,"font":14,"lines":true,"bom":false,"newline":0,"check_from":0,"inflight":false,"checking_enabled":true,"large":false,"max_spell_tick_us":3112}
CORAL_PROBE {"tabs":1,"id":1,"dirty":false,"busy":false,"revision":47,"chars":24,"spelling":0,"dictionary":true,"enumerated":true,"search":0,"dialog":-1,"popover":false,"theme":0,"font":14,"lines":true,"bom":false,"newline":0,"check_from":0,"inflight":false,"checking_enabled":true,"large":false,"max_spell_tick_us":3112}
CORAL_PROBE {"tabs":1,"id":1,"dirty":false,"busy":false,"revision":51,"chars":24,"spelling":0,"dictionary":true,"enumerated":true,"search":0,"dialog":-1,"popover":false,"theme":0,"font":14,"lines":true,"bom":false,"newline":0,"check_from":0,"inflight":false,"checking_enabled":true,"large":false,"max_spell_tick_us":3112}
CORAL_PROBE {"tabs":1,"id":1,"dirty":false,"busy":false,"revision":51,"chars":24,"spelling":0,"dictionary":true,"enumerated":true,"search":0,"dialog":-1,"popover":false,"theme":0,"font":14,"lines":true,"bom":false,"newline":0,"check_from":0,"inflight":false,"checking_enabled":true,"large":false,"max_spell_tick_us":3112}
CORAL_PROBE {"tabs":2,"id":2,"dirty":true,"busy":false,"revision":13,"chars":13,"spelling":0,"dictionary":true,"enumerated":true,"search":0,"dialog":-1,"popover":false,"theme":0,"font":14,"lines":true,"bom":false,"newline":0,"check_from":0,"inflight":false,"checking_enabled":true,"large":false,"max_spell_tick_us":3112}
CORAL_PROBE {"tabs":2,"id":2,"dirty":true,"busy":false,"revision":13,"chars":13,"spelling":0,"dictionary":true,"enumerated":true,"search":0,"dialog":0,"popover":false,"theme":0,"font":14,"lines":true,"bom":false,"newline":0,"check_from":0,"inflight":false,"checking_enabled":true,"large":false,"max_spell_tick_us":3112}
CORAL_PROBE {"tabs":2,"id":2,"dirty":true,"busy":false,"revision":13,"chars":13,"spelling":1,"dictionary":true,"enumerated":true,"search":0,"dialog":0,"popover":false,"theme":0,"font":14,"lines":true,"bom":false,"newline":0,"check_from":13,"inflight":false,"checking_enabled":true,"large":false,"max_spell_tick_us":3112}
CORAL_COMMAND_DONE
CORAL_PROBE {"tabs":2,"id":2,"dirty":true,"busy":false,"revision":13,"chars":13,"spelling":1,"dictionary":true,"enumerated":true,"search":0,"dialog":-1,"popover":false,"theme":0,"font":14,"lines":true,"bom":false,"newline":0,"check_from":13,"inflight":false,"checking_enabled":true,"large":false,"max_spell_tick_us":3112}
CORAL_COMMAND_DONE
CORAL_PROBE {"tabs":1,"id":1,"dirty":false,"busy":false,"revision":51,"chars":24,"spelling":1,"dictionary":true,"enumerated":true,"search":0,"dialog":-1,"popover":false,"theme":0,"font":14,"lines":true,"bom":false,"newline":0,"check_from":24,"inflight":false,"checking_enabled":true,"large":false,"max_spell_tick_us":3112}
CORAL_PROBE {"tabs":1,"id":1,"dirty":true,"busy":false,"revision":60,"chars":8,"spelling":0,"dictionary":true,"enumerated":true,"search":0,"dialog":2,"popover":false,"theme":0,"font":14,"lines":true,"bom":false,"newline":0,"check_from":0,"inflight":false,"checking_enabled":true,"large":false,"max_spell_tick_us":3112}
CORAL_PROBE {"tabs":1,"id":1,"dirty":true,"busy":false,"revision":60,"chars":8,"spelling":2,"dictionary":true,"enumerated":true,"search":0,"dialog":2,"popover":false,"theme":0,"font":14,"lines":true,"bom":false,"newline":0,"check_from":8,"inflight":false,"checking_enabled":true,"large":false,"max_spell_tick_us":3112}
CORAL_COMMAND_DONE
CORAL_PROBE {"tabs":1,"id":1,"dirty":false,"busy":false,"revision":60,"chars":8,"spelling":2,"dictionary":true,"enumerated":true,"search":0,"dialog":-1,"popover":false,"theme":0,"font":14,"lines":true,"bom":false,"newline":0,"check_from":8,"inflight":false,"checking_enabled":true,"large":false,"max_spell_tick_us":3112}
CORAL_PROBE {"tabs":1,"id":1,"dirty":false,"busy":false,"revision":60,"chars":8,"spelling":2,"dictionary":true,"enumerated":true,"search":0,"dialog":-1,"popover":false,"theme":0,"font":14,"lines":true,"bom":false,"newline":0,"check_from":8,"inflight":false,"checking_enabled":true,"large":false,"max_spell_tick_us":3112}
CORAL_PROBE {"tabs":1,"id":1,"dirty":true,"busy":false,"revision":71,"chars":10,"spelling":0,"dictionary":true,"enumerated":true,"search":0,"dialog":-1,"popover":false,"theme":0,"font":14,"lines":true,"bom":false,"newline":0,"check_from":0,"inflight":false,"checking_enabled":true,"large":false,"max_spell_tick_us":3112}
CORAL_PROBE {"tabs":1,"id":1,"dirty":true,"busy":false,"revision":71,"chars":10,"spelling":0,"dictionary":true,"enumerated":true,"search":0,"dialog":-1,"popover":false,"theme":0,"font":14,"lines":true,"bom":false,"newline":0,"check_from":0,"inflight":false,"checking_enabled":true,"large":false,"max_spell_tick_us":3112}
CORAL_PROBE {"tabs":1,"id":1,"dirty":true,"busy":false,"revision":71,"chars":10,"spelling":0,"dictionary":true,"enumerated":true,"search":0,"dialog":-1,"popover":false,"theme":0,"font":14,"lines":true,"bom":false,"newline":0,"check_from":0,"inflight":false,"checking_enabled":true,"large":false,"max_spell_tick_us":3112}
CORAL_PROBE {"tabs":1,"id":1,"dirty":true,"busy":false,"revision":71,"chars":10,"spelling":0,"dictionary":true,"enumerated":true,"search":0,"dialog":-1,"popover":false,"theme":0,"font":14,"lines":true,"bom":false,"newline":0,"check_from":0,"inflight":true,"checking_enabled":true,"large":false,"max_spell_tick_us":3112}
CORAL_PROBE {"tabs":1,"id":1,"dirty":true,"busy":false,"revision":71,"chars":10,"spelling":1,"dictionary":true,"enumerated":true,"search":0,"dialog":-1,"popover":false,"theme":0,"font":14,"lines":true,"bom":false,"newline":0,"check_from":10,"inflight":false,"checking_enabled":true,"large":false,"max_spell_tick_us":3112}
CORAL_PROBE {"tabs":1,"id":1,"dirty":true,"busy":false,"revision":71,"chars":10,"spelling":1,"dictionary":true,"enumerated":true,"search":0,"dialog":-1,"popover":true,"theme":0,"font":14,"lines":true,"bom":false,"newline":0,"check_from":10,"inflight":false,"checking_enabled":true,"large":false,"max_spell_tick_us":3112}
CORAL_COMMAND_DONE
CORAL_PROBE {"tabs":1,"id":1,"dirty":true,"busy":false,"revision":71,"chars":10,"spelling":0,"dictionary":true,"enumerated":true,"search":0,"dialog":-1,"popover":false,"theme":0,"font":14,"lines":true,"bom":false,"newline":0,"check_from":0,"inflight":false,"checking_enabled":true,"large":false,"max_spell_tick_us":3112}
CORAL_PROBE {"tabs":1,"id":1,"dirty":true,"busy":false,"revision":71,"chars":10,"spelling":0,"dictionary":true,"enumerated":true,"search":0,"dialog":-1,"popover":false,"theme":0,"font":14,"lines":true,"bom":false,"newline":0,"check_from":0,"inflight":false,"checking_enabled":true,"large":false,"max_spell_tick_us":3112}
CORAL_PROBE {"tabs":1,"id":1,"dirty":true,"busy":false,"revision":71,"chars":10,"spelling":0,"dictionary":true,"enumerated":true,"search":0,"dialog":-1,"popover":false,"theme":0,"font":14,"lines":true,"bom":false,"newline":0,"check_from":0,"inflight":false,"checking_enabled":true,"large":false,"max_spell_tick_us":3112}
CORAL_PROBE {"tabs":1,"id":1,"dirty":true,"busy":false,"revision":71,"chars":10,"spelling":0,"dictionary":true,"enumerated":true,"search":0,"dialog":-1,"popover":false,"theme":0,"font":14,"lines":true,"bom":false,"newline":0,"check_from":0,"inflight":false,"checking_enabled":true,"large":false,"max_spell_tick_us":3112}
CORAL_PROBE {"tabs":1,"id":1,"dirty":true,"busy":false,"revision":71,"chars":10,"spelling":0,"dictionary":true,"enumerated":true,"search":0,"dialog":-1,"popover":false,"theme":0,"font":14,"lines":true,"bom":false,"newline":0,"check_from":10,"inflight":false,"checking_enabled":true,"large":false,"max_spell_tick_us":3112}
CORAL_PROBE {"tabs":2,"id":3,"dirty":true,"busy":false,"revision":4,"chars":4,"spelling":0,"dictionary":true,"enumerated":true,"search":0,"dialog":-1,"popover":false,"theme":0,"font":14,"lines":true,"bom":false,"newline":0,"check_from":0,"inflight":false,"checking_enabled":true,"large":false,"max_spell_tick_us":3112}
CORAL_PROBE {"tabs":2,"id":3,"dirty":true,"busy":false,"revision":4,"chars":4,"spelling":0,"dictionary":true,"enumerated":true,"search":0,"dialog":-1,"popover":false,"theme":0,"font":14,"lines":true,"bom":false,"newline":0,"check_from":0,"inflight":false,"checking_enabled":true,"large":false,"max_spell_tick_us":3112}
CORAL_PROBE {"tabs":2,"id":3,"dirty":true,"busy":false,"revision":4,"chars":4,"spelling":0,"dictionary":true,"enumerated":true,"search":0,"dialog":-1,"popover":false,"theme":0,"font":14,"lines":true,"bom":false,"newline":0,"check_from":0,"inflight":false,"checking_enabled":true,"large":false,"max_spell_tick_us":3112}
CORAL_PROBE {"tabs":2,"id":3,"dirty":true,"busy":false,"revision":4,"chars":4,"spelling":0,"dictionary":true,"enumerated":true,"search":0,"dialog":-1,"popover":false,"theme":0,"font":14,"lines":true,"bom":false,"newline":0,"check_from":0,"inflight":true,"checking_enabled":true,"large":false,"max_spell_tick_us":3112}
CORAL_PROBE {"tabs":2,"id":3,"dirty":true,"busy":false,"revision":4,"chars":4,"spelling":1,"dictionary":true,"enumerated":true,"search":0,"dialog":-1,"popover":false,"theme":0,"font":14,"lines":true,"bom":false,"newline":0,"check_from":4,"inflight":false,"checking_enabled":true,"large":false,"max_spell_tick_us":3112}
CORAL_COMMAND_DONE
CORAL_PROBE {"tabs":1,"id":1,"dirty":true,"busy":false,"revision":71,"chars":10,"spelling":0,"dictionary":true,"enumerated":true,"search":0,"dialog":-1,"popover":false,"theme":0,"font":14,"lines":true,"bom":false,"newline":0,"check_from":10,"inflight":false,"checking_enabled":true,"large":false,"max_spell_tick_us":3112}
CORAL_PROBE {"tabs":1,"id":1,"dirty":true,"busy":false,"revision":81,"chars":9,"spelling":0,"dictionary":true,"enumerated":true,"search":0,"dialog":-1,"popover":false,"theme":0,"font":14,"lines":true,"bom":false,"newline":0,"check_from":0,"inflight":false,"checking_enabled":true,"large":false,"max_spell_tick_us":3112}
CORAL_PROBE {"tabs":1,"id":1,"dirty":true,"busy":false,"revision":81,"chars":9,"spelling":0,"dictionary":true,"enumerated":true,"search":0,"dialog":-1,"popover":false,"theme":0,"font":14,"lines":true,"bom":false,"newline":0,"check_from":0,"inflight":false,"checking_enabled":true,"large":false,"max_spell_tick_us":3112}
CORAL_PROBE {"tabs":1,"id":1,"dirty":true,"busy":false,"revision":81,"chars":9,"spelling":0,"dictionary":true,"enumerated":true,"search":0,"dialog":-1,"popover":false,"theme":0,"font":14,"lines":true,"bom":false,"newline":0,"check_from":0,"inflight":false,"checking_enabled":true,"large":false,"max_spell_tick_us":3112}
CORAL_PROBE {"tabs":1,"id":1,"dirty":true,"busy":false,"revision":81,"chars":9,"spelling":0,"dictionary":true,"enumerated":true,"search":0,"dialog":-1,"popover":false,"theme":0,"font":14,"lines":true,"bom":false,"newline":0,"check_from":0,"inflight":false,"checking_enabled":true,"large":false,"max_spell_tick_us":3112}
CORAL_PROBE {"tabs":1,"id":1,"dirty":true,"busy":false,"revision":81,"chars":9,"spelling":1,"dictionary":true,"enumerated":true,"search":0,"dialog":-1,"popover":false,"theme":0,"font":14,"lines":true,"bom":false,"newline":0,"check_from":9,"inflight":false,"checking_enabled":true,"large":false,"max_spell_tick_us":3112}
CORAL_PROBE {"tabs":1,"id":1,"dirty":true,"busy":false,"revision":81,"chars":9,"spelling":1,"dictionary":true,"enumerated":true,"search":0,"dialog":-1,"popover":true,"theme":0,"font":14,"lines":true,"bom":false,"newline":0,"check_from":9,"inflight":false,"checking_enabled":true,"large":false,"max_spell_tick_us":3112}
CORAL_COMMAND_DONE
CORAL_PROBE {"tabs":1,"id":1,"dirty":true,"busy":false,"revision":81,"chars":9,"spelling":0,"dictionary":true,"enumerated":true,"search":0,"dialog":-1,"popover":false,"theme":0,"font":14,"lines":true,"bom":false,"newline":0,"check_from":0,"inflight":false,"checking_enabled":true,"large":false,"max_spell_tick_us":3112}
CORAL_PROBE {"tabs":1,"id":1,"dirty":true,"busy":false,"revision":81,"chars":9,"spelling":0,"dictionary":true,"enumerated":true,"search":0,"dialog":-1,"popover":false,"theme":0,"font":14,"lines":true,"bom":false,"newline":0,"check_from":0,"inflight":false,"checking_enabled":true,"large":false,"max_spell_tick_us":3112}
CORAL_PROBE {"tabs":1,"id":1,"dirty":true,"busy":false,"revision":81,"chars":9,"spelling":0,"dictionary":true,"enumerated":true,"search":0,"dialog":-1,"popover":false,"theme":0,"font":14,"lines":true,"bom":false,"newline":0,"check_from":0,"inflight":false,"checking_enabled":true,"large":false,"max_spell_tick_us":3112}
CORAL_PROBE {"tabs":1,"id":1,"dirty":true,"busy":false,"revision":81,"chars":9,"spelling":0,"dictionary":true,"enumerated":true,"search":0,"dialog":-1,"popover":false,"theme":0,"font":14,"lines":true,"bom":false,"newline":0,"check_from":0,"inflight":false,"checking_enabled":true,"large":false,"max_spell_tick_us":3112}
CORAL_PROBE {"tabs":1,"id":1,"dirty":true,"busy":false,"revision":81,"chars":9,"spelling":0,"dictionary":true,"enumerated":true,"search":0,"dialog":-1,"popover":false,"theme":0,"font":14,"lines":true,"bom":false,"newline":0,"check_from":9,"inflight":false,"checking_enabled":true,"large":false,"max_spell_tick_us":3112}
CORAL_PROBE {"tabs":1,"id":1,"dirty":false,"busy":false,"revision":81,"chars":9,"spelling":0,"dictionary":true,"enumerated":true,"search":0,"dialog":-1,"popover":false,"theme":0,"font":14,"lines":true,"bom":false,"newline":0,"check_from":9,"inflight":false,"checking_enabled":true,"large":false,"max_spell_tick_us":3112}
CORAL_PROBE {"tabs":1,"id":1,"dirty":false,"busy":false,"revision":81,"chars":9,"spelling":0,"dictionary":true,"enumerated":true,"search":0,"dialog":-1,"popover":false,"theme":0,"font":14,"lines":true,"bom":false,"newline":0,"check_from":9,"inflight":false,"checking_enabled":true,"large":false,"max_spell_tick_us":3112}
CORAL_COMMAND_DONE
CORAL_PROBE {"tabs":1,"id":1,"dirty":false,"busy":false,"revision":81,"chars":9,"spelling":0,"dictionary":true,"enumerated":true,"search":0,"dialog":-1,"popover":false,"theme":0,"font":14,"lines":true,"bom":false,"newline":0,"check_from":0,"inflight":false,"checking_enabled":true,"large":false,"max_spell_tick_us":3112}
CORAL_PROBE {"tabs":1,"id":1,"dirty":false,"busy":false,"revision":81,"chars":9,"spelling":0,"dictionary":true,"enumerated":true,"search":0,"dialog":-1,"popover":false,"theme":0,"font":14,"lines":true,"bom":false,"newline":0,"check_from":0,"inflight":false,"checking_enabled":true,"large":false,"max_spell_tick_us":3112}
CORAL_PROBE {"tabs":1,"id":1,"dirty":false,"busy":false,"revision":81,"chars":9,"spelling":0,"dictionary":true,"enumerated":true,"search":0,"dialog":-1,"popover":false,"theme":0,"font":14,"lines":true,"bom":false,"newline":0,"check_from":0,"inflight":false,"checking_enabled":true,"large":false,"max_spell_tick_us":3112}
CORAL_PROBE {"tabs":1,"id":1,"dirty":false,"busy":false,"revision":81,"chars":9,"spelling":0,"dictionary":true,"enumerated":true,"search":0,"dialog":-1,"popover":false,"theme":0,"font":14,"lines":true,"bom":false,"newline":0,"check_from":0,"inflight":false,"checking_enabled":true,"large":false,"max_spell_tick_us":3112}
CORAL_PROBE {"tabs":1,"id":1,"dirty":false,"busy":false,"revision":81,"chars":9,"spelling":0,"dictionary":false,"enumerated":true,"search":0,"dialog":-1,"popover":false,"theme":0,"font":14,"lines":true,"bom":false,"newline":0,"check_from":9,"inflight":false,"checking_enabled":true,"large":false,"max_spell_tick_us":3112}
CORAL_PROBE {"tabs":1,"id":1,"dirty":false,"busy":false,"revision":81,"chars":9,"spelling":0,"dictionary":false,"enumerated":true,"search":0,"dialog":-1,"popover":false,"theme":0,"font":14,"lines":true,"bom":false,"newline":0,"check_from":9,"inflight":false,"checking_enabled":true,"large":false,"max_spell_tick_us":3112}
CORAL_PROBE {"tabs":1,"id":1,"dirty":true,"busy":false,"revision":87,"chars":15,"spelling":0,"dictionary":false,"enumerated":true,"search":0,"dialog":-1,"popover":false,"theme":0,"font":14,"lines":true,"bom":false,"newline":0,"check_from":0,"inflight":false,"checking_enabled":true,"large":false,"max_spell_tick_us":3112}
CORAL_COMMAND_DONE
CORAL_PROBE {"tabs":1,"id":1,"dirty":true,"busy":false,"revision":87,"chars":15,"spelling":0,"dictionary":true,"enumerated":true,"search":0,"dialog":-1,"popover":false,"theme":0,"font":14,"lines":true,"bom":false,"newline":0,"check_from":0,"inflight":false,"checking_enabled":true,"large":false,"max_spell_tick_us":3112}
CORAL_PROBE {"tabs":1,"id":1,"dirty":true,"busy":false,"revision":87,"chars":15,"spelling":0,"dictionary":true,"enumerated":true,"search":0,"dialog":-1,"popover":false,"theme":0,"font":14,"lines":true,"bom":false,"newline":0,"check_from":0,"inflight":false,"checking_enabled":true,"large":false,"max_spell_tick_us":3112}
CORAL_PROBE {"tabs":1,"id":1,"dirty":true,"busy":false,"revision":87,"chars":15,"spelling":0,"dictionary":true,"enumerated":true,"search":0,"dialog":-1,"popover":false,"theme":0,"font":14,"lines":true,"bom":false,"newline":0,"check_from":0,"inflight":false,"checking_enabled":true,"large":false,"max_spell_tick_us":3112}
CORAL_PROBE {"tabs":1,"id":1,"dirty":true,"busy":false,"revision":87,"chars":15,"spelling":0,"dictionary":true,"enumerated":true,"search":0,"dialog":-1,"popover":false,"theme":0,"font":14,"lines":true,"bom":false,"newline":0,"check_from":0,"inflight":true,"checking_enabled":true,"large":false,"max_spell_tick_us":3112}
CORAL_PROBE {"tabs":1,"id":1,"dirty":true,"busy":false,"revision":87,"chars":15,"spelling":0,"dictionary":true,"enumerated":true,"search":0,"dialog":-1,"popover":false,"theme":0,"font":14,"lines":true,"bom":false,"newline":0,"check_from":15,"inflight":false,"checking_enabled":true,"large":false,"max_spell_tick_us":3112}
CORAL_PROBE {"tabs":1,"id":1,"dirty":false,"busy":false,"revision":87,"chars":15,"spelling":0,"dictionary":true,"enumerated":true,"search":0,"dialog":-1,"popover":false,"theme":0,"font":14,"lines":true,"bom":false,"newline":0,"check_from":15,"inflight":false,"checking_enabled":true,"large":false,"max_spell_tick_us":3112}
CORAL_PROBE {"tabs":1,"id":1,"dirty":false,"busy":false,"revision":87,"chars":15,"spelling":0,"dictionary":true,"enumerated":true,"search":0,"dialog":-1,"popover":false,"theme":0,"font":14,"lines":true,"bom":false,"newline":0,"check_from":15,"inflight":false,"checking_enabled":true,"large":false,"max_spell_tick_us":3112}
CORAL_COMMAND_DONE
CORAL_PROBE {"tabs":1,"id":1,"dirty":true,"busy":false,"revision":88,"chars":20,"spelling":0,"dictionary":true,"enumerated":true,"search":0,"dialog":-1,"popover":false,"theme":0,"font":14,"lines":true,"bom":false,"newline":0,"check_from":0,"inflight":false,"checking_enabled":true,"large":false,"max_spell_tick_us":3112}
CORAL_PROBE {"tabs":1,"id":1,"dirty":true,"busy":false,"revision":88,"chars":20,"spelling":0,"dictionary":true,"enumerated":true,"search":0,"dialog":-1,"popover":false,"theme":0,"font":14,"lines":true,"bom":false,"newline":0,"check_from":0,"inflight":false,"checking_enabled":true,"large":false,"max_spell_tick_us":3112}
CORAL_PROBE {"tabs":1,"id":1,"dirty":false,"busy":false,"revision":88,"chars":20,"spelling":0,"dictionary":true,"enumerated":true,"search":0,"dialog":-1,"popover":false,"theme":0,"font":14,"lines":true,"bom":false,"newline":0,"check_from":0,"inflight":false,"checking_enabled":true,"large":false,"max_spell_tick_us":3112}
CORAL_PROBE {"tabs":1,"id":1,"dirty":false,"busy":false,"revision":88,"chars":20,"spelling":0,"dictionary":true,"enumerated":true,"search":0,"dialog":-1,"popover":false,"theme":0,"font":14,"lines":true,"bom":false,"newline":0,"check_from":0,"inflight":false,"checking_enabled":true,"large":false,"max_spell_tick_us":3112}
CORAL_COMMAND_DONE
CORAL_PROBE {"tabs":1,"id":1,"dirty":true,"busy":false,"revision":93,"chars":25,"spelling":0,"dictionary":true,"enumerated":true,"search":0,"dialog":-1,"popover":false,"theme":0,"font":14,"lines":true,"bom":false,"newline":0,"check_from":0,"inflight":false,"checking_enabled":true,"large":false,"max_spell_tick_us":3112}
CORAL_PROBE {"tabs":1,"id":1,"dirty":true,"busy":false,"revision":93,"chars":25,"spelling":0,"dictionary":true,"enumerated":true,"search":0,"dialog":-1,"popover":false,"theme":0,"font":14,"lines":true,"bom":false,"newline":0,"check_from":0,"inflight":false,"checking_enabled":true,"large":false,"max_spell_tick_us":3112}
CORAL_COMMAND_DONE
CORAL_PROBE {"tabs":1,"id":1,"dirty":true,"busy":false,"revision":93,"chars":25,"spelling":0,"dictionary":true,"enumerated":true,"search":0,"dialog":-1,"popover":false,"theme":0,"font":14,"lines":true,"bom":false,"newline":0,"check_from":0,"inflight":false,"checking_enabled":true,"large":false,"max_spell_tick_us":3112}
CORAL_PROBE {"tabs":1,"id":1,"dirty":true,"busy":false,"revision":93,"chars":25,"spelling":0,"dictionary":true,"enumerated":true,"search":0,"dialog":-1,"popover":false,"theme":0,"font":14,"lines":true,"bom":false,"newline":0,"check_from":0,"inflight":true,"checking_enabled":true,"large":false,"max_spell_tick_us":3112}
CORAL_PROBE {"tabs":1,"id":1,"dirty":false,"busy":false,"revision":93,"chars":25,"spelling":2,"dictionary":true,"enumerated":true,"search":0,"dialog":-1,"popover":false,"theme":0,"font":14,"lines":true,"bom":false,"newline":0,"check_from":25,"inflight":false,"checking_enabled":true,"large":false,"max_spell_tick_us":3112}
CORAL_PROBE {"tabs":1,"id":1,"dirty":false,"busy":false,"revision":93,"chars":25,"spelling":2,"dictionary":true,"enumerated":true,"search":0,"dialog":-1,"popover":false,"theme":0,"font":14,"lines":true,"bom":false,"newline":0,"check_from":25,"inflight":false,"checking_enabled":true,"large":false,"max_spell_tick_us":3112}
CORAL_PROBE {"tabs":1,"id":1,"dirty":false,"busy":false,"revision":93,"chars":25,"spelling":2,"dictionary":true,"enumerated":true,"search":0,"dialog":2,"popover":false,"theme":0,"font":14,"lines":true,"bom":false,"newline":0,"check_from":25,"inflight":false,"checking_enabled":true,"large":false,"max_spell_tick_us":3112}
CORAL_COMMAND_DONE
CORAL_PROBE {"tabs":1,"id":1,"dirty":false,"busy":false,"revision":93,"chars":25,"spelling":2,"dictionary":true,"enumerated":true,"search":0,"dialog":-1,"popover":false,"theme":0,"font":14,"lines":true,"bom":false,"newline":0,"check_from":25,"inflight":false,"checking_enabled":true,"large":false,"max_spell_tick_us":3112}
CORAL_COMMAND_DONE
CORAL_PROBE {"tabs":2,"id":4,"dirty":false,"busy":false,"revision":1,"chars":11,"spelling":0,"dictionary":true,"enumerated":true,"search":0,"dialog":-1,"popover":false,"theme":0,"font":14,"lines":true,"bom":true,"newline":1,"check_from":0,"inflight":false,"checking_enabled":true,"large":false,"max_spell_tick_us":3112}
CORAL_PROBE {"tabs":2,"id":4,"dirty":false,"busy":false,"revision":1,"chars":11,"spelling":0,"dictionary":true,"enumerated":true,"search":0,"dialog":-1,"popover":false,"theme":0,"font":14,"lines":true,"bom":true,"newline":1,"check_from":0,"inflight":false,"checking_enabled":true,"large":false,"max_spell_tick_us":3112}
CORAL_PROBE {"tabs":2,"id":4,"dirty":false,"busy":false,"revision":1,"chars":11,"spelling":0,"dictionary":true,"enumerated":true,"search":0,"dialog":-1,"popover":false,"theme":0,"font":14,"lines":true,"bom":true,"newline":1,"check_from":0,"inflight":false,"checking_enabled":true,"large":false,"max_spell_tick_us":3112}
CORAL_PROBE {"tabs":2,"id":4,"dirty":false,"busy":false,"revision":1,"chars":11,"spelling":0,"dictionary":true,"enumerated":true,"search":0,"dialog":-1,"popover":false,"theme":0,"font":14,"lines":true,"bom":true,"newline":1,"check_from":0,"inflight":false,"checking_enabled":true,"large":false,"max_spell_tick_us":3112}
CORAL_PROBE {"tabs":2,"id":4,"dirty":false,"busy":false,"revision":1,"chars":11,"spelling":0,"dictionary":true,"enumerated":true,"search":0,"dialog":-1,"popover":false,"theme":0,"font":14,"lines":true,"bom":true,"newline":1,"check_from":11,"inflight":false,"checking_enabled":true,"large":false,"max_spell_tick_us":3112}
CORAL_PROBE {"tabs":2,"id":4,"dirty":false,"busy":false,"revision":1,"chars":11,"spelling":0,"dictionary":true,"enumerated":true,"search":0,"dialog":-1,"popover":false,"theme":0,"font":14,"lines":true,"bom":true,"newline":1,"check_from":11,"inflight":false,"checking_enabled":true,"large":false,"max_spell_tick_us":3112}
CORAL_COMMAND_DONE
CORAL_PROBE {"tabs":2,"id":5,"dirty":false,"busy":false,"revision":1,"chars":12,"spelling":0,"dictionary":true,"enumerated":true,"search":0,"dialog":-1,"popover":false,"theme":0,"font":14,"lines":true,"bom":false,"newline":2,"check_from":0,"inflight":false,"checking_enabled":true,"large":false,"max_spell_tick_us":3112}
CORAL_PROBE {"tabs":2,"id":5,"dirty":false,"busy":false,"revision":1,"chars":12,"spelling":0,"dictionary":true,"enumerated":true,"search":0,"dialog":-1,"popover":false,"theme":0,"font":14,"lines":true,"bom":false,"newline":2,"check_from":0,"inflight":false,"checking_enabled":true,"large":false,"max_spell_tick_us":3112}
CORAL_PROBE {"tabs":2,"id":5,"dirty":false,"busy":false,"revision":1,"chars":12,"spelling":0,"dictionary":true,"enumerated":true,"search":0,"dialog":-1,"popover":false,"theme":0,"font":14,"lines":true,"bom":false,"newline":2,"check_from":0,"inflight":false,"checking_enabled":true,"large":false,"max_spell_tick_us":3112}
CORAL_PROBE {"tabs":2,"id":5,"dirty":false,"busy":false,"revision":1,"chars":12,"spelling":0,"dictionary":true,"enumerated":true,"search":0,"dialog":-1,"popover":false,"theme":0,"font":14,"lines":true,"bom":false,"newline":2,"check_from":0,"inflight":true,"checking_enabled":true,"large":false,"max_spell_tick_us":3112}
CORAL_PROBE {"tabs":2,"id":5,"dirty":false,"busy":false,"revision":1,"chars":12,"spelling":0,"dictionary":true,"enumerated":true,"search":0,"dialog":-1,"popover":false,"theme":0,"font":14,"lines":true,"bom":false,"newline":2,"check_from":12,"inflight":false,"checking_enabled":true,"large":false,"max_spell_tick_us":3112}
CORAL_PROBE {"tabs":2,"id":5,"dirty":false,"busy":false,"revision":1,"chars":12,"spelling":0,"dictionary":true,"enumerated":true,"search":0,"dialog":1,"popover":false,"theme":0,"font":14,"lines":true,"bom":false,"newline":2,"check_from":12,"inflight":false,"checking_enabled":true,"large":false,"max_spell_tick_us":3112}
CORAL_COMMAND_DONE
CORAL_COMMAND_DONE
CORAL_PROBE {"tabs":2,"id":5,"dirty":false,"busy":false,"revision":1,"chars":12,"spelling":0,"dictionary":true,"enumerated":true,"search":0,"dialog":-1,"popover":false,"theme":0,"font":14,"lines":true,"bom":false,"newline":0,"check_from":12,"inflight":false,"checking_enabled":true,"large":false,"max_spell_tick_us":3112}
CORAL_COMMAND_DONE
CORAL_PROBE {"tabs":2,"id":6,"dirty":false,"busy":false,"revision":0,"chars":0,"spelling":0,"dictionary":true,"enumerated":true,"search":0,"dialog":-1,"popover":false,"theme":0,"font":14,"lines":true,"bom":false,"newline":0,"check_from":0,"inflight":false,"checking_enabled":true,"large":false,"max_spell_tick_us":3112}
CORAL_COMMAND_DONE
CORAL_PROBE {"tabs":2,"id":7,"dirty":false,"busy":false,"revision":0,"chars":0,"spelling":0,"dictionary":true,"enumerated":true,"search":0,"dialog":-1,"popover":false,"theme":0,"font":14,"lines":true,"bom":false,"newline":0,"check_from":0,"inflight":false,"checking_enabled":true,"large":false,"max_spell_tick_us":3112}
CORAL_COMMAND_DONE
CORAL_COMMAND_DONE
CORAL_PROBE {"tabs":1,"id":1,"dirty":false,"busy":false,"revision":93,"chars":25,"spelling":2,"dictionary":true,"enumerated":true,"search":0,"dialog":5,"popover":false,"theme":1,"font":18,"lines":true,"bom":false,"newline":0,"check_from":25,"inflight":false,"checking_enabled":true,"large":false,"max_spell_tick_us":3112}
CORAL_COMMAND_DONE
