Build Summary: 23/23 steps succeeded
install success
+- install pearl cached
|  +- compile exe pearl Debug native cached 13ms MaxRSS:58M
|     +- run pkg-config success 1ms
|     +- translate-c cached 12ms MaxRSS:54M
|     +- run glib-compile-resources (pearl.gresource) cached
|     +- options cached
|     +- run exe zig-wayland-scanner (wayland.zig) cached
|        +- compile exe zig-wayland-scanner Debug native cached 10ms MaxRSS:55M
+- install pearl-settings success
|  +- compile exe pearl-settings Debug native success 423ms MaxRSS:223M
|     +- run exe zig-wayland-scanner (wayland.zig) (+1 more reused dependencies)
|     +- run glib-compile-resources (pearl.gresource) (reused)
|     +- options cached
+- install packaging/applications/org.aqueous.Pearl.Settings.desktop to share/applications/org.aqueous.Pearl.Settings.desktop cached
+- install packaging/icons/hicolor/scalable/apps/org.aqueous.Pearl.Settings.svg to share/icons/hicolor/scalable/apps/org.aqueous.Pearl.Settings.svg cached
+- install packaging/metainfo/org.aqueous.Pearl.Settings.metainfo.xml to share/metainfo/org.aqueous.Pearl.Settings.metainfo.xml cached
+- install pearl-lock cached
|  +- compile exe pearl-lock Debug native cached 13ms MaxRSS:58M
|     +- translate-c (reused)
|     +- run glib-compile-resources (pearl.gresource) (reused)
|     +- options cached
|     +- translate-c cached 12ms MaxRSS:55M
+- install pearl-t00 cached
|  +- compile exe pearl-t00 Debug native cached 13ms MaxRSS:57M
|     +- run pkg-config (reused)
|     +- translate-c (reused)
+- install pearlctl cached
   +- compile exe pearlctl Debug native cached 15ms MaxRSS:58M

