info(pearl): event=aqueous-availability state=connecting
info(pearl): event=ready mode=session
info: event=app-index-ready entries=4 truncated=false
info(pearl): event=aqueous-availability state=subscribing
info(pearl): event=aqueous-availability state=ready
info: event=output-mapped id=1 connector=HEADLESS-2 scale=1
info: event=output-mapped id=2 connector=HEADLESS-1 scale=1
info(pearl): event=settings-backend-ready session=ce485e1bcf925264c19d0d8e9b68edd3
info(pearl): event=control-ready session=ce485e1bcf925264c19d0d8e9b68edd3
info: event=preferences-applied revision=0 mode=static cache=false
info: event=preferences-applied revision=1 mode=static cache=false
info: event=preferences-applied revision=2 mode=static cache=false
info: event=popup-opened output=1
info: event=preferences-applied revision=3 mode=static cache=false
info: event=popup-closed
event=fixture-ready custom
event=fixture-ready custom
event=fixture-ready custom-action
info(pearl): event=stopping reason=signal pending=false
info(pearl): event=aqueous-availability state=stopped
info(pearl): event=cleanup pending=false watched_objects=0
info(pearl): event=stopped
