info(pearl): event=aqueous-availability state=connecting
info(pearl): event=ready mode=session
info(pearl): event=aqueous-availability state=subscribing
info(pearl): event=aqueous-availability state=ready
info: event=output-mapped id=2 connector=HEADLESS-1 scale=2
info: event=output-mapped id=1 connector=HEADLESS-2 scale=1
info(pearl): event=control-ready session=e311132925bb960ddcc4d31854ff7914
info: event=app-index-ready entries=2009 truncated=false
info: event=popup-opened output=1
info: event=launcher-results count=2015 shown=200 publish_us=8035
info: event=launcher-results count=2015 shown=200 publish_us=7414
info: event=launcher-painted latency_us=24386
info: event=launcher-results count=2015 shown=200 publish_us=10150
info: event=preferences-applied revision=0 mode=static cache=false
info: event=launcher-painted latency_us=25123
info: event=launcher-results count=1 shown=1 publish_us=4657
info: event=launcher-results count=1 shown=1 publish_us=357
info: event=launcher-results count=1 shown=1 publish_us=324
info: event=launcher-painted latency_us=4582
info: event=launcher-results count=1 shown=1 publish_us=423
info: event=launcher-painted latency_us=12317
info: event=popup-closed
info: event=popup-opened output=1
info(pearl): event=stopping reason=control-quit pending=false
info: event=popup-closed
info(pearl): event=aqueous-availability state=stopped
info(pearl): event=cleanup pending=false watched_objects=0
info(pearl): event=stopped
