[16:46:16.901323] {Default Queue}  -> wl_display#1.get_registry(new id wl_registry#2)
[16:46:16.901329] {Default Queue}  -> wl_display#1.sync(new id wl_callback#3)
[16:46:16.901381] {Display Queue} wl_display#1.delete_id(3)
[16:46:16.901382] {Default Queue} wl_registry#2.global(1, "wl_compositor", 6)
[16:46:16.901384] {Default Queue}  -> wl_registry#2.bind(1, "wl_compositor", 6, new id [unknown]#4)
[16:46:16.901386] {Default Queue} wl_registry#2.global(2, "wl_fixes", 1)
[16:46:16.901388] {Default Queue} wl_registry#2.global(3, "wp_security_context_manager_v1", 1)
[16:46:16.901389] {Default Queue} wl_registry#2.global(4, "wl_shm", 2)
[16:46:16.901390] {Default Queue}  -> wl_registry#2.bind(4, "wl_shm", 1, new id [unknown]#5)
[16:46:16.901391] {Default Queue} wl_registry#2.global(5, "wp_single_pixel_buffer_manager_v1", 1)
[16:46:16.901392] {Default Queue}  -> wl_registry#2.bind(5, "wp_single_pixel_buffer_manager_v1", 1, new id [unknown]#6)
[16:46:16.901394] {Default Queue} wl_registry#2.global(6, "wp_alpha_modifier_v1", 1)
[16:46:16.901395] {Default Queue} wl_registry#2.global(7, "wp_color_representation_manager_v1", 1)
[16:46:16.901396] {Default Queue}  -> wl_registry#2.bind(7, "wp_color_representation_manager_v1", 1, new id [unknown]#7)
[16:46:16.901396] {Default Queue} wl_registry#2.global(8, "wp_content_type_manager_v1", 1)
[16:46:16.901398] {Default Queue} wl_registry#2.global(9, "wp_fifo_manager_v1", 1)
[16:46:16.901398] {Default Queue} wl_registry#2.global(10, "wp_commit_timing_manager_v1", 1)
[16:46:16.901399] {Default Queue} wl_registry#2.global(11, "xdg_wm_dialog_v1", 1)
[16:46:16.901400] {Default Queue}  -> wl_registry#2.bind(11, "xdg_wm_dialog_v1", 1, new id [unknown]#8)
[16:46:16.901401] {Default Queue} wl_registry#2.global(12, "xdg_toplevel_drag_manager_v1", 1)
[16:46:16.901402] {Default Queue} wl_registry#2.global(13, "xdg_toplevel_icon_manager_v1", 1)
[16:46:16.901402] {Default Queue}  -> wl_registry#2.bind(13, "xdg_toplevel_icon_manager_v1", 1, new id [unknown]#9)
[16:46:16.901403] {Default Queue} wl_registry#2.global(14, "xdg_toplevel_tag_manager_v1", 1)
[16:46:16.901404] {Default Queue} wl_registry#2.global(15, "wp_viewporter", 1)
[16:46:16.901405] {Default Queue}  -> wl_registry#2.bind(15, "wp_viewporter", 1, new id [unknown]#10)
[16:46:16.901406] {Default Queue} wl_registry#2.global(16, "wp_fractional_scale_manager_v1", 1)
[16:46:16.901407] {Default Queue}  -> wl_registry#2.bind(16, "wp_fractional_scale_manager_v1", 1, new id [unknown]#11)
[16:46:16.901408] {Default Queue} wl_registry#2.global(17, "wl_subcompositor", 1)
[16:46:16.901409] {Default Queue}  -> wl_registry#2.bind(17, "wl_subcompositor", 1, new id [unknown]#12)
[16:46:16.901409] {Default Queue} wl_registry#2.global(18, "wp_cursor_shape_manager_v1", 2)
[16:46:16.901410] {Default Queue}  -> wl_registry#2.bind(18, "wp_cursor_shape_manager_v1", 1, new id [unknown]#13)
[16:46:16.901411] {Default Queue} wl_registry#2.global(19, "xdg_wm_base", 7)
[16:46:16.901412] {Default Queue} wl_registry#2.global(20, "zxdg_decoration_manager_v1", 1)
[16:46:16.901413] {Default Queue} wl_registry#2.global(21, "org_kde_kwin_server_decoration_manager", 1)
[16:46:16.901413] {Default Queue}  -> wl_registry#2.bind(21, "org_kde_kwin_server_decoration_manager", 1, new id [unknown]#14)
[16:46:16.901414] {Default Queue} wl_registry#2.global(22, "xdg_activation_v1", 1)
[16:46:16.901415] {Default Queue}  -> wl_registry#2.bind(22, "xdg_activation_v1", 1, new id [unknown]#15)
[16:46:16.901416] {Default Queue} wl_registry#2.global(23, "zxdg_exporter_v2", 1)
[16:46:16.901416] {Default Queue}  -> wl_registry#2.bind(23, "zxdg_exporter_v2", 1, new id [unknown]#16)
[16:46:16.901417] {Default Queue} wl_registry#2.global(24, "zxdg_importer_v2", 1)
[16:46:16.901418] {Default Queue}  -> wl_registry#2.bind(24, "zxdg_importer_v2", 1, new id [unknown]#17)
[16:46:16.901418] {Default Queue} wl_registry#2.global(25, "wl_data_device_manager", 3)
[16:46:16.901419] {Default Queue}  -> wl_registry#2.bind(25, "wl_data_device_manager", 3, new id [unknown]#18)
[16:46:16.901420] {Default Queue} wl_registry#2.global(26, "zwp_primary_selection_device_manager_v1", 1)
[16:46:16.901421] {Default Queue}  -> wl_registry#2.bind(26, "zwp_primary_selection_device_manager_v1", 1, new id [unknown]#19)
[16:46:16.901421] {Default Queue} wl_registry#2.global(27, "ext_data_control_manager_v1", 1)
[16:46:16.901422] {Default Queue} wl_registry#2.global(28, "zwlr_data_control_manager_v1", 2)
[16:46:16.901423] {Default Queue} wl_registry#2.global(29, "zwlr_export_dmabuf_manager_v1", 1)
[16:46:16.901424] {Default Queue} wl_registry#2.global(30, "zwlr_screencopy_manager_v1", 3)
[16:46:16.901424] {Default Queue} wl_registry#2.global(31, "ext_image_copy_capture_manager_v1", 1)
[16:46:16.901428] {Default Queue} wl_registry#2.global(32, "aqueous_capture_color_manager_v1", 1)
[16:46:16.901434] {Default Queue} wl_registry#2.global(33, "ext_output_image_capture_source_manager_v1", 1)
[16:46:16.901435] {Default Queue} wl_registry#2.global(34, "zwlr_foreign_toplevel_manager_v1", 3)
[16:46:16.901435] {Default Queue} wl_registry#2.global(35, "ext_foreign_toplevel_list_v1", 1)
[16:46:16.901436] {Default Queue} wl_registry#2.global(36, "ext_foreign_toplevel_image_capture_source_manager_v1", 1)
[16:46:16.901437] {Default Queue} wl_registry#2.global(37, "wp_tearing_control_manager_v1", 1)
[16:46:16.901438] {Default Queue} wl_registry#2.global(38, "aqueous_window_manager_v1", 10)
[16:46:16.901439] {Default Queue} wl_registry#2.global(39, "ext_workspace_manager_v1", 1)
[16:46:16.901439] {Default Queue} wl_registry#2.global(40, "aqueous_window_info_manager_v1", 8)
[16:46:16.901440] {Default Queue} wl_registry#2.global(41, "aqueous_xkb_bindings_v1", 3)
[16:46:16.901441] {Default Queue} wl_registry#2.global(42, "aqueous_layer_shell_v1", 1)
[16:46:16.901441] {Default Queue} wl_registry#2.global(43, "zwlr_layer_shell_v1", 4)
[16:46:16.901442] {Default Queue} wl_registry#2.global(44, "zwlr_gamma_control_manager_v1", 1)
[16:46:16.901443] {Default Queue} wl_registry#2.global(45, "wp_presentation", 2)
[16:46:16.901444] {Default Queue}  -> wl_registry#2.bind(45, "wp_presentation", 1, new id [unknown]#20)
[16:46:16.901445] {Default Queue} wl_registry#2.global(46, "zxdg_output_manager_v1", 3)
[16:46:16.901445] {Default Queue}  -> wl_registry#2.bind(46, "zxdg_output_manager_v1", 3, new id [unknown]#21)
[16:46:16.901446] {Default Queue}  -> wl_display#1.sync(new id wl_callback#22)
[16:46:16.901447] {Default Queue} wl_registry#2.global(47, "zwlr_output_manager_v1", 4)
[16:46:16.901448] {Default Queue} wl_registry#2.global(48, "zwlr_output_power_manager_v1", 1)
[16:46:16.901449] {Default Queue} wl_registry#2.global(49, "aqueous_input_manager_v1", 2)
[16:46:16.901449] {Default Queue} wl_registry#2.global(50, "ext_idle_notifier_v1", 2)
[16:46:16.901450] {Default Queue} wl_registry#2.global(51, "zwp_relative_pointer_manager_v1", 1)
[16:46:16.901451] {Default Queue} wl_registry#2.global(52, "zwp_pointer_gestures_v1", 3)
[16:46:16.901452] {Default Queue}  -> wl_registry#2.bind(52, "zwp_pointer_gestures_v1", 3, new id [unknown]#23)
[16:46:16.901453] {Default Queue} wl_registry#2.global(53, "zwlr_virtual_pointer_manager_v1", 2)
[16:46:16.901453] {Default Queue} wl_registry#2.global(54, "zwp_virtual_keyboard_manager_v1", 1)
[16:46:16.901454] {Default Queue} wl_registry#2.global(55, "zwp_pointer_constraints_v1", 1)
[16:46:16.901455] {Default Queue} wl_registry#2.global(56, "zwp_input_method_manager_v2", 1)
[16:46:16.901456] {Default Queue} wl_registry#2.global(57, "zwp_text_input_manager_v3", 1)
[16:46:16.901457] {Default Queue} wl_registry#2.global(58, "zwp_tablet_manager_v2", 1)
[16:46:16.901457] {Default Queue}  -> wl_registry#2.bind(58, "zwp_tablet_manager_v2", 1, new id [unknown]#24)
[16:46:16.901458] {Default Queue} wl_registry#2.global(59, "wp_pointer_warp_v1", 1)
[16:46:16.901459] {Default Queue} wl_registry#2.global(60, "wl_seat", 9)
[16:46:16.901460] {Default Queue} wl_registry#2.global(61, "aqueous_libinput_config_v1", 2)
[16:46:16.901461] {Default Queue} wl_registry#2.global(62, "aqueous_xkb_config_v1", 2)
[16:46:16.901462] {Default Queue} wl_registry#2.global(63, "zwp_idle_inhibit_manager_v1", 1)
[16:46:16.901463] {Default Queue}  -> wl_registry#2.bind(63, "zwp_idle_inhibit_manager_v1", 1, new id [unknown]#25)
[16:46:16.901463] {Default Queue} wl_registry#2.global(64, "ext_session_lock_manager_v1", 1)
[16:46:16.901464] {Default Queue} wl_registry#2.global(65, "aqueous_shell_manager_v1", 2)
[16:46:16.901465] {Default Queue} wl_registry#2.global(66, "zwp_keyboard_shortcuts_inhibit_manager_v1", 1)
[16:46:16.901466] {Default Queue}  -> wl_registry#2.bind(66, "zwp_keyboard_shortcuts_inhibit_manager_v1", 1, new id [unknown]#26)
[16:46:16.901467] {Default Queue} wl_registry#2.global(67, "xdg_system_bell_v1", 1)
[16:46:16.901468] {Default Queue}  -> wl_registry#2.bind(67, "xdg_system_bell_v1", 1, new id [unknown]#27)
[16:46:16.901468] {Default Queue} wl_registry#2.global(68, "wl_output", 4)
[16:46:16.901469] {Default Queue}  -> wl_registry#2.bind(68, "wl_output", 4, new id [unknown]#28)
[16:46:16.901487] {Default Queue}  -> zxdg_output_manager_v1#21.get_xdg_output(new id zxdg_output_v1#29, wl_output#28)
[16:46:16.901490] {Default Queue}  -> wl_display#1.sync(new id wl_callback#30)
[16:46:16.901491] {Default Queue} wl_registry#2.global(69, "wl_output", 4)
[16:46:16.901492] {Default Queue}  -> wl_registry#2.bind(69, "wl_output", 4, new id [unknown]#31)
[16:46:16.901493] {Default Queue}  -> zxdg_output_manager_v1#21.get_xdg_output(new id zxdg_output_v1#32, wl_output#31)
[16:46:16.901494] {Default Queue}  -> wl_display#1.sync(new id wl_callback#33)
[16:46:16.901496] {Default Queue} wl_callback#3.done(1)
[16:46:16.901497] {Default Queue}  -> wl_registry#2.bind(60, "wl_seat", 9, new id [unknown]#3)
[16:46:16.902564] {Default Queue}  -> zwp_primary_selection_device_manager_v1#19.get_device(new id zwp_primary_selection_device_v1#34, wl_seat#3)
[16:46:16.902568] {Default Queue}  -> wl_data_device_manager#18.get_data_device(new id wl_data_device#35, wl_seat#3)
[16:46:16.902596] {Default Queue}  -> wl_compositor#4.create_surface(new id wl_surface#36)
[16:46:16.902597] {Default Queue}  -> wp_viewporter#10.get_viewport(new id wp_viewport#37, wl_surface#36)
[16:46:16.902598] {Default Queue}  -> wp_fractional_scale_manager_v1#11.get_fractional_scale(new id wp_fractional_scale_v1#38, wl_surface#36)
[16:46:16.902599] {Default Queue}  -> zwp_tablet_manager_v2#24.get_tablet_seat(new id zwp_tablet_seat_v2#39, wl_seat#3)
[16:46:16.902602] {Default Queue}  -> wl_display#1.sync(new id wl_callback#40)
[16:46:16.902742] {Display Queue} wl_display#1.delete_id(22)
[16:46:16.902744] {Display Queue} wl_display#1.delete_id(30)
[16:46:16.902745] {Display Queue} wl_display#1.delete_id(33)
[16:46:16.902745] {Display Queue} wl_display#1.delete_id(40)
[16:46:16.902746] {Default Queue} wl_shm#5.format(0)
[16:46:16.902746] {Default Queue} wl_shm#5.format(875709016)
[16:46:16.902747] {Default Queue} wl_shm#5.format(1)
[16:46:16.902748] {Default Queue} wl_shm#5.format(875708993)
[16:46:16.902748] {Default Queue} wl_shm#5.format(875708754)
[16:46:16.902749] {Default Queue} wl_shm#5.format(875714642)
[16:46:16.902749] {Default Queue} wl_shm#5.format(875708738)
[16:46:16.902750] {Default Queue} wl_shm#5.format(875714626)
[16:46:16.902750] {Default Queue} wl_shm#5.format(909199186)
[16:46:16.902751] {Default Queue} wl_shm#5.format(909199170)
[16:46:16.902751] {Default Queue} wl_shm#5.format(808669761)
[16:46:16.902752] {Default Queue} wl_shm#5.format(808669784)
[16:46:16.902752] {Default Queue} wl_shm#5.format(808665665)
[16:46:16.902753] {Default Queue} wl_shm#5.format(808665688)
[16:46:16.902753] {Default Queue} wl_shm#5.format(942948929)
[16:46:16.902754] {Default Queue} wp_color_representation_manager_v1#7.supported_alpha_mode(0)
[16:46:16.902755] {Default Queue} wp_color_representation_manager_v1#7.supported_coefficients_and_ranges(1, 1)
[16:46:16.902756] {Default Queue} wp_color_representation_manager_v1#7.done()
[16:46:16.902757] {Default Queue} discarded xdg_toplevel_icon_manager_v1#9.icon_size(32)
[16:46:16.902758] {Default Queue} discarded xdg_toplevel_icon_manager_v1#9.icon_size(64)
[16:46:16.902758] {Default Queue} discarded xdg_toplevel_icon_manager_v1#9.icon_size(128)
[16:46:16.902759] {Default Queue} discarded xdg_toplevel_icon_manager_v1#9.done()
[16:46:16.902759] {Default Queue} org_kde_kwin_server_decoration_manager#14.default_mode(1)
[16:46:16.902760] {Default Queue} discarded wp_presentation#20.clock_id(1)
[16:46:16.902760] {Default Queue} wl_callback#22.done(1)
[16:46:16.902762] {Default Queue} wl_output#28.geometry(0, 0, 0, 0, 0, "Unknown", "Unknown", 0)
[16:46:16.902765] {Default Queue} wl_output#28.mode(1, 1280, 720, 0)
[16:46:16.902766] {Default Queue} wl_output#28.scale(1)
[16:46:16.902767] {Default Queue} wl_output#28.name("HEADLESS-2")
[16:46:16.902768] {Default Queue} wl_output#28.description("Headless output 2")
[16:46:16.902769] {Default Queue} wl_output#28.done()
[16:46:16.902770] {Default Queue} zxdg_output_v1#29.name("HEADLESS-2")
[16:46:16.902770] {Default Queue} zxdg_output_v1#29.description("Headless output 2")
[16:46:16.902771] {Default Queue} zxdg_output_v1#29.logical_position(0, 0)
[16:46:16.902771] {Default Queue} zxdg_output_v1#29.logical_size(1280, 720)
[16:46:16.902772] {Default Queue} wl_output#28.done()
[16:46:16.902773] {Default Queue} wl_callback#30.done(1)
[16:46:16.902773] {Default Queue} wl_output#31.geometry(0, 0, 0, 0, 0, "Unknown", "Unknown", 0)
[16:46:16.902775] {Default Queue} wl_output#31.mode(1, 1280, 720, 0)
[16:46:16.902776] {Default Queue} wl_output#31.scale(1)
[16:46:16.902776] {Default Queue} wl_output#31.name("HEADLESS-1")
[16:46:16.902777] {Default Queue} wl_output#31.description("Headless output 1")
[16:46:16.902778] {Default Queue} wl_output#31.done()
[16:46:16.902778] {Default Queue} zxdg_output_v1#32.name("HEADLESS-1")
[16:46:16.902779] {Default Queue} zxdg_output_v1#32.description("Headless output 1")
[16:46:16.902779] {Default Queue} zxdg_output_v1#32.logical_position(1280, 0)
[16:46:16.902780] {Default Queue} zxdg_output_v1#32.logical_size(1280, 720)
[16:46:16.902780] {Default Queue} wl_output#31.done()
[16:46:16.902781] {Default Queue} wl_callback#33.done(1)
[16:46:16.902782] {Default Queue} wl_seat#3.name("default")
[16:46:16.902783] {Default Queue} wl_seat#3.capabilities(0)
[16:46:16.902783] {Default Queue} wl_callback#40.done(1)
[16:46:16.902784] {Default Queue}  -> wl_registry#2.bind(19, "xdg_wm_base", 7, new id [unknown]#40)
[16:46:16.902792] {Default Queue}  -> wl_display#1.get_registry(new id wl_registry#33)
[16:46:16.902793] {Default Queue}  -> wl_display#1.sync(new id wl_callback#30)
[16:46:16.902831] {Display Queue} wl_display#1.delete_id(30)
[16:46:16.902831] {Default Queue} wl_registry#33.global(1, "wl_compositor", 6)
[16:46:16.902832] {Default Queue} wl_registry#33.global(2, "wl_fixes", 1)
[16:46:16.902833] {Default Queue} wl_registry#33.global(3, "wp_security_context_manager_v1", 1)
[16:46:16.902834] {Default Queue} wl_registry#33.global(4, "wl_shm", 2)
[16:46:16.902834] {Default Queue} wl_registry#33.global(5, "wp_single_pixel_buffer_manager_v1", 1)
[16:46:16.902835] {Default Queue} wl_registry#33.global(6, "wp_alpha_modifier_v1", 1)
[16:46:16.902836] {Default Queue} wl_registry#33.global(7, "wp_color_representation_manager_v1", 1)
[16:46:16.902836] {Default Queue} wl_registry#33.global(8, "wp_content_type_manager_v1", 1)
[16:46:16.902838] {Default Queue} wl_registry#33.global(9, "wp_fifo_manager_v1", 1)
[16:46:16.902838] {Default Queue} wl_registry#33.global(10, "wp_commit_timing_manager_v1", 1)
[16:46:16.902839] {Default Queue} wl_registry#33.global(11, "xdg_wm_dialog_v1", 1)
[16:46:16.902839] {Default Queue} wl_registry#33.global(12, "xdg_toplevel_drag_manager_v1", 1)
[16:46:16.902840] {Default Queue} wl_registry#33.global(13, "xdg_toplevel_icon_manager_v1", 1)
[16:46:16.902841] {Default Queue} wl_registry#33.global(14, "xdg_toplevel_tag_manager_v1", 1)
[16:46:16.902841] {Default Queue} wl_registry#33.global(15, "wp_viewporter", 1)
[16:46:16.902842] {Default Queue} wl_registry#33.global(16, "wp_fractional_scale_manager_v1", 1)
[16:46:16.902843] {Default Queue} wl_registry#33.global(17, "wl_subcompositor", 1)
[16:46:16.902843] {Default Queue} wl_registry#33.global(18, "wp_cursor_shape_manager_v1", 2)
[16:46:16.902844] {Default Queue} wl_registry#33.global(19, "xdg_wm_base", 7)
[16:46:16.902844] {Default Queue} wl_registry#33.global(20, "zxdg_decoration_manager_v1", 1)
[16:46:16.902845] {Default Queue} wl_registry#33.global(21, "org_kde_kwin_server_decoration_manager", 1)
[16:46:16.902845] {Default Queue} wl_registry#33.global(22, "xdg_activation_v1", 1)
[16:46:16.902846] {Default Queue} wl_registry#33.global(23, "zxdg_exporter_v2", 1)
[16:46:16.902847] {Default Queue} wl_registry#33.global(24, "zxdg_importer_v2", 1)
[16:46:16.902847] {Default Queue} wl_registry#33.global(25, "wl_data_device_manager", 3)
[16:46:16.902848] {Default Queue} wl_registry#33.global(26, "zwp_primary_selection_device_manager_v1", 1)
[16:46:16.902848] {Default Queue} wl_registry#33.global(27, "ext_data_control_manager_v1", 1)
[16:46:16.902849] {Default Queue} wl_registry#33.global(28, "zwlr_data_control_manager_v1", 2)
[16:46:16.902850] {Default Queue} wl_registry#33.global(29, "zwlr_export_dmabuf_manager_v1", 1)
[16:46:16.902850] {Default Queue} wl_registry#33.global(30, "zwlr_screencopy_manager_v1", 3)
[16:46:16.902851] {Default Queue} wl_registry#33.global(31, "ext_image_copy_capture_manager_v1", 1)
[16:46:16.902851] {Default Queue} wl_registry#33.global(32, "aqueous_capture_color_manager_v1", 1)
[16:46:16.902852] {Default Queue} wl_registry#33.global(33, "ext_output_image_capture_source_manager_v1", 1)
[16:46:16.902853] {Default Queue} wl_registry#33.global(34, "zwlr_foreign_toplevel_manager_v1", 3)
[16:46:16.902853] {Default Queue} wl_registry#33.global(35, "ext_foreign_toplevel_list_v1", 1)
[16:46:16.902854] {Default Queue} wl_registry#33.global(36, "ext_foreign_toplevel_image_capture_source_manager_v1", 1)
[16:46:16.902854] {Default Queue} wl_registry#33.global(37, "wp_tearing_control_manager_v1", 1)
[16:46:16.902855] {Default Queue} wl_registry#33.global(38, "aqueous_window_manager_v1", 10)
[16:46:16.902856] {Default Queue} wl_registry#33.global(39, "ext_workspace_manager_v1", 1)
[16:46:16.902856] {Default Queue} wl_registry#33.global(40, "aqueous_window_info_manager_v1", 8)
[16:46:16.902857] {Default Queue} wl_registry#33.global(41, "aqueous_xkb_bindings_v1", 3)
[16:46:16.902858] {Default Queue} wl_registry#33.global(42, "aqueous_layer_shell_v1", 1)
[16:46:16.902858] {Default Queue} wl_registry#33.global(43, "zwlr_layer_shell_v1", 4)
[16:46:16.902859] {Default Queue}  -> wl_registry#33.bind(43, "zwlr_layer_shell_v1", 4, new id [unknown]#22)
[16:46:16.902860] {Default Queue} wl_registry#33.global(44, "zwlr_gamma_control_manager_v1", 1)
[16:46:16.902860] {Default Queue} wl_registry#33.global(45, "wp_presentation", 2)
[16:46:16.902861] {Default Queue} wl_registry#33.global(46, "zxdg_output_manager_v1", 3)
[16:46:16.902862] {Default Queue} wl_registry#33.global(47, "zwlr_output_manager_v1", 4)
[16:46:16.902862] {Default Queue} wl_registry#33.global(48, "zwlr_output_power_manager_v1", 1)
[16:46:16.902863] {Default Queue} wl_registry#33.global(49, "aqueous_input_manager_v1", 2)
[16:46:16.902863] {Default Queue} wl_registry#33.global(50, "ext_idle_notifier_v1", 2)
[16:46:16.902864] {Default Queue} wl_registry#33.global(51, "zwp_relative_pointer_manager_v1", 1)
[16:46:16.902865] {Default Queue} wl_registry#33.global(52, "zwp_pointer_gestures_v1", 3)
[16:46:16.902865] {Default Queue} wl_registry#33.global(53, "zwlr_virtual_pointer_manager_v1", 2)
[16:46:16.902866] {Default Queue} wl_registry#33.global(54, "zwp_virtual_keyboard_manager_v1", 1)
[16:46:16.902867] {Default Queue} wl_registry#33.global(55, "zwp_pointer_constraints_v1", 1)
[16:46:16.902867] {Default Queue} wl_registry#33.global(56, "zwp_input_method_manager_v2", 1)
[16:46:16.902868] {Default Queue} wl_registry#33.global(57, "zwp_text_input_manager_v3", 1)
[16:46:16.902868] {Default Queue} wl_registry#33.global(58, "zwp_tablet_manager_v2", 1)
[16:46:16.902869] {Default Queue} wl_registry#33.global(59, "wp_pointer_warp_v1", 1)
[16:46:16.902870] {Default Queue} wl_registry#33.global(60, "wl_seat", 9)
[16:46:16.902870] {Default Queue} wl_registry#33.global(61, "aqueous_libinput_config_v1", 2)
[16:46:16.902871] {Default Queue} wl_registry#33.global(62, "aqueous_xkb_config_v1", 2)
[16:46:16.902871] {Default Queue} wl_registry#33.global(63, "zwp_idle_inhibit_manager_v1", 1)
[16:46:16.902872] {Default Queue} wl_registry#33.global(64, "ext_session_lock_manager_v1", 1)
[16:46:16.902873] {Default Queue} wl_registry#33.global(65, "aqueous_shell_manager_v1", 2)
[16:46:16.902873] {Default Queue} wl_registry#33.global(66, "zwp_keyboard_shortcuts_inhibit_manager_v1", 1)
[16:46:16.902874] {Default Queue} wl_registry#33.global(67, "xdg_system_bell_v1", 1)
[16:46:16.902875] {Default Queue} wl_registry#33.global(68, "wl_output", 4)
[16:46:16.902875] {Default Queue} wl_registry#33.global(69, "wl_output", 4)
[16:46:16.902876] {Default Queue} wl_callback#30.done(1)
[16:46:16.918935] {Default Queue}  -> wl_display#1.get_registry(new id wl_registry#30)
[16:46:16.918975] {Default Queue}  -> wl_display#1.sync(new id wl_callback#41)
[16:46:16.919127] {Display Queue} wl_display#1.delete_id(41)
[16:46:16.919135] {Default Queue} wl_registry#30.global(1, "wl_compositor", 6)
[16:46:16.919137] {Default Queue} wl_registry#30.global(2, "wl_fixes", 1)
[16:46:16.919138] {Default Queue} wl_registry#30.global(3, "wp_security_context_manager_v1", 1)
[16:46:16.919139] {Default Queue} wl_registry#30.global(4, "wl_shm", 2)
[16:46:16.919140] {Default Queue} wl_registry#30.global(5, "wp_single_pixel_buffer_manager_v1", 1)
[16:46:16.919140] {Default Queue} wl_registry#30.global(6, "wp_alpha_modifier_v1", 1)
[16:46:16.919141] {Default Queue} wl_registry#30.global(7, "wp_color_representation_manager_v1", 1)
[16:46:16.919141] {Default Queue} wl_registry#30.global(8, "wp_content_type_manager_v1", 1)
[16:46:16.919142] {Default Queue} wl_registry#30.global(9, "wp_fifo_manager_v1", 1)
[16:46:16.919142] {Default Queue} wl_registry#30.global(10, "wp_commit_timing_manager_v1", 1)
[16:46:16.919143] {Default Queue} wl_registry#30.global(11, "xdg_wm_dialog_v1", 1)
[16:46:16.919144] {Default Queue} wl_registry#30.global(12, "xdg_toplevel_drag_manager_v1", 1)
[16:46:16.919144] {Default Queue} wl_registry#30.global(13, "xdg_toplevel_icon_manager_v1", 1)
[16:46:16.919145] {Default Queue} wl_registry#30.global(14, "xdg_toplevel_tag_manager_v1", 1)
[16:46:16.919145] {Default Queue} wl_registry#30.global(15, "wp_viewporter", 1)
[16:46:16.919146] {Default Queue} wl_registry#30.global(16, "wp_fractional_scale_manager_v1", 1)
[16:46:16.919146] {Default Queue} wl_registry#30.global(17, "wl_subcompositor", 1)
[16:46:16.919147] {Default Queue} wl_registry#30.global(18, "wp_cursor_shape_manager_v1", 2)
[16:46:16.919147] {Default Queue} wl_registry#30.global(19, "xdg_wm_base", 7)
[16:46:16.919148] {Default Queue} wl_registry#30.global(20, "zxdg_decoration_manager_v1", 1)
[16:46:16.919149] {Default Queue} wl_registry#30.global(21, "org_kde_kwin_server_decoration_manager", 1)
[16:46:16.919149] {Default Queue} wl_registry#30.global(22, "xdg_activation_v1", 1)
[16:46:16.919150] {Default Queue} wl_registry#30.global(23, "zxdg_exporter_v2", 1)
[16:46:16.919150] {Default Queue} wl_registry#30.global(24, "zxdg_importer_v2", 1)
[16:46:16.919151] {Default Queue} wl_registry#30.global(25, "wl_data_device_manager", 3)
[16:46:16.919151] {Default Queue} wl_registry#30.global(26, "zwp_primary_selection_device_manager_v1", 1)
[16:46:16.919152] {Default Queue} wl_registry#30.global(27, "ext_data_control_manager_v1", 1)
[16:46:16.919152] {Default Queue} wl_registry#30.global(28, "zwlr_data_control_manager_v1", 2)
[16:46:16.919153] {Default Queue} wl_registry#30.global(29, "zwlr_export_dmabuf_manager_v1", 1)
[16:46:16.919153] {Default Queue} wl_registry#30.global(30, "zwlr_screencopy_manager_v1", 3)
[16:46:16.919154] {Default Queue} wl_registry#30.global(31, "ext_image_copy_capture_manager_v1", 1)
[16:46:16.919154] {Default Queue} wl_registry#30.global(32, "aqueous_capture_color_manager_v1", 1)
[16:46:16.919155] {Default Queue} wl_registry#30.global(33, "ext_output_image_capture_source_manager_v1", 1)
[16:46:16.919155] {Default Queue} wl_registry#30.global(34, "zwlr_foreign_toplevel_manager_v1", 3)
[16:46:16.919156] {Default Queue} wl_registry#30.global(35, "ext_foreign_toplevel_list_v1", 1)
[16:46:16.919156] {Default Queue} wl_registry#30.global(36, "ext_foreign_toplevel_image_capture_source_manager_v1", 1)
[16:46:16.919157] {Default Queue} wl_registry#30.global(37, "wp_tearing_control_manager_v1", 1)
[16:46:16.919157] {Default Queue} wl_registry#30.global(38, "aqueous_window_manager_v1", 10)
[16:46:16.919158] {Default Queue} wl_registry#30.global(39, "ext_workspace_manager_v1", 1)
[16:46:16.919159] {Default Queue} wl_registry#30.global(40, "aqueous_window_info_manager_v1", 8)
[16:46:16.919159] {Default Queue} wl_registry#30.global(41, "aqueous_xkb_bindings_v1", 3)
[16:46:16.919160] {Default Queue} wl_registry#30.global(42, "aqueous_layer_shell_v1", 1)
[16:46:16.919160] {Default Queue} wl_registry#30.global(43, "zwlr_layer_shell_v1", 4)
[16:46:16.919161] {Default Queue} wl_registry#30.global(44, "zwlr_gamma_control_manager_v1", 1)
[16:46:16.919161] {Default Queue} wl_registry#30.global(45, "wp_presentation", 2)
[16:46:16.919162] {Default Queue} wl_registry#30.global(46, "zxdg_output_manager_v1", 3)
[16:46:16.919162] {Default Queue} wl_registry#30.global(47, "zwlr_output_manager_v1", 4)
[16:46:16.919164] {Default Queue}  -> wl_registry#30.bind(47, "zwlr_output_manager_v1", 3, new id [unknown]#42)
[16:46:16.919166] {Default Queue} wl_registry#30.global(48, "zwlr_output_power_manager_v1", 1)
[16:46:16.919167] {Default Queue} wl_registry#30.global(49, "aqueous_input_manager_v1", 2)
[16:46:16.919168] {Default Queue} wl_registry#30.global(50, "ext_idle_notifier_v1", 2)
[16:46:16.919169] {Default Queue} wl_registry#30.global(51, "zwp_relative_pointer_manager_v1", 1)
[16:46:16.919170] {Default Queue} wl_registry#30.global(52, "zwp_pointer_gestures_v1", 3)
[16:46:16.919171] {Default Queue} wl_registry#30.global(53, "zwlr_virtual_pointer_manager_v1", 2)
[16:46:16.919171] {Default Queue} wl_registry#30.global(54, "zwp_virtual_keyboard_manager_v1", 1)
[16:46:16.919172] {Default Queue} wl_registry#30.global(55, "zwp_pointer_constraints_v1", 1)
[16:46:16.919173] {Default Queue} wl_registry#30.global(56, "zwp_input_method_manager_v2", 1)
[16:46:16.919174] {Default Queue} wl_registry#30.global(57, "zwp_text_input_manager_v3", 1)
[16:46:16.919175] {Default Queue} wl_registry#30.global(58, "zwp_tablet_manager_v2", 1)
[16:46:16.919175] {Default Queue} wl_registry#30.global(59, "wp_pointer_warp_v1", 1)
[16:46:16.919176] {Default Queue} wl_registry#30.global(60, "wl_seat", 9)
[16:46:16.919177] {Default Queue} wl_registry#30.global(61, "aqueous_libinput_config_v1", 2)
[16:46:16.919178] {Default Queue} wl_registry#30.global(62, "aqueous_xkb_config_v1", 2)
[16:46:16.919179] {Default Queue} wl_registry#30.global(63, "zwp_idle_inhibit_manager_v1", 1)
[16:46:16.919179] {Default Queue} wl_registry#30.global(64, "ext_session_lock_manager_v1", 1)
[16:46:16.919180] {Default Queue} wl_registry#30.global(65, "aqueous_shell_manager_v1", 2)
[16:46:16.919181] {Default Queue} wl_registry#30.global(66, "zwp_keyboard_shortcuts_inhibit_manager_v1", 1)
[16:46:16.919182] {Default Queue} wl_registry#30.global(67, "xdg_system_bell_v1", 1)
[16:46:16.919183] {Default Queue} wl_registry#30.global(68, "wl_output", 4)
[16:46:16.919184] {Default Queue} wl_registry#30.global(69, "wl_output", 4)
[16:46:16.919185] {Default Queue} wl_callback#41.done(1)
[16:46:16.919197] {Default Queue} zwlr_output_manager_v1#42.head(new id zwlr_output_head_v1#4278190080)
[16:46:16.919199] {Default Queue} zwlr_output_head_v1#4278190080.name("HEADLESS-2")
[16:46:16.919201] {Default Queue} zwlr_output_head_v1#4278190080.description("Headless output 2")
[16:46:16.919201] {Default Queue} zwlr_output_head_v1#4278190080.mode(new id zwlr_output_mode_v1#4278190081)
[16:46:16.919202] {Default Queue} zwlr_output_head_v1#4278190080.enabled(1)
[16:46:16.919203] {Default Queue} zwlr_output_mode_v1#4278190081.size(1280, 720)
[16:46:16.919203] {Default Queue} zwlr_output_head_v1#4278190080.current_mode(zwlr_output_mode_v1#4278190081)
[16:46:16.919204] {Default Queue} zwlr_output_head_v1#4278190080.position(0, 0)
[16:46:16.919205] {Default Queue} zwlr_output_head_v1#4278190080.transform(0)
[16:46:16.919205] {Default Queue} zwlr_output_head_v1#4278190080.scale(1.00000000)
[16:46:16.919206] {Default Queue} zwlr_output_manager_v1#42.head(new id zwlr_output_head_v1#4278190082)
[16:46:16.919207] {Default Queue} zwlr_output_head_v1#4278190082.name("HEADLESS-1")
[16:46:16.919208] {Default Queue} zwlr_output_head_v1#4278190082.description("Headless output 1")
[16:46:16.919208] {Default Queue} zwlr_output_head_v1#4278190082.mode(new id zwlr_output_mode_v1#4278190083)
[16:46:16.919209] {Default Queue} zwlr_output_head_v1#4278190082.enabled(1)
[16:46:16.919209] {Default Queue} zwlr_output_mode_v1#4278190083.size(1280, 720)
[16:46:16.919210] {Default Queue} zwlr_output_head_v1#4278190082.current_mode(zwlr_output_mode_v1#4278190083)
[16:46:16.919210] {Default Queue} zwlr_output_head_v1#4278190082.position(1280, 0)
[16:46:16.919211] {Default Queue} zwlr_output_head_v1#4278190082.transform(0)
[16:46:16.919211] {Default Queue} zwlr_output_head_v1#4278190082.scale(1.00000000)
[16:46:16.919212] {Default Queue} zwlr_output_manager_v1#42.done(1)
ts=2026-10-06T16:46:16Z pid=716951 info(greeter): event=greeter-active-output connector=HEADLESS-1
[16:46:16.924141] {Default Queue}  -> wl_compositor#4.create_surface(new id wl_surface#41)
[16:46:16.924151] {Default Queue}  -> wp_fractional_scale_manager_v1#11.get_fractional_scale(new id wp_fractional_scale_v1#43, wl_surface#41)
[16:46:16.924156] {Default Queue}  -> wp_viewporter#10.get_viewport(new id wp_viewport#44, wl_surface#41)
[16:46:16.924194] {Default Queue}  -> xdg_toplevel_icon_manager_v1#9.create_icon(new id xdg_toplevel_icon_v1#45)
[16:46:16.924213] {Default Queue}  -> zwlr_layer_shell_v1#22.get_layer_surface(new id zwlr_layer_surface_v1#46, wl_surface#41, wl_output#31, 3, "pearl-greeter")
[16:46:16.924216] {Default Queue}  -> zwlr_layer_surface_v1#46.set_keyboard_interactivity(1)
[16:46:16.924217] {Default Queue}  -> zwlr_layer_surface_v1#46.set_exclusive_zone(-1)
[16:46:16.924218] {Default Queue}  -> zwlr_layer_surface_v1#46.set_anchor(15)
[16:46:16.924219] {Default Queue}  -> zwlr_layer_surface_v1#46.set_margin(0, 0, 0, 0)
[16:46:16.924221] {Default Queue}  -> zwlr_layer_surface_v1#46.set_size(0, 0)
[16:46:16.924228]  -> wl_surface#41.commit()
[16:46:16.924376] {Default Queue}  -> xdg_activation_v1#15.get_activation_token(new id xdg_activation_token_v1#47)
[16:46:16.924379]  -> xdg_activation_token_v1#47.set_serial(0, wl_seat#3)
[16:46:16.924382]  -> xdg_activation_token_v1#47.commit()
[16:46:16.924649] xdg_activation_token_v1#47.done("10e0da1bfb15c97c2d3bb1cd6083ada1")
[16:46:16.924656]  -> xdg_activation_token_v1#47.destroy()
[16:46:16.924658] {Default Queue}  -> xdg_activation_v1#15.activate("10e0da1bfb15c97c2d3bb1cd6083ada1", wl_surface#41)
[16:46:16.924909] {Default Queue}  -> wl_compositor#4.create_surface(new id wl_surface#48)
[16:46:16.924913] {Default Queue}  -> wp_fractional_scale_manager_v1#11.get_fractional_scale(new id wp_fractional_scale_v1#49, wl_surface#48)
[16:46:16.924915] {Default Queue}  -> wp_viewporter#10.get_viewport(new id wp_viewport#50, wl_surface#48)
[16:46:16.924934] {Default Queue}  -> xdg_toplevel_icon_manager_v1#9.create_icon(new id xdg_toplevel_icon_v1#51)
[16:46:16.924947] {Default Queue}  -> zwlr_layer_shell_v1#22.get_layer_surface(new id zwlr_layer_surface_v1#52, wl_surface#48, wl_output#28, 3, "pearl-greeter")
[16:46:16.924950] {Default Queue}  -> zwlr_layer_surface_v1#52.set_keyboard_interactivity(0)
[16:46:16.924951] {Default Queue}  -> zwlr_layer_surface_v1#52.set_exclusive_zone(-1)
[16:46:16.924952] {Default Queue}  -> zwlr_layer_surface_v1#52.set_anchor(15)
[16:46:16.924953] {Default Queue}  -> zwlr_layer_surface_v1#52.set_margin(0, 0, 0, 0)
[16:46:16.924954] {Default Queue}  -> zwlr_layer_surface_v1#52.set_size(0, 0)
[16:46:16.924959]  -> wl_surface#48.commit()
[16:46:16.924980] {Default Queue}  -> xdg_activation_v1#15.get_activation_token(new id xdg_activation_token_v1#53)
[16:46:16.924982]  -> xdg_activation_token_v1#53.set_serial(0, wl_seat#3)
[16:46:16.924984]  -> xdg_activation_token_v1#53.commit()
[16:46:16.925101] {Display Queue} wl_display#1.delete_id(47)
[16:46:16.925103] xdg_activation_token_v1#53.done("0ecc93f27df70502ad0362a03a4be759")
[16:46:16.925105]  -> xdg_activation_token_v1#53.destroy()
[16:46:16.925106] {Default Queue}  -> xdg_activation_v1#15.activate("0ecc93f27df70502ad0362a03a4be759", wl_surface#48)
ts=2026-10-06T16:46:16Z pid=716951 info(greeter): event=greeter-outputs interactive=1
[16:46:16.925126] {Default Queue} zwlr_layer_surface_v1#46.configure(2, 1280, 720)
[16:46:16.925142] {Default Queue}  -> zwlr_layer_surface_v1#46.ack_configure(2)
[16:46:16.925143] {Default Queue} zwlr_layer_surface_v1#52.configure(3, 1280, 720)
[16:46:16.925147] {Default Queue}  -> zwlr_layer_surface_v1#52.ack_configure(3)
ts=2026-10-06T16:46:16Z pid=716951 info(greeter): event=greeter-account count=0 selected=0 manual=true
ts=2026-10-06T16:46:16Z pid=716951 info(greeter): event=greeter-ready sessions=1
[16:46:16.934618] {Default Queue}  -> wl_shm#5.create_pool(new id wl_shm_pool#47, fd 8, 3686400)
[16:46:16.934640] {Default Queue}  -> wl_shm_pool#47.create_buffer(new id wl_buffer#54, 0, 1280, 720, 5120, 0)
[16:46:16.939013] {Default Queue}  -> wl_compositor#4.create_region(new id wl_region#55)
[16:46:16.939021] {Default Queue}  -> wl_region#55.add(0, 0, 1280, 720)
[16:46:16.939023]  -> wl_surface#41.set_opaque_region(wl_region#55)
[16:46:16.939024] {Default Queue}  -> wl_region#55.destroy()
[16:46:16.939026] {Default Queue}  -> wp_viewport#44.set_destination(1280, 720)
[16:46:16.939027]  -> wl_surface#41.attach(wl_buffer#54, 0, 0)
[16:46:16.939029]  -> wl_surface#41.damage_buffer(0, 0, 1280, 720)
[16:46:16.939030]  -> wl_surface#41.frame(new id wl_callback#56)
[16:46:16.939033] {Default Queue}  -> wp_presentation#20.feedback(wl_surface#41, new id wp_presentation_feedback#57)
[16:46:16.939035]  -> wl_surface#41.commit()
[16:46:16.939556] {Default Queue}  -> wl_shm#5.create_pool(new id wl_shm_pool#58, fd 9, 3686400)
[16:46:16.939561] {Default Queue}  -> wl_shm_pool#58.create_buffer(new id wl_buffer#59, 0, 1280, 720, 5120, 0)
[16:46:16.941986] {Default Queue}  -> wl_compositor#4.create_region(new id wl_region#60)
[16:46:16.941988] {Default Queue}  -> wl_region#60.add(0, 0, 1280, 720)
[16:46:16.941990]  -> wl_surface#48.set_opaque_region(wl_region#60)
[16:46:16.941991] {Default Queue}  -> wl_region#60.destroy()
[16:46:16.941992] {Default Queue}  -> wp_viewport#50.set_destination(1280, 720)
[16:46:16.941993]  -> wl_surface#48.attach(wl_buffer#59, 0, 0)
[16:46:16.941994]  -> wl_surface#48.damage_buffer(0, 0, 1280, 720)
[16:46:16.941995]  -> wl_surface#48.frame(new id wl_callback#61)
[16:46:16.941997] {Default Queue}  -> wp_presentation#20.feedback(wl_surface#48, new id wp_presentation_feedback#62)
[16:46:16.941999]  -> wl_surface#48.commit()
[16:46:16.942021] {Display Queue} wl_display#1.delete_id(53)
[16:46:16.942023] {Default Queue} zwlr_layer_surface_v1#52.configure(4, 1280, 720)
[16:46:16.942026] {Default Queue}  -> zwlr_layer_surface_v1#52.ack_configure(4)
[16:46:16.942027] {Default Queue} zxdg_output_v1#29.logical_position(2560, 0)
[16:46:16.942028] {Default Queue} zxdg_output_v1#29.logical_size(1280, 720)
[16:46:16.942029] {Default Queue} zwlr_output_head_v1#4278190080.position(2560, 0)
[16:46:16.942031] {Default Queue} zwlr_output_manager_v1#42.done(5)
[16:46:16.942038] {Default Queue} wl_output#28.done()
ts=2026-10-06T16:46:16Z pid=716951 info(greeter): event=greeter-outputs interactive=1
[16:46:16.942207] {Display Queue} wl_display#1.delete_id(55)
[16:46:16.942211] {Display Queue} wl_display#1.delete_id(60)
[16:46:16.942213] {Default Queue} zwlr_layer_surface_v1#46.configure(6, 1280, 720)
[16:46:16.942217] {Default Queue}  -> zwlr_layer_surface_v1#46.ack_configure(6)
[16:46:16.942219] {Default Queue} wp_fractional_scale_v1#43.preferred_scale(120)
[16:46:16.942220] {Default Queue} zwlr_layer_surface_v1#52.configure(7, 1280, 720)
[16:46:16.942221] {Default Queue}  -> zwlr_layer_surface_v1#52.ack_configure(7)
[16:46:16.942222] {Default Queue} wp_fractional_scale_v1#49.preferred_scale(120)
[16:46:16.942223] {Default Queue} wl_data_device#35.selection(nil)
[16:46:16.942230] {Default Queue} zwp_primary_selection_device_v1#34.selection(nil)
[16:46:16.942233] wl_surface#48.enter(wl_output#28)
[16:46:16.942250] wl_surface#48.preferred_buffer_scale(1)
[16:46:16.942251] wl_surface#41.enter(wl_output#31)
[16:46:16.942296] wl_surface#41.preferred_buffer_scale(1)
[16:46:16.956810] {Display Queue} wl_display#1.delete_id(61)
[16:46:16.956819] {Display Queue} wl_display#1.delete_id(56)
[16:46:16.956820] {Display Queue} wl_display#1.delete_id(62)
[16:46:16.956821] {Display Queue} wl_display#1.delete_id(57)
[16:46:16.956821] {Default Queue} wl_callback#61.done(13168389)
[16:46:16.956835] {Default Queue} wl_callback#56.done(13168389)
[16:46:16.956838] {Default Queue} wp_presentation_feedback#62.sync_output(wl_output#28)
[16:46:16.956839] {Default Queue} wp_presentation_feedback#62.presented(0, 13168, 389263727, 0, 0, 0, 0)
[16:46:16.956842] {Default Queue} wp_presentation_feedback#57.sync_output(wl_output#31)
[16:46:16.956842] {Default Queue} wp_presentation_feedback#57.presented(0, 13168, 389268007, 0, 0, 0, 0)
[16:46:16.956880]  -> wl_surface#48.commit()
[16:46:16.956910]  -> wl_surface#41.commit()
[16:46:17.239910] discarded [unknown]#33.[event 1](0 fd, 12 byte)
[16:46:17.239924] {Default Queue} wl_registry#30.global_remove(69)
[16:46:17.239927] {Default Queue} wl_registry#2.global_remove(69)
[16:46:17.240010] {Default Queue}  -> zwlr_layer_surface_v1#46.destroy()
[16:46:17.240014]  -> wl_surface#41.attach(nil, 0, 0)
[16:46:17.240015]  -> wl_surface#41.commit()
[16:46:17.240052] {Default Queue}  -> wl_display#1.get_registry(new id wl_registry#57)
[16:46:17.240079] {Default Queue}  -> wp_viewport#44.destroy()
[16:46:17.240080] {Default Queue}  -> wp_fractional_scale_v1#43.destroy()
[16:46:17.240081]  -> wl_surface#41.destroy()
[16:46:17.240089] {Default Queue}  -> xdg_toplevel_icon_v1#45.destroy()
[16:46:17.240104] {Default Queue}  -> wl_compositor#4.create_surface(new id wl_surface#62)
[16:46:17.240106] {Default Queue}  -> wp_fractional_scale_manager_v1#11.get_fractional_scale(new id wp_fractional_scale_v1#56, wl_surface#62)
[16:46:17.240108] {Default Queue}  -> wp_viewporter#10.get_viewport(new id wp_viewport#61, wl_surface#62)
[16:46:17.240148] {Default Queue}  -> xdg_toplevel_icon_manager_v1#9.create_icon(new id xdg_toplevel_icon_v1#60)
[16:46:17.240334] {Default Queue}  -> zwlr_layer_shell_v1#22.get_layer_surface(new id zwlr_layer_surface_v1#55, wl_surface#62, nil, 3, "pearl-greeter")
[16:46:17.240337] {Default Queue}  -> zwlr_layer_surface_v1#55.set_keyboard_interactivity(1)
[16:46:17.240339] {Default Queue}  -> zwlr_layer_surface_v1#55.set_exclusive_zone(-1)
[16:46:17.240343] {Default Queue}  -> zwlr_layer_surface_v1#55.set_anchor(15)
[16:46:17.240344] {Default Queue}  -> zwlr_layer_surface_v1#55.set_margin(0, 0, 0, 0)
[16:46:17.240345] {Default Queue}  -> zwlr_layer_surface_v1#55.set_size(0, 0)
[16:46:17.240351]  -> wl_surface#62.commit()
[16:46:17.240357] {Default Queue} wl_output#28.geometry(0, 0, 0, 0, 0, "Unknown", "Unknown", 0)
[16:46:17.240362] {Default Queue} wl_output#28.scale(1)
[16:46:17.240364] {Default Queue} zwlr_output_head_v1#4278190082.enabled(0)
[16:46:17.240366] {Default Queue} zwlr_output_manager_v1#42.done(11)
[16:46:17.240370] {Default Queue} wl_output#28.done()
[16:46:17.240577] {Default Queue}  -> zwlr_layer_surface_v1#55.set_keyboard_interactivity(0)
[16:46:17.240584] {Default Queue}  -> zwlr_layer_surface_v1#55.destroy()
[16:46:17.240589]  -> wl_surface#62.attach(nil, 0, 0)
[16:46:17.240590]  -> wl_surface#62.commit()
[16:46:17.240601] {Default Queue}  -> wp_viewport#61.destroy()
[16:46:17.240603] {Default Queue}  -> wp_fractional_scale_v1#56.destroy()
[16:46:17.240603]  -> wl_surface#62.destroy()
[16:46:17.240610] {Default Queue}  -> xdg_toplevel_icon_v1#60.destroy()
[16:46:17.240657] {Default Queue}  -> zxdg_output_v1#32.destroy()
[16:46:17.240658] {Default Queue}  -> wl_output#31.release()
ts=2026-10-06T16:46:17Z pid=716951 info(greeter): event=greeter-active-output connector=HEADLESS-2
[16:46:17.241031] {Default Queue}  -> zwlr_layer_surface_v1#52.set_keyboard_interactivity(1)
ts=2026-10-06T16:46:17Z pid=716951 info(greeter): event=greeter-outputs interactive=1
[16:46:17.241121] discarded [unknown]#55.[event 0](0 fd, 20 byte)
[16:46:17.241123] {Display Queue} wl_display#1.delete_id(46)
[16:46:17.241125] {Display Queue} wl_display#1.delete_id(44)
[16:46:17.241126] {Display Queue} wl_display#1.delete_id(43)
[16:46:17.241126] {Display Queue} wl_display#1.delete_id(41)
[16:46:17.241127] {Display Queue} wl_display#1.delete_id(45)
[16:46:17.241127] {Default Queue} wl_buffer#54.release()
[16:46:17.241130] {Default Queue}  -> wl_buffer#54.destroy()
[16:46:17.241131] {Default Queue}  -> wl_shm_pool#47.destroy()
[16:46:17.241211] {Default Queue} wl_registry#57.global(1, "wl_compositor", 6)
[16:46:17.241213] {Default Queue} wl_registry#57.global(2, "wl_fixes", 1)
[16:46:17.241214] {Default Queue} wl_registry#57.global(3, "wp_security_context_manager_v1", 1)
[16:46:17.241214] {Default Queue} wl_registry#57.global(4, "wl_shm", 2)
[16:46:17.241215] {Default Queue} wl_registry#57.global(5, "wp_single_pixel_buffer_manager_v1", 1)
[16:46:17.241216] {Default Queue} wl_registry#57.global(6, "wp_alpha_modifier_v1", 1)
[16:46:17.241216] {Default Queue} wl_registry#57.global(7, "wp_color_representation_manager_v1", 1)
[16:46:17.241217] {Default Queue} wl_registry#57.global(8, "wp_content_type_manager_v1", 1)
[16:46:17.241217] {Default Queue} wl_registry#57.global(9, "wp_fifo_manager_v1", 1)
[16:46:17.241218] {Default Queue} wl_registry#57.global(10, "wp_commit_timing_manager_v1", 1)
[16:46:17.241218] {Default Queue} wl_registry#57.global(11, "xdg_wm_dialog_v1", 1)
[16:46:17.241219] {Default Queue} wl_registry#57.global(12, "xdg_toplevel_drag_manager_v1", 1)
[16:46:17.241220] {Default Queue} wl_registry#57.global(13, "xdg_toplevel_icon_manager_v1", 1)
[16:46:17.241220] {Default Queue} wl_registry#57.global(14, "xdg_toplevel_tag_manager_v1", 1)
[16:46:17.241221] {Default Queue} wl_registry#57.global(15, "wp_viewporter", 1)
[16:46:17.241221] {Default Queue} wl_registry#57.global(16, "wp_fractional_scale_manager_v1", 1)
[16:46:17.241222] {Default Queue} wl_registry#57.global(17, "wl_subcompositor", 1)
[16:46:17.241223] {Default Queue} wl_registry#57.global(18, "wp_cursor_shape_manager_v1", 2)
[16:46:17.241223] {Default Queue} wl_registry#57.global(19, "xdg_wm_base", 7)
[16:46:17.241224] {Default Queue} wl_registry#57.global(20, "zxdg_decoration_manager_v1", 1)
[16:46:17.241224] {Default Queue} wl_registry#57.global(21, "org_kde_kwin_server_decoration_manager", 1)
[16:46:17.241225] {Default Queue} wl_registry#57.global(22, "xdg_activation_v1", 1)
[16:46:17.241225] {Default Queue} wl_registry#57.global(23, "zxdg_exporter_v2", 1)
[16:46:17.241226] {Default Queue} wl_registry#57.global(24, "zxdg_importer_v2", 1)
[16:46:17.241227] {Default Queue} wl_registry#57.global(25, "wl_data_device_manager", 3)
[16:46:17.241227] {Default Queue} wl_registry#57.global(26, "zwp_primary_selection_device_manager_v1", 1)
[16:46:17.241228] {Default Queue} wl_registry#57.global(27, "ext_data_control_manager_v1", 1)
[16:46:17.241228] {Default Queue} wl_registry#57.global(28, "zwlr_data_control_manager_v1", 2)
[16:46:17.241229] {Default Queue} wl_registry#57.global(29, "zwlr_export_dmabuf_manager_v1", 1)
[16:46:17.241230] {Default Queue} wl_registry#57.global(30, "zwlr_screencopy_manager_v1", 3)
[16:46:17.241230] {Default Queue} wl_registry#57.global(31, "ext_image_copy_capture_manager_v1", 1)
[16:46:17.241231] {Default Queue} wl_registry#57.global(32, "aqueous_capture_color_manager_v1", 1)
[16:46:17.241231] {Default Queue} wl_registry#57.global(33, "ext_output_image_capture_source_manager_v1", 1)
[16:46:17.241232] {Default Queue} wl_registry#57.global(34, "zwlr_foreign_toplevel_manager_v1", 3)
[16:46:17.241233] {Default Queue} wl_registry#57.global(35, "ext_foreign_toplevel_list_v1", 1)
[16:46:17.241233] {Default Queue} wl_registry#57.global(36, "ext_foreign_toplevel_image_capture_source_manager_v1", 1)
[16:46:17.241234] {Default Queue} wl_registry#57.global(37, "wp_tearing_control_manager_v1", 1)
[16:46:17.241234] {Default Queue} wl_registry#57.global(38, "aqueous_window_manager_v1", 10)
[16:46:17.241235] {Default Queue} wl_registry#57.global(39, "ext_workspace_manager_v1", 1)
[16:46:17.241236] {Default Queue} wl_registry#57.global(40, "aqueous_window_info_manager_v1", 8)
[16:46:17.241236] {Default Queue} wl_registry#57.global(41, "aqueous_xkb_bindings_v1", 3)
[16:46:17.241237] {Default Queue} wl_registry#57.global(42, "aqueous_layer_shell_v1", 1)
[16:46:17.241237] {Default Queue} wl_registry#57.global(43, "zwlr_layer_shell_v1", 4)
[16:46:17.241238] {Default Queue} wl_registry#57.global(44, "zwlr_gamma_control_manager_v1", 1)
[16:46:17.241238] {Default Queue} wl_registry#57.global(45, "wp_presentation", 2)
[16:46:17.241239] {Default Queue} wl_registry#57.global(46, "zxdg_output_manager_v1", 3)
[16:46:17.241240] {Default Queue} wl_registry#57.global(47, "zwlr_output_manager_v1", 4)
[16:46:17.241240] {Default Queue} wl_registry#57.global(48, "zwlr_output_power_manager_v1", 1)
[16:46:17.241241] {Default Queue} wl_registry#57.global(49, "aqueous_input_manager_v1", 2)
[16:46:17.241242] {Default Queue} wl_registry#57.global(50, "ext_idle_notifier_v1", 2)
[16:46:17.241242] {Default Queue} wl_registry#57.global(51, "zwp_relative_pointer_manager_v1", 1)
[16:46:17.241243] {Default Queue} wl_registry#57.global(52, "zwp_pointer_gestures_v1", 3)
[16:46:17.241243] {Default Queue} wl_registry#57.global(53, "zwlr_virtual_pointer_manager_v1", 2)
[16:46:17.241244] {Default Queue} wl_registry#57.global(54, "zwp_virtual_keyboard_manager_v1", 1)
[16:46:17.241245] {Default Queue} wl_registry#57.global(55, "zwp_pointer_constraints_v1", 1)
[16:46:17.241245] {Default Queue} wl_registry#57.global(56, "zwp_input_method_manager_v2", 1)
[16:46:17.241246] {Default Queue} wl_registry#57.global(57, "zwp_text_input_manager_v3", 1)
[16:46:17.241247] {Default Queue}  -> wl_registry#57.bind(57, "zwp_text_input_manager_v3", 1, new id [unknown]#45)
[16:46:17.241248] {Default Queue}  -> zwp_text_input_manager_v3#45.get_text_input(new id zwp_text_input_v3#41, wl_seat#3)
[16:46:17.241250] {Default Queue} wl_registry#57.global(58, "zwp_tablet_manager_v2", 1)
[16:46:17.241250] {Default Queue} wl_registry#57.global(59, "wp_pointer_warp_v1", 1)
[16:46:17.241251] {Default Queue} wl_registry#57.global(60, "wl_seat", 9)
[16:46:17.241252] {Default Queue} wl_registry#57.global(61, "aqueous_libinput_config_v1", 2)
[16:46:17.241252] {Default Queue} wl_registry#57.global(62, "aqueous_xkb_config_v1", 2)
[16:46:17.241253] {Default Queue} wl_registry#57.global(63, "zwp_idle_inhibit_manager_v1", 1)
[16:46:17.241253] {Default Queue} wl_registry#57.global(64, "ext_session_lock_manager_v1", 1)
[16:46:17.241254] {Default Queue} wl_registry#57.global(65, "aqueous_shell_manager_v1", 2)
[16:46:17.241255] {Default Queue} wl_registry#57.global(66, "zwp_keyboard_shortcuts_inhibit_manager_v1", 1)
[16:46:17.241255] {Default Queue} wl_registry#57.global(67, "xdg_system_bell_v1", 1)
[16:46:17.241256] {Default Queue} wl_registry#57.global(68, "wl_output", 4)
[16:46:17.241256] {Default Queue} zwlr_layer_surface_v1#52.configure(15, 1280, 720)
[16:46:17.241325] {Default Queue}  -> zwlr_layer_surface_v1#52.ack_configure(15)
[16:46:17.242481] {Default Queue}  -> wl_shm#5.create_pool(new id wl_shm_pool#43, fd 8, 3686400)
[16:46:17.242488] {Default Queue}  -> wl_shm_pool#43.create_buffer(new id wl_buffer#44, 0, 1280, 720, 5120, 0)
[16:46:17.245585]  -> wl_surface#48.attach(wl_buffer#44, 0, 0)
[16:46:17.245591]  -> wl_surface#48.damage_buffer(0, 0, 1280, 720)
[16:46:17.245593]  -> wl_surface#48.frame(new id wl_callback#46)
[16:46:17.245596] {Default Queue}  -> wp_presentation#20.feedback(wl_surface#48, new id wp_presentation_feedback#53)
[16:46:17.245598]  -> wl_surface#48.commit()
[16:46:17.245798] {Display Queue} wl_display#1.delete_id(55)
[16:46:17.245801] {Display Queue} wl_display#1.delete_id(61)
[16:46:17.245802] {Display Queue} wl_display#1.delete_id(56)
[16:46:17.245802] {Display Queue} wl_display#1.delete_id(62)
[16:46:17.245803] {Display Queue} wl_display#1.delete_id(60)
[16:46:17.245803] {Display Queue} wl_display#1.delete_id(32)
[16:46:17.245804] {Display Queue} wl_display#1.delete_id(31)
[16:46:17.245804] {Display Queue} wl_display#1.delete_id(54)
[16:46:17.245805] {Display Queue} wl_display#1.delete_id(47)
[16:46:17.245805] {Default Queue} wl_buffer#59.release()
[16:46:17.245806] {Default Queue} zwlr_layer_surface_v1#52.configure(17, 1280, 720)
[16:46:17.245810] {Default Queue}  -> zwlr_layer_surface_v1#52.ack_configure(17)
[16:46:17.245811] {Default Queue} wl_data_device#35.selection(nil)
[16:46:17.245817] {Default Queue} zwp_primary_selection_device_v1#34.selection(nil)
[16:46:17.255852] {Display Queue} wl_display#1.delete_id(46)
[16:46:17.255858] {Display Queue} wl_display#1.delete_id(53)
[16:46:17.255859] {Default Queue} wl_callback#46.done(13168688)
[16:46:17.255869] {Default Queue} wp_presentation_feedback#53.sync_output(wl_output#28)
[16:46:17.255871] {Default Queue} wp_presentation_feedback#53.presented(0, 13168, 688310407, 0, 0, 0, 0)
[16:46:17.255903]  -> wl_surface#48.commit()
