info(pearl): event=aqueous-availability state=connecting
info(pearl): event=ready mode=session
info: event=blur-capability available=false
info(pearl): event=aqueous-availability state=subscribing
info(pearl): event=aqueous-availability state=ready
info: event=output-mapped id=1 connector=HEADLESS-2 scale=1
info: event=output-mapped id=2 connector=HEADLESS-1 scale=1
info(pearl): event=settings-backend-ready session=286a0df2c1037f10ebfe53db71deebb1
info(pearl): event=control-ready session=286a0df2c1037f10ebfe53db71deebb1
info: event=app-index-ready entries=160 truncated=false
info: event=preferences-applied revision=0 mode=static cache=false
info: event=preferences-applied revision=1 mode=dynamic cache=false
info: event=app-index-ready entries=160 truncated=false
info: event=preferences-applied revision=2 mode=dynamic cache=true
info: event=preferences-error detail=InvalidImage
info: event=preferences-error detail=GtkThemeNotInstalled
info: event=preferences-error detail=SaveFailed
info: event=app-index-ready entries=160 truncated=false
info: event=preferences-applied revision=3 mode=dynamic cache=true
info: event=app-index-ready entries=160 truncated=false
info: event=preferences-applied revision=4 mode=dynamic cache=true
info: event=preferences-applied revision=5 mode=dynamic cache=true
info: event=preferences-applied revision=6 mode=dynamic cache=true
info: event=preferences-applied revision=7 mode=dynamic cache=true
info: event=preferences-applied revision=8 mode=dynamic cache=true
info: event=preferences-applied revision=9 mode=dynamic cache=false
info: event=preferences-applied revision=10 mode=static cache=false
info: event=preferences-applied revision=11 mode=gtk cache=false
info: event=preferences-applied revision=12 mode=static cache=false
info(pearl): event=stopping reason=signal pending=false
info(pearl): event=aqueous-availability state=stopped
info(pearl): event=cleanup pending=false watched_objects=0
info(pearl): event=stopped
