info(pearl): event=aqueous-availability state=connecting
info(pearl): event=ready mode=session
info: event=blur-capability available=false
info(pearl): event=aqueous-availability state=subscribing
info(pearl): event=aqueous-availability state=ready
info: event=output-mapped id=1 connector=HEADLESS-2 scale=1
info: event=output-mapped id=2 connector=HEADLESS-1 scale=1
info(pearl): event=settings-backend-ready session=c7be9512fb9a66a5cc518764306cc6e4
info(pearl): event=control-ready session=c7be9512fb9a66a5cc518764306cc6e4
info: event=app-index-ready entries=161 truncated=false
info: event=popup-opened output=1
info: event=launcher-results count=114 shown=114 publish_us=6566
info: event=launcher-results count=114 shown=114 publish_us=3993
info: event=launcher-painted latency_us=22800
info: event=launcher-results count=114 shown=114 publish_us=4735
info: event=preferences-applied revision=0 mode=static cache=false
info: event=launcher-results count=114 shown=114 publish_us=3527
info: event=launcher-painted latency_us=15004
info: event=launcher-results count=161 shown=161 publish_us=6390
info: event=launcher-results count=105 shown=105 publish_us=4696
info: event=launcher-results count=29 shown=29 publish_us=1840
info: event=launcher-results count=28 shown=28 publish_us=979
info: event=launcher-painted latency_us=5867
info: event=launcher-results count=4 shown=4 publish_us=3653
info: event=launcher-results count=4 shown=4 publish_us=414
info: event=launcher-results count=4 shown=4 publish_us=339
info: event=launcher-results count=4 shown=4 publish_us=238
info: event=launcher-painted latency_us=5125
info: event=launcher-results count=4 shown=4 publish_us=353
info: event=launcher-results count=4 shown=4 publish_us=303
info: event=launcher-results count=4 shown=4 publish_us=267
info: event=launcher-results count=4 shown=4 publish_us=241
info: event=launcher-painted latency_us=3937
info: event=launcher-results count=2 shown=2 publish_us=230
info: event=launcher-results count=2 shown=2 publish_us=162
info: event=launcher-results count=2 shown=2 publish_us=154
info: event=launcher-results count=2 shown=2 publish_us=149
info: event=launcher-painted latency_us=3388
info: event=launcher-results count=2 shown=2 publish_us=180
info: event=launcher-results count=2 shown=2 publish_us=176
info: event=launcher-results count=1 shown=1 publish_us=133
info: event=launcher-results count=1 shown=1 publish_us=113
info: event=launcher-painted latency_us=2901
info: event=launcher-results count=1 shown=1 publish_us=136
info: event=launcher-results count=1 shown=1 publish_us=132
info: event=launcher-results count=1 shown=1 publish_us=116
info: event=launcher-results count=1 shown=1 publish_us=111
info: event=launcher-painted latency_us=2060
info: event=launcher-results count=1 shown=1 publish_us=136
info: event=launcher-results count=1 shown=1 publish_us=139
info: event=launcher-results count=1 shown=1 publish_us=165
info: event=launcher-results count=1 shown=1 publish_us=147
info: event=launcher-painted latency_us=1543
info: event=launcher-results count=1 shown=1 publish_us=142
info: event=launcher-results count=1 shown=1 publish_us=122
info: event=launcher-results count=1 shown=1 publish_us=157
info: event=launcher-results count=1 shown=1 publish_us=151
info: event=launcher-painted latency_us=1048
info: event=launcher-results count=1 shown=1 publish_us=155
info: event=launcher-results count=1 shown=1 publish_us=131
info: event=launcher-results count=1 shown=1 publish_us=445
info: event=launcher-painted latency_us=3859
info: event=launcher-results count=1 shown=1 publish_us=208
info: event=launcher-results count=1 shown=1 publish_us=1226
info: event=launcher-results count=1 shown=1 publish_us=144
info: event=launcher-painted latency_us=11663
info: event=launcher-results count=1 shown=1 publish_us=417
info: event=launcher-painted latency_us=13319
info: event=application-launch accepted=true action=false
info: event=popup-closed
info: event=settings-launch activation_context=true
info: event=settings-instance-ready session=c7be9512fb9a66a5cc518764306cc6e4
info: event=settings-page page=overview
info: event=settings-page page=overview
info: event=settings-window-created app_id=org.aqueous.Pearl.Settings
info: event=settings-page page=overview
info: event=preferences-applied revision=1 mode=static cache=false
info: event=settings-launch activation_context=true
info: event=settings-instance-ready session=c7be9512fb9a66a5cc518764306cc6e4
info: event=settings-page page=overview
info: event=settings-page page=sound
info: event=settings-window-created app_id=org.aqueous.Pearl.Settings
info: event=settings-page page=sound
info(pearl): event=stopping reason=signal pending=false
info(pearl): event=aqueous-availability state=stopped
info(pearl): event=cleanup pending=false watched_objects=0
info(pearl): event=stopped
