info(gallery): event=search results=518
info(gallery): event=appearance light=false compact=false large=false reduced=false
info(pearl): event=work-started generation=1
info(pearl): event=ready mode=demo
info(gallery): event=search results=518
info(pearl): event=work-finished applied=true canceled=false
info(gallery): event=gallery-probe rows=205 total=518 clipped=0 width=1280 height=720 frame=8 focus=search volume=65 quiet=false selected=0
info(gallery): event=appearance light=true compact=false large=false reduced=false
info(gallery): event=gallery-probe rows=205 total=518 clipped=0 width=1280 height=720 frame=73 focus=search volume=65 quiet=false selected=0
info(gallery): event=appearance light=true compact=true large=false reduced=false
info(gallery): event=gallery-probe rows=205 total=518 clipped=0 width=1280 height=720 frame=138 focus=search volume=65 quiet=false selected=0
info(gallery): event=appearance light=false compact=true large=false reduced=false
info(gallery): event=gallery-probe rows=205 total=518 clipped=0 width=1280 height=720 frame=202 focus=search volume=65 quiet=false selected=0
info(gallery): event=appearance light=false compact=false large=false reduced=false
info(gallery): event=appearance light=false compact=false large=true reduced=false
info(gallery): event=search results=518
info(gallery): event=language value=de
info(gallery): event=gallery-probe rows=205 total=518 clipped=0 width=1280 height=720 frame=308 focus=search volume=65 quiet=false selected=0
info(gallery): event=appearance light=false compact=false large=false reduced=false
info(gallery): event=search results=518
info(gallery): event=language value=en
info(gallery): event=search results=4
info(gallery): event=search results=2
info(gallery): event=search results=1
info(gallery): event=search results=1
info(gallery): event=search results=1
info(gallery): event=search results=1
info(gallery): event=search results=1
info(gallery): event=search results=1
info(gallery): event=sample-activated title=Terminal
info(gallery): event=search results=518
info(gallery): event=search results=518
info(gallery): event=search results=1
info(gallery): event=search results=1
info(gallery): event=search results=1
info(gallery): event=search results=1
info(gallery): event=sample-activated title=Café notes
info(gallery): event=search results=518
info(gallery): event=search results=518
info(gallery): event=search results=515
info(gallery): event=search results=1
info(gallery): event=search results=0
info(gallery): event=search results=0
info(gallery): event=search results=0
info(gallery): event=search results=0
info(gallery): event=search results=0
info(gallery): event=search results=0
info(gallery): event=search results=0
info(gallery): event=search results=0
info(gallery): event=search results=0
info(gallery): event=search results=0
info(gallery): event=search results=0
info(gallery): event=search results=0
info(gallery): event=search results=0
info(gallery): event=gallery-probe rows=0 total=0 clipped=0 width=1280 height=720 frame=606 focus=search volume=65 quiet=false selected=4294967295
info(gallery): event=search results=518
info(gallery): event=search results=518
info(gallery): event=gallery-probe rows=205 total=518 clipped=0 width=1280 height=720 frame=660 focus=GtkApplicationWindow volume=65 quiet=false selected=517
info(gallery): event=sample-activated title=Sample window 0512
info(gallery): event=gallery-probe rows=205 total=518 clipped=0 width=1280 height=720 frame=754 focus=GtkApplicationWindow volume=65 quiet=false selected=517
info(gallery): event=gallery-probe rows=205 total=518 clipped=0 width=1280 height=720 frame=798 focus=GtkApplicationWindow volume=65 quiet=false selected=517
info(gallery): event=gallery-probe rows=205 total=518 clipped=0 width=1280 height=720 frame=841 focus=GtkApplicationWindow volume=65 quiet=false selected=517
info(gallery): event=gallery-probe rows=205 total=518 clipped=0 width=1280 height=720 frame=886 focus=GtkApplicationWindow volume=65 quiet=false selected=517
info(gallery): event=gallery-probe rows=205 total=518 clipped=0 width=1280 height=720 frame=928 focus=GtkApplicationWindow volume=65 quiet=false selected=517
info(gallery): event=gallery-probe rows=205 total=518 clipped=0 width=1280 height=720 frame=949 focus=GtkApplicationWindow volume=65 quiet=false selected=517
info(gallery): event=gallery-probe rows=205 total=518 clipped=0 width=1280 height=720 frame=978 focus=GtkApplicationWindow volume=65 quiet=false selected=517
info(gallery): event=gallery-probe rows=205 total=518 clipped=0 width=1280 height=720 frame=1021 focus=theme-light volume=65 quiet=false selected=517
info(gallery): event=appearance light=true compact=false large=false reduced=false
info(gallery): event=gallery-probe rows=205 total=518 clipped=0 width=1280 height=720 frame=1069 focus=GtkApplicationWindow volume=65 quiet=false selected=517
info(gallery): event=gallery-probe rows=205 total=518 clipped=0 width=1280 height=720 frame=1114 focus=density-compact volume=65 quiet=false selected=517
info(gallery): event=gallery-probe rows=205 total=518 clipped=0 width=1280 height=720 frame=1157 focus=GtkApplicationWindow volume=65 quiet=false selected=517
info(gallery): event=gallery-probe rows=205 total=518 clipped=0 width=1280 height=720 frame=1201 focus=text-large volume=65 quiet=false selected=517
info(gallery): event=gallery-probe rows=205 total=518 clipped=0 width=1280 height=720 frame=1229 focus=GtkApplicationWindow volume=65 quiet=false selected=517
info(gallery): event=gallery-probe rows=205 total=518 clipped=0 width=1280 height=720 frame=1273 focus=motion-reduced volume=65 quiet=false selected=517
info(gallery): event=gallery-probe rows=205 total=518 clipped=0 width=1280 height=720 frame=1301 focus=GtkApplicationWindow volume=65 quiet=false selected=517
info(gallery): event=gallery-probe rows=205 total=518 clipped=0 width=1280 height=720 frame=1345 focus=language volume=65 quiet=false selected=517
info(gallery): event=gallery-probe rows=205 total=518 clipped=0 width=1280 height=720 frame=1372 focus=GtkApplicationWindow volume=65 quiet=false selected=517
info(gallery): event=gallery-probe rows=205 total=518 clipped=0 width=1280 height=720 frame=1415 focus=GtkApplicationWindow volume=65 quiet=false selected=517
info(gallery): event=gallery-probe rows=205 total=518 clipped=0 width=1280 height=720 frame=1443 focus=GtkApplicationWindow volume=65 quiet=false selected=517
info(gallery): event=gallery-probe rows=205 total=518 clipped=0 width=1280 height=720 frame=1487 focus=GtkApplicationWindow volume=65 quiet=false selected=517
info(gallery): event=gallery-probe rows=205 total=518 clipped=0 width=1280 height=720 frame=1526 focus=GtkApplicationWindow volume=65 quiet=false selected=517
info(gallery): event=gallery-probe rows=205 total=518 clipped=0 width=1280 height=720 frame=1571 focus=GtkApplicationWindow volume=65 quiet=false selected=517
info(gallery): event=gallery-probe rows=205 total=518 clipped=0 width=1280 height=720 frame=1600 focus=GtkApplicationWindow volume=65 quiet=false selected=517
info(gallery): event=gallery-probe rows=205 total=518 clipped=0 width=1280 height=720 frame=1643 focus=GtkApplicationWindow volume=65 quiet=false selected=517
info(gallery): event=gallery-probe rows=205 total=518 clipped=0 width=1280 height=720 frame=1671 focus=GtkApplicationWindow volume=65 quiet=false selected=517
info(gallery): event=gallery-probe rows=205 total=518 clipped=0 width=1280 height=720 frame=1716 focus=volume volume=65 quiet=false selected=517
info(gallery): event=gallery-probe rows=205 total=518 clipped=0 width=1280 height=720 frame=1759 focus=volume volume=66 quiet=false selected=517
info(gallery): event=gallery-probe rows=205 total=518 clipped=0 width=1280 height=720 frame=1803 focus=brightness volume=66 quiet=false selected=517
info(gallery): event=gallery-probe rows=205 total=518 clipped=0 width=1280 height=720 frame=1846 focus=quiet volume=66 quiet=false selected=517
info(gallery): event=gallery-probe rows=205 total=518 clipped=0 width=1280 height=720 frame=1891 focus=quiet volume=66 quiet=true selected=517
info(gallery): event=appearance light=true compact=false large=false reduced=true
info(gallery): event=idle-audit frames=1
info(gallery): event=gallery-probe rows=205 total=518 clipped=0 width=1280 height=720 frame=1960 focus=GtkApplicationWindow volume=66 quiet=true selected=517
info(gallery): event=appearance light=true compact=false large=true reduced=true
info(gallery): event=search results=518
info(gallery): event=language value=de
info(gallery): event=gallery-probe rows=205 total=518 clipped=0 width=640 height=720 frame=1998 focus=theme-light volume=66 quiet=true selected=0
info(gallery): event=gallery-probe rows=205 total=518 clipped=0 width=640 height=720 frame=2019 focus=GtkApplicationWindow volume=66 quiet=true selected=2
info(pearl): event=stopping reason=signal pending=false
info(pearl): event=cleanup pending=false watched_objects=0
info(pearl): event=stopped
