ts=2026-10-08T15:01:58Z pid=134418 info(platform): event=background-effect-owner owner=gtk gtk=4.24.1
ts=2026-10-08T15:01:58Z pid=134418 info(platform): event=blur-capability available=false
ts=2026-10-08T15:01:58Z pid=134418 info(pearl): event=aqueous-availability state=connecting
ts=2026-10-08T15:01:58Z pid=134418 info(pearl): event=ready mode=session
ts=2026-10-08T15:01:58Z pid=134418 info(ui): event=popup-close-reason reason=bar-inhibited
ts=2026-10-08T15:01:58Z pid=134418 info(ui): event=popup-close-reason reason=bar-inhibited
ts=2026-10-08T15:01:58Z pid=134418 info(pearl): event=aqueous-availability state=subscribing
ts=2026-10-08T15:01:58Z pid=134418 info(ui): event=popup-close-reason reason=bar-inhibited
ts=2026-10-08T15:01:58Z pid=134418 info(ui): event=popup-close-reason reason=bar-inhibited
ts=2026-10-08T15:01:58Z pid=134418 info(pearl): event=aqueous-availability state=ready
ts=2026-10-08T15:01:58Z pid=134418 info(ui): event=output-mapped id=1 connector=WL-1 scale=1
ts=2026-10-08T15:01:58Z pid=134418 info(pearl): event=settings-backend-ready session_hash=d93a620133d81e46
ts=2026-10-08T15:01:58Z pid=134418 info(pearl): event=control-ready session_hash=d93a620133d81e46
ts=2026-10-08T15:01:58Z pid=134418 info(desktop): event=app-index-ready entries=145 truncated=false
ts=2026-10-08T15:01:58Z pid=134418 info(config): event=preferences-applied revision=0 mode=static cache=false
ts=2026-10-08T15:01:58Z pid=134418 info(config): event=wallpaper-applications-applied generation=2 elapsed_us=6822 success=true
ts=2026-10-08T15:02:03Z pid=134418 info(pearl): event=stopping reason=control-quit pending=false
ts=2026-10-08T15:02:03Z pid=134418 info(pearl): event=aqueous-availability state=stopped
ts=2026-10-08T15:02:03Z pid=134418 info(pearl): event=cleanup pending=false watched_objects=0
ts=2026-10-08T15:02:03Z pid=134418 info(pearl): event=stopped
