info(pearl): event=aqueous-availability state=connecting
info(pearl): event=ready mode=session
info(pearl): event=aqueous-availability state=subscribing
info(pearl): event=aqueous-availability state=ready
info: event=output-mapped id=1 connector=HEADLESS-2 scale=1
info: event=output-mapped id=2 connector=HEADLESS-1 scale=1
info(pearl): event=control-ready session=24ef0952339a3a1bf5f1083c09563b81
info: event=app-index-ready entries=158 truncated=false
info: event=preferences-applied revision=0 mode=static cache=false
info: event=preferences-applied revision=1 mode=static cache=false
info: event=preferences-error detail=GeneratorFailed
info: event=preferences-error detail=InvalidPalette
info: event=preferences-error detail=GeneratorOutputTooLarge
info: event=preferences-error detail=GeneratorFailed
info: event=preferences-applied revision=2 mode=dynamic cache=false
info: event=preferences-error detail=Conflict
info: event=preferences-applied revision=3 mode=static cache=false
info(pearl): event=stopping reason=control-quit pending=false
info(pearl): event=aqueous-availability state=stopped
info(pearl): event=cleanup pending=false watched_objects=0
info(pearl): event=stopped
