DOME_PROBE {"page":0,"sample":0,"processes":0,"visible":0,"realized_cells":0,"paused":false,"sidebar":true,"selected_pid":0,"services":0,"service_visible":0,"update_us":0,"width":1120,"gpu_provider_count":0,"gpu_timeouts":0,"service_error":false,"dialog":false}
DOME_PROBE {"page":0,"sample":0,"processes":0,"visible":0,"realized_cells":0,"paused":false,"sidebar":true,"selected_pid":0,"services":0,"service_visible":0,"update_us":0,"width":1120,"gpu_provider_count":0,"gpu_timeouts":0,"service_error":false,"dialog":false}
DOME_PROBE {"page":0,"sample":1,"processes":10000,"visible":10000,"realized_cells":0,"paused":false,"sidebar":true,"selected_pid":0,"services":0,"service_visible":0,"update_us":27749,"width":1120,"gpu_provider_count":0,"gpu_timeouts":0,"service_error":false,"dialog":false}
DOME_PROBE {"page":0,"sample":1,"processes":10000,"visible":10000,"realized_cells":0,"paused":false,"sidebar":true,"selected_pid":0,"services":0,"service_visible":0,"update_us":27749,"width":1120,"gpu_provider_count":0,"gpu_timeouts":0,"service_error":false,"dialog":false}
DOME_PROBE {"page":0,"sample":1,"processes":10000,"visible":10000,"realized_cells":0,"paused":false,"sidebar":true,"selected_pid":0,"services":0,"service_visible":0,"update_us":27749,"width":1120,"gpu_provider_count":1,"gpu_timeouts":0,"service_error":false,"dialog":false}
DOME_PROBE {"page":0,"sample":1,"processes":10000,"visible":10000,"realized_cells":0,"paused":false,"sidebar":true,"selected_pid":0,"services":0,"service_visible":0,"update_us":27749,"width":1120,"gpu_provider_count":1,"gpu_timeouts":0,"service_error":false,"dialog":false}
DOME_PROBE {"page":0,"sample":1,"processes":10000,"visible":10000,"realized_cells":0,"paused":false,"sidebar":true,"selected_pid":0,"services":0,"service_visible":0,"update_us":27749,"width":1120,"gpu_provider_count":1,"gpu_timeouts":0,"service_error":false,"dialog":false}
DOME_PROBE {"page":0,"sample":1,"processes":10000,"visible":10000,"realized_cells":0,"paused":false,"sidebar":true,"selected_pid":0,"services":0,"service_visible":0,"update_us":27749,"width":1120,"gpu_provider_count":1,"gpu_timeouts":0,"service_error":false,"dialog":false}
DOME_PROBE {"page":0,"sample":1,"processes":10000,"visible":10000,"realized_cells":0,"paused":false,"sidebar":true,"selected_pid":0,"services":0,"service_visible":0,"update_us":27749,"width":1120,"gpu_provider_count":1,"gpu_timeouts":0,"service_error":false,"dialog":false}
DOME_PROBE {"page":0,"sample":1,"processes":10000,"visible":10000,"realized_cells":0,"paused":false,"sidebar":true,"selected_pid":0,"services":0,"service_visible":0,"update_us":27749,"width":1120,"gpu_provider_count":1,"gpu_timeouts":0,"service_error":false,"dialog":false}
DOME_PROBE {"page":0,"sample":1,"processes":10000,"visible":10000,"realized_cells":0,"paused":false,"sidebar":true,"selected_pid":0,"services":0,"service_visible":0,"update_us":27749,"width":1120,"gpu_provider_count":1,"gpu_timeouts":0,"service_error":false,"dialog":false}
DOME_PROBE {"page":0,"sample":2,"processes":10000,"visible":10000,"realized_cells":0,"paused":false,"sidebar":true,"selected_pid":0,"services":0,"service_visible":0,"update_us":10571,"width":1120,"gpu_provider_count":1,"gpu_timeouts":0,"service_error":false,"dialog":false}
DOME_PROBE {"page":7,"sample":2,"processes":10000,"visible":10000,"realized_cells":1230,"paused":false,"sidebar":true,"selected_pid":0,"services":0,"service_visible":0,"update_us":10571,"width":1120,"gpu_provider_count":1,"gpu_timeouts":0,"service_error":false,"dialog":false}
DOME_PROBE {"page":7,"sample":2,"processes":10000,"visible":10000,"realized_cells":1230,"paused":false,"sidebar":true,"selected_pid":0,"services":0,"service_visible":0,"update_us":10571,"width":1120,"gpu_provider_count":1,"gpu_timeouts":0,"service_error":false,"dialog":false}
DOME_PROBE {"page":7,"sample":2,"processes":10000,"visible":10000,"realized_cells":1230,"paused":false,"sidebar":true,"selected_pid":0,"services":0,"service_visible":0,"update_us":10571,"width":1120,"gpu_provider_count":1,"gpu_timeouts":0,"service_error":false,"dialog":false}
DOME_PROBE {"page":7,"sample":3,"processes":10000,"visible":10000,"realized_cells":1230,"paused":false,"sidebar":true,"selected_pid":0,"services":0,"service_visible":0,"update_us":10116,"width":1120,"gpu_provider_count":1,"gpu_timeouts":0,"service_error":false,"dialog":false}
DOME_PROBE {"page":7,"sample":4,"processes":10000,"visible":10000,"realized_cells":1230,"paused":false,"sidebar":true,"selected_pid":0,"services":0,"service_visible":0,"update_us":10176,"width":1120,"gpu_provider_count":1,"gpu_timeouts":0,"service_error":false,"dialog":false}
DOME_PROBE {"page":7,"sample":5,"processes":10000,"visible":10000,"realized_cells":1230,"paused":false,"sidebar":true,"selected_pid":0,"services":0,"service_visible":0,"update_us":10202,"width":1120,"gpu_provider_count":1,"gpu_timeouts":0,"service_error":false,"dialog":false}
DOME_PROBE {"page":7,"sample":6,"processes":10000,"visible":10000,"realized_cells":1230,"paused":false,"sidebar":true,"selected_pid":0,"services":0,"service_visible":0,"update_us":9720,"width":1120,"gpu_provider_count":1,"gpu_timeouts":0,"service_error":false,"dialog":false}
DOME_PROBE {"page":7,"sample":8,"processes":10000,"visible":10000,"realized_cells":1230,"paused":false,"sidebar":true,"selected_pid":0,"services":0,"service_visible":0,"update_us":9594,"width":1120,"gpu_provider_count":1,"gpu_timeouts":0,"service_error":false,"dialog":false}
DOME_PROBE {"page":7,"sample":9,"processes":10000,"visible":10000,"realized_cells":1230,"paused":false,"sidebar":true,"selected_pid":0,"services":0,"service_visible":0,"update_us":9307,"width":1120,"gpu_provider_count":1,"gpu_timeouts":0,"service_error":false,"dialog":false}
DOME_PROBE {"page":7,"sample":10,"processes":10000,"visible":10000,"realized_cells":1230,"paused":false,"sidebar":true,"selected_pid":0,"services":0,"service_visible":0,"update_us":8932,"width":1120,"gpu_provider_count":1,"gpu_timeouts":0,"service_error":false,"dialog":false}
DOME_PROBE {"page":7,"sample":11,"processes":10000,"visible":10000,"realized_cells":1230,"paused":false,"sidebar":true,"selected_pid":0,"services":0,"service_visible":0,"update_us":9350,"width":1120,"gpu_provider_count":1,"gpu_timeouts":0,"service_error":false,"dialog":false}
DOME_PROBE {"page":7,"sample":11,"processes":10000,"visible":10000,"realized_cells":1230,"paused":false,"sidebar":true,"selected_pid":0,"services":0,"service_visible":0,"update_us":9350,"width":1120,"gpu_provider_count":1,"gpu_timeouts":0,"service_error":false,"dialog":false}
DOME_SHUTDOWN close requested
DOME_SHUTDOWN collector stopped
DOME_SHUTDOWN services stopped
DOME_SHUTDOWN helpers stopped
