DOME_PROBE {"page":0,"sample":0,"processes":0,"visible":0,"realized_cells":0,"paused":false,"sidebar":true,"selected_pid":0,"services":0,"service_visible":0,"update_us":0,"width":1120,"gpu_provider_count":0,"gpu_timeouts":0,"service_error":false,"dialog":false}
DOME_PROBE {"page":0,"sample":1,"processes":423,"visible":423,"realized_cells":0,"paused":false,"sidebar":true,"selected_pid":0,"services":0,"service_visible":0,"update_us":14083,"width":1120,"gpu_provider_count":0,"gpu_timeouts":0,"service_error":false,"dialog":false}
DOME_PROBE {"page":0,"sample":1,"processes":423,"visible":423,"realized_cells":0,"paused":false,"sidebar":true,"selected_pid":0,"services":0,"service_visible":0,"update_us":14083,"width":1120,"gpu_provider_count":0,"gpu_timeouts":0,"service_error":false,"dialog":false}
DOME_PROBE {"page":0,"sample":1,"processes":423,"visible":423,"realized_cells":0,"paused":false,"sidebar":true,"selected_pid":0,"services":0,"service_visible":0,"update_us":14083,"width":1120,"gpu_provider_count":0,"gpu_timeouts":0,"service_error":false,"dialog":false}
DOME_PROBE {"page":0,"sample":1,"processes":423,"visible":423,"realized_cells":0,"paused":false,"sidebar":true,"selected_pid":0,"services":0,"service_visible":0,"update_us":14083,"width":1120,"gpu_provider_count":0,"gpu_timeouts":0,"service_error":false,"dialog":false}
DOME_PROBE {"page":0,"sample":1,"processes":423,"visible":423,"realized_cells":0,"paused":false,"sidebar":true,"selected_pid":0,"services":0,"service_visible":0,"update_us":14083,"width":1120,"gpu_provider_count":0,"gpu_timeouts":0,"service_error":false,"dialog":false}
DOME_PROBE {"page":0,"sample":1,"processes":423,"visible":423,"realized_cells":0,"paused":false,"sidebar":true,"selected_pid":0,"services":0,"service_visible":0,"update_us":14083,"width":1120,"gpu_provider_count":0,"gpu_timeouts":0,"service_error":false,"dialog":false}
DOME_PROBE {"page":0,"sample":1,"processes":423,"visible":423,"realized_cells":0,"paused":false,"sidebar":true,"selected_pid":0,"services":0,"service_visible":0,"update_us":14083,"width":1120,"gpu_provider_count":0,"gpu_timeouts":0,"service_error":false,"dialog":false}
DOME_PROBE {"page":0,"sample":1,"processes":423,"visible":423,"realized_cells":0,"paused":false,"sidebar":true,"selected_pid":0,"services":0,"service_visible":0,"update_us":14083,"width":1120,"gpu_provider_count":0,"gpu_timeouts":0,"service_error":false,"dialog":false}
DOME_PROBE {"page":0,"sample":1,"processes":423,"visible":423,"realized_cells":0,"paused":false,"sidebar":true,"selected_pid":0,"services":0,"service_visible":0,"update_us":14083,"width":1120,"gpu_provider_count":0,"gpu_timeouts":0,"service_error":false,"dialog":false}
DOME_PROBE {"page":0,"sample":1,"processes":423,"visible":423,"realized_cells":0,"paused":false,"sidebar":true,"selected_pid":0,"services":0,"service_visible":0,"update_us":14083,"width":1120,"gpu_provider_count":0,"gpu_timeouts":0,"service_error":false,"dialog":false}
DOME_PROBE {"page":0,"sample":2,"processes":423,"visible":423,"realized_cells":0,"paused":false,"sidebar":true,"selected_pid":0,"services":0,"service_visible":0,"update_us":1369,"width":1120,"gpu_provider_count":0,"gpu_timeouts":0,"service_error":false,"dialog":false}
DOME_PROBE {"page":0,"sample":2,"processes":423,"visible":423,"realized_cells":0,"paused":false,"sidebar":true,"selected_pid":0,"services":0,"service_visible":0,"update_us":1369,"width":1120,"gpu_provider_count":0,"gpu_timeouts":0,"service_error":false,"dialog":false}
DOME_PROBE {"page":0,"sample":2,"processes":423,"visible":423,"realized_cells":0,"paused":false,"sidebar":true,"selected_pid":0,"services":0,"service_visible":0,"update_us":1369,"width":1120,"gpu_provider_count":0,"gpu_timeouts":0,"service_error":false,"dialog":false}
DOME_PROBE {"page":1,"sample":2,"processes":423,"visible":423,"realized_cells":0,"paused":false,"sidebar":true,"selected_pid":0,"services":0,"service_visible":0,"update_us":1369,"width":1120,"gpu_provider_count":0,"gpu_timeouts":0,"service_error":false,"dialog":false}
DOME_PROBE {"page":1,"sample":2,"processes":423,"visible":423,"realized_cells":0,"paused":false,"sidebar":true,"selected_pid":0,"services":0,"service_visible":0,"update_us":1369,"width":1120,"gpu_provider_count":0,"gpu_timeouts":0,"service_error":false,"dialog":false}
DOME_PROBE {"page":2,"sample":3,"processes":422,"visible":422,"realized_cells":0,"paused":false,"sidebar":true,"selected_pid":0,"services":0,"service_visible":0,"update_us":1663,"width":1120,"gpu_provider_count":0,"gpu_timeouts":0,"service_error":false,"dialog":false}
DOME_PROBE {"page":2,"sample":3,"processes":422,"visible":422,"realized_cells":0,"paused":false,"sidebar":true,"selected_pid":0,"services":0,"service_visible":0,"update_us":1663,"width":1120,"gpu_provider_count":0,"gpu_timeouts":0,"service_error":false,"dialog":false}
DOME_PROBE {"page":3,"sample":3,"processes":422,"visible":422,"realized_cells":0,"paused":false,"sidebar":true,"selected_pid":0,"services":0,"service_visible":0,"update_us":1663,"width":1120,"gpu_provider_count":0,"gpu_timeouts":0,"service_error":false,"dialog":false}
DOME_PROBE {"page":3,"sample":3,"processes":422,"visible":422,"realized_cells":0,"paused":false,"sidebar":true,"selected_pid":0,"services":0,"service_visible":0,"update_us":1663,"width":1120,"gpu_provider_count":0,"gpu_timeouts":0,"service_error":false,"dialog":false}
DOME_PROBE {"page":4,"sample":4,"processes":422,"visible":422,"realized_cells":0,"paused":false,"sidebar":true,"selected_pid":0,"services":0,"service_visible":0,"update_us":1319,"width":1120,"gpu_provider_count":0,"gpu_timeouts":0,"service_error":false,"dialog":false}
DOME_PROBE {"page":4,"sample":4,"processes":422,"visible":422,"realized_cells":0,"paused":false,"sidebar":true,"selected_pid":0,"services":0,"service_visible":0,"update_us":1319,"width":1120,"gpu_provider_count":0,"gpu_timeouts":0,"service_error":false,"dialog":false}
DOME_PROBE {"page":5,"sample":4,"processes":422,"visible":422,"realized_cells":0,"paused":false,"sidebar":true,"selected_pid":0,"services":0,"service_visible":0,"update_us":1319,"width":1120,"gpu_provider_count":0,"gpu_timeouts":0,"service_error":false,"dialog":false}
DOME_PROBE {"page":5,"sample":4,"processes":422,"visible":422,"realized_cells":0,"paused":false,"sidebar":true,"selected_pid":0,"services":0,"service_visible":0,"update_us":1319,"width":1120,"gpu_provider_count":0,"gpu_timeouts":0,"service_error":false,"dialog":false}
DOME_PROBE {"page":6,"sample":5,"processes":423,"visible":423,"realized_cells":0,"paused":false,"sidebar":true,"selected_pid":0,"services":0,"service_visible":0,"update_us":1925,"width":1120,"gpu_provider_count":0,"gpu_timeouts":0,"service_error":false,"dialog":false}
DOME_PROBE {"page":6,"sample":5,"processes":423,"visible":423,"realized_cells":0,"paused":false,"sidebar":true,"selected_pid":0,"services":0,"service_visible":0,"update_us":1925,"width":1120,"gpu_provider_count":0,"gpu_timeouts":0,"service_error":false,"dialog":false}
DOME_PROBE {"page":7,"sample":5,"processes":423,"visible":423,"realized_cells":1230,"paused":false,"sidebar":true,"selected_pid":0,"services":0,"service_visible":0,"update_us":1925,"width":1120,"gpu_provider_count":0,"gpu_timeouts":0,"service_error":false,"dialog":false}
DOME_PROBE {"page":7,"sample":5,"processes":423,"visible":423,"realized_cells":1230,"paused":false,"sidebar":true,"selected_pid":0,"services":0,"service_visible":0,"update_us":1925,"width":1120,"gpu_provider_count":0,"gpu_timeouts":0,"service_error":false,"dialog":false}
DOME_PROBE {"page":8,"sample":5,"processes":423,"visible":423,"realized_cells":0,"paused":false,"sidebar":true,"selected_pid":0,"services":0,"service_visible":0,"update_us":1925,"width":1120,"gpu_provider_count":0,"gpu_timeouts":0,"service_error":false,"dialog":false}
DOME_PROBE {"page":8,"sample":6,"processes":422,"visible":422,"realized_cells":0,"paused":false,"sidebar":true,"selected_pid":0,"services":0,"service_visible":0,"update_us":2619,"width":1120,"gpu_provider_count":0,"gpu_timeouts":0,"service_error":false,"dialog":false}
DOME_PROBE {"page":1,"sample":6,"processes":422,"visible":422,"realized_cells":0,"paused":false,"sidebar":true,"selected_pid":0,"services":0,"service_visible":0,"update_us":2619,"width":1120,"gpu_provider_count":0,"gpu_timeouts":0,"service_error":false,"dialog":false}
DOME_PROBE {"page":7,"sample":7,"processes":423,"visible":0,"realized_cells":0,"paused":false,"sidebar":true,"selected_pid":0,"services":0,"service_visible":0,"update_us":2850,"width":1120,"gpu_provider_count":0,"gpu_timeouts":0,"service_error":false,"dialog":false}
DOME_PROBE {"page":7,"sample":7,"processes":423,"visible":423,"realized_cells":1230,"paused":false,"sidebar":true,"selected_pid":0,"services":0,"service_visible":0,"update_us":2850,"width":1120,"gpu_provider_count":0,"gpu_timeouts":0,"service_error":false,"dialog":false}
DOME_PROBE {"page":7,"sample":7,"processes":423,"visible":423,"realized_cells":1230,"paused":false,"sidebar":true,"selected_pid":0,"services":0,"service_visible":0,"update_us":2850,"width":1120,"gpu_provider_count":0,"gpu_timeouts":0,"service_error":false,"dialog":false}
DOME_PROBE {"page":7,"sample":7,"processes":423,"visible":423,"realized_cells":1230,"paused":false,"sidebar":true,"selected_pid":0,"services":0,"service_visible":0,"update_us":2850,"width":1120,"gpu_provider_count":0,"gpu_timeouts":0,"service_error":false,"dialog":false}
DOME_PROBE {"page":7,"sample":7,"processes":423,"visible":423,"realized_cells":1230,"paused":false,"sidebar":true,"selected_pid":55871,"services":0,"service_visible":0,"update_us":2850,"width":1120,"gpu_provider_count":0,"gpu_timeouts":0,"service_error":false,"dialog":false}
DOME_PROBE {"page":7,"sample":8,"processes":422,"visible":422,"realized_cells":1230,"paused":false,"sidebar":true,"selected_pid":55871,"services":0,"service_visible":0,"update_us":3885,"width":1120,"gpu_provider_count":0,"gpu_timeouts":0,"service_error":false,"dialog":false}
DOME_PROBE {"page":7,"sample":8,"processes":422,"visible":422,"realized_cells":1230,"paused":true,"sidebar":true,"selected_pid":55871,"services":0,"service_visible":0,"update_us":3885,"width":1120,"gpu_provider_count":0,"gpu_timeouts":0,"service_error":false,"dialog":false}
DOME_PROBE {"page":7,"sample":8,"processes":422,"visible":422,"realized_cells":1230,"paused":true,"sidebar":true,"selected_pid":55871,"services":0,"service_visible":0,"update_us":3885,"width":1120,"gpu_provider_count":0,"gpu_timeouts":0,"service_error":false,"dialog":false}
DOME_PROBE {"page":7,"sample":9,"processes":422,"visible":422,"realized_cells":1230,"paused":true,"sidebar":true,"selected_pid":55871,"services":0,"service_visible":0,"update_us":2579,"width":1120,"gpu_provider_count":0,"gpu_timeouts":0,"service_error":false,"dialog":false}
DOME_PROBE {"page":7,"sample":9,"processes":422,"visible":422,"realized_cells":1230,"paused":true,"sidebar":true,"selected_pid":55871,"services":0,"service_visible":0,"update_us":2579,"width":1120,"gpu_provider_count":0,"gpu_timeouts":0,"service_error":false,"dialog":false}
DOME_PROBE {"page":7,"sample":9,"processes":422,"visible":422,"realized_cells":1230,"paused":false,"sidebar":true,"selected_pid":55871,"services":0,"service_visible":0,"update_us":2579,"width":1120,"gpu_provider_count":0,"gpu_timeouts":0,"service_error":false,"dialog":false}
DOME_PROBE {"page":7,"sample":10,"processes":422,"visible":0,"realized_cells":0,"paused":false,"sidebar":true,"selected_pid":0,"services":0,"service_visible":0,"update_us":2845,"width":1120,"gpu_provider_count":0,"gpu_timeouts":0,"service_error":false,"dialog":false}
DOME_PROBE {"page":7,"sample":10,"processes":422,"visible":0,"realized_cells":0,"paused":false,"sidebar":true,"selected_pid":0,"services":0,"service_visible":0,"update_us":2845,"width":1120,"gpu_provider_count":0,"gpu_timeouts":0,"service_error":false,"dialog":false}
DOME_PROBE {"page":7,"sample":10,"processes":422,"visible":0,"realized_cells":0,"paused":false,"sidebar":true,"selected_pid":0,"services":0,"service_visible":0,"update_us":2845,"width":1120,"gpu_provider_count":0,"gpu_timeouts":0,"service_error":false,"dialog":false}
DOME_PROBE {"page":7,"sample":10,"processes":422,"visible":0,"realized_cells":0,"paused":false,"sidebar":true,"selected_pid":0,"services":0,"service_visible":0,"update_us":2845,"width":1120,"gpu_provider_count":0,"gpu_timeouts":0,"service_error":false,"dialog":false}
DOME_PROBE {"page":7,"sample":10,"processes":422,"visible":0,"realized_cells":0,"paused":false,"sidebar":true,"selected_pid":0,"services":0,"service_visible":0,"update_us":2845,"width":1120,"gpu_provider_count":0,"gpu_timeouts":0,"service_error":false,"dialog":false}
DOME_PROBE {"page":7,"sample":10,"processes":422,"visible":0,"realized_cells":0,"paused":false,"sidebar":true,"selected_pid":0,"services":0,"service_visible":0,"update_us":2845,"width":1120,"gpu_provider_count":0,"gpu_timeouts":0,"service_error":false,"dialog":false}
DOME_PROBE {"page":7,"sample":10,"processes":422,"visible":0,"realized_cells":0,"paused":false,"sidebar":true,"selected_pid":0,"services":0,"service_visible":0,"update_us":2845,"width":1120,"gpu_provider_count":0,"gpu_timeouts":0,"service_error":false,"dialog":false}
DOME_PROBE {"page":7,"sample":10,"processes":422,"visible":0,"realized_cells":0,"paused":false,"sidebar":true,"selected_pid":0,"services":0,"service_visible":0,"update_us":2845,"width":1120,"gpu_provider_count":0,"gpu_timeouts":0,"service_error":false,"dialog":false}
DOME_PROBE {"page":7,"sample":10,"processes":422,"visible":0,"realized_cells":0,"paused":false,"sidebar":true,"selected_pid":0,"services":0,"service_visible":0,"update_us":2845,"width":1120,"gpu_provider_count":0,"gpu_timeouts":0,"service_error":false,"dialog":false}
DOME_PROBE {"page":7,"sample":11,"processes":424,"visible":1,"realized_cells":6,"paused":false,"sidebar":true,"selected_pid":0,"services":0,"service_visible":0,"update_us":1049,"width":1120,"gpu_provider_count":0,"gpu_timeouts":0,"service_error":false,"dialog":false}
DOME_PROBE {"page":7,"sample":11,"processes":424,"visible":1,"realized_cells":6,"paused":false,"sidebar":true,"selected_pid":58825,"services":0,"service_visible":0,"update_us":1049,"width":1120,"gpu_provider_count":0,"gpu_timeouts":0,"service_error":false,"dialog":false}
DOME_MENU {"services":false,"target":"sleep","pid":58825,"enabled":"11"}
DOME_CONFIRM {"target":"sleep","pid":58825,"force":false}
DOME_CONFIRM {"target":"sleep","pid":58825,"force":false}
DOME_CONFIRM {"target":"sleep","pid":58825,"force":false}
DOME_PROBE {"page":8,"sample":13,"processes":422,"visible":422,"realized_cells":0,"paused":false,"sidebar":true,"selected_pid":0,"services":3,"service_visible":3,"update_us":1767,"width":1120,"gpu_provider_count":0,"gpu_timeouts":0,"service_error":false,"dialog":false}
DOME_PROBE {"page":8,"sample":13,"processes":422,"visible":422,"realized_cells":0,"paused":false,"sidebar":true,"selected_pid":0,"services":3,"service_visible":1,"update_us":1767,"width":1120,"gpu_provider_count":0,"gpu_timeouts":0,"service_error":false,"dialog":false}
DOME_MENU {"services":true,"target":"dome-fixture.service","pid":0,"enabled":"011"}
DOME_MENU {"services":true,"target":"dome-fixture.service","pid":0,"enabled":"110"}
DOME_PROBE {"page":8,"sample":16,"processes":423,"visible":423,"realized_cells":0,"paused":false,"sidebar":true,"selected_pid":0,"services":3,"service_visible":1,"update_us":2310,"width":1120,"gpu_provider_count":0,"gpu_timeouts":0,"service_error":false,"dialog":false}
DOME_PROBE {"page":8,"sample":17,"processes":423,"visible":423,"realized_cells":0,"paused":false,"sidebar":true,"selected_pid":0,"services":3,"service_visible":1,"update_us":2607,"width":1120,"gpu_provider_count":0,"gpu_timeouts":0,"service_error":true,"dialog":false}
DOME_PROBE {"page":8,"sample":17,"processes":423,"visible":423,"realized_cells":0,"paused":false,"sidebar":true,"selected_pid":0,"services":3,"service_visible":1,"update_us":2607,"width":1120,"gpu_provider_count":0,"gpu_timeouts":0,"service_error":true,"dialog":false}
DOME_PROBE {"page":8,"sample":17,"processes":423,"visible":423,"realized_cells":0,"paused":false,"sidebar":true,"selected_pid":0,"services":3,"service_visible":3,"update_us":2607,"width":1120,"gpu_provider_count":0,"gpu_timeouts":0,"service_error":true,"dialog":false}
DOME_PROBE {"page":8,"sample":17,"processes":423,"visible":423,"realized_cells":0,"paused":false,"sidebar":true,"selected_pid":0,"services":0,"service_visible":0,"update_us":2607,"width":1120,"gpu_provider_count":0,"gpu_timeouts":0,"service_error":true,"dialog":false}
DOME_PROBE {"page":0,"sample":18,"processes":422,"visible":422,"realized_cells":0,"paused":false,"sidebar":false,"selected_pid":0,"services":0,"service_visible":0,"update_us":2179,"width":420,"gpu_provider_count":0,"gpu_timeouts":0,"service_error":true,"dialog":false}
DOME_PROBE {"page":0,"sample":19,"processes":422,"visible":422,"realized_cells":0,"paused":false,"sidebar":true,"selected_pid":0,"services":0,"service_visible":0,"update_us":2075,"width":1120,"gpu_provider_count":0,"gpu_timeouts":0,"service_error":true,"dialog":false}
DOME_SHUTDOWN close requested
DOME_SHUTDOWN collector stopped
DOME_SHUTDOWN services stopped
DOME_SHUTDOWN helpers stopped
