DOME_PROBE {"page":0,"sample":0,"processes":0,"visible":0,"realized_cells":0,"paused":false,"sidebar":true,"selected_pid":0,"services":0,"service_visible":0,"update_us":0,"width":1120,"gpu_provider_count":0,"gpu_timeouts":0,"service_error":false,"dialog":false}
DOME_PROBE {"page":0,"sample":1,"processes":410,"visible":410,"realized_cells":0,"paused":false,"sidebar":true,"selected_pid":0,"services":0,"service_visible":0,"update_us":13311,"width":1120,"gpu_provider_count":0,"gpu_timeouts":0,"service_error":false,"dialog":false}
DOME_PROBE {"page":0,"sample":1,"processes":410,"visible":410,"realized_cells":0,"paused":false,"sidebar":true,"selected_pid":0,"services":0,"service_visible":0,"update_us":13311,"width":1120,"gpu_provider_count":0,"gpu_timeouts":0,"service_error":false,"dialog":false}
DOME_PROBE {"page":0,"sample":1,"processes":410,"visible":410,"realized_cells":0,"paused":false,"sidebar":true,"selected_pid":0,"services":0,"service_visible":0,"update_us":13311,"width":1120,"gpu_provider_count":0,"gpu_timeouts":0,"service_error":false,"dialog":false}
DOME_PROBE {"page":0,"sample":1,"processes":410,"visible":410,"realized_cells":0,"paused":false,"sidebar":true,"selected_pid":0,"services":0,"service_visible":0,"update_us":13311,"width":1120,"gpu_provider_count":0,"gpu_timeouts":0,"service_error":false,"dialog":false}
DOME_PROBE {"page":0,"sample":1,"processes":410,"visible":410,"realized_cells":0,"paused":false,"sidebar":true,"selected_pid":0,"services":0,"service_visible":0,"update_us":13311,"width":1120,"gpu_provider_count":0,"gpu_timeouts":0,"service_error":false,"dialog":false}
DOME_PROBE {"page":0,"sample":1,"processes":410,"visible":410,"realized_cells":0,"paused":false,"sidebar":true,"selected_pid":0,"services":0,"service_visible":0,"update_us":13311,"width":1120,"gpu_provider_count":0,"gpu_timeouts":0,"service_error":false,"dialog":false}
DOME_PROBE {"page":0,"sample":1,"processes":410,"visible":410,"realized_cells":0,"paused":false,"sidebar":true,"selected_pid":0,"services":0,"service_visible":0,"update_us":13311,"width":1120,"gpu_provider_count":0,"gpu_timeouts":0,"service_error":false,"dialog":false}
DOME_PROBE {"page":0,"sample":1,"processes":410,"visible":410,"realized_cells":0,"paused":false,"sidebar":true,"selected_pid":0,"services":0,"service_visible":0,"update_us":13311,"width":1120,"gpu_provider_count":0,"gpu_timeouts":0,"service_error":false,"dialog":false}
DOME_PROBE {"page":0,"sample":1,"processes":410,"visible":410,"realized_cells":0,"paused":false,"sidebar":true,"selected_pid":0,"services":0,"service_visible":0,"update_us":13311,"width":1120,"gpu_provider_count":0,"gpu_timeouts":0,"service_error":false,"dialog":false}
DOME_PROBE {"page":0,"sample":1,"processes":410,"visible":410,"realized_cells":0,"paused":false,"sidebar":true,"selected_pid":0,"services":0,"service_visible":0,"update_us":13311,"width":1120,"gpu_provider_count":0,"gpu_timeouts":0,"service_error":false,"dialog":false}
DOME_PROBE {"page":0,"sample":2,"processes":411,"visible":411,"realized_cells":0,"paused":false,"sidebar":true,"selected_pid":0,"services":0,"service_visible":0,"update_us":1174,"width":1120,"gpu_provider_count":0,"gpu_timeouts":0,"service_error":false,"dialog":false}
DOME_PROBE {"page":0,"sample":2,"processes":411,"visible":411,"realized_cells":0,"paused":false,"sidebar":true,"selected_pid":0,"services":0,"service_visible":0,"update_us":1174,"width":1120,"gpu_provider_count":0,"gpu_timeouts":0,"service_error":false,"dialog":false}
DOME_PROBE {"page":0,"sample":2,"processes":411,"visible":411,"realized_cells":0,"paused":false,"sidebar":true,"selected_pid":0,"services":0,"service_visible":0,"update_us":1174,"width":1120,"gpu_provider_count":0,"gpu_timeouts":1,"service_error":false,"dialog":false}
DOME_PROBE {"page":0,"sample":2,"processes":411,"visible":411,"realized_cells":0,"paused":false,"sidebar":true,"selected_pid":0,"services":0,"service_visible":0,"update_us":1174,"width":1120,"gpu_provider_count":0,"gpu_timeouts":1,"service_error":false,"dialog":false}
DOME_PROBE {"page":0,"sample":2,"processes":411,"visible":411,"realized_cells":0,"paused":false,"sidebar":true,"selected_pid":0,"services":0,"service_visible":0,"update_us":1174,"width":1120,"gpu_provider_count":0,"gpu_timeouts":1,"service_error":false,"dialog":false}
DOME_PROBE {"page":0,"sample":2,"processes":411,"visible":411,"realized_cells":0,"paused":false,"sidebar":true,"selected_pid":0,"services":0,"service_visible":0,"update_us":1174,"width":1120,"gpu_provider_count":0,"gpu_timeouts":1,"service_error":false,"dialog":false}
DOME_PROBE {"page":0,"sample":2,"processes":411,"visible":411,"realized_cells":0,"paused":false,"sidebar":true,"selected_pid":0,"services":0,"service_visible":0,"update_us":1174,"width":1120,"gpu_provider_count":0,"gpu_timeouts":1,"service_error":false,"dialog":false}
DOME_PROBE {"page":0,"sample":2,"processes":411,"visible":411,"realized_cells":0,"paused":false,"sidebar":true,"selected_pid":0,"services":0,"service_visible":0,"update_us":1174,"width":1120,"gpu_provider_count":0,"gpu_timeouts":1,"service_error":false,"dialog":false}
DOME_PROBE {"page":0,"sample":2,"processes":411,"visible":411,"realized_cells":0,"paused":false,"sidebar":true,"selected_pid":0,"services":0,"service_visible":0,"update_us":1174,"width":1120,"gpu_provider_count":0,"gpu_timeouts":1,"service_error":false,"dialog":false}
DOME_PROBE {"page":0,"sample":2,"processes":411,"visible":411,"realized_cells":0,"paused":false,"sidebar":true,"selected_pid":0,"services":0,"service_visible":0,"update_us":1174,"width":1120,"gpu_provider_count":0,"gpu_timeouts":1,"service_error":false,"dialog":false}
DOME_PROBE {"page":0,"sample":3,"processes":403,"visible":403,"realized_cells":0,"paused":false,"sidebar":true,"selected_pid":0,"services":0,"service_visible":0,"update_us":3202,"width":1120,"gpu_provider_count":0,"gpu_timeouts":1,"service_error":false,"dialog":false}
DOME_PROBE {"page":0,"sample":3,"processes":403,"visible":403,"realized_cells":0,"paused":false,"sidebar":true,"selected_pid":0,"services":0,"service_visible":0,"update_us":3202,"width":1120,"gpu_provider_count":0,"gpu_timeouts":1,"service_error":false,"dialog":false}
DOME_SHUTDOWN close requested
DOME_SHUTDOWN collector stopped
DOME_SHUTDOWN services stopped
DOME_SHUTDOWN helpers stopped
