DOME_PROBE {"page":0,"sample":0,"processes":0,"visible":0,"realized_cells":0,"paused":false,"sidebar":false,"selected_pid":0,"services":0,"service_visible":0,"update_us":0,"width":480,"gpu_provider_count":0,"gpu_timeouts":0,"service_error":false,"dialog":false}
DOME_PROBE {"page":0,"sample":0,"processes":0,"visible":0,"realized_cells":0,"paused":false,"sidebar":false,"selected_pid":0,"services":0,"service_visible":0,"update_us":0,"width":480,"gpu_provider_count":0,"gpu_timeouts":0,"service_error":false,"dialog":false}
DOME_PROBE {"page":0,"sample":1,"processes":423,"visible":423,"realized_cells":0,"paused":false,"sidebar":false,"selected_pid":0,"services":0,"service_visible":0,"update_us":7803,"width":480,"gpu_provider_count":0,"gpu_timeouts":0,"service_error":false,"dialog":false}
DOME_PROBE {"page":0,"sample":1,"processes":423,"visible":423,"realized_cells":0,"paused":false,"sidebar":false,"selected_pid":0,"services":0,"service_visible":0,"update_us":7803,"width":480,"gpu_provider_count":0,"gpu_timeouts":0,"service_error":false,"dialog":false}
DOME_PROBE {"page":0,"sample":1,"processes":423,"visible":423,"realized_cells":0,"paused":false,"sidebar":false,"selected_pid":0,"services":0,"service_visible":0,"update_us":7803,"width":480,"gpu_provider_count":0,"gpu_timeouts":0,"service_error":false,"dialog":false}
DOME_PROBE {"page":0,"sample":1,"processes":423,"visible":423,"realized_cells":0,"paused":false,"sidebar":false,"selected_pid":0,"services":0,"service_visible":0,"update_us":7803,"width":480,"gpu_provider_count":0,"gpu_timeouts":0,"service_error":false,"dialog":false}
DOME_PROBE {"page":0,"sample":1,"processes":423,"visible":423,"realized_cells":0,"paused":false,"sidebar":false,"selected_pid":0,"services":0,"service_visible":0,"update_us":7803,"width":480,"gpu_provider_count":0,"gpu_timeouts":0,"service_error":false,"dialog":false}
DOME_PROBE {"page":0,"sample":1,"processes":423,"visible":423,"realized_cells":0,"paused":false,"sidebar":false,"selected_pid":0,"services":0,"service_visible":0,"update_us":7803,"width":480,"gpu_provider_count":0,"gpu_timeouts":0,"service_error":false,"dialog":false}
DOME_PROBE {"page":0,"sample":1,"processes":423,"visible":423,"realized_cells":0,"paused":false,"sidebar":false,"selected_pid":0,"services":0,"service_visible":0,"update_us":7803,"width":480,"gpu_provider_count":0,"gpu_timeouts":0,"service_error":false,"dialog":false}
DOME_PROBE {"page":0,"sample":1,"processes":423,"visible":423,"realized_cells":0,"paused":false,"sidebar":false,"selected_pid":0,"services":0,"service_visible":0,"update_us":7803,"width":480,"gpu_provider_count":0,"gpu_timeouts":0,"service_error":false,"dialog":false}
DOME_PROBE {"page":0,"sample":1,"processes":423,"visible":423,"realized_cells":0,"paused":false,"sidebar":false,"selected_pid":0,"services":0,"service_visible":0,"update_us":7803,"width":480,"gpu_provider_count":0,"gpu_timeouts":0,"service_error":false,"dialog":false}
DOME_PROBE {"page":0,"sample":2,"processes":423,"visible":423,"realized_cells":0,"paused":false,"sidebar":false,"selected_pid":0,"services":0,"service_visible":0,"update_us":1671,"width":480,"gpu_provider_count":0,"gpu_timeouts":0,"service_error":false,"dialog":false}
DOME_PROBE {"page":0,"sample":2,"processes":423,"visible":423,"realized_cells":0,"paused":false,"sidebar":false,"selected_pid":0,"services":0,"service_visible":0,"update_us":1671,"width":480,"gpu_provider_count":0,"gpu_timeouts":0,"service_error":false,"dialog":false}
DOME_PROBE {"page":0,"sample":2,"processes":423,"visible":423,"realized_cells":0,"paused":false,"sidebar":false,"selected_pid":0,"services":0,"service_visible":0,"update_us":1671,"width":480,"gpu_provider_count":0,"gpu_timeouts":0,"service_error":false,"dialog":false}
DOME_PROBE {"page":0,"sample":2,"processes":423,"visible":423,"realized_cells":0,"paused":false,"sidebar":false,"selected_pid":0,"services":0,"service_visible":0,"update_us":1671,"width":480,"gpu_provider_count":0,"gpu_timeouts":0,"service_error":false,"dialog":false}
DOME_PROBE {"page":7,"sample":3,"processes":422,"visible":422,"realized_cells":410,"paused":false,"sidebar":false,"selected_pid":19806,"services":0,"service_visible":0,"update_us":2516,"width":480,"gpu_provider_count":0,"gpu_timeouts":0,"service_error":false,"dialog":false}
DOME_SHUTDOWN close requested
DOME_SHUTDOWN collector stopped
DOME_SHUTDOWN services stopped
DOME_SHUTDOWN helpers stopped
