info(pearl): event=aqueous-availability state=connecting
info(pearl): event=ready mode=session
info(pearl): event=aqueous-availability state=subscribing
info(pearl): event=aqueous-availability state=ready
info: event=output-mapped id=1 connector=HEADLESS-2 scale=1
info: event=output-mapped id=2 connector=HEADLESS-1 scale=1
info(pearl): event=settings-backend-ready session=43b88bd2ac4233ffb80460a4945a12f4
info(pearl): event=control-ready session=43b88bd2ac4233ffb80460a4945a12f4
info: event=app-index-ready entries=162 truncated=false
info: event=preferences-applied revision=0 mode=static cache=false
info: event=wallpaper-applications-applied generation=2 elapsed_us=2196 success=true
info: event=preferences-applied revision=1 mode=static cache=false
info: event=wallpaper-applications-applied generation=3 elapsed_us=2306 success=true
info: event=preferences-applied revision=2 mode=static cache=false
info: event=wallpaper-applications-applied generation=5 elapsed_us=1865 success=true
info: event=preferences-applied revision=3 mode=static cache=false
info: event=wallpaper-applications-applied generation=7 elapsed_us=1741 success=true
info: event=preferences-applied revision=4 mode=static cache=false
info: event=wallpaper-applications-applied generation=9 elapsed_us=1765 success=true
info: event=preferences-applied revision=5 mode=static cache=false
info: event=wallpaper-applications-applied generation=11 elapsed_us=1875 success=true
info: event=preferences-applied revision=6 mode=static cache=false
info: event=wallpaper-applications-applied generation=13 elapsed_us=1545 success=true
info: event=preferences-applied revision=7 mode=static cache=false
info: event=wallpaper-applications-applied generation=15 elapsed_us=1725 success=true
info: event=preferences-applied revision=8 mode=static cache=false
info: event=wallpaper-applications-applied generation=17 elapsed_us=1663 success=true
info: event=preferences-applied revision=9 mode=static cache=false
info: event=wallpaper-applications-applied generation=19 elapsed_us=1815 success=true
info: event=preferences-applied revision=10 mode=static cache=false
info: event=wallpaper-applications-applied generation=21 elapsed_us=1759 success=true
info: event=popup-opened output=1
info: event=popup-closed
info: event=preferences-applied revision=11 mode=static cache=false
info: event=wallpaper-applications-applied generation=23 elapsed_us=1598 success=true
info: event=popup-opened output=1
info: event=popup-closed
info: event=popup-opened output=2
info: event=launcher-results count=116 shown=116 publish_us=2885
info: event=launcher-painted latency_us=17917
info: event=launcher-results count=116 shown=116 publish_us=4270
info: event=launcher-painted latency_us=15968
info: event=popup-closed
info: event=preferences-applied revision=12 mode=static cache=false
info: event=wallpaper-applications-applied generation=25 elapsed_us=1971 success=true
info: event=popup-opened output=1
info: event=popup-closed
info: event=popup-opened output=2
info: event=launcher-results count=116 shown=116 publish_us=2814
info: event=launcher-painted latency_us=14183
info: event=launcher-results count=116 shown=116 publish_us=4447
info: event=launcher-results count=116 shown=116 publish_us=3652
info: event=launcher-painted latency_us=16090
info: event=popup-closed
info: event=preferences-applied revision=13 mode=static cache=false
info: event=wallpaper-applications-applied generation=27 elapsed_us=1718 success=true
info: event=popup-opened output=1
info: event=popup-closed
info: event=popup-opened output=2
info: event=launcher-results count=116 shown=116 publish_us=2722
info: event=launcher-painted latency_us=15505
info: event=launcher-results count=116 shown=116 publish_us=5732
info: event=launcher-painted latency_us=19753
info: event=popup-closed
info: event=preferences-applied revision=14 mode=static cache=false
info: event=wallpaper-applications-applied generation=29 elapsed_us=1744 success=true
info: event=popup-opened output=1
info: event=popup-closed
info: event=popup-opened output=2
info: event=launcher-results count=116 shown=116 publish_us=4323
info: event=launcher-results count=116 shown=116 publish_us=3868
info: event=launcher-painted latency_us=15880
info: event=popup-closed
info: event=preferences-applied revision=15 mode=static cache=false
info: event=wallpaper-applications-applied generation=31 elapsed_us=1645 success=true
info: event=popup-opened output=1
info: event=popup-closed
info: event=preferences-applied revision=16 mode=static cache=false
info: event=wallpaper-applications-applied generation=33 elapsed_us=1558 success=true
info: event=preferences-applied revision=17 mode=static cache=false
info: event=wallpaper-applications-applied generation=35 elapsed_us=1635 success=true
info: event=popup-opened output=2
info: event=launcher-results count=115 shown=115 publish_us=4177
info: event=launcher-painted latency_us=15944
info: event=popup-closed
info: event=output-mapped id=2 connector=HEADLESS-1 scale=1
info: event=popup-opened output=2
info: event=launcher-results count=115 shown=115 publish_us=4181
info: event=launcher-results count=115 shown=115 publish_us=3548
info: event=popup-closed
info: event=preferences-applied revision=18 mode=static cache=false
info: event=wallpaper-applications-applied generation=37 elapsed_us=1718 success=true
info: event=preferences-applied revision=19 mode=static cache=false
info: event=wallpaper-applications-applied generation=39 elapsed_us=1601 success=true
info: event=preferences-applied revision=20 mode=static cache=false
info: event=wallpaper-applications-applied generation=41 elapsed_us=1651 success=true
info(pearl): event=stopping reason=control-quit pending=false
info(pearl): event=aqueous-availability state=stopped
info(pearl): event=cleanup pending=false watched_objects=0
info(pearl): event=stopped
