Build Summary: 17/17 steps succeeded
install success
+- install pearl success
|  +- compile exe pearl ReleaseSafe native success 21s MaxRSS:605M
|     +- run pkg-config success 1ms
|     +- translate-c cached 13ms MaxRSS:55M
|     +- run glib-compile-resources (pearl.gresource) cached
|     +- options cached
|     +- run exe zig-wayland-scanner (wayland.zig) cached
|        +- compile exe zig-wayland-scanner Debug native cached 9ms MaxRSS:56M
+- install pearl-lock cached
|  +- compile exe pearl-lock ReleaseSafe native cached 13ms MaxRSS:57M
|     +- translate-c (reused)
|     +- run glib-compile-resources (pearl.gresource) (reused)
|     +- options cached
|     +- translate-c cached 12ms MaxRSS:54M
+- install pearl-t00 cached
|  +- compile exe pearl-t00 ReleaseSafe native cached 15ms MaxRSS:57M
|     +- run pkg-config (reused)
|     +- translate-c (reused)
+- install pearlctl cached
   +- compile exe pearlctl ReleaseSafe native cached 16ms MaxRSS:59M

