{
  "status": "passed",
  "checks": {
    "logind-session-native-idle-and-authority-registration": true,
    "authority-identities-cancellation-and-unsupported-identity": true,
    "authority-restart-and-escape-cleanup": true,
    "confirmation-generation-and-sleep-inhibitor": true,
    "native-lock-acquisition-acknowledgement": true,
    "output-removal-return-remains-locked": true,
    "pam-multi-message-failure-cancellation-and-success": true,
    "native-lock-material-light-and-gtk-theme": true,
    "suspend-lock-before-call-delay-release-and-resume-rearm": true,
    "external-sleep-preparation": true,
    "ac-battery-policy-selection": true,
    "actual-idle-policy-pause-and-automatic-suspend": true,
    "logind-restart": true,
    "inactive-session-actions-gated": true,
    "account-policy-denial-never-unlocks": true,
    "shell-exit-preserves-independent-lock": true,
    "false-ready-times-out-no-suspend-and-failed-preparation-retains-delay": true,
    "locker-crash-fails-closed-and-aqueous-allows-authenticated-recovery": true,
    "shell-sigkill-preserves-owned-locker-and-authentication": true,
    "acknowledged-aqueous-logout-stops-shell": true
  },
  "binaries": {
    "pearl": "45f083bfd9e3ad9005800cc713ad81eaa77228e3bbdb0f4528e4d6718c619f5e",
    "ctl": "2f796e407b3d7204c46ad6116fb6e5343a789896ea394f90aa56a6af5149c80b",
    "locker": "b34e17a93690222d6b9b392dbedffd4d52e530209260d3b86bf1f2ad522c0e61",
    "pam_module": "0155b279724a62798876cecedfce987ed2bae276f1628f461aebcf3dcd4ae95b"
  },
  "locked_capture_allowed": true
}
Build Summary: 14/14 steps succeeded
test-security success
+- run python3 success 48s
   +- compile exe pearl-integration ReleaseSafe native cached 16ms MaxRSS:54M
   |  +- run pkg-config success 1ms
   |  +- translate-c cached 13ms MaxRSS:54M
   |  +- run glib-compile-resources (pearl.gresource) cached
   |  +- options cached
   |  +- run exe zig-wayland-scanner (wayland.zig) cached
   |     +- compile exe zig-wayland-scanner Debug native cached 10ms MaxRSS:58M
   +- compile exe pearlctl ReleaseSafe native cached 13ms MaxRSS:57M
   +- compile exe pearl-lock-test ReleaseSafe native cached 16ms MaxRSS:55M
   |  +- translate-c (reused)
   |  +- run glib-compile-resources (pearl.gresource) (reused)
   |  +- options cached
   |  +- translate-c cached 13ms MaxRSS:54M
   +- compile lib pearl-pam-fixture ReleaseSafe native cached 15ms MaxRSS:56M
      +- translate-c (reused)

