info(pearl): event=aqueous-availability state=connecting
info(pearl): event=ready mode=session
info(pearl): event=aqueous-availability state=subscribing
info(pearl): event=aqueous-availability state=ready
info: event=output-mapped id=1 connector=HEADLESS-2 scale=1
info: event=output-mapped id=2 connector=HEADLESS-1 scale=1
info(pearl): event=settings-backend-ready session=0d63e54e9eb89beb702f2ea13e40bdc5
info(pearl): event=control-ready session=0d63e54e9eb89beb702f2ea13e40bdc5
info: event=app-index-ready entries=162 truncated=false
info: event=preferences-applied revision=0 mode=static cache=false
info: event=wallpaper-applications-applied generation=2 elapsed_us=16789 success=true
info: event=preferences-applied revision=1 mode=static cache=false
info: event=wallpaper-applications-applied generation=3 elapsed_us=16704 success=true
info: event=preferences-applied revision=2 mode=static cache=false
info: event=wallpaper-applications-applied generation=5 elapsed_us=16705 success=true
info: event=preferences-applied revision=3 mode=static cache=false
info: event=wallpaper-applications-applied generation=7 elapsed_us=16491 success=true
info: event=preferences-applied revision=4 mode=static cache=false
info: event=wallpaper-applications-applied generation=9 elapsed_us=17137 success=true
info: event=preferences-applied revision=5 mode=static cache=false
info: event=wallpaper-applications-applied generation=11 elapsed_us=16635 success=true
info: event=preferences-applied revision=6 mode=static cache=false
info: event=wallpaper-applications-applied generation=13 elapsed_us=16497 success=true
info: event=preferences-applied revision=7 mode=static cache=false
info: event=wallpaper-applications-applied generation=15 elapsed_us=17436 success=true
info: event=preferences-applied revision=8 mode=static cache=false
info: event=wallpaper-applications-applied generation=17 elapsed_us=16681 success=true
info: event=preferences-applied revision=9 mode=static cache=false
info: event=wallpaper-applications-applied generation=19 elapsed_us=16220 success=true
info: event=preferences-applied revision=10 mode=static cache=false
info: event=wallpaper-applications-applied generation=21 elapsed_us=16280 success=true
info: event=popup-opened output=1
info: event=popup-closed
info: event=preferences-applied revision=11 mode=static cache=false
info: event=wallpaper-applications-applied generation=23 elapsed_us=16482 success=true
info: event=popup-opened output=1
info: event=popup-closed
info: event=popup-opened output=2
info: event=launcher-results count=116 shown=116 publish_us=4289
info: event=launcher-results count=116 shown=116 publish_us=3953
info: event=launcher-painted latency_us=20238
info: event=popup-closed
info: event=preferences-applied revision=12 mode=static cache=false
info: event=wallpaper-applications-applied generation=25 elapsed_us=16555 success=true
info: event=popup-opened output=1
info: event=popup-closed
info: event=popup-opened output=2
info: event=launcher-results count=116 shown=116 publish_us=4170
info: event=launcher-results count=116 shown=116 publish_us=4137
info: event=launcher-painted latency_us=16369
info: event=popup-closed
info: event=preferences-applied revision=13 mode=static cache=false
info: event=wallpaper-applications-applied generation=27 elapsed_us=16455 success=true
info: event=popup-opened output=1
info: event=popup-closed
info: event=popup-opened output=2
info: event=launcher-results count=116 shown=116 publish_us=3898
info: event=launcher-results count=116 shown=116 publish_us=3724
info: event=launcher-painted latency_us=17607
info: event=popup-closed
info: event=preferences-applied revision=14 mode=static cache=false
info: event=wallpaper-applications-applied generation=29 elapsed_us=16503 success=true
info: event=popup-opened output=1
info: event=popup-closed
info: event=popup-opened output=2
info: event=launcher-results count=116 shown=116 publish_us=3905
info: event=launcher-results count=116 shown=116 publish_us=3878
info: event=launcher-painted latency_us=18962
info: event=popup-closed
info: event=preferences-applied revision=15 mode=static cache=false
info: event=wallpaper-applications-applied generation=31 elapsed_us=16590 success=true
info: event=popup-opened output=1
info: event=popup-closed
info: event=preferences-applied revision=16 mode=static cache=false
info: event=wallpaper-applications-applied generation=33 elapsed_us=16366 success=true
info: event=preferences-applied revision=17 mode=static cache=false
info: event=wallpaper-applications-applied generation=35 elapsed_us=16467 success=true
info: event=popup-opened output=2
info: event=launcher-results count=115 shown=115 publish_us=3975
info: event=launcher-results count=115 shown=115 publish_us=3826
info: event=launcher-painted latency_us=14691
info: event=popup-closed
info: event=output-mapped id=2 connector=HEADLESS-1 scale=1
info: event=popup-opened output=2
info: event=launcher-results count=115 shown=115 publish_us=4136
info: event=launcher-results count=115 shown=115 publish_us=3673
info: event=launcher-painted latency_us=18801
info: event=popup-closed
info: event=preferences-applied revision=18 mode=static cache=false
info: event=wallpaper-applications-applied generation=37 elapsed_us=16478 success=true
info: event=preferences-applied revision=19 mode=static cache=false
info: event=wallpaper-applications-applied generation=39 elapsed_us=16753 success=true
info: event=preferences-applied revision=20 mode=static cache=false
info: event=wallpaper-applications-applied generation=41 elapsed_us=17404 success=true
info(pearl): event=stopping reason=control-quit pending=false
info(pearl): event=aqueous-availability state=stopped
info(pearl): event=cleanup pending=false watched_objects=0
info(pearl): event=stopped
