ts=2026-10-06T16:40:47Z pid=702970 info(greeter): event=greeter-active-output connector=HEADLESS-2
ts=2026-10-06T16:40:47Z pid=702970 info(greeter): event=greeter-outputs interactive=1
ts=2026-10-06T16:40:47Z pid=702970 info(greeter): event=greeter-account count=2 selected=0 manual=false
ts=2026-10-06T16:40:47Z pid=702970 info(greeter): event=greeter-ready sessions=2
ts=2026-10-06T16:40:48Z pid=702970 info(greeter): event=greeter-state state=connecting
ts=2026-10-06T16:40:48Z pid=702970 info(greeter): event=greeter-state state=authenticating
ts=2026-10-06T16:40:48Z pid=702970 info(greeter): event=greeter-state state=prompt
ts=2026-10-06T16:40:48Z pid=702970 info(greeter): event=greeter-state state=authenticating
ts=2026-10-06T16:40:48Z pid=702970 info(greeter): event=greeter-state state=prompt
ts=2026-10-06T16:40:48Z pid=702970 info(greeter): event=greeter-state state=authenticating
ts=2026-10-06T16:40:48Z pid=702970 info(greeter): event=greeter-state state=prompt
ts=2026-10-06T16:40:48Z pid=702970 info(greeter): event=greeter-state state=authenticating
ts=2026-10-06T16:40:48Z pid=702970 info(greeter): event=greeter-state state=prompt
ts=2026-10-06T16:40:49Z pid=702970 info(greeter): event=greeter-state state=authenticating
ts=2026-10-06T16:40:49Z pid=702970 info(greeter): event=greeter-state state=prompt
ts=2026-10-06T16:40:49Z pid=702970 info(greeter): event=greeter-state state=authenticating
ts=2026-10-06T16:40:49Z pid=702970 info(greeter): event=greeter-state state=authenticated
ts=2026-10-06T16:40:49Z pid=702970 info(greeter): event=greeter-state state=cancelling
ts=2026-10-06T16:40:49Z pid=702970 info(greeter): event=greeter-state state=cancelling
ts=2026-10-06T16:40:49Z pid=702970 info(greeter): event=greeter-state state=idle
