PASS empty-workspace-no-op
PASS forward-visits-every-window-wraps-immediate-focus-and-nonkeyboard-hud
PASS reverse-wrap-and-native-capture
PASS forward-reverse-animation-frame-sequences-and-live-client-textures
PASS idle-dismissal-preserves-ring-order
PASS escape-retains-selected-focus
PASS native-bar-button-activates-without-keyboard-grab
PASS native-hud-cycle-button-retains-input-through-release
PASS native-next-and-previous-keybindings-share-the-ring
PASS rapid-six-press-burst-retains-logical-steps
PASS typing-dismisses-presentation
PASS client-geometry-and-layout-unchanged
PASS global-cycle-activates-remote-workspaces-and-outputs-with-stationary-origin-hud
PASS global-dismiss-warps-inside-selected-content
PASS physical-pointer-motion-cancels-pending-warp
PASS idle-dismissal-warps-to-final-global-selection
PASS legacy-v1-retains-single-workspace-scope
PASS fullscreen-membership-and-client-mode-preserved
PASS external-focus-and-workspace-change-dismiss-presentation
PASS new-windows-append-and-all-four-identities-remain-reachable
PASS tiled-layout-keeps-client-geometry-through-full-cycle
PASS reduced-motion-and-vertical-bar
PASS overview-coexists-with-switcher-after-reduced-motion
PASS request-connection-loss-releases-compositor-presentation
PASS selected-window-close-cleans-up-and-resumes
PASS single-remote-window-activates-and-warps-with-minimized-window-excluded
PASS session-lock-clears-scene-hud-and-input
PASS remote-cursor-handoff-with-negative-origin-fractional-scale-and-rotation
PASS powered-off-output-releases-native-stack-and-hud
PASS powered-off-output-windows-excluded-from-global-ring
PASS compositor-shutdown-cleans-up-global-seat-rings
