info(pearl): event=aqueous-availability state=connecting
info(pearl): event=ready mode=session
info: event=blur-capability available=false
info(pearl): event=aqueous-availability state=subscribing
info(pearl): event=aqueous-availability state=ready
info: event=output-mapped id=1 connector=HEADLESS-2 scale=1
info: event=output-mapped id=2 connector=HEADLESS-1 scale=1
info(pearl): event=settings-backend-ready session=fc5d172c8773206cc07343db5ae8492a
info(pearl): event=control-ready session=fc5d172c8773206cc07343db5ae8492a
info: event=app-index-ready entries=160 truncated=false
info: event=preferences-applied revision=0 mode=static cache=false
info: event=preferences-applied revision=1 mode=static cache=false
info: event=app-index-ready entries=160 truncated=false
info: event=preferences-applied revision=2 mode=dynamic cache=false
info: event=app-index-ready entries=160 truncated=false
info: event=preferences-applied revision=3 mode=dynamic cache=false
info: event=app-index-ready entries=160 truncated=false
info: event=preferences-applied revision=4 mode=gtk cache=false
info: event=app-index-ready entries=160 truncated=false
info: event=preferences-applied revision=5 mode=gtk cache=false
info: event=app-index-ready entries=160 truncated=false
info(pearl): event=stopping reason=signal pending=false
info(pearl): event=aqueous-availability state=stopped
info(pearl): event=cleanup pending=false watched_objects=0
info(pearl): event=stopped
