info: event=settings-launch activation_context=false
info: event=settings-instance-ready session=464aa596bd22d392b7a5cb14be1ef232
info: event=settings-page page=overview
info: event=settings-page page=appearance
info: event=settings-window-created app_id=org.aqueous.Pearl.Settings
info: event=settings-page page=appearance
info: event=settings-activation activation_context=false
info: event=settings-page page=overview
info: event=settings-activation activation_context=false
info: event=settings-page page=appearance
info: event=settings-activation activation_context=false
info: event=settings-page page=network
info: event=settings-activation activation_context=false
info: event=settings-page page=bluetooth
info: event=settings-activation activation_context=false
info: event=settings-page page=sound
info: event=settings-activation activation_context=false
info: event=settings-page page=power
info: event=settings-activation activation_context=false
info: event=settings-page page=bar
info: event=settings-activation activation_context=false
info: event=settings-page page=notifications
info: event=settings-activation activation_context=false
info: event=settings-page page=session
info: event=settings-activation activation_context=false
info: event=settings-page page=aqueous
info: event=settings-activation activation_context=false
info: event=settings-page page=advanced
info: event=settings-activation activation_context=false
info: event=settings-page page=appearance
info: event=settings-activation activation_context=false
info: event=settings-page page=network
info: event=settings-activation activation_context=false
info: event=settings-page page=bluetooth
info: event=settings-activation activation_context=false
info: event=settings-page page=sound
info: event=settings-activation activation_context=false
info: event=settings-page page=power
info: event=settings-activation activation_context=false
info: event=settings-page page=appearance
info: event=settings-activation activation_context=false
info: event=settings-page page=network
info: event=settings-activation activation_context=false
info: event=settings-page page=bluetooth
info: event=settings-activation activation_context=false
info: event=settings-page page=sound
info: event=settings-activation activation_context=false
info: event=settings-page page=power
info: event=settings-activation activation_context=false
info: event=settings-page page=appearance
info: event=settings-activation activation_context=false
info: event=settings-page page=network
info: event=settings-activation activation_context=false
info: event=settings-page page=bluetooth
info: event=settings-activation activation_context=false
info: event=settings-page page=sound
info: event=settings-activation activation_context=false
info: event=settings-page page=power
info: event=settings-activation activation_context=false
info: event=settings-page page=appearance
info: event=settings-activation activation_context=false
info: event=settings-page page=network
info: event=settings-activation activation_context=false
info: event=settings-page page=bluetooth
info: event=settings-activation activation_context=false
info: event=settings-page page=sound
info: event=settings-activation activation_context=false
info: event=settings-page page=power
info: event=settings-activation activation_context=false
info: event=settings-page page=appearance
info: event=settings-activation activation_context=false
info: event=settings-page page=network
info: event=settings-activation activation_context=false
info: event=settings-page page=bluetooth
info: event=settings-activation activation_context=false
info: event=settings-page page=sound
info: event=settings-activation activation_context=false
info: event=settings-page page=power
info: event=settings-activation activation_context=false
info: event=settings-page page=appearance
info: event=settings-activation activation_context=false
info: event=settings-page page=network
info: event=settings-activation activation_context=false
info: event=settings-page page=bluetooth
info: event=settings-activation activation_context=false
info: event=settings-page page=sound
info: event=settings-activation activation_context=false
info: event=settings-page page=power
info: event=settings-activation activation_context=false
info: event=settings-page page=appearance
info: event=settings-activation activation_context=false
info: event=settings-page page=network
info: event=settings-activation activation_context=false
info: event=settings-page page=bluetooth
info: event=settings-activation activation_context=false
info: event=settings-page page=sound
info: event=settings-activation activation_context=false
info: event=settings-page page=power
info: event=settings-activation activation_context=false
info: event=settings-page page=appearance
info: event=settings-activation activation_context=false
info: event=settings-page page=overview
info: event=settings-activation activation_context=false
info: event=settings-page page=appearance
info: event=settings-activation activation_context=false
info: event=settings-page page=network
info: event=settings-activation activation_context=false
info: event=settings-page page=bluetooth
info: event=settings-activation activation_context=false
info: event=settings-page page=sound
info: event=settings-activation activation_context=false
info: event=settings-page page=power
info: event=settings-activation activation_context=false
info: event=settings-page page=bar
info: event=settings-activation activation_context=false
info: event=settings-page page=notifications
info: event=settings-activation activation_context=false
info: event=settings-page page=session
info: event=settings-activation activation_context=false
info: event=settings-page page=aqueous
info: event=settings-activation activation_context=false
info: event=settings-page page=advanced
info: event=settings-activation activation_context=false
info: event=settings-page page=overview
info: event=settings-activation activation_context=false
info: event=settings-page page=appearance
info: event=settings-activation activation_context=false
info: event=settings-page page=network
info: event=settings-activation activation_context=false
info: event=settings-page page=bluetooth
info: event=settings-activation activation_context=false
info: event=settings-page page=sound
info: event=settings-activation activation_context=false
info: event=settings-page page=power
info: event=settings-activation activation_context=false
info: event=settings-page page=bar
info: event=settings-activation activation_context=false
info: event=settings-page page=notifications
info: event=settings-activation activation_context=false
info: event=settings-page page=session
info: event=settings-activation activation_context=false
info: event=settings-page page=aqueous
info: event=settings-activation activation_context=false
info: event=settings-page page=advanced
info: event=settings-activation activation_context=false
info: event=settings-page page=overview
info: event=settings-activation activation_context=false
info: event=settings-page page=appearance
info: event=settings-activation activation_context=false
info: event=settings-page page=network
info: event=settings-activation activation_context=false
info: event=settings-page page=bluetooth
info: event=settings-activation activation_context=false
info: event=settings-page page=sound
info: event=settings-activation activation_context=false
info: event=settings-page page=power
info: event=settings-activation activation_context=false
info: event=settings-page page=bar
info: event=settings-activation activation_context=false
info: event=settings-page page=notifications
info: event=settings-activation activation_context=false
info: event=settings-page page=session
info: event=settings-activation activation_context=false
info: event=settings-page page=aqueous
info: event=settings-activation activation_context=false
info: event=settings-page page=advanced
info: event=settings-activation activation_context=false
info: event=settings-page page=overview
info: event=settings-activation activation_context=false
info: event=settings-page page=appearance
info: event=settings-activation activation_context=false
info: event=settings-page page=network
info: event=settings-activation activation_context=false
info: event=settings-page page=bluetooth
info: event=settings-activation activation_context=false
info: event=settings-page page=sound
info: event=settings-activation activation_context=false
info: event=settings-page page=power
info: event=settings-activation activation_context=false
info: event=settings-page page=bar
info: event=settings-activation activation_context=false
info: event=settings-page page=notifications
info: event=settings-activation activation_context=false
info: event=settings-page page=session
info: event=settings-activation activation_context=false
info: event=settings-page page=aqueous
info: event=settings-activation activation_context=false
info: event=settings-page page=advanced
info: event=settings-activation activation_context=false
info: event=settings-page page=overview
info: event=settings-activation activation_context=false
info: event=settings-page page=appearance
info: event=settings-activation activation_context=false
info: event=settings-page page=network
info: event=settings-activation activation_context=false
info: event=settings-page page=bluetooth
info: event=settings-activation activation_context=false
info: event=settings-page page=sound
info: event=settings-activation activation_context=false
info: event=settings-page page=power
info: event=settings-activation activation_context=false
info: event=settings-page page=bar
info: event=settings-activation activation_context=false
info: event=settings-page page=notifications
info: event=settings-activation activation_context=false
info: event=settings-page page=session
info: event=settings-activation activation_context=false
info: event=settings-page page=aqueous
info: event=settings-activation activation_context=false
info: event=settings-page page=advanced
info: event=settings-activation activation_context=false
info: event=settings-page page=bar
info: event=settings-activation activation_context=false
info: event=settings-page page=bar
