info: event=blur-capability available=false
info(pearl): event=aqueous-availability state=connecting
info(pearl): event=ready mode=session
info: event=app-index-ready entries=2 truncated=false
info(pearl): event=aqueous-availability state=subscribing
info(pearl): event=aqueous-availability state=ready
info: event=output-mapped id=1 connector=HEADLESS-2 scale=1
info: event=output-mapped id=2 connector=HEADLESS-1 scale=1
info(pearl): event=control-ready session=5852ac9882a618093542c9511d33e042
info: event=preferences-applied revision=0 mode=static cache=false
info: event=preferences-applied revision=1 mode=static cache=false
info: event=preferences-applied revision=2 mode=static cache=false
event=fixture-ready Alpha
info: event=popup-opened output=1
info: event=launcher-results count=4 shown=4 publish_us=268
info: event=launcher-painted latency_us=2843
info: event=popup-closed
info: event=popup-opened output=1
info: event=popup-closed
info: event=preferences-applied revision=3 mode=static cache=false
info: event=preferences-applied revision=4 mode=static cache=false
info: event=preferences-applied revision=5 mode=static cache=false
info: event=preferences-applied revision=6 mode=static cache=false
info: event=preferences-applied revision=7 mode=static cache=false
info: event=popup-opened output=1
info: event=launcher-results count=4 shown=4 publish_us=3658
info: event=launcher-painted latency_us=19741
info: event=popup-closed
info: event=popup-opened output=1
info: event=popup-closed
info: event=popup-opened output=1
info: event=popup-closed
info: event=popup-opened output=1
info: event=popup-closed
info: event=popup-opened output=1
info: event=popup-closed
info: event=popup-opened output=1
info: event=popup-closed
info: event=popup-opened output=1
info: event=popup-closed
info: event=popup-opened output=1
info: event=popup-closed
info: event=popup-opened output=1
info: event=popup-closed
info: event=preferences-applied revision=8 mode=gtk cache=false
info: event=preferences-applied revision=9 mode=static cache=false
info: event=preferences-applied revision=10 mode=static cache=false
info: event=app-index-ready entries=16 truncated=false
info: event=preferences-applied revision=11 mode=static cache=false
info: event=preferences-applied revision=12 mode=static cache=false
info: event=preferences-applied revision=13 mode=static cache=false
info: event=preferences-applied revision=14 mode=static cache=false
info(pearl): event=stopping reason=control-quit pending=false
info(pearl): event=aqueous-availability state=stopped
info(pearl): event=cleanup pending=false watched_objects=0
info(pearl): event=stopped
