Build Summary: 17/17 steps succeeded
install success
+- install pearl cached
|  +- compile exe pearl ReleaseSafe native cached 16ms MaxRSS:55M
|     +- run pkg-config success 1ms
|     +- translate-c cached 14ms MaxRSS:54M
|     +- run glib-compile-resources (pearl.gresource) cached
|     +- options cached
|     +- run exe zig-wayland-scanner (wayland.zig) cached
|        +- compile exe zig-wayland-scanner Debug native cached 11ms MaxRSS:57M
+- install pearl-lock success
|  +- compile exe pearl-lock ReleaseSafe native success 10s MaxRSS:387M
|     +- translate-c (reused)
|     +- run glib-compile-resources (pearl.gresource) (reused)
|     +- options cached
|     +- translate-c cached 14ms MaxRSS:55M
+- install pearl-t00 cached
|  +- compile exe pearl-t00 ReleaseSafe native cached 17ms MaxRSS:54M
|     +- run pkg-config (reused)
|     +- translate-c (reused)
+- install pearlctl cached
   +- compile exe pearlctl ReleaseSafe native cached 17ms MaxRSS:59M

