info: initializing Aqueous version aqueous 0.6.0 -xwayland
info: gpu-pin: scanout pinned to /dev/dri/card1 (connected monitor)
info(wlroots): [backend/backend.c:342] Loading user-specified backends due to WLR_BACKENDS: headless
info(wlroots): [backend/headless/backend.c:60] Creating headless backend
info(wlroots): [util/env.c:25] Loading WLR_RENDERER option: pixman
info(wlroots): [render/pixman/renderer.c:328] Creating pixman renderer
info(xdg): default mode=client
info(aqueous): policy mode=internal layout=floating
info(input): cursor theme=default size=24
info(drm_lease): DRM leasing unavailable (no usable lease device)
info: raised file descriptor limit of the river process to 4096
info(wlroots): [backend/headless/backend.c:17] Starting headless backend
info(ipc): protocol=1 listening on /tmp/pearl-dev-tgusdov0/run/aqueous/1b0c9bef7f12f991d279adc4db0cf419/ipc.sock
info(output_service): output protocol=1 listening on /tmp/pearl-dev-tgusdov0/run/aqueous/outputd.sock
info: running init executable 'printenv WAYLAND_DISPLAY > "$XDG_RUNTIME_DIR/display"; printenv AQUEOUS_SOCKET > "$XDG_RUNTIME_DIR/endpoint"'
info: running server
info(output_service): output configuration hot-reloaded
info(aqueous): configuration hot-reloaded layout=floating
info(aqueous): configuration reloaded layout=floating
info(output_service): output configuration hot-reloaded
info(aqueous): configuration hot-reloaded layout=floating
info(aqueous): configuration reloaded layout=floating
error(input): inactive text input tried to commit an update, client bug?
info(aqueous): configuration reloaded layout=floating
info(aqueous): configuration reloaded layout=floating
info(aqueous): configuration reloaded layout=floating
info(aqueous): configuration reloaded layout=floating
info(aqueous): configuration reloaded layout=floating
info(aqueous): configuration reloaded layout=floating
info(aqueous): configuration reloaded layout=floating
info(aqueous): configuration hot-reloaded layout=floating
info(aqueous): configuration reloaded layout=floating
info: ignoring xdg-activation-v1 activate request of layer_surface surface
info(output): applying output configuration
info(output): applying output configuration
info(output): applying output configuration
info(output): applying output configuration
info(output): applying output configuration
info(output): applying output configuration
info(output): applying output configuration
info(wm): layer surface has no requested output, choosing the first output
info(wm): layer surface has no requested output, choosing the first output
info(output): applying output configuration
info(wm): layer surface has no requested output, choosing the first output
info(wm): layer surface has no requested output, choosing the first output
info: ignoring xdg-activation-v1 activate request of layer_surface surface
info: ignoring xdg-activation-v1 activate request of layer_surface surface
info(output): applying output configuration
info(output): applying output configuration
info(output_service): output configuration hot-reloaded
info(aqueous): configuration hot-reloaded layout=floating
info(output): applying output configuration
info(output_service): configured output: staged 1 output(s), rejected 0 setting(s)
info(output_service): output configuration hot-reloaded
info(aqueous): configuration hot-reloaded layout=floating
info(output_service): configured output: staged 1 output(s), rejected 0 setting(s)
info(aqueous): configuration reloaded layout=floating
info(output): applying output configuration
info(output): applying output configuration
info(output): applying output configuration
info(output): applying output configuration
info(output): applying output configuration
