info(pearl): event=aqueous-availability state=connecting
info(pearl): event=ready mode=session
info(pearl): event=aqueous-availability state=subscribing
info(pearl): event=aqueous-availability state=ready
info: event=output-mapped id=1 connector=HEADLESS-2 scale=1
info: event=output-mapped id=2 connector=HEADLESS-1 scale=1
info(pearl): event=control-ready session=60a79fc5a42c3cdb0ac4ca1215006b29
info: event=app-index-ready entries=160 truncated=false
info: event=preferences-applied revision=0 mode=static cache=false
info: event=preferences-applied revision=1 mode=static cache=false
info: event=popup-opened output=1
info: event=settings-focus target=section-chooser
info: event=settings-focus target=heading
info: event=popup-closed
info: event=popup-opened output=1
info: event=connectivity-focus target=other
info: event=settings-focus target=section-chooser
info: event=connectivity-focus target=other
info: event=settings-focus target=heading
info: event=popup-closed
info: event=popup-opened output=1
info: event=connectivity-focus target=other
info: event=settings-focus target=section-chooser
info: event=connectivity-focus target=other
info: event=settings-focus target=heading
info: event=popup-closed
info: event=popup-opened output=1
info: event=services-focus target=other
info: event=settings-focus target=section-chooser
info: event=services-focus target=other
info: event=settings-focus target=heading
info: event=popup-closed
info: event=popup-opened output=1
info: event=settings-focus target=section-chooser
info: event=settings-focus target=heading
info: event=popup-closed
info: event=popup-opened output=1
info: event=settings-focus target=section-chooser
info: event=settings-focus target=heading
info: event=settings-page page=network
info: event=connectivity-focus target=other
info: event=settings-page page=bluetooth
info: event=connectivity-focus target=other
info: event=settings-page page=power
info: event=services-focus target=other
info: event=popup-closed
info: event=preferences-applied revision=2 mode=static cache=false
info: event=popup-opened output=1
info: event=settings-focus target=section-chooser
info: event=settings-focus target=heading
info: event=popup-closed
info: event=popup-opened output=1
info: event=connectivity-focus target=other
info: event=settings-focus target=section-chooser
info: event=connectivity-focus target=other
info: event=settings-focus target=heading
info: event=popup-closed
info: event=popup-opened output=1
info: event=connectivity-focus target=other
info: event=settings-focus target=section-chooser
info: event=connectivity-focus target=other
info: event=settings-focus target=heading
info: event=popup-closed
info: event=popup-opened output=1
info: event=services-focus target=other
info: event=settings-focus target=section-chooser
info: event=services-focus target=other
info: event=settings-focus target=heading
info: event=popup-closed
info: event=popup-opened output=1
info: event=settings-focus target=section-chooser
info: event=settings-focus target=heading
info: event=popup-closed
info: event=popup-opened output=1
info: event=settings-focus target=section-chooser
info: event=settings-focus target=heading
info: event=settings-page page=network
info: event=connectivity-focus target=other
info: event=settings-page page=bluetooth
info: event=connectivity-focus target=other
info: event=settings-page page=power
info: event=services-focus target=other
info: event=popup-closed
info: event=preferences-applied revision=3 mode=static cache=false
info: event=popup-opened output=1
info: event=settings-focus target=section-chooser
info: event=settings-focus target=heading
info: event=popup-closed
info: event=popup-opened output=1
info: event=connectivity-focus target=other
info: event=settings-focus target=section-chooser
info: event=connectivity-focus target=other
info: event=settings-focus target=heading
info: event=popup-closed
info: event=popup-opened output=1
info: event=connectivity-focus target=other
info: event=settings-focus target=section-chooser
info: event=connectivity-focus target=other
info: event=settings-focus target=heading
info: event=popup-closed
info: event=popup-opened output=1
info: event=services-focus target=other
info: event=settings-focus target=section-chooser
info: event=services-focus target=other
info: event=settings-focus target=heading
info: event=popup-closed
info: event=popup-opened output=1
info: event=settings-focus target=section-chooser
info: event=settings-focus target=heading
info: event=popup-closed
info: event=popup-opened output=1
info: event=settings-focus target=section-chooser
info: event=settings-focus target=heading
info: event=settings-page page=network
info: event=connectivity-focus target=other
info: event=settings-page page=bluetooth
info: event=connectivity-focus target=other
info: event=settings-page page=power
info: event=services-focus target=other
info: event=popup-closed
info: event=preferences-applied revision=4 mode=static cache=false
info: event=popup-opened output=1
info: event=settings-focus target=section-chooser
info: event=settings-focus target=heading
info: event=popup-closed
info: event=popup-opened output=1
info: event=connectivity-focus target=other
info: event=settings-focus target=section-chooser
info: event=connectivity-focus target=other
info: event=settings-focus target=heading
info: event=popup-closed
info: event=popup-opened output=1
info: event=connectivity-focus target=other
info: event=settings-focus target=section-chooser
info: event=connectivity-focus target=other
info: event=settings-focus target=heading
info: event=popup-closed
info: event=popup-opened output=1
info: event=services-focus target=other
info: event=settings-focus target=section-chooser
info: event=services-focus target=other
info: event=settings-focus target=heading
info: event=popup-closed
info: event=popup-opened output=1
info: event=settings-focus target=section-chooser
info: event=settings-focus target=heading
info: event=popup-closed
info: event=popup-opened output=1
info: event=settings-focus target=section-chooser
info: event=settings-focus target=heading
info: event=settings-page page=network
info: event=connectivity-focus target=other
info: event=settings-page page=bluetooth
info: event=connectivity-focus target=other
info: event=settings-page page=power
info: event=services-focus target=other
info: event=popup-closed
info: event=popup-opened output=1
info: event=settings-focus target=section-chooser
info: event=settings-focus target=heading
info: event=settings-focus target=section-chooser
info: event=settings-focus target=section-chooser
info: event=settings-focus target=section-chooser
info: event=settings-page page=network
info: event=connectivity-focus target=other
info: event=settings-focus target=section-chooser
info: event=connectivity-focus target=other
info: event=settings-focus target=heading
info: event=connectivity-focus target=other
info: event=settings-focus target=section-chooser
info: event=connectivity-focus target=other
info: event=settings-focus target=section-chooser
info: event=connectivity-focus target=other
info: event=settings-focus target=section-chooser
info: event=connectivity-focus target=other
info: event=settings-focus target=section-chooser
info: event=settings-page page=bluetooth
info: event=connectivity-focus target=other
info: event=settings-focus target=section-chooser
info: event=connectivity-focus target=other
info: event=settings-focus target=heading
info: event=connectivity-focus target=other
info: event=settings-focus target=section-chooser
info: event=connectivity-focus target=other
info: event=settings-focus target=section-chooser
info: event=connectivity-focus target=other
info: event=settings-focus target=section-chooser
info: event=connectivity-focus target=other
info: event=settings-focus target=section-chooser
info: event=connectivity-focus target=other
info: event=settings-focus target=section-chooser
info: event=settings-page page=sound
info: event=settings-focus target=section-chooser
info: event=settings-focus target=heading
info: event=settings-focus target=section-chooser
info: event=settings-focus target=section-chooser
info: event=settings-focus target=section-chooser
info: event=settings-focus target=section-chooser
info: event=settings-focus target=section-chooser
info: event=settings-focus target=section-chooser
info: event=settings-page page=power
info: event=services-focus target=other
info: event=settings-focus target=section-chooser
info: event=services-focus target=other
info: event=settings-focus target=heading
info: event=services-focus target=other
info: event=settings-focus target=section-chooser
info: event=services-focus target=other
info: event=settings-focus target=section-chooser
info: event=settings-page page=overview
info: event=settings-focus target=section-chooser
info: event=settings-focus target=heading
info: event=popup-closed
info: event=preferences-applied revision=5 mode=static cache=false
info: event=popup-opened output=1
info: event=settings-focus target=section-chooser
info: event=settings-focus target=heading
info: event=settings-focus target=section-chooser
info: event=settings-focus target=section-chooser
info: event=settings-focus target=section-chooser
info: event=settings-page page=network
info: event=connectivity-focus target=other
info: event=connectivity-focus target=other
info: event=settings-focus target=heading
info: event=connectivity-focus target=other
info: event=settings-focus target=section-chooser
info: event=connectivity-focus target=other
info: event=settings-focus target=section-chooser
info: event=connectivity-focus target=other
info: event=settings-focus target=section-chooser
info: event=connectivity-focus target=other
info: event=settings-focus target=section-chooser
info: event=settings-page page=bluetooth
info: event=connectivity-focus target=other
info: event=connectivity-focus target=other
info: event=settings-focus target=heading
info: event=connectivity-focus target=other
info: event=settings-focus target=section-chooser
info: event=connectivity-focus target=other
info: event=settings-focus target=section-chooser
info: event=connectivity-focus target=other
info: event=settings-focus target=section-chooser
info: event=connectivity-focus target=other
info: event=settings-focus target=section-chooser
info: event=connectivity-focus target=other
info: event=settings-focus target=section-chooser
info: event=settings-page page=sound
info: event=settings-focus target=heading
info: event=settings-focus target=section-chooser
info: event=settings-focus target=section-chooser
info: event=settings-focus target=section-chooser
info: event=settings-focus target=section-chooser
info: event=settings-focus target=section-chooser
info: event=settings-focus target=section-chooser
info: event=settings-page page=power
info: event=services-focus target=other
info: event=services-focus target=other
info: event=settings-focus target=heading
info: event=services-focus target=other
info: event=settings-focus target=section-chooser
info: event=services-focus target=other
info: event=settings-focus target=section-chooser
info: event=services-focus target=other
info: event=settings-focus target=section-chooser
info: event=services-focus target=other
info: event=settings-focus target=section-chooser
info: event=services-focus target=other
info: event=settings-focus target=section-chooser
info: event=services-focus target=other
info: event=settings-focus target=section-chooser
info: event=services-focus target=other
info: event=settings-focus target=section-chooser
info: event=popup-closed
info: event=preferences-applied revision=6 mode=static cache=false
info: event=popup-opened output=1
info: event=settings-focus target=section-chooser
info: event=settings-focus target=heading
info: event=settings-focus target=section-chooser
info: event=settings-focus target=section-chooser
info: event=settings-focus target=section-chooser
info: event=settings-page page=network
info: event=connectivity-focus target=other
info: event=connectivity-focus target=other
info: event=settings-focus target=heading
info: event=connectivity-focus target=other
info: event=settings-focus target=section-chooser
info: event=connectivity-focus target=other
info: event=settings-focus target=section-chooser
info: event=connectivity-focus target=other
info: event=settings-focus target=section-chooser
info: event=connectivity-focus target=other
info: event=settings-focus target=section-chooser
info: event=connectivity-focus target=other
info: event=settings-focus target=body
info: event=connectivity-focus target=other
info: event=settings-focus target=body
info: event=connectivity-focus target=other
info: event=settings-focus target=body
info: event=connectivity-focus target=net-expander
info: event=settings-focus target=body
info: event=connectivity-focus target=other
info: event=settings-focus target=body
info: event=connectivity-focus target=other
info: event=settings-focus target=body
info: event=connectivity-focus target=other
info: event=settings-focus target=body
info: event=connectivity-focus target=other
info: event=settings-focus target=body
info: event=connectivity-focus target=other
info: event=settings-focus target=body
info: event=connectivity-focus target=other
info: event=settings-focus target=body
info: event=settings-page page=bluetooth
info: event=connectivity-focus target=other
info: event=settings-focus target=section-chooser
info: event=connectivity-focus target=other
info: event=settings-focus target=heading
info: event=connectivity-focus target=other
info: event=settings-focus target=section-chooser
info: event=connectivity-focus target=other
info: event=settings-focus target=section-chooser
info: event=connectivity-focus target=other
info: event=settings-focus target=section-chooser
info: event=connectivity-focus target=other
info: event=settings-focus target=section-chooser
info: event=connectivity-focus target=other
info: event=settings-focus target=section-chooser
info: event=settings-page page=sound
info: event=settings-focus target=heading
info: event=settings-focus target=section-chooser
info: event=settings-focus target=section-chooser
info: event=settings-focus target=section-chooser
info: event=settings-focus target=section-chooser
info: event=settings-focus target=section-chooser
info: event=settings-focus target=section-chooser
info: event=settings-page page=power
info: event=services-focus target=other
info: event=services-focus target=other
info: event=settings-focus target=heading
info: event=services-focus target=other
info: event=settings-focus target=section-chooser
info: event=services-focus target=other
info: event=settings-focus target=section-chooser
info: event=services-focus target=other
info: event=settings-focus target=section-chooser
info: event=services-focus target=other
info: event=settings-focus target=section-chooser
info: event=services-focus target=other
info: event=settings-focus target=section-chooser
info: event=services-focus target=other
info: event=settings-focus target=section-chooser
info: event=services-focus target=other
info: event=settings-focus target=section-chooser
info: event=services-focus target=other
info: event=settings-focus target=body
info: event=services-focus target=brightness
info: event=settings-focus target=body
info: event=services-focus target=other
info: event=settings-focus target=body
info: event=services-focus target=other
info: event=settings-focus target=body
info: event=services-focus target=other
info: event=settings-focus target=body
info: event=services-focus target=power-off
info: event=settings-focus target=body
info: event=services-focus target=reboot
info: event=settings-focus target=body
info: event=popup-closed
info: event=preferences-applied revision=7 mode=gtk cache=false
info: event=popup-opened output=1
info: event=settings-focus target=section-chooser
info: event=settings-focus target=heading
info: event=settings-focus target=section-chooser
info: event=settings-focus target=section-chooser
info: event=settings-focus target=section-chooser
info: event=settings-page page=network
info: event=connectivity-focus target=other
info: event=connectivity-focus target=other
info: event=settings-focus target=heading
info: event=connectivity-focus target=other
info: event=settings-focus target=section-chooser
info: event=connectivity-focus target=other
info: event=settings-focus target=section-chooser
info: event=connectivity-focus target=other
info: event=settings-focus target=section-chooser
info: event=connectivity-focus target=other
info: event=settings-focus target=section-chooser
info: event=connectivity-focus target=other
info: event=settings-focus target=body
info: event=connectivity-focus target=other
info: event=settings-focus target=body
info: event=connectivity-focus target=other
info: event=settings-focus target=body
info: event=connectivity-focus target=net-expander
info: event=settings-focus target=body
info: event=connectivity-focus target=other
info: event=settings-focus target=body
info: event=connectivity-focus target=other
info: event=settings-focus target=body
info: event=connectivity-focus target=other
info: event=settings-focus target=body
info: event=connectivity-focus target=other
info: event=settings-focus target=body
info: event=connectivity-focus target=other
info: event=settings-focus target=body
info: event=connectivity-focus target=other
info: event=settings-focus target=body
info: event=settings-page page=bluetooth
info: event=connectivity-focus target=other
info: event=settings-focus target=section-chooser
info: event=connectivity-focus target=other
info: event=settings-focus target=heading
info: event=connectivity-focus target=other
info: event=settings-focus target=section-chooser
info: event=connectivity-focus target=other
info: event=settings-focus target=section-chooser
info: event=connectivity-focus target=other
info: event=settings-focus target=section-chooser
info: event=connectivity-focus target=other
info: event=settings-focus target=section-chooser
info: event=connectivity-focus target=other
info: event=settings-focus target=section-chooser
info: event=settings-page page=sound
info: event=settings-focus target=heading
info: event=settings-focus target=section-chooser
info: event=settings-focus target=section-chooser
info: event=settings-focus target=section-chooser
info: event=settings-focus target=section-chooser
info: event=settings-focus target=section-chooser
info: event=settings-focus target=section-chooser
info: event=settings-page page=power
info: event=services-focus target=other
info: event=services-focus target=other
info: event=settings-focus target=heading
info: event=services-focus target=other
info: event=settings-focus target=section-chooser
info: event=services-focus target=other
info: event=settings-focus target=section-chooser
info: event=services-focus target=other
info: event=settings-focus target=section-chooser
info: event=services-focus target=other
info: event=settings-focus target=section-chooser
info: event=services-focus target=other
info: event=settings-focus target=section-chooser
info: event=services-focus target=other
info: event=settings-focus target=section-chooser
info: event=services-focus target=other
info: event=settings-focus target=section-chooser
info: event=services-focus target=other
info: event=settings-focus target=body
info: event=services-focus target=brightness
info: event=settings-focus target=body
info: event=services-focus target=other
info: event=settings-focus target=body
info: event=services-focus target=other
info: event=settings-focus target=body
info: event=services-focus target=other
info: event=settings-focus target=body
info: event=services-focus target=power-off
info: event=settings-focus target=body
info: event=services-focus target=reboot
info: event=settings-focus target=body
info: event=popup-closed
info: event=preferences-applied revision=8 mode=static cache=false
info: event=popup-opened output=1
info: event=settings-focus target=section-chooser
info: event=settings-focus target=heading
info: event=settings-focus target=section-chooser
info: event=settings-focus target=section-chooser
info: event=settings-focus target=section-chooser
info: event=settings-page page=network
info: event=connectivity-focus target=other
info: event=connectivity-focus target=other
info: event=settings-focus target=heading
info: event=connectivity-focus target=other
info: event=settings-focus target=section-chooser
info: event=connectivity-focus target=other
info: event=settings-focus target=section-chooser
info: event=connectivity-focus target=other
info: event=settings-focus target=section-chooser
info: event=connectivity-focus target=other
info: event=settings-focus target=section-chooser
info: event=connectivity-focus target=other
info: event=settings-focus target=body
info: event=connectivity-focus target=other
info: event=settings-focus target=body
info: event=connectivity-focus target=other
info: event=settings-focus target=body
info: event=connectivity-focus target=net-expander
info: event=settings-focus target=body
info: event=connectivity-focus target=other
info: event=settings-focus target=body
info: event=connectivity-focus target=other
info: event=settings-focus target=body
info: event=connectivity-focus target=other
info: event=settings-focus target=body
info: event=connectivity-focus target=other
info: event=settings-focus target=body
info: event=connectivity-focus target=other
info: event=settings-focus target=body
info: event=connectivity-focus target=other
info: event=settings-focus target=body
info: event=settings-page page=bluetooth
info: event=connectivity-focus target=other
info: event=settings-focus target=section-chooser
info: event=connectivity-focus target=other
info: event=settings-focus target=heading
info: event=connectivity-focus target=other
info: event=settings-focus target=section-chooser
info: event=connectivity-focus target=other
info: event=settings-focus target=section-chooser
info: event=connectivity-focus target=other
info: event=settings-focus target=section-chooser
info: event=connectivity-focus target=other
info: event=settings-focus target=section-chooser
info: event=connectivity-focus target=other
info: event=settings-focus target=section-chooser
info: event=settings-page page=sound
info: event=settings-focus target=heading
info: event=settings-focus target=section-chooser
info: event=settings-focus target=section-chooser
info: event=settings-focus target=section-chooser
info: event=settings-focus target=section-chooser
info: event=settings-focus target=section-chooser
info: event=settings-focus target=section-chooser
info: event=settings-page page=power
info: event=services-focus target=other
info: event=services-focus target=other
info: event=settings-focus target=heading
info: event=services-focus target=other
info: event=settings-focus target=section-chooser
info: event=services-focus target=other
info: event=settings-focus target=section-chooser
info: event=services-focus target=other
info: event=settings-focus target=section-chooser
info: event=services-focus target=other
info: event=settings-focus target=section-chooser
info: event=services-focus target=other
info: event=settings-focus target=section-chooser
info: event=services-focus target=other
info: event=settings-focus target=section-chooser
info: event=services-focus target=other
info: event=settings-focus target=section-chooser
info: event=services-focus target=other
info: event=settings-focus target=body
info: event=services-focus target=brightness
info: event=settings-focus target=body
info: event=services-focus target=other
info: event=settings-focus target=body
info: event=services-focus target=other
info: event=settings-focus target=body
info: event=services-focus target=other
info: event=settings-focus target=body
info: event=services-focus target=power-off
info: event=settings-focus target=body
info: event=services-focus target=reboot
info: event=settings-focus target=body
info: event=popup-closed
info(pearl): event=stopping reason=control-quit pending=false
info(pearl): event=aqueous-availability state=stopped
info(pearl): event=cleanup pending=false watched_objects=0
info(pearl): event=stopped
