PASS advertised-gamma-does-not-imply-output-support
PASS unavailable-actions-fail-without-retaining-an-override
PASS shared-draft-applies-only-on-save-with-truthful-output-state
PASS frontend-generation-checks-operation-deduplication-and-runtime-only-overrides
PASS unrelated-saves-preserve-override-night-light-saves-clear-it
PASS invalid-temperature-retains-working-configuration
PASS native-temperature-edit-retains-draft-without-changing-saved-policy
PASS keyboard-handoff-opens-appearance-from-night-light
PASS settings-and-compact-controls-create-with-fatal-gtk-warnings
PASS lock-rejects-interactive-mutations-and-preserves-saved-policy
PASS restart-restores-saved-policy-and-clears-temporary-overrides
PASS unverified-output-path-never-acquires-exclusive-gamma-control
Build Summary: 17/17 steps succeeded; 162/162 tests passed
test-night-light success
+- run python3 success 10s
|  +- compile exe pearl-integration ReleaseSafe native success 49s MaxRSS:1G
|  |  +- run pkg-config success 1ms
|  |  +- translate-c cached 15ms MaxRSS:57M
|  |  +- run glib-compile-resources (pearl.gresource) cached
|  |  +- options cached
|  |  +- run exe zig-wayland-scanner (wayland.zig) cached
|  |     +- compile exe zig-wayland-scanner Debug native cached 10ms MaxRSS:54M
|  +- compile exe pearlctl ReleaseSafe native cached 14ms MaxRSS:56M
|  +- compile exe pearl-settings-test ReleaseSafe native success 26s MaxRSS:626M
|  |  +- run exe zig-wayland-scanner (wayland.zig) (+1 more reused dependencies)
|  |  +- run glib-compile-resources (pearl.gresource) (reused)
|  |  +- options cached
|  +- compile exe pearl-t00 ReleaseSafe native cached 13ms MaxRSS:58M
|     +- run pkg-config (reused)
|     +- translate-c (reused)
+- run test 6 pass (6 total) 2ms MaxRSS:13M
|  +- compile test ReleaseSafe native success 8s MaxRSS:324M
+- run test 156 pass (156 total) 84ms MaxRSS:13M
   +- compile test ReleaseSafe native success 26s MaxRSS:620M

