=== pearl report ===
version=1.0.0-rc.2
argv=/home/azdanov/Projects/pearl/zig-out/bin/pearl
=== check-environment exit=0 ===
Aqueous session environment is valid.
=== pearlctl status ===
{"services":{"audio":{"ready":false,"generation":1,"count":0,"truncated":false,"pending":false,"in_flight":false,"err":"Audio service disconnected; pending changes were discarded.","default_sink":null,"default_source":null,"devices":[],"next_offset":null},"power":{"battery_present":false,"percentage":0,"state":0,"on_battery":false,"time_to_empty":0,"time_to_full":0,"profile":"","profiles":[false,false,false],"degraded":"","can_power_off":false,"can_reboot":false,"session_active":false,"preparing":false,"pending":false,"profile_in_flight":false,"err":null},"brightness":{"available":false,"device":"amdgpu_bl1","maximum":65535,"value":45873,"percent":70,"pending":false,"in_flight":false}},"apps":{"ready":true,"truncated":false,"count":145,"generation":1},"layout":{"available":true,"pending":false,"output":"","value":"","workspace":0,"err":null},"session":"34583126f47a638c","availability":"ready","blur":false,"outputs":[{"keyboard":"—","title":"Desktop","groups":{"left":"launcher,workspaces,title","center":"clock","right":"media,tray,audio,network,battery,notifications,clipboard,keyboard,control"},"id":"1","connector":"HEADLESS-2","scale":1,"bounds":{"x":0,"y":0,"width":1280,"height":720},"usable":{"x":0,"y":48,"width":1280,"height":672},"bar_edge":"top","bar_size":48,"bar_mode":"always","bar_visible":true,"bar_visibility_reason":"always","bar_sensor_visible":false,"bar_exclusive_zone":48,"frames":[0,0,0,0],"islands":true,"island_rects":[{"x":10,"y":4,"width":543,"height":40},{"x":565,"y":4,"width":152,"height":40},{"x":879,"y":4,"width":391,"height":40}],"dock":{"reason":"empty","groups":0,"truncated":false,"rect":{"x":596,"y":632,"width":88,"height":80},"edge":"bottom"}},{"keyboard":"—","title":"Desktop","groups":{"left":"launcher,workspaces,title","center":"clock","right":"media,tray,audio,network,battery,notifications,clipboard,keyboard,control"},"id":"2","connector":"HEADLESS-1","scale":1,"bounds":{"x":1280,"y":0,"width":1280,"height":720},"usable":{"x":1280,"y":48,"width":1280,"height":672},"bar_edge":"top","bar_size":48,"bar_mode":"always","bar_visible":true,"bar_visibility_reason":"always","bar_sensor_visible":false,"bar_exclusive_zone":48,"frames":[0,0,0,0],"islands":true,"island_rects":[{"x":10,"y":4,"width":543,"height":40},{"x":565,"y":4,"width":152,"height":40},{"x":879,"y":4,"width":391,"height":40}],"dock":{"reason":"empty","groups":0,"truncated":false,"rect":{"x":1876,"y":632,"width":88,"height":80},"edge":"bottom"}}],"popup":null,"notification":false,"media_views":0,"artwork":false,"artwork_pending":false,"identifying":0,"osd":false,"osd_text":"","osd_detail":null,"window_switcher":null}
=== journalctl --user --unit=pearl-report-journal-probe-2.service -n 500 --no-pager ===
Sep 30 10:19:36 cachyos-x8664 systemd[1085]: Started Pearl report journal stream probe.
Sep 30 10:19:36 cachyos-x8664 python3[24058]: Private headless Aqueous ready; logs: /home/azdanov/Projects/pearl/.cache/report-probe
Sep 30 10:19:36 cachyos-x8664 python3[24058]: ts=2026-09-30T07:19:36Z pid=24070 info(pearl): event=aqueous-availability state=connecting
Sep 30 10:19:36 cachyos-x8664 python3[24058]: ts=2026-09-30T07:19:36Z pid=24070 info(pearl): event=ready mode=session
Sep 30 10:19:36 cachyos-x8664 python3[24058]: ts=2026-09-30T07:19:36Z pid=24070 info(ui): event=popup-close-reason reason=bar-inhibited
Sep 30 10:19:36 cachyos-x8664 python3[24058]: ts=2026-09-30T07:19:36Z pid=24070 info(ui): event=popup-close-reason reason=bar-inhibited
Sep 30 10:19:36 cachyos-x8664 python3[24058]: ts=2026-09-30T07:19:36Z pid=24070 info(pearl): event=aqueous-availability state=subscribing
Sep 30 10:19:36 cachyos-x8664 python3[24058]: ts=2026-09-30T07:19:36Z pid=24070 info(ui): event=popup-close-reason reason=bar-inhibited
Sep 30 10:19:36 cachyos-x8664 python3[24058]: ts=2026-09-30T07:19:36Z pid=24070 info(pearl): event=aqueous-availability state=ready
Sep 30 10:19:36 cachyos-x8664 python3[24058]: ts=2026-09-30T07:19:36Z pid=24070 info(ui): event=output-mapped id=1 connector=HEADLESS-2 scale=1
Sep 30 10:19:36 cachyos-x8664 python3[24058]: ts=2026-09-30T07:19:36Z pid=24070 info(ui): event=output-mapped id=2 connector=HEADLESS-1 scale=1
Sep 30 10:19:36 cachyos-x8664 python3[24058]: ts=2026-09-30T07:19:36Z pid=24070 info(pearl): event=settings-backend-ready session_hash=34583126f47a638c
Sep 30 10:19:36 cachyos-x8664 python3[24058]: ts=2026-09-30T07:19:36Z pid=24070 info(pearl): event=control-ready session_hash=34583126f47a638c
Sep 30 10:19:36 cachyos-x8664 python3[24058]: ts=2026-09-30T07:19:36Z pid=24070 info(desktop): event=app-index-ready entries=145 truncated=false
Sep 30 10:19:37 cachyos-x8664 python3[24058]: ts=2026-09-30T07:19:37Z pid=24070 info(config): event=preferences-applied revision=0 mode=static cache=false
Sep 30 10:19:37 cachyos-x8664 python3[24058]: ts=2026-09-30T07:19:37Z pid=24070 info(config): event=wallpaper-applications-applied generation=2 elapsed_us=3784 success=true
=== report complete exit=0 ===
