ts=2026-10-09T13:37:38Z pid=212578 info(settings): event=settings-launch activation_context=false
ts=2026-10-09T13:37:38Z pid=212578 info(settings): event=settings-instance-ready session_hash=8bc05607bf0cbfec
ts=2026-10-09T13:37:38Z pid=212578 info(settings): event=settings-page page=overview
ts=2026-10-09T13:37:38Z pid=212578 info(settings): event=settings-page page=network
ts=2026-10-09T13:37:38Z pid=212578 info(settings): event=settings-window-created app_id=org.aqueous.Pearl.Settings
ts=2026-10-09T13:37:38Z pid=212578 info(settings): event=settings-page page=network
ts=2026-10-09T13:37:39Z pid=212578 info(settings): event=settings-activation activation_context=false
ts=2026-10-09T13:37:39Z pid=212578 info(settings): event=settings-page page=network
ts=2026-10-09T13:37:39Z pid=212578 info(settings): event=settings-activation activation_context=false
ts=2026-10-09T13:37:39Z pid=212578 info(settings): event=settings-page page=bluetooth
ts=2026-10-09T13:37:39Z pid=212578 info(settings): event=settings-activation activation_context=false
ts=2026-10-09T13:37:39Z pid=212578 info(settings): event=settings-page page=sound
ts=2026-10-09T13:37:40Z pid=212578 info(settings): event=settings-activation activation_context=false
ts=2026-10-09T13:37:40Z pid=212578 info(settings): event=settings-page page=power
ts=2026-10-09T13:37:40Z pid=212578 info(settings): event=settings-activation activation_context=false
ts=2026-10-09T13:37:40Z pid=212578 info(settings): event=settings-page page=bar
ts=2026-10-09T13:37:41Z pid=212578 info(settings): event=settings-activation activation_context=false
ts=2026-10-09T13:37:41Z pid=212578 info(settings): event=settings-page page=session
ts=2026-10-09T13:37:41Z pid=212578 info(settings): event=settings-activation activation_context=false
ts=2026-10-09T13:37:41Z pid=212578 info(settings): event=settings-page page=notifications
ts=2026-10-09T13:37:41Z pid=212578 info(settings): event=settings-activation activation_context=false
ts=2026-10-09T13:37:41Z pid=212578 info(settings): event=settings-page page=overview
ts=2026-10-09T13:37:42Z pid=212578 info(settings): event=settings-activation activation_context=false
ts=2026-10-09T13:37:42Z pid=212578 info(settings): event=settings-page page=network
ts=2026-10-09T13:37:43Z pid=212578 info(settings): event=settings-activation activation_context=false
ts=2026-10-09T13:37:43Z pid=212578 info(settings): event=settings-page page=network
