==> Making package: pearl-greeter-git 1.0.0rc2.r35.g676224a-2 (Tue Sep 15 23:07:54 2026)
==> WARNING: Skipping dependency checks.
==> WARNING: Using existing $srcdir/ tree
==> Starting pkgver()...
==> Removing existing $pkgdir/ directory...
==> Starting build()...
==> Starting check()...
Native greeter sync: appearance copy, image assets, clearing, policy preservation and invalid-input checks passed.
Optional package, closed deployment gate, production hook exclusion, linkage and appearance export checks passed.
..............
----------------------------------------------------------------------
Ran 14 tests in 0.102s

OK
Pearl Greeter selected for next boot; previous setup saved in /tmp/pearl-install-rcrbhdat/var/lib/pearl-greeter-setup/previous.json
Previous display-manager selection restored for next boot.
Pearl Greeter selected for next boot; previous setup saved in /tmp/pearl-install-1yy4ikhn/var/lib/pearl-greeter-setup/previous.json
Previous display-manager selection restored for next boot.
Pearl Greeter selected for next boot; previous setup saved in /tmp/pearl-install-ln07ytt4/var/lib/pearl-greeter-setup/previous.json
Previous display-manager selection restored for next boot.
Pearl Greeter selected for next boot; previous setup saved in /tmp/pearl-install-de0bii15/var/lib/pearl-greeter-setup/previous.json
Previous display-manager selection restored for next boot.
Pearl Greeter selected for next boot; previous setup saved in /tmp/pearl-install-f0eqiikb/var/lib/pearl-greeter-setup/previous.json
Display-manager selection has changed; preserving the current setup.
Pearl Greeter selected for next boot; previous setup saved in /tmp/pearl-install-f0eqiikb/var/lib/pearl-greeter-setup/previous.json
Display-manager selection has changed; preserving the current setup.
Pearl Greeter selected for next boot; previous setup saved in /tmp/pearl-install-pka_bhmd/var/lib/pearl-greeter-setup/previous.json
Pearl Greeter is already selected.
Previous display-manager selection restored for next boot.
Pearl Greeter selected for next boot; previous setup saved in /tmp/pearl-install-jxxt7cfe/var/lib/pearl-greeter-setup/previous.json
Previous display-manager selection restored for next boot.
Pearl Greeter selected for next boot; previous setup saved in /tmp/pearl-install-7veeq4ye/var/lib/pearl-greeter-setup/previous.json
Previous display-manager selection restored for next boot.
Pearl Greeter selected for next boot; previous setup saved in /tmp/pearl-install-zdrkrr1l/var/lib/pearl-greeter-setup/previous.json
Previous display-manager selection restored for next boot.
==> Entering fakeroot environment...
==> Starting package()...
Staged 37 files at /tmp/pearl-greeter-makepkg-arn6k39y/src/pearl-greeter-package.u7wZJF/root; no service activation or host PAM changes.
==> Tidying install...
  -> Removing libtool files...
  -> Removing static library files...
  -> Purging unwanted files...
  -> Compressing man and info pages...
==> Checking for packaging issues...
==> Creating package "pearl-greeter-git"...
  -> Generating .PKGINFO file...
  -> Generating .BUILDINFO file...
  -> Adding install file...
  -> Generating .MTREE file...
  -> Compressing package...
==> Leaving fakeroot environment.
==> Finished making: pearl-greeter-git 1.0.0rc2.r35.g676224a-2 (Tue Sep 15 23:07:55 2026)
