==> Making package: pearl-greeter-git 1.0.0rc2.r36.g45f341b-1 (Tue Sep 15 23:27:27 2026)
==> WARNING: Skipping dependency checks.
==> WARNING: Using existing $srcdir/ tree
==> Starting pkgver()...
==> Starting build()...
==> Starting check()...
Native greeter sync: appearance copy, image assets, clearing, policy preservation and invalid-input checks passed.
Optional package, closed deployment gate, production hook exclusion, linkage and appearance export checks passed.
..............
----------------------------------------------------------------------
Ran 14 tests in 0.092s

OK
Pearl Greeter selected for next boot; previous setup saved in /tmp/pearl-install-2n9uanqg/var/lib/pearl-greeter-setup/previous.json
Previous display-manager selection restored for next boot.
Pearl Greeter selected for next boot; previous setup saved in /tmp/pearl-install-f9f8t59r/var/lib/pearl-greeter-setup/previous.json
Previous display-manager selection restored for next boot.
Pearl Greeter selected for next boot; previous setup saved in /tmp/pearl-install-xk8bfe2p/var/lib/pearl-greeter-setup/previous.json
Previous display-manager selection restored for next boot.
Pearl Greeter selected for next boot; previous setup saved in /tmp/pearl-install-ndubv0cb/var/lib/pearl-greeter-setup/previous.json
Previous display-manager selection restored for next boot.
Pearl Greeter selected for next boot; previous setup saved in /tmp/pearl-install-ja82vh95/var/lib/pearl-greeter-setup/previous.json
Display-manager selection has changed; preserving the current setup.
Pearl Greeter selected for next boot; previous setup saved in /tmp/pearl-install-ja82vh95/var/lib/pearl-greeter-setup/previous.json
Display-manager selection has changed; preserving the current setup.
Pearl Greeter selected for next boot; previous setup saved in /tmp/pearl-install-nj2o6dd0/var/lib/pearl-greeter-setup/previous.json
Pearl Greeter is already selected.
Previous display-manager selection restored for next boot.
Pearl Greeter selected for next boot; previous setup saved in /tmp/pearl-install-nae637ko/var/lib/pearl-greeter-setup/previous.json
Previous display-manager selection restored for next boot.
Pearl Greeter selected for next boot; previous setup saved in /tmp/pearl-install-iursy8si/var/lib/pearl-greeter-setup/previous.json
Previous display-manager selection restored for next boot.
Pearl Greeter selected for next boot; previous setup saved in /tmp/pearl-install-o3vsmblp/var/lib/pearl-greeter-setup/previous.json
Previous display-manager selection restored for next boot.
==> Entering fakeroot environment...
==> Starting package()...
Staged 37 files at /tmp/pearl-greeter-startup.08piVa/src/pearl-greeter-package.vli5Ze/root; no service activation or host PAM changes.
==> Tidying install...
  -> Removing libtool files...
  -> Removing static library files...
  -> Purging unwanted files...
  -> Compressing man and info pages...
==> Checking for packaging issues...
==> Creating package "pearl-greeter-git"...
  -> Generating .PKGINFO file...
  -> Generating .BUILDINFO file...
  -> Adding install file...
  -> Generating .MTREE file...
  -> Compressing package...
==> Leaving fakeroot environment.
==> Finished making: pearl-greeter-git 1.0.0rc2.r36.g45f341b-1 (Tue Sep 15 23:27:33 2026)
