==> Making package: pearl-greeter-git 1.0.0rc2.r33.g318f9f6-5 (Tue Sep 15 22:02:04 2026)
==> WARNING: Skipping dependency checks.
==> WARNING: Using existing $srcdir/ tree
==> Starting pkgver()...
==> Updated version: pearl-greeter-git 1.0.0rc2.r34.gf7c3a03-1
==> Removing existing $pkgdir/ directory...
==> Starting build()...
==> Starting check()...
Native greeter sync: appearance copy, image assets, clearing, policy preservation and invalid-input checks passed.
Optional package, closed deployment gate, production hook exclusion, linkage and appearance export checks passed.
..........
----------------------------------------------------------------------
Ran 10 tests in 0.082s

OK
Pearl Greeter selected for next boot; previous setup saved in /tmp/pearl-install-s4boo3os/var/lib/pearl-greeter-setup/previous.json
Previous display-manager selection restored for next boot.
Pearl Greeter selected for next boot; previous setup saved in /tmp/pearl-install-jqp_bfqf/var/lib/pearl-greeter-setup/previous.json
Previous display-manager selection restored for next boot.
Pearl Greeter selected for next boot; previous setup saved in /tmp/pearl-install-6ca4iq30/var/lib/pearl-greeter-setup/previous.json
Previous display-manager selection restored for next boot.
Pearl Greeter selected for next boot; previous setup saved in /tmp/pearl-install-96v2kn_e/var/lib/pearl-greeter-setup/previous.json
Display-manager selection has changed; preserving the current setup.
Pearl Greeter selected for next boot; previous setup saved in /tmp/pearl-install-96v2kn_e/var/lib/pearl-greeter-setup/previous.json
Display-manager selection has changed; preserving the current setup.
Pearl Greeter selected for next boot; previous setup saved in /tmp/pearl-install-d2n66mce/var/lib/pearl-greeter-setup/previous.json
Pearl Greeter is already selected.
Previous display-manager selection restored for next boot.
Pearl Greeter selected for next boot; previous setup saved in /tmp/pearl-install-ps9oygym/var/lib/pearl-greeter-setup/previous.json
Previous display-manager selection restored for next boot.
==> Entering fakeroot environment...
==> Starting package()...
Staged 37 files at /tmp/pearl-greeter-makepkg-arn6k39y/src/pearl-greeter-package.ErmdPF/root; no service activation or host PAM changes.
==> Tidying install...
  -> Removing libtool files...
  -> Removing static library files...
  -> Purging unwanted files...
  -> Compressing man and info pages...
==> Checking for packaging issues...
==> Creating package "pearl-greeter-git"...
  -> Generating .PKGINFO file...
  -> Generating .BUILDINFO file...
  -> Adding install file...
  -> Generating .MTREE file...
  -> Compressing package...
==> Leaving fakeroot environment.
==> Finished making: pearl-greeter-git 1.0.0rc2.r34.gf7c3a03-1 (Tue Sep 15 22:02:18 2026)
