==> Making package: pearl-greeter-git 1.0.0rc2.r33.g318f9f6-4 (Tue Sep 15 21:28:17 2026)
==> WARNING: Skipping dependency checks.
==> WARNING: Using existing $srcdir/ tree
==> Starting pkgver()...
==> Removing existing $pkgdir/ directory...
==> Starting build()...
==> Starting check()...
Optional package, closed deployment gate, production hook exclusion, linkage and appearance export checks passed.
..........
----------------------------------------------------------------------
Ran 10 tests in 0.081s

OK
Pearl Greeter selected for next boot; previous setup saved in /tmp/pearl-install-x3ijxc7_/var/lib/pearl-greeter-setup/previous.json
Previous display-manager selection restored for next boot.
Pearl Greeter selected for next boot; previous setup saved in /tmp/pearl-install-ncnkul50/var/lib/pearl-greeter-setup/previous.json
Previous display-manager selection restored for next boot.
Pearl Greeter selected for next boot; previous setup saved in /tmp/pearl-install-k9uellzr/var/lib/pearl-greeter-setup/previous.json
Previous display-manager selection restored for next boot.
Pearl Greeter selected for next boot; previous setup saved in /tmp/pearl-install-9w4l0l5m/var/lib/pearl-greeter-setup/previous.json
Display-manager selection has changed; preserving the current setup.
Pearl Greeter selected for next boot; previous setup saved in /tmp/pearl-install-9w4l0l5m/var/lib/pearl-greeter-setup/previous.json
Display-manager selection has changed; preserving the current setup.
Pearl Greeter selected for next boot; previous setup saved in /tmp/pearl-install-nfy1umkr/var/lib/pearl-greeter-setup/previous.json
Pearl Greeter is already selected.
Previous display-manager selection restored for next boot.
Pearl Greeter selected for next boot; previous setup saved in /tmp/pearl-install-t3bl0gmh/var/lib/pearl-greeter-setup/previous.json
Previous display-manager selection restored for next boot.
==> Entering fakeroot environment...
==> Starting package()...
Staged 35 files at /tmp/pearl-greeter-makepkg-arn6k39y/src/pearl-greeter-package.RYT623/root; no service activation or host PAM changes.
==> Tidying install...
  -> Removing libtool files...
  -> Removing static library files...
  -> Purging unwanted files...
  -> Compressing man and info pages...
==> Checking for packaging issues...
==> Creating package "pearl-greeter-git"...
  -> Generating .PKGINFO file...
  -> Generating .BUILDINFO file...
  -> Adding install file...
  -> Generating .MTREE file...
  -> Compressing package...
==> Leaving fakeroot environment.
==> Finished making: pearl-greeter-git 1.0.0rc2.r33.g318f9f6-4 (Tue Sep 15 21:28:19 2026)
