info(pearl): event=aqueous-availability state=connecting
info(pearl): event=ready mode=session
info(pearl): event=aqueous-availability state=subscribing
info(pearl): event=aqueous-availability state=ready
info: event=output-mapped id=1 connector=HEADLESS-2 scale=1
info: event=output-mapped id=2 connector=HEADLESS-1 scale=1
info(pearl): event=control-ready session=d7d7f36712b0730bb57a5060cbcef23d
info: event=app-index-ready entries=160 truncated=false
info: event=preferences-applied revision=0 mode=static cache=false
warning: event=logind-session-unavailable reason=No logind display session. Start Pearl from an authenticated desktop login.
warning: event=logind-session-unavailable reason=Logind session is not a login session owned by this user.
warning: event=logind-session-unavailable reason=Logind session is not a login session owned by this user.
warning: event=logind-session-unavailable reason=No logind display session. Start Pearl from an authenticated desktop login.
info: event=popup-opened output=1
info: event=settings-focus target=section-chooser
info: event=settings-focus target=heading
info: event=popup-closed
info: event=output-mapped id=2 connector=HEADLESS-1 scale=1
info: event=preferences-applied revision=1 mode=static cache=false
info: event=preferences-applied revision=2 mode=gtk cache=false
info: event=preferences-applied revision=3 mode=static cache=false
info: event=preferences-applied revision=4 mode=static cache=false
info(pearl): event=stopping reason=control-quit pending=false
info(pearl): event=aqueous-availability state=stopped
info(pearl): event=cleanup pending=false watched_objects=0
info(pearl): event=stopped
