ts=2026-10-09T13:38:15Z pid=222611 info(settings): event=settings-launch activation_context=false
ts=2026-10-09T13:38:15Z pid=222611 info(settings): event=settings-instance-ready session_hash=3028093ff54876f5
ts=2026-10-09T13:38:15Z pid=222611 info(settings): event=settings-page page=overview
ts=2026-10-09T13:38:15Z pid=222611 info(settings): event=settings-page page=aqueous
ts=2026-10-09T13:38:15Z pid=222611 info(settings): event=settings-window-created app_id=org.aqueous.Pearl.Settings
ts=2026-10-09T13:38:15Z pid=222611 info(settings): event=settings-page page=aqueous
ts=2026-10-09T13:38:15Z pid=222611 info(settings): event=settings-activation activation_context=false
ts=2026-10-09T13:38:15Z pid=222611 info(settings): event=settings-page page=appearance
ts=2026-10-09T13:38:16Z pid=222611 info(settings): event=settings-activation activation_context=false
ts=2026-10-09T13:38:16Z pid=222611 info(settings): event=settings-page page=network
ts=2026-10-09T13:38:17Z pid=222611 info(settings): event=settings-activation activation_context=false
ts=2026-10-09T13:38:17Z pid=222611 info(settings): event=settings-page page=bluetooth
ts=2026-10-09T13:38:17Z pid=222611 info(settings): event=settings-activation activation_context=false
ts=2026-10-09T13:38:17Z pid=222611 info(settings): event=settings-page page=sound
ts=2026-10-09T13:38:18Z pid=222611 info(settings): event=settings-activation activation_context=false
ts=2026-10-09T13:38:18Z pid=222611 info(settings): event=settings-page page=power
ts=2026-10-09T13:38:18Z pid=222611 info(settings): event=settings-activation activation_context=false
ts=2026-10-09T13:38:18Z pid=222611 info(settings): event=settings-page page=aqueous
ts=2026-10-09T13:38:19Z pid=222611 info(settings): event=settings-activation activation_context=false
ts=2026-10-09T13:38:19Z pid=222611 info(settings): event=settings-page page=appearance
ts=2026-10-09T13:38:21Z pid=222611 info(settings): event=settings-activation activation_context=false
ts=2026-10-09T13:38:21Z pid=222611 info(settings): event=settings-page page=overview
ts=2026-10-09T13:38:22Z pid=222611 info(settings): event=settings-activation activation_context=false
ts=2026-10-09T13:38:22Z pid=222611 info(settings): event=settings-page page=appearance
ts=2026-10-09T13:38:23Z pid=222611 info(settings): event=settings-activation activation_context=false
ts=2026-10-09T13:38:23Z pid=222611 info(settings): event=settings-page page=network
ts=2026-10-09T13:38:23Z pid=222611 info(settings): event=settings-activation activation_context=false
ts=2026-10-09T13:38:23Z pid=222611 info(settings): event=settings-page page=bluetooth
ts=2026-10-09T13:38:23Z pid=222611 info(settings): event=settings-activation activation_context=false
ts=2026-10-09T13:38:23Z pid=222611 info(settings): event=settings-page page=sound
ts=2026-10-09T13:38:24Z pid=222611 info(settings): event=settings-activation activation_context=false
ts=2026-10-09T13:38:24Z pid=222611 info(settings): event=settings-page page=power
ts=2026-10-09T13:38:24Z pid=222611 info(settings): event=settings-activation activation_context=false
ts=2026-10-09T13:38:24Z pid=222611 info(settings): event=settings-page page=bar
ts=2026-10-09T13:38:25Z pid=222611 info(settings): event=settings-activation activation_context=false
ts=2026-10-09T13:38:25Z pid=222611 info(settings): event=settings-page page=notifications
ts=2026-10-09T13:38:25Z pid=222611 info(settings): event=settings-activation activation_context=false
ts=2026-10-09T13:38:25Z pid=222611 info(settings): event=settings-page page=system
ts=2026-10-09T13:38:26Z pid=222611 info(settings): event=settings-activation activation_context=false
ts=2026-10-09T13:38:26Z pid=222611 info(settings): event=settings-page page=session
ts=2026-10-09T13:38:26Z pid=222611 info(settings): event=settings-activation activation_context=false
ts=2026-10-09T13:38:26Z pid=222611 info(settings): event=settings-page page=aqueous
ts=2026-10-09T13:38:27Z pid=222611 info(settings): event=settings-activation activation_context=false
ts=2026-10-09T13:38:27Z pid=222611 info(settings): event=settings-page page=advanced
ts=2026-10-09T13:38:28Z pid=222611 info(settings): event=settings-activation activation_context=false
ts=2026-10-09T13:38:28Z pid=222611 info(settings): event=settings-page page=overview
ts=2026-10-09T13:38:28Z pid=222611 info(settings): event=settings-activation activation_context=false
ts=2026-10-09T13:38:28Z pid=222611 info(settings): event=settings-page page=appearance
ts=2026-10-09T13:38:29Z pid=222611 info(settings): event=settings-activation activation_context=false
ts=2026-10-09T13:38:29Z pid=222611 info(settings): event=settings-page page=network
ts=2026-10-09T13:38:29Z pid=222611 info(settings): event=settings-activation activation_context=false
ts=2026-10-09T13:38:29Z pid=222611 info(settings): event=settings-page page=bluetooth
ts=2026-10-09T13:38:30Z pid=222611 info(settings): event=settings-activation activation_context=false
ts=2026-10-09T13:38:30Z pid=222611 info(settings): event=settings-page page=sound
ts=2026-10-09T13:38:30Z pid=222611 info(settings): event=settings-activation activation_context=false
ts=2026-10-09T13:38:30Z pid=222611 info(settings): event=settings-page page=power
ts=2026-10-09T13:38:31Z pid=222611 info(settings): event=settings-activation activation_context=false
ts=2026-10-09T13:38:31Z pid=222611 info(settings): event=settings-page page=bar
ts=2026-10-09T13:38:31Z pid=222611 info(settings): event=settings-activation activation_context=false
ts=2026-10-09T13:38:31Z pid=222611 info(settings): event=settings-page page=notifications
ts=2026-10-09T13:38:32Z pid=222611 info(settings): event=settings-activation activation_context=false
ts=2026-10-09T13:38:32Z pid=222611 info(settings): event=settings-page page=system
ts=2026-10-09T13:38:32Z pid=222611 info(settings): event=settings-activation activation_context=false
ts=2026-10-09T13:38:32Z pid=222611 info(settings): event=settings-page page=session
ts=2026-10-09T13:38:33Z pid=222611 info(settings): event=settings-activation activation_context=false
ts=2026-10-09T13:38:33Z pid=222611 info(settings): event=settings-page page=aqueous
ts=2026-10-09T13:38:33Z pid=222611 info(settings): event=settings-activation activation_context=false
ts=2026-10-09T13:38:33Z pid=222611 info(settings): event=settings-page page=advanced
ts=2026-10-09T13:38:34Z pid=222611 info(settings): event=settings-activation activation_context=false
ts=2026-10-09T13:38:34Z pid=222611 info(settings): event=settings-page page=overview
ts=2026-10-09T13:38:35Z pid=222611 info(settings): event=settings-activation activation_context=false
ts=2026-10-09T13:38:35Z pid=222611 info(settings): event=settings-page page=appearance
ts=2026-10-09T13:38:35Z pid=222611 info(settings): event=settings-activation activation_context=false
ts=2026-10-09T13:38:35Z pid=222611 info(settings): event=settings-page page=network
ts=2026-10-09T13:38:36Z pid=222611 info(settings): event=settings-activation activation_context=false
ts=2026-10-09T13:38:36Z pid=222611 info(settings): event=settings-page page=bluetooth
ts=2026-10-09T13:38:36Z pid=222611 info(settings): event=settings-activation activation_context=false
ts=2026-10-09T13:38:36Z pid=222611 info(settings): event=settings-page page=sound
ts=2026-10-09T13:38:37Z pid=222611 info(settings): event=settings-activation activation_context=false
ts=2026-10-09T13:38:37Z pid=222611 info(settings): event=settings-page page=power
ts=2026-10-09T13:38:37Z pid=222611 info(settings): event=settings-activation activation_context=false
ts=2026-10-09T13:38:37Z pid=222611 info(settings): event=settings-page page=bar
ts=2026-10-09T13:38:38Z pid=222611 info(settings): event=settings-activation activation_context=false
ts=2026-10-09T13:38:38Z pid=222611 info(settings): event=settings-page page=notifications
ts=2026-10-09T13:38:38Z pid=222611 info(settings): event=settings-activation activation_context=false
ts=2026-10-09T13:38:38Z pid=222611 info(settings): event=settings-page page=system
ts=2026-10-09T13:38:38Z pid=222611 info(settings): event=settings-activation activation_context=false
ts=2026-10-09T13:38:38Z pid=222611 info(settings): event=settings-page page=session
ts=2026-10-09T13:38:39Z pid=222611 info(settings): event=settings-activation activation_context=false
ts=2026-10-09T13:38:39Z pid=222611 info(settings): event=settings-page page=aqueous
ts=2026-10-09T13:38:39Z pid=222611 info(settings): event=settings-activation activation_context=false
ts=2026-10-09T13:38:39Z pid=222611 info(settings): event=settings-page page=advanced
ts=2026-10-09T13:38:40Z pid=222611 info(settings): event=settings-activation activation_context=false
ts=2026-10-09T13:38:40Z pid=222611 info(settings): event=settings-page page=overview
ts=2026-10-09T13:38:41Z pid=222611 info(settings): event=settings-activation activation_context=false
ts=2026-10-09T13:38:41Z pid=222611 info(settings): event=settings-page page=appearance
ts=2026-10-09T13:38:41Z pid=222611 info(settings): event=settings-activation activation_context=false
ts=2026-10-09T13:38:41Z pid=222611 info(settings): event=settings-page page=network
ts=2026-10-09T13:38:42Z pid=222611 info(settings): event=settings-activation activation_context=false
ts=2026-10-09T13:38:42Z pid=222611 info(settings): event=settings-page page=bluetooth
ts=2026-10-09T13:38:42Z pid=222611 info(settings): event=settings-activation activation_context=false
ts=2026-10-09T13:38:42Z pid=222611 info(settings): event=settings-page page=sound
ts=2026-10-09T13:38:43Z pid=222611 info(settings): event=settings-activation activation_context=false
ts=2026-10-09T13:38:43Z pid=222611 info(settings): event=settings-page page=power
ts=2026-10-09T13:38:43Z pid=222611 info(settings): event=settings-activation activation_context=false
ts=2026-10-09T13:38:43Z pid=222611 info(settings): event=settings-page page=bar
ts=2026-10-09T13:38:44Z pid=222611 info(settings): event=settings-activation activation_context=false
ts=2026-10-09T13:38:44Z pid=222611 info(settings): event=settings-page page=notifications
ts=2026-10-09T13:38:44Z pid=222611 info(settings): event=settings-activation activation_context=false
ts=2026-10-09T13:38:44Z pid=222611 info(settings): event=settings-page page=system
ts=2026-10-09T13:38:45Z pid=222611 info(settings): event=settings-activation activation_context=false
ts=2026-10-09T13:38:45Z pid=222611 info(settings): event=settings-page page=session
ts=2026-10-09T13:38:45Z pid=222611 info(settings): event=settings-activation activation_context=false
ts=2026-10-09T13:38:45Z pid=222611 info(settings): event=settings-page page=aqueous
ts=2026-10-09T13:38:46Z pid=222611 info(settings): event=settings-activation activation_context=false
ts=2026-10-09T13:38:46Z pid=222611 info(settings): event=settings-page page=advanced
ts=2026-10-09T13:38:47Z pid=222611 info(settings): event=settings-activation activation_context=false
ts=2026-10-09T13:38:47Z pid=222611 info(settings): event=settings-page page=overview
ts=2026-10-09T13:38:47Z pid=222611 info(settings): event=settings-activation activation_context=false
ts=2026-10-09T13:38:47Z pid=222611 info(settings): event=settings-page page=appearance
ts=2026-10-09T13:38:48Z pid=222611 info(settings): event=settings-activation activation_context=false
ts=2026-10-09T13:38:48Z pid=222611 info(settings): event=settings-page page=network
ts=2026-10-09T13:38:48Z pid=222611 info(settings): event=settings-activation activation_context=false
ts=2026-10-09T13:38:48Z pid=222611 info(settings): event=settings-page page=bluetooth
ts=2026-10-09T13:38:49Z pid=222611 info(settings): event=settings-activation activation_context=false
ts=2026-10-09T13:38:49Z pid=222611 info(settings): event=settings-page page=sound
ts=2026-10-09T13:38:49Z pid=222611 info(settings): event=settings-activation activation_context=false
ts=2026-10-09T13:38:49Z pid=222611 info(settings): event=settings-page page=power
ts=2026-10-09T13:38:50Z pid=222611 info(settings): event=settings-activation activation_context=false
ts=2026-10-09T13:38:50Z pid=222611 info(settings): event=settings-page page=bar
ts=2026-10-09T13:38:51Z pid=222611 info(settings): event=settings-activation activation_context=false
ts=2026-10-09T13:38:51Z pid=222611 info(settings): event=settings-page page=notifications
ts=2026-10-09T13:38:51Z pid=222611 info(settings): event=settings-activation activation_context=false
ts=2026-10-09T13:38:51Z pid=222611 info(settings): event=settings-page page=system
ts=2026-10-09T13:38:51Z pid=222611 info(settings): event=settings-activation activation_context=false
ts=2026-10-09T13:38:51Z pid=222611 info(settings): event=settings-page page=session
ts=2026-10-09T13:38:52Z pid=222611 info(settings): event=settings-activation activation_context=false
ts=2026-10-09T13:38:52Z pid=222611 info(settings): event=settings-page page=aqueous
ts=2026-10-09T13:38:53Z pid=222611 info(settings): event=settings-activation activation_context=false
ts=2026-10-09T13:38:53Z pid=222611 info(settings): event=settings-page page=advanced
Gdk-Message: 09:38:53.577: Lost connection to Wayland compositor.
