ts=2026-10-09T13:37:39Z pid=213248 info(settings): event=settings-launch activation_context=false
ts=2026-10-09T13:37:39Z pid=213248 info(settings): event=settings-instance-ready session_hash=3028093ff54876f5
ts=2026-10-09T13:37:39Z pid=213248 info(settings): event=settings-page page=overview
ts=2026-10-09T13:37:39Z pid=213248 info(settings): event=settings-page page=appearance
ts=2026-10-09T13:37:39Z pid=213248 info(settings): event=settings-window-created app_id=org.aqueous.Pearl.Settings
ts=2026-10-09T13:37:39Z pid=213248 info(settings): event=settings-page page=appearance
ts=2026-10-09T13:37:40Z pid=213248 info(settings): event=settings-activation activation_context=false
ts=2026-10-09T13:37:40Z pid=213248 info(settings): event=settings-page page=overview
ts=2026-10-09T13:37:40Z pid=213248 info(settings): event=settings-activation activation_context=false
ts=2026-10-09T13:37:40Z pid=213248 info(settings): event=settings-page page=appearance
ts=2026-10-09T13:37:41Z pid=213248 info(settings): event=settings-activation activation_context=false
ts=2026-10-09T13:37:41Z pid=213248 info(settings): event=settings-page page=network
ts=2026-10-09T13:37:41Z pid=213248 info(settings): event=settings-activation activation_context=false
ts=2026-10-09T13:37:41Z pid=213248 info(settings): event=settings-page page=bluetooth
ts=2026-10-09T13:37:42Z pid=213248 info(settings): event=settings-activation activation_context=false
ts=2026-10-09T13:37:42Z pid=213248 info(settings): event=settings-page page=sound
ts=2026-10-09T13:37:42Z pid=213248 info(settings): event=settings-activation activation_context=false
ts=2026-10-09T13:37:42Z pid=213248 info(settings): event=settings-page page=power
ts=2026-10-09T13:37:43Z pid=213248 info(settings): event=settings-activation activation_context=false
ts=2026-10-09T13:37:43Z pid=213248 info(settings): event=settings-page page=bar
ts=2026-10-09T13:37:43Z pid=213248 info(settings): event=settings-activation activation_context=false
ts=2026-10-09T13:37:43Z pid=213248 info(settings): event=settings-page page=notifications
ts=2026-10-09T13:37:43Z pid=213248 info(settings): event=settings-activation activation_context=false
ts=2026-10-09T13:37:43Z pid=213248 info(settings): event=settings-page page=system
ts=2026-10-09T13:37:44Z pid=213248 info(settings): event=settings-activation activation_context=false
ts=2026-10-09T13:37:44Z pid=213248 info(settings): event=settings-page page=session
ts=2026-10-09T13:37:44Z pid=213248 info(settings): event=settings-activation activation_context=false
ts=2026-10-09T13:37:44Z pid=213248 info(settings): event=settings-page page=aqueous
ts=2026-10-09T13:37:45Z pid=213248 info(settings): event=settings-activation activation_context=false
ts=2026-10-09T13:37:45Z pid=213248 info(settings): event=settings-page page=advanced
