info: event=blur-capability available=false
info(pearl): event=aqueous-availability state=connecting
info(pearl): event=ready mode=session
info(pearl): event=aqueous-availability state=subscribing
info(pearl): event=aqueous-availability state=ready
info: event=output-mapped id=1 connector=HEADLESS-2 scale=1
info: event=output-mapped id=2 connector=HEADLESS-1 scale=1
info(pearl): event=settings-backend-ready session=681bef17a3021697465b644d1f79f120
info(pearl): event=control-ready session=681bef17a3021697465b644d1f79f120
info: event=app-index-ready entries=162 truncated=false
info: event=preferences-applied revision=0 mode=static cache=false
info: event=wallpaper-applications-applied generation=2 elapsed_us=2053 success=true
info: event=preferences-applied revision=1 mode=static cache=false
info: event=wallpaper-applications-applied generation=3 elapsed_us=2152 success=true
info: event=preferences-applied revision=2 mode=static cache=false
info: event=wallpaper-applications-applied generation=6 elapsed_us=2269 success=true
info: event=preferences-applied revision=3 mode=static cache=false
info: event=wallpaper-applications-applied generation=8 elapsed_us=2135 success=true
info: event=preferences-applied revision=4 mode=static cache=false
info: event=wallpaper-applications-applied generation=10 elapsed_us=2116 success=true
info: event=preferences-applied revision=5 mode=static cache=false
info: event=wallpaper-applications-applied generation=12 elapsed_us=3205 success=true
info: event=preferences-applied revision=6 mode=static cache=false
info: event=wallpaper-applications-applied generation=14 elapsed_us=2151 success=true
info: event=preferences-applied revision=7 mode=static cache=false
info: event=wallpaper-applications-applied generation=16 elapsed_us=2047 success=true
info: event=preferences-applied revision=8 mode=gtk cache=false
info: event=wallpaper-applications-applied generation=18 elapsed_us=694 success=true
info: event=preferences-applied revision=9 mode=static cache=false
info: event=wallpaper-applications-applied generation=20 elapsed_us=2133 success=true
info: event=preferences-applied revision=10 mode=static cache=false
info: event=wallpaper-applications-applied generation=22 elapsed_us=2208 success=true
info: event=preferences-applied revision=11 mode=static cache=false
info: event=wallpaper-applications-applied generation=24 elapsed_us=2914 success=true
info: event=preferences-applied revision=12 mode=static cache=false
info: event=wallpaper-applications-applied generation=25 elapsed_us=2152 success=true
info: event=preferences-error detail=SyntaxError
info: event=preferences-applied revision=14 mode=static cache=false
info: event=wallpaper-applications-applied generation=27 elapsed_us=2070 success=true
info(pearl): event=stopping reason=control-quit pending=false
info(pearl): event=aqueous-availability state=stopped
info(pearl): event=cleanup pending=false watched_objects=0
info(pearl): event=stopped
