info(pearl): event=aqueous-availability state=connecting
info(pearl): event=ready mode=session
info(pearl): event=aqueous-availability state=subscribing
info(pearl): event=aqueous-availability state=ready
info: event=output-mapped id=2 connector=HEADLESS-1 scale=2
info: event=output-mapped id=1 connector=HEADLESS-2 scale=1
info(pearl): event=settings-backend-ready session=eb5d8084719151a1e822d964a3927ddf
info(pearl): event=control-ready session=eb5d8084719151a1e822d964a3927ddf
info: event=app-index-ready entries=2009 truncated=false
info: event=popup-opened output=1
info: event=launcher-results count=2015 shown=200 publish_us=7599
info: event=launcher-painted latency_us=20287
info: event=launcher-results count=2015 shown=200 publish_us=6713
info: event=launcher-painted latency_us=18108
info: event=launcher-results count=2015 shown=200 publish_us=7858
info: event=preferences-applied revision=0 mode=static cache=false
info: event=launcher-painted latency_us=20307
info: event=launcher-results count=1 shown=1 publish_us=2621
info: event=launcher-results count=1 shown=1 publish_us=301
info: event=launcher-results count=1 shown=1 publish_us=487
info: event=launcher-results count=1 shown=1 publish_us=298
info: event=launcher-painted latency_us=4816
info: event=launcher-results count=1 shown=1 publish_us=383
info: event=launcher-painted latency_us=12386
info: event=popup-closed
info: event=popup-opened output=1
info(pearl): event=stopping reason=control-quit pending=false
info: event=popup-closed
info(pearl): event=aqueous-availability state=stopped
info(pearl): event=cleanup pending=false watched_objects=0
info(pearl): event=stopped
