info: event=blur-capability available=false
info(pearl): event=aqueous-availability state=connecting
info(pearl): event=ready mode=session
info(pearl): event=aqueous-availability state=subscribing
info(pearl): event=aqueous-availability state=ready
info: event=output-mapped id=1 connector=HEADLESS-2 scale=1
info: event=output-mapped id=2 connector=HEADLESS-1 scale=1
info(pearl): event=settings-backend-ready session=987c1e6dc508179da61915147d9717ea
info(pearl): event=control-ready session=987c1e6dc508179da61915147d9717ea
info: event=app-index-ready entries=162 truncated=false
info: event=preferences-applied revision=1 mode=dynamic cache=false
info: event=wallpaper-applications-applied generation=2 elapsed_us=143130 success=true
info: event=wallpaper-changed
info: event=wallpaper-changed
info: event=wallpaper-changed
info: event=preferences-applied revision=1 mode=dynamic cache=false
info: event=wallpaper-applications-applied generation=6 elapsed_us=140793 success=true
info: event=preferences-applied revision=2 mode=dynamic cache=false
info: event=wallpaper-applications-applied generation=7 elapsed_us=141912 success=true
info: event=wallpaper-changed
info: event=wallpaper-changed
info: event=wallpaper-changed
info: event=preferences-applied revision=2 mode=dynamic cache=false
info: event=wallpaper-applications-applied generation=12 elapsed_us=145504 success=true
info: event=preferences-applied revision=3 mode=dynamic cache=false
info: event=wallpaper-applications-applied generation=13 elapsed_us=142224 success=true
info(pearl): event=stopping reason=signal pending=false
info(pearl): event=aqueous-availability state=stopped
info(pearl): event=cleanup pending=false watched_objects=0
info(pearl): event=stopped
