info: initializing Aqueous version aqueous 0.8.0 -xwayland
info(wlroots): [backend/backend.c:342] Loading user-specified backends due to WLR_BACKENDS: headless
info(wlroots): [backend/headless/backend.c:60] Creating headless backend
info(wlroots): [util/env.c:25] Loading WLR_RENDERER option: vulkan
info(wlroots): [render/vulkan/renderer.c:2766] The vulkan renderer is only experimental and not expected to be ready for daily use
info(wlroots): [render/vulkan/renderer.c:2768] Run with VK_INSTANCE_LAYERS=VK_LAYER_KHRONOS_validation to enable the validation layer
info(wlroots): [render/vulkan/vulkan.c:253] Vulkan device: 'AMD Radeon 780M Graphics (RADV PHOENIX)'
info(wlroots): [render/vulkan/vulkan.c:254]   Device type: 'integrated'
info(wlroots): [render/vulkan/vulkan.c:255]   Supported API version: 1.4.354
info(wlroots): [render/vulkan/vulkan.c:256]   Driver version: 26.2.4
info(wlroots): [render/vulkan/vulkan.c:344]   Driver name: radv (Mesa 26.2.4-arch3.1)
info(wlroots): [render/vulkan/vulkan.c:364] Found matching Vulkan physical device: AMD Radeon 780M Graphics (RADV PHOENIX)
info: Vulkan rounded effects pipeline initialized
info: Vulkan backdrop-blur pipeline initialized
info: Vulkan effects context: device=AMD Radeon 780M Graphics (RADV PHOENIX) api=1.4.354 queue-family=0 rgba16f(sampled=true,color=true) bgra8(sampled=true,color=true) linear=true sync(fence=true,wlroots-timeline=true) physical-features(anisotropy=true,timeline=true,sync2=true) timestamps=true period-ns=10.019036
info(xdg): default mode=client
info(aqueous): policy mode=internal layout=floating
info(input): cursor theme=default size=24
info(drm_lease): DRM leasing unavailable (no usable lease device)
info: raised file descriptor limit of the river process to 4096
info(wlroots): [backend/headless/backend.c:17] Starting headless backend
info(ipc): protocol=1 listening on /tmp/pearl-dev-6gwo46dc/run/aqueous/1dfc69bab13b6ce1049e57a07d65a189/ipc.sock
info(output_service): output protocol=1 listening on /tmp/pearl-dev-6gwo46dc/run/aqueous/outputd.sock
info: running init executable 'printenv WAYLAND_DISPLAY > "$XDG_RUNTIME_DIR/display"; printenv AQUEOUS_SOCKET > "$XDG_RUNTIME_DIR/endpoint"'
info: running server
error(input): inactive text input tried to commit an update, client bug?
info: destroyed Vulkan blur after 13 checkpoints, 25 offscreen draws, and 13 composites (31 cache hits, 0 partial rebuilds, 5 full rebuilds, 949332 pixels processed)
info: Vulkan blur resources created: 2 scratch sets, 7 images, 9 descriptors, 3 cache images, 1 composite pipelines
info: destroyed Vulkan rounded effects after 0 texture and 0 rect draws (0 normal, 0 swapchain, 0 explicit-sync)
info: Vulkan rounded resources created: 0 texture pipelines, 0 rect pipelines
info: destroyed Vulkan effects context
