info(pearl): event=aqueous-availability state=connecting
info(pearl): event=ready mode=session
info: event=blur-capability available=false
info(pearl): event=aqueous-availability state=subscribing
info(pearl): event=aqueous-availability state=ready
info: event=output-mapped id=1 connector=HEADLESS-2 scale=1
info: event=output-mapped id=2 connector=HEADLESS-1 scale=1
info(pearl): event=settings-backend-ready session=4d8095fdea60e42bd037a5b370377c91
info(pearl): event=control-ready session=4d8095fdea60e42bd037a5b370377c91
info: event=app-index-ready entries=160 truncated=false
info: event=preferences-applied revision=0 mode=static cache=false
info: event=preferences-applied revision=1 mode=static cache=false
info: event=preferences-applied revision=2 mode=static cache=false
info: event=preferences-applied revision=3 mode=static cache=false
info: event=preferences-applied revision=4 mode=static cache=false
info: event=preferences-applied revision=5 mode=static cache=false
info: event=preferences-applied revision=6 mode=static cache=false
info: event=preferences-applied revision=7 mode=static cache=false
info: event=preferences-applied revision=8 mode=static cache=false
info: event=preferences-applied revision=9 mode=gtk cache=false
info: event=preferences-applied revision=10 mode=gtk cache=false
info: event=preferences-applied revision=11 mode=gtk cache=false
info: event=preferences-applied revision=12 mode=gtk cache=false
info: event=preferences-applied revision=13 mode=static cache=false
info: event=preferences-applied revision=14 mode=static cache=false
info: event=preferences-applied revision=15 mode=static cache=false
info: event=preferences-applied revision=16 mode=static cache=false
info: event=preferences-applied revision=17 mode=gtk cache=false
info: event=preferences-applied revision=18 mode=gtk cache=false
info: event=preferences-applied revision=19 mode=gtk cache=false
info: event=preferences-applied revision=20 mode=gtk cache=false
info: event=preferences-applied revision=21 mode=static cache=false
info: event=popup-opened output=1
info: event=settings-focus target=body
info: event=settings-focus target=heading
info: event=popup-closed
info: event=popup-opened output=1
info: event=settings-focus target=body
info: event=settings-focus target=heading
info: event=popup-closed
info(pearl): event=stopping reason=control-quit pending=false
info(pearl): event=aqueous-availability state=stopped
info(pearl): event=cleanup pending=false watched_objects=0
info(pearl): event=stopped
