info: event=settings-launch activation_context=false
info: event=settings-instance-ready session=ad5e4195ae25f612b7d7e5757c66fed8
info: event=settings-page page=overview
info: event=settings-page page=appearance
info: event=settings-window-created app_id=org.aqueous.Pearl.Settings
info: event=settings-page page=appearance
info: event=settings-activation activation_context=false
info: event=settings-page page=appearance
info: event=settings-activation activation_context=false
info: event=settings-page page=sound
info: event=settings-activation activation_context=false
info: event=settings-page page=network
info: event=settings-activation activation_context=false
info: event=settings-page page=bluetooth
info: event=settings-activation activation_context=false
info: event=settings-page page=power
info: event=settings-activation activation_context=false
info: event=settings-page page=overview
info: event=settings-activation activation_context=false
info: event=settings-page page=overview
info: event=settings-activation activation_context=false
info: event=settings-page page=aqueous
info: event=settings-activation activation_context=false
info: event=settings-page page=sound
info: event=settings-activation activation_context=false
info: event=settings-page page=sound
info: event=settings-activation activation_context=false
info: event=settings-page page=sound
info: event=settings-activation activation_context=false
info: event=settings-page page=sound
info: event=settings-activation activation_context=false
info: event=settings-page page=sound
info: event=settings-activation activation_context=false
info: event=settings-page page=sound
info: event=settings-activation activation_context=false
info: event=settings-page page=network
info: event=settings-activation activation_context=true
info: event=settings-page page=network
info: event=settings-activation activation_context=false
info: event=settings-page page=appearance
info: event=settings-page page=sound
info: event=settings-activation activation_context=false
info: event=settings-page page=appearance
info: event=settings-page page=network
info: event=settings-activation activation_context=false
info: event=settings-page page=appearance
info: event=settings-page page=sound
info: event=settings-page page=appearance
info: event=settings-page page=sound
info: event=settings-page page=appearance
info: event=settings-activation activation_context=false
info: event=settings-page page=appearance
info: event=settings-activation activation_context=false
info: event=settings-page page=appearance
info: event=settings-activation activation_context=false
info: event=settings-page page=network
info: event=settings-activation activation_context=false
info: event=settings-page page=bluetooth
info: event=settings-activation activation_context=false
info: event=settings-page page=sound
info: event=settings-activation activation_context=false
info: event=settings-page page=power
info: event=settings-activation activation_context=false
info: event=settings-page page=appearance
info: event=settings-activation activation_context=false
info: event=settings-page page=network
info: event=settings-activation activation_context=false
info: event=settings-page page=bluetooth
info: event=settings-activation activation_context=false
info: event=settings-page page=sound
info: event=settings-activation activation_context=false
info: event=settings-page page=power
info: event=settings-activation activation_context=false
info: event=settings-page page=appearance
info: event=settings-activation activation_context=false
info: event=settings-page page=network
info: event=settings-activation activation_context=false
info: event=settings-page page=bluetooth
info: event=settings-activation activation_context=false
info: event=settings-page page=sound
info: event=settings-activation activation_context=false
info: event=settings-page page=power
