info(pearl): event=aqueous-availability state=connecting
info(pearl): event=ready mode=session
info: event=app-index-ready entries=0 truncated=false
info(pearl): event=aqueous-availability state=subscribing
info(pearl): event=aqueous-availability state=ready
info: event=output-mapped id=2 connector=HEADLESS-1 scale=2
info: event=output-mapped id=1 connector=HEADLESS-2 scale=1
info(pearl): event=control-ready session=a2f585079a4f49b141ec1d617fc91992
info: event=popup-opened output=1
info: event=launcher-results count=7 shown=7 publish_us=3237
info: event=launcher-results count=7 shown=7 publish_us=344
info: event=launcher-results count=7 shown=7 publish_us=240
info: event=launcher-results count=7 shown=7 publish_us=431
info: event=launcher-painted latency_us=8101
info: event=launcher-results count=4 shown=4 publish_us=510
info: event=launcher-results count=1 shown=1 publish_us=184
info: event=launcher-results count=1 shown=1 publish_us=121
info: event=preferences-applied revision=0 mode=static cache=false
info: event=launcher-results count=1 shown=1 publish_us=267
info: event=launcher-results count=0 shown=0 publish_us=54
info: event=launcher-results count=0 shown=0 publish_us=39
info: event=launcher-painted latency_us=4285
info: event=launcher-results count=0 shown=0 publish_us=1550
info: event=launcher-results count=0 shown=0 publish_us=63
info: event=launcher-results count=0 shown=0 publish_us=41
info: event=launcher-results count=0 shown=0 publish_us=43
info: event=launcher-painted latency_us=3725
info: event=launcher-results count=0 shown=0 publish_us=80
info: event=launcher-results count=0 shown=0 publish_us=35
info: event=launcher-results count=0 shown=0 publish_us=35
info: event=launcher-results count=0 shown=0 publish_us=35
info: event=launcher-painted latency_us=3777
info: event=launcher-results count=0 shown=0 publish_us=394
info: event=launcher-results count=0 shown=0 publish_us=48
info: event=launcher-results count=0 shown=0 publish_us=41
info: event=launcher-results count=0 shown=0 publish_us=53
info: event=launcher-painted latency_us=3567
info: event=launcher-results count=0 shown=0 publish_us=33
info: event=launcher-painted latency_us=16096
info: event=launcher-results count=0 shown=0 publish_us=45
info: event=launcher-painted latency_us=10629
info(pearl): event=stopping reason=control-quit pending=false
info: event=popup-closed
info(pearl): event=aqueous-availability state=stopped
info(pearl): event=cleanup pending=false watched_objects=0
info(pearl): event=stopped
