info(pearl): event=aqueous-availability state=connecting
info(pearl): event=ready mode=session
info(pearl): event=aqueous-availability state=subscribing
info(pearl): event=aqueous-availability state=ready
info: event=output-mapped id=1 connector=HEADLESS-2 scale=1
info: event=output-mapped id=2 connector=HEADLESS-1 scale=1.5
info(pearl): event=control-ready session=a2f585079a4f49b141ec1d617fc91992
info: event=app-index-ready entries=2009 truncated=false
info: event=preferences-applied revision=0 mode=static cache=false
info: event=popup-opened output=1
info: event=launcher-results count=2008 shown=200 publish_us=4867
info: event=launcher-painted latency_us=24963
info: event=launcher-results count=2008 shown=200 publish_us=6621
info: event=launcher-painted latency_us=18241
info: event=launcher-results count=3 shown=3 publish_us=3588
info: event=launcher-results count=0 shown=0 publish_us=396
info: event=launcher-painted latency_us=3933
info: event=launcher-results count=0 shown=0 publish_us=169
info: event=launcher-results count=0 shown=0 publish_us=181
info: event=launcher-results count=0 shown=0 publish_us=456
info: event=launcher-results count=0 shown=0 publish_us=193
info: event=launcher-painted latency_us=3315
info: event=launcher-results count=0 shown=0 publish_us=171
info: event=launcher-results count=0 shown=0 publish_us=285
info: event=launcher-results count=0 shown=0 publish_us=176
info: event=launcher-results count=0 shown=0 publish_us=208
info: event=launcher-painted latency_us=2896
info: event=launcher-results count=0 shown=0 publish_us=210
info: event=launcher-results count=0 shown=0 publish_us=146
info: event=launcher-painted latency_us=10765
info: event=launcher-results count=0 shown=0 publish_us=587
info: event=launcher-painted latency_us=5024
info: event=launcher-results count=0 shown=0 publish_us=475
info: event=launcher-painted latency_us=15744
info: event=launcher-results count=2008 shown=200 publish_us=4449
info: event=launcher-painted latency_us=26543
info: event=launcher-results count=2009 shown=200 publish_us=6978
info: event=launcher-painted latency_us=18808
info: event=launcher-results count=2008 shown=200 publish_us=17744
info: event=launcher-painted latency_us=29390
info: event=launcher-results count=2000 shown=200 publish_us=18044
info: event=launcher-painted latency_us=42564
info: event=launcher-results count=2000 shown=200 publish_us=6674
info: event=launcher-painted latency_us=19608
info: event=launcher-results count=2000 shown=200 publish_us=10413
info: event=launcher-painted latency_us=23408
info: event=launcher-results count=2000 shown=200 publish_us=8215
info: event=launcher-painted latency_us=25372
info: event=launcher-results count=2000 shown=200 publish_us=8659
info: event=launcher-painted latency_us=21227
info: event=launcher-results count=2000 shown=200 publish_us=7611
info: event=launcher-painted latency_us=20443
info: event=launcher-results count=2008 shown=200 publish_us=10507
info: event=launcher-painted latency_us=24360
info: event=launcher-results count=2009 shown=200 publish_us=9710
info: event=launcher-painted latency_us=23255
info: event=launcher-results count=1 shown=1 publish_us=4069
info: event=launcher-painted latency_us=19402
info: event=launcher-results count=1 shown=1 publish_us=1076
info: event=launcher-painted latency_us=3963
info: event=launcher-results count=1 shown=1 publish_us=796
info: event=launcher-painted latency_us=12895
info: event=application-launch accepted=true action=false
info: event=popup-closed
event=fixture-ready Cafe
info: event=popup-opened output=1
info: event=launcher-results count=2009 shown=200 publish_us=6919
info: event=launcher-results count=2009 shown=200 publish_us=6683
info: event=launcher-painted latency_us=19867
info: event=launcher-results count=2009 shown=200 publish_us=7746
info: event=launcher-painted latency_us=20637
info: event=launcher-results count=3 shown=3 publish_us=3898
info: event=launcher-results count=1 shown=1 publish_us=376
info: event=launcher-results count=1 shown=1 publish_us=414
info: event=launcher-results count=1 shown=1 publish_us=262
info: event=launcher-painted latency_us=2983
info: event=launcher-results count=1 shown=1 publish_us=278
info: event=launcher-results count=1 shown=1 publish_us=345
info: event=launcher-results count=1 shown=1 publish_us=241
info: event=launcher-results count=1 shown=1 publish_us=317
info: event=launcher-painted latency_us=2121
info: event=launcher-results count=1 shown=1 publish_us=270
info: event=launcher-results count=1 shown=1 publish_us=359
info: event=launcher-results count=1 shown=1 publish_us=341
info: event=launcher-painted latency_us=5892
info: event=launcher-results count=1 shown=1 publish_us=658
info: event=launcher-painted latency_us=14290
info: event=launcher-results count=1 shown=1 publish_us=592
info: event=launcher-painted latency_us=11195
info: event=application-launch accepted=true action=false
info: event=popup-closed
event=fixture-ready fields
info: event=popup-opened output=1
info: event=launcher-results count=2010 shown=200 publish_us=7056
info: event=launcher-results count=2010 shown=200 publish_us=6619
info: event=launcher-painted latency_us=20152
info: event=launcher-results count=2010 shown=200 publish_us=9083
info: event=launcher-painted latency_us=26250
info: event=launcher-results count=2011 shown=200 publish_us=9381
info: event=launcher-painted latency_us=21969
info: event=launcher-results count=1 shown=1 publish_us=3578
info: event=launcher-painted latency_us=4594
info: event=launcher-results count=1 shown=1 publish_us=1046
info: event=launcher-results count=1 shown=1 publish_us=245
info: event=launcher-results count=1 shown=1 publish_us=405
info: event=launcher-results count=1 shown=1 publish_us=461
info: event=launcher-results count=1 shown=1 publish_us=248
info: event=launcher-painted latency_us=1241
info: event=launcher-results count=1 shown=1 publish_us=251
info: event=launcher-results count=1 shown=1 publish_us=353
info: event=launcher-results count=1 shown=1 publish_us=719
info: event=launcher-painted latency_us=6322
info: event=launcher-results count=1 shown=1 publish_us=884
info: event=launcher-painted latency_us=15897
info: event=launcher-results count=1 shown=1 publish_us=837
info: event=launcher-painted latency_us=12610
info: event=application-launch accepted=true action=true
info: event=popup-closed
event=fixture-ready special
info: event=popup-opened output=1
info: event=launcher-results count=2011 shown=200 publish_us=7017
info: event=launcher-results count=2011 shown=200 publish_us=7220
info: event=launcher-painted latency_us=20952
info: event=launcher-results count=2011 shown=200 publish_us=8651
info: event=launcher-painted latency_us=25713
info: event=launcher-results count=2011 shown=200 publish_us=8438
info: event=launcher-painted latency_us=20050
info: event=launcher-results count=1 shown=1 publish_us=2789
info: event=launcher-results count=1 shown=1 publish_us=622
info: event=launcher-painted latency_us=2368
info: event=launcher-results count=1 shown=1 publish_us=299
info: event=launcher-results count=1 shown=1 publish_us=374
info: event=launcher-results count=1 shown=1 publish_us=296
info: event=launcher-results count=1 shown=1 publish_us=294
info: event=launcher-painted latency_us=4625
info: event=launcher-results count=1 shown=1 publish_us=373
info: event=launcher-results count=1 shown=1 publish_us=267
info: event=launcher-results count=1 shown=1 publish_us=290
info: event=launcher-results count=1 shown=1 publish_us=288
info: event=launcher-painted latency_us=4341
info: event=launcher-results count=1 shown=1 publish_us=322
info: event=launcher-painted latency_us=16426
info: event=launcher-results count=1 shown=1 publish_us=760
info: event=launcher-painted latency_us=11225
info: event=launcher-results count=1 shown=1 publish_us=754
info: event=launcher-painted latency_us=7162
info: event=application-launch accepted=true action=false
info: event=popup-closed
event=fixture-ready Terminal
info: event=popup-opened output=1
info: event=launcher-results count=2013 shown=200 publish_us=5254
info: event=launcher-painted latency_us=17913
info: event=launcher-results count=2013 shown=200 publish_us=7427
info: event=launcher-painted latency_us=31073
info: event=launcher-results count=3 shown=3 publish_us=3759
info: event=launcher-painted latency_us=5223
info: event=launcher-results count=2 shown=2 publish_us=320
info: event=launcher-results count=2 shown=2 publish_us=339
info: event=launcher-results count=2 shown=2 publish_us=396
info: event=launcher-results count=2 shown=2 publish_us=258
info: event=launcher-painted latency_us=6227
info: event=launcher-results count=1 shown=1 publish_us=388
info: event=launcher-results count=1 shown=1 publish_us=300
info: event=launcher-results count=1 shown=1 publish_us=401
info: event=launcher-results count=1 shown=1 publish_us=305
info: event=launcher-painted latency_us=6067
info: event=launcher-results count=1 shown=1 publish_us=379
info: event=launcher-painted latency_us=16181
info: event=launcher-results count=1 shown=1 publish_us=832
info: event=launcher-painted latency_us=12597
info: event=launcher-results count=1 shown=1 publish_us=636
info: event=launcher-painted latency_us=8120
info: event=application-launch accepted=true action=false
info: event=popup-closed
info: event=popup-opened output=1
info: event=launcher-results count=2015 shown=200 publish_us=5732
info: event=launcher-painted latency_us=19398
info: event=launcher-results count=2015 shown=200 publish_us=8124
info: event=launcher-painted latency_us=29030
info: event=launcher-results count=2015 shown=200 publish_us=9947
info: event=launcher-painted latency_us=23810
info: event=launcher-results count=2 shown=2 publish_us=3499
info: event=launcher-results count=2 shown=2 publish_us=333
info: event=launcher-results count=2 shown=2 publish_us=371
info: event=launcher-results count=2 shown=2 publish_us=465
info: event=launcher-results count=2 shown=2 publish_us=398
info: event=launcher-painted latency_us=2858
info: event=launcher-results count=2 shown=2 publish_us=418
info: event=launcher-results count=2 shown=2 publish_us=364
info: event=launcher-painted latency_us=11231
info: event=launcher-results count=2 shown=2 publish_us=2322
info: event=launcher-painted latency_us=4457
info: event=launcher-results count=2 shown=2 publish_us=831
info: event=launcher-painted latency_us=1590
info: event=popup-closed
info: event=popup-opened output=1
info: event=launcher-results count=2015 shown=200 publish_us=5228
info: event=launcher-results count=2015 shown=200 publish_us=8075
info: event=launcher-painted latency_us=22528
info: event=launcher-results count=2015 shown=200 publish_us=7702
info: event=launcher-results count=2 shown=2 publish_us=2367
info: event=launcher-results count=2 shown=2 publish_us=378
info: event=launcher-results count=2 shown=2 publish_us=293
info: event=launcher-painted latency_us=3719
info: event=launcher-results count=2 shown=2 publish_us=323
info: event=launcher-results count=2 shown=2 publish_us=353
info: event=launcher-results count=2 shown=2 publish_us=326
info: event=launcher-results count=2 shown=2 publish_us=275
info: event=launcher-painted latency_us=3124
info: event=launcher-results count=2 shown=2 publish_us=324
info: event=launcher-results count=2 shown=2 publish_us=296
info: event=launcher-results count=2 shown=2 publish_us=291
info: event=launcher-results count=2 shown=2 publish_us=280
info: event=launcher-painted latency_us=2705
info: event=launcher-results count=2 shown=2 publish_us=725
info: event=launcher-painted latency_us=10996
info: event=launcher-results count=2 shown=2 publish_us=648
info: event=launcher-painted latency_us=7342
info: event=launcher-results count=2 shown=2 publish_us=1063
info: event=launcher-results count=2 shown=2 publish_us=394
info: event=launcher-painted latency_us=14927
info: event=popup-closed
info: event=popup-opened output=1
info: event=launcher-results count=2014 shown=200 publish_us=5183
info: event=launcher-results count=2014 shown=200 publish_us=8093
info: event=launcher-painted latency_us=23459
info: event=launcher-results count=2014 shown=200 publish_us=8324
info: event=launcher-painted latency_us=22301
info: event=launcher-results count=2014 shown=200 publish_us=9141
info: event=launcher-painted latency_us=22551
info: event=launcher-results count=1 shown=1 publish_us=3778
info: event=launcher-painted latency_us=4929
info: event=launcher-results count=1 shown=1 publish_us=1144
info: event=launcher-results count=1 shown=1 publish_us=288
info: event=launcher-results count=1 shown=1 publish_us=539
info: event=launcher-results count=1 shown=1 publish_us=390
info: event=launcher-painted latency_us=2942
info: event=launcher-results count=1 shown=1 publish_us=357
info: event=launcher-results count=1 shown=1 publish_us=261
info: event=launcher-painted latency_us=10644
info: event=launcher-results count=1 shown=1 publish_us=1015
info: event=launcher-painted latency_us=3849
info: event=launcher-results count=2 shown=2 publish_us=376
info: event=launcher-results count=2 shown=2 publish_us=349
info: event=launcher-results count=2 shown=2 publish_us=821
info: event=launcher-results count=2 shown=2 publish_us=277
info: event=launcher-results count=2 shown=2 publish_us=439
info: event=launcher-painted latency_us=3439
info: event=launcher-results count=2015 shown=200 publish_us=5029
info: event=launcher-painted latency_us=19030
info: event=launcher-results count=2015 shown=200 publish_us=9743
info: event=launcher-painted latency_us=22736
info: event=launcher-results count=2 shown=2 publish_us=4204
info: event=launcher-painted latency_us=5192
info: event=launcher-results count=2 shown=2 publish_us=1045
info: event=launcher-results count=2 shown=2 publish_us=320
info: event=launcher-results count=2 shown=2 publish_us=353
info: event=launcher-results count=2 shown=2 publish_us=345
info: event=launcher-painted latency_us=5436
info: event=launcher-results count=2 shown=2 publish_us=349
info: event=launcher-results count=2 shown=2 publish_us=330
info: event=launcher-painted latency_us=13703
info: event=launcher-results count=2 shown=2 publish_us=621
info: event=launcher-painted latency_us=9318
info: event=launcher-results count=2 shown=2 publish_us=982
info: event=launcher-painted latency_us=19701
info: event=popup-closed
info: event=popup-opened output=1
info: event=launcher-results count=2015 shown=200 publish_us=5422
info: event=launcher-results count=2015 shown=200 publish_us=8485
info: event=launcher-painted latency_us=22933
info: event=launcher-results count=2015 shown=200 publish_us=8670
info: event=launcher-painted latency_us=22232
info: event=launcher-results count=2015 shown=200 publish_us=9285
info: event=launcher-painted latency_us=23333
info: event=launcher-results count=2 shown=2 publish_us=4132
info: event=launcher-results count=2 shown=2 publish_us=430
info: event=launcher-results count=2 shown=2 publish_us=293
info: event=launcher-results count=2 shown=2 publish_us=405
info: event=launcher-painted latency_us=2533
info: event=launcher-results count=2 shown=2 publish_us=378
info: event=launcher-results count=2 shown=2 publish_us=347
info: event=launcher-results count=2 shown=2 publish_us=395
info: event=launcher-painted latency_us=6649
info: event=launcher-results count=2 shown=2 publish_us=929
info: event=launcher-painted latency_us=16455
info: event=popup-closed
info: event=popup-opened output=1
info: event=popup-closed
info: event=popup-opened output=2
info: event=popup-closed
info: event=popup-opened output=1
info: event=popup-closed
info: event=desktop-action status=rejected detail=unavailable
info: event=app-index-ready entries=2010 truncated=false
info: event=popup-opened output=2
info: event=launcher-results count=2016 shown=200 publish_us=5988
info: event=launcher-results count=2016 shown=200 publish_us=7423
info: event=launcher-painted latency_us=21773
info: event=launcher-results count=2016 shown=200 publish_us=8472
info: event=launcher-painted latency_us=26066
info: event=launcher-results count=5 shown=5 publish_us=4311
info: event=launcher-results count=1 shown=1 publish_us=590
info: event=launcher-painted latency_us=5342
info: event=launcher-results count=1 shown=1 publish_us=1632
info: event=launcher-results count=1 shown=1 publish_us=335
info: event=launcher-results count=1 shown=1 publish_us=405
info: event=launcher-results count=1 shown=1 publish_us=377
info: event=launcher-painted latency_us=4875
info: event=launcher-results count=1 shown=1 publish_us=391
info: event=launcher-results count=1 shown=1 publish_us=302
info: event=launcher-results count=1 shown=1 publish_us=268
info: event=launcher-results count=1 shown=1 publish_us=352
info: event=launcher-painted latency_us=5158
info: event=launcher-results count=1 shown=1 publish_us=457
info: event=launcher-results count=1 shown=1 publish_us=368
info: event=launcher-results count=1 shown=1 publish_us=267
info: event=launcher-results count=1 shown=1 publish_us=384
info: event=launcher-painted latency_us=4663
info: event=launcher-results count=1 shown=1 publish_us=467
info: event=launcher-results count=1 shown=1 publish_us=296
info: event=launcher-results count=1 shown=1 publish_us=268
info: event=launcher-painted latency_us=8325
info: event=launcher-results count=1 shown=1 publish_us=1121
info: event=launcher-painted latency_us=1840
info: event=launcher-results count=1 shown=1 publish_us=672
info: event=launcher-painted latency_us=13355
info: event=launcher-results count=2016 shown=200 publish_us=4912
info: event=launcher-painted latency_us=24168
info: event=launcher-results count=5 shown=5 publish_us=2534
info: event=launcher-results count=1 shown=1 publish_us=657
info: event=launcher-painted latency_us=4073
info: event=launcher-results count=1 shown=1 publish_us=394
info: event=launcher-results count=1 shown=1 publish_us=353
info: event=launcher-results count=1 shown=1 publish_us=359
info: event=launcher-results count=1 shown=1 publish_us=373
info: event=launcher-painted latency_us=4133
info: event=launcher-results count=1 shown=1 publish_us=288
info: event=launcher-results count=1 shown=1 publish_us=321
info: event=launcher-results count=1 shown=1 publish_us=325
info: event=launcher-results count=1 shown=1 publish_us=293
info: event=launcher-painted latency_us=3687
info: event=launcher-results count=1 shown=1 publish_us=291
info: event=launcher-results count=1 shown=1 publish_us=290
info: event=launcher-results count=1 shown=1 publish_us=289
info: event=launcher-results count=1 shown=1 publish_us=304
info: event=launcher-painted latency_us=3294
info: event=launcher-results count=1 shown=1 publish_us=261
info: event=launcher-results count=1 shown=1 publish_us=302
info: event=launcher-results count=1 shown=1 publish_us=327
info: event=launcher-painted latency_us=7063
info: event=app-index-ready entries=2009 truncated=false
info: event=launcher-results count=0 shown=0 publish_us=2717
info: event=launcher-painted latency_us=18662
info: event=launcher-results count=0 shown=0 publish_us=311
info: event=launcher-painted latency_us=4334
info: event=launcher-results count=0 shown=0 publish_us=218
info: event=launcher-painted latency_us=3152
info: event=launcher-results count=0 shown=0 publish_us=811
info: event=launcher-painted latency_us=10842
info: event=launcher-results count=2015 shown=200 publish_us=5369
info: event=launcher-painted latency_us=23935
info: event=launcher-results count=2016 shown=200 publish_us=10237
info: event=launcher-painted latency_us=24323
info: event=launcher-results count=1 shown=1 publish_us=4629
info: event=launcher-painted latency_us=6008
info: event=launcher-results count=1 shown=1 publish_us=1586
info: event=launcher-results count=1 shown=1 publish_us=304
info: event=launcher-results count=1 shown=1 publish_us=328
info: event=launcher-painted latency_us=5979
info: event=launcher-results count=1 shown=1 publish_us=1565
info: event=launcher-results count=1 shown=1 publish_us=287
info: event=launcher-results count=1 shown=1 publish_us=299
info: event=launcher-results count=1 shown=1 publish_us=388
info: event=launcher-painted latency_us=5639
info: event=launcher-results count=1 shown=1 publish_us=1321
info: event=launcher-results count=1 shown=1 publish_us=298
info: event=launcher-painted latency_us=14244
info: event=launcher-results count=1 shown=1 publish_us=829
info: event=launcher-painted latency_us=10144
info: event=popup-closed
info: event=popup-opened output=2
info: event=launcher-results count=2015 shown=200 publish_us=5254
info: event=launcher-results count=2015 shown=200 publish_us=8165
info: event=launcher-painted latency_us=23344
info: event=launcher-results count=2015 shown=200 publish_us=9074
info: event=launcher-painted latency_us=29246
info: event=launcher-results count=2015 shown=200 publish_us=8599
info: event=launcher-painted latency_us=22823
info: event=launcher-results count=2014 shown=200 publish_us=9304
info: event=launcher-painted latency_us=23316
info: event=launcher-results count=2000 shown=200 publish_us=9469
info: event=launcher-results count=2000 shown=200 publish_us=7723
info: event=launcher-painted latency_us=20044
info: event=launcher-results count=2000 shown=200 publish_us=9505
info: event=launcher-painted latency_us=22993
info: event=popup-closed
info: event=popup-opened output=2
info: event=launcher-results count=2015 shown=200 publish_us=4829
info: event=launcher-results count=2015 shown=200 publish_us=6766
info: event=launcher-painted latency_us=19724
info: event=launcher-results count=2015 shown=200 publish_us=7080
info: event=launcher-painted latency_us=27304
info: event=launcher-results count=2015 shown=200 publish_us=7128
info: event=launcher-painted latency_us=19144
info: event=launcher-results count=2014 shown=200 publish_us=10137
info: event=launcher-painted latency_us=24567
info: event=launcher-results count=2000 shown=200 publish_us=10855
info: event=launcher-painted latency_us=24433
info: event=launcher-results count=2000 shown=200 publish_us=10410
info: event=launcher-painted latency_us=23424
info: event=popup-closed
info: event=popup-opened output=1
info: event=launcher-results count=2015 shown=200 publish_us=6178
info: event=launcher-results count=2015 shown=200 publish_us=7754
info: event=launcher-painted latency_us=22573
info: event=popup-closed
info: event=popup-opened output=1
info: event=launcher-results count=2015 shown=200 publish_us=5653
info: event=launcher-results count=2015 shown=200 publish_us=6190
info: event=launcher-painted latency_us=18397
info: event=popup-closed
info: event=popup-opened output=1
info: event=launcher-results count=2015 shown=200 publish_us=6319
info: event=launcher-results count=2015 shown=200 publish_us=7875
info: event=launcher-painted latency_us=25566
info: event=popup-closed
info: event=popup-opened output=1
info: event=launcher-results count=2015 shown=200 publish_us=6687
info: event=launcher-results count=2015 shown=200 publish_us=7442
info: event=launcher-painted latency_us=21336
info: event=popup-closed
info: event=popup-opened output=1
info: event=launcher-results count=2015 shown=200 publish_us=5731
info: event=launcher-results count=2015 shown=200 publish_us=7712
info: event=launcher-painted latency_us=24688
info: event=popup-closed
info: event=popup-opened output=1
info: event=launcher-results count=2015 shown=200 publish_us=6009
info: event=launcher-results count=2015 shown=200 publish_us=6782
info: event=launcher-painted latency_us=19260
info: event=popup-closed
info: event=popup-opened output=1
info: event=launcher-results count=2015 shown=200 publish_us=5255
info: event=launcher-painted latency_us=18433
info: event=launcher-results count=2015 shown=200 publish_us=7795
info: event=popup-closed
info: event=popup-opened output=1
info: event=launcher-results count=2015 shown=200 publish_us=5615
info: event=launcher-results count=2015 shown=200 publish_us=7360
info: event=launcher-painted latency_us=20320
info: event=popup-closed
info: event=popup-opened output=1
info: event=launcher-results count=2015 shown=200 publish_us=5283
info: event=popup-closed
info: event=popup-opened output=1
info: event=popup-closed
info: event=popup-opened output=1
info: event=launcher-results count=2015 shown=200 publish_us=6910
info: event=popup-closed
info: event=popup-opened output=1
info: event=launcher-results count=2015 shown=200 publish_us=5796
info: event=popup-closed
info: event=popup-opened output=1
info: event=launcher-results count=2015 shown=200 publish_us=5734
info: event=popup-closed
info: event=popup-opened output=1
info: event=launcher-results count=2015 shown=200 publish_us=6145
info: event=popup-closed
info: event=popup-opened output=1
info: event=launcher-results count=2015 shown=200 publish_us=5565
info: event=popup-closed
info(pearl): event=stopping reason=control-quit pending=false
info(pearl): event=aqueous-availability state=stopped
info(pearl): event=cleanup pending=false watched_objects=0
info(pearl): event=stopped
