info(pearl): event=aqueous-availability state=connecting
info(pearl): event=ready mode=session
info(pearl): event=aqueous-availability state=subscribing
info(pearl): event=aqueous-availability state=ready
info: event=output-mapped id=2 connector=HEADLESS-1 scale=2
info: event=output-mapped id=1 connector=HEADLESS-2 scale=1
info(pearl): event=control-ready session=a2f585079a4f49b141ec1d617fc91992
info: event=app-index-ready entries=2009 truncated=false
info: event=popup-opened output=1
info: event=launcher-results count=2015 shown=200 publish_us=9132
info: event=launcher-results count=2015 shown=200 publish_us=6859
info: event=launcher-results count=2015 shown=200 publish_us=7263
info: event=launcher-painted latency_us=21523
info: event=launcher-results count=2015 shown=200 publish_us=8797
info: event=preferences-applied revision=0 mode=static cache=false
info: event=launcher-painted latency_us=24526
info: event=launcher-results count=2015 shown=200 publish_us=18747
info: event=launcher-painted latency_us=30212
info: event=launcher-results count=1 shown=1 publish_us=3036
info: event=launcher-painted latency_us=19944
info: event=launcher-results count=1 shown=1 publish_us=287
info: event=launcher-painted latency_us=13215
info: event=popup-closed
info: event=popup-opened output=1
info(pearl): event=stopping reason=control-quit pending=false
info: event=popup-closed
info(pearl): event=aqueous-availability state=stopped
info(pearl): event=cleanup pending=false watched_objects=0
info(pearl): event=stopped
