info(pearl): event=aqueous-availability state=connecting
info(pearl): event=ready mode=session
info(pearl): event=aqueous-availability state=subscribing
info(pearl): event=aqueous-availability state=ready
info: event=output-mapped id=1 connector=HEADLESS-2 scale=1
info: event=output-mapped id=2 connector=HEADLESS-1 scale=1
info(pearl): event=settings-backend-ready session=d80a66cb52810917a6dc5aaccc907593
info(pearl): event=control-ready session=d80a66cb52810917a6dc5aaccc907593
info: event=app-index-ready entries=160 truncated=false
info: event=preferences-applied revision=0 mode=static cache=false
info: event=wallpaper-applications-applied generation=2 elapsed_us=2241 success=true
info: event=preferences-applied revision=1 mode=static cache=false
info: event=wallpaper-applications-applied generation=3 elapsed_us=1517 success=true
info: event=preferences-error detail=GeneratorFailed
info: event=preferences-error detail=InvalidPalette
info: event=preferences-error detail=GeneratorOutputTooLarge
info: event=preferences-error detail=GeneratorFailed
info: event=preferences-applied revision=2 mode=dynamic cache=false
info: event=wallpaper-applications-applied generation=11 elapsed_us=33537 success=true
info: event=preferences-error detail=Conflict
info: event=preferences-applied revision=3 mode=static cache=false
info: event=wallpaper-applications-applied generation=13 elapsed_us=1581 success=true
info(pearl): event=stopping reason=control-quit pending=false
info(pearl): event=aqueous-availability state=stopped
info(pearl): event=cleanup pending=false watched_objects=0
info(pearl): event=stopped
