info(pearl): event=aqueous-availability state=connecting
info(pearl): event=ready mode=session
info(pearl): event=aqueous-availability state=subscribing
info(pearl): event=aqueous-availability state=ready
info: event=output-mapped id=2 connector=HEADLESS-1 scale=2
info: event=output-mapped id=1 connector=HEADLESS-2 scale=1
info(pearl): event=control-ready session=bbe3f0051a1e01c55e9852e3711be6f4
info: event=app-index-ready entries=2009 truncated=false
info: event=popup-opened output=1
info: event=launcher-results count=2015 shown=200 publish_us=7183
info: event=launcher-results count=2015 shown=200 publish_us=6243
info: event=launcher-results count=2015 shown=200 publish_us=6125
info: event=launcher-painted latency_us=17846
info: event=launcher-results count=2015 shown=200 publish_us=9073
info: event=preferences-applied revision=0 mode=static cache=false
info: event=launcher-painted latency_us=21708
info: event=launcher-results count=1 shown=1 publish_us=3434
info: event=launcher-results count=1 shown=1 publish_us=245
info: event=launcher-results count=1 shown=1 publish_us=268
info: event=launcher-painted latency_us=4902
info: event=launcher-results count=1 shown=1 publish_us=1117
info: event=launcher-results count=1 shown=1 publish_us=244
info: event=launcher-painted latency_us=10735
info: event=launcher-results count=1 shown=1 publish_us=648
info: event=launcher-painted latency_us=3976
info: event=popup-closed
info: event=popup-opened output=1
info(pearl): event=stopping reason=control-quit pending=false
info: event=popup-closed
info(pearl): event=aqueous-availability state=stopped
info(pearl): event=cleanup pending=false watched_objects=0
info(pearl): event=stopped
