info: initializing Aqueous version aqueous 0.8.0 -xwayland
info: gpu-pin: scanout pinned to /dev/dri/card1 (connected monitor)
info(wlroots): [backend/backend.c:342] Loading user-specified backends due to WLR_BACKENDS: headless
info(wlroots): [backend/headless/backend.c:60] Creating headless backend
info(wlroots): [util/env.c:25] Loading WLR_RENDERER option: vulkan
info(wlroots): [render/vulkan/renderer.c:2766] The vulkan renderer is only experimental and not expected to be ready for daily use
info(wlroots): [render/vulkan/renderer.c:2768] Run with VK_INSTANCE_LAYERS=VK_LAYER_KHRONOS_validation to enable the validation layer
info(wlroots): [render/vulkan/vulkan.c:253] Vulkan device: 'NVIDIA GeForce RTX 5090'
info(wlroots): [render/vulkan/vulkan.c:254]   Device type: 'discrete'
info(wlroots): [render/vulkan/vulkan.c:255]   Supported API version: 1.4.351
info(wlroots): [render/vulkan/vulkan.c:256]   Driver version: 615.284.576
info(wlroots): [render/vulkan/vulkan.c:344]   Driver name: NVIDIA (615.71.09)
info(wlroots): [render/vulkan/vulkan.c:364] Found matching Vulkan physical device: NVIDIA GeForce RTX 5090
info: Vulkan rounded effects pipeline initialized
info: Vulkan backdrop-blur pipeline initialized
info: Vulkan effects context: device=NVIDIA GeForce RTX 5090 api=1.4.351 queue-family=0 rgba16f(sampled=true,color=true) bgra8(sampled=true,color=true) linear=true sync(fence=true,wlroots-timeline=true) physical-features(anisotropy=true,timeline=true,sync2=true) timestamps=true period-ns=1
info(xdg): default mode=client
info: gpu-pin: device=10de:2b85 pci=0000_01_00_0 driver=nvidia -> vk=MESA_VK_DEVICE_SELECT=10de:2b85 gl=__GLX_VENDOR_LIBRARY_NAME=nvidia prime=null offload=null
info(aqueous): policy mode=internal layout=floating
info(input): cursor theme=default size=24
info(drm_lease): DRM leasing unavailable (no usable lease device)
info: raised file descriptor limit of the river process to 4096
info(wlroots): [backend/headless/backend.c:17] Starting headless backend
info(ipc): protocol=1 listening on /tmp/pearl-dev-v8yrsrog/run/aqueous/36e161062972617302247a8f4d5ca6b6/ipc.sock
info(output_service): output protocol=1 listening on /tmp/pearl-dev-v8yrsrog/run/aqueous/outputd.sock
info: running init executable 'printenv WAYLAND_DISPLAY > "$XDG_RUNTIME_DIR/display"; printenv AQUEOUS_SOCKET > "$XDG_RUNTIME_DIR/endpoint"'
info: running server
info: Vulkan rounded effects draw count=1 texture=1 rect=0 normal=1 swapchain=0 explicit-sync=0
info: ignoring xdg-activation-v1 activate request of layer_surface surface
info: ignoring xdg-activation-v1 activate request of layer_surface surface
info: ignoring xdg-activation-v1 activate request of layer_surface surface
info(aqueous): configuration reloaded layout=floating
info: ignoring xdg-activation-v1 activate request of layer_surface surface
info(aqueous): configuration reloaded layout=floating
info(aqueous): configuration reloaded layout=floating
info: ignoring xdg-activation-v1 activate request of layer_surface surface
info: ignoring xdg-activation-v1 activate request of layer_surface surface
info: ignoring xdg-activation-v1 activate request of layer_surface surface
info: ignoring xdg-activation-v1 activate request of layer_surface surface
info(output): applying output configuration
info: ignoring xdg-activation-v1 activate request of layer_surface surface
info(output): applying output configuration
error(wm): timeout occurred, some imperfect frames may be shown
error(wm): timeout occurred, some imperfect frames may be shown
info: Vulkan rounded effects draw count=1000 texture=531 rect=469 normal=992 swapchain=8 explicit-sync=0
info: Vulkan rounded effects draw count=2000 texture=1031 rect=969 normal=1992 swapchain=8 explicit-sync=0
info: Vulkan rounded effects draw count=3000 texture=1531 rect=1469 normal=2992 swapchain=8 explicit-sync=0
info: Vulkan rounded effects draw count=4000 texture=2031 rect=1969 normal=3992 swapchain=8 explicit-sync=0
info: ignoring xdg-activation-v1 activate request of layer_surface surface
info: Vulkan rounded effects draw count=5000 texture=2531 rect=2469 normal=4992 swapchain=8 explicit-sync=0
info: Vulkan rounded effects draw count=6000 texture=3031 rect=2969 normal=5992 swapchain=8 explicit-sync=0
info: Vulkan rounded effects draw count=7000 texture=3531 rect=3469 normal=6992 swapchain=8 explicit-sync=0
info: ignoring xdg-activation-v1 activate request of layer_surface surface
info: Vulkan rounded effects draw count=8000 texture=4031 rect=3969 normal=7992 swapchain=8 explicit-sync=0
info: Vulkan rounded effects draw count=9000 texture=4531 rect=4469 normal=8992 swapchain=8 explicit-sync=0
info: Vulkan rounded effects draw count=10000 texture=5031 rect=4969 normal=9992 swapchain=8 explicit-sync=0
info: Vulkan rounded effects draw count=11000 texture=5531 rect=5469 normal=10992 swapchain=8 explicit-sync=0
info: ignoring xdg-activation-v1 activate request of layer_surface surface
info(output): applying output configuration
thread 199337 panic: reached unreachable code
/usr/lib/zig/std/debug.zig:420:14: 0x1484c63 in assert (aqueous)
    if (!ok) unreachable; // assertion failure
             ^
/home/zoey/Pearl/.cache/aqueous-activity-production/source/compositor/aqueous/OutputManager.zig:575:52: 0x148460b in validateConfigCoordinates (aqueous)
        var proposed: Output.State = .fromHeadState(&head.state);
                                                   ^
/home/zoey/Pearl/.cache/aqueous-activity-production/source/compositor/aqueous/OutputManager.zig:478:35: 0x1484fa2 in handleManagerApply (aqueous)
    if (!validateConfigCoordinates(config)) {
                                  ^
???:?:?: 0x7f734b83cda1 in ??? (/usr/lib/libwayland-server.so.0)
../source/types/wlr_output_management_v1.c:473:2: 0x7f734b782329 in config_handle_apply (../source/types/wlr_output_management_v1.c)
???:?:?: 0x7f734ae43ab5 in ??? (/usr/lib/libffi.so.8)
???:?:?: 0x7f734ae3ef08 in ??? (/usr/lib/libffi.so.8)
???:?:?: 0x7f734ae427e5 in ??? (/usr/lib/libffi.so.8)
???:?:?: 0x7f734b83a37f in ??? (/usr/lib/libwayland-server.so.0)
???:?:?: 0x7f734b8416e7 in ??? (/usr/lib/libwayland-server.so.0)
???:?:?: 0x7f734b83f701 in ??? (/usr/lib/libwayland-server.so.0)
???:?:?: 0x7f734b841d66 in ??? (/usr/lib/libwayland-server.so.0)
/home/zoey/Pearl/.cache/aqueous-activity-production/source/compositor/.zig-cache/o/400320ba40c38ac3896de7dbd8a67ecb/wayland.zig:16902:42: 0x1399010 in run (aqueous)
                ffi.server.wl_display_run(_server);
                                         ^
/usr/lib/zig/std/start.zig:699:88: 0x1326a42 in callMain (aqueous)
    if (fn_info.params[0].type.? == std.process.Init.Minimal) return wrapMain(root.main(.{
                                                                                       ^
???:?:?: 0x7f734b027c8d in ??? (/usr/lib/libc.so.6)
???:?:?: 0x7f734b027dca in ??? (/usr/lib/libc.so.6)
???:?:?: 0x1324814 in ??? (???)
