info(pearl): event=aqueous-availability state=connecting
info(pearl): event=ready mode=session
info: event=blur-capability available=false
info(pearl): event=aqueous-availability state=subscribing
info(pearl): event=aqueous-availability state=ready
info: event=output-mapped id=1 connector=HEADLESS-2 scale=1
info: event=output-mapped id=2 connector=HEADLESS-1 scale=1
info(pearl): event=settings-backend-ready session=617b1d95e478c4571e5aadc8780f55f2
info(pearl): event=control-ready session=617b1d95e478c4571e5aadc8780f55f2
info: event=app-index-ready entries=160 truncated=false
info: event=settings-launch activation_context=true
info: event=preferences-applied revision=0 mode=static cache=false
info: event=settings-instance-ready session=617b1d95e478c4571e5aadc8780f55f2
info: event=settings-page page=overview
info: event=settings-page page=aqueous
info: event=settings-window-created app_id=org.aqueous.Pearl.Settings
info: event=settings-page page=aqueous
info: event=preferences-applied revision=1 mode=static cache=false
info: event=settings-launch activation_context=true
info: event=settings-forward activation_context=true
info: event=settings-activation activation_context=true
info: event=settings-page page=aqueous
info: event=settings-launch activation_context=true
info: event=settings-forward activation_context=true
info: event=settings-activation activation_context=true
info: event=settings-page page=aqueous
info: event=settings-launch activation_context=true
info: event=settings-forward activation_context=true
info: event=settings-activation activation_context=true
info: event=settings-page page=aqueous
info: event=settings-launch activation_context=true
info: event=settings-forward activation_context=true
info: event=settings-activation activation_context=true
info: event=settings-page page=aqueous
info: event=settings-launch activation_context=true
info: event=settings-forward activation_context=true
info: event=settings-activation activation_context=true
info: event=settings-page page=aqueous
info: event=popup-opened output=1
info: event=preferences-applied revision=2 mode=static cache=false
info: event=popup-closed
info: event=settings-launch activation_context=true
info: event=settings-forward activation_context=true
info: event=settings-activation activation_context=true
info: event=settings-page page=aqueous
info: event=settings-launch activation_context=true
info: event=settings-forward activation_context=true
info: event=settings-activation activation_context=true
info: event=settings-page page=aqueous
info: event=settings-launch activation_context=true
info: event=settings-forward activation_context=true
info: event=settings-activation activation_context=true
info: event=settings-page page=aqueous
info: event=settings-launch activation_context=true
info: event=settings-forward activation_context=true
info: event=settings-activation activation_context=true
info: event=settings-page page=aqueous
info: event=settings-launch activation_context=true
info: event=settings-forward activation_context=true
info: event=settings-activation activation_context=true
info: event=settings-page page=aqueous
info: event=popup-opened output=1
info: event=preferences-applied revision=3 mode=gtk cache=false
info: event=popup-closed
info: event=settings-launch activation_context=true
info: event=settings-forward activation_context=true
info: event=settings-activation activation_context=true
info: event=settings-page page=aqueous
info: event=settings-launch activation_context=true
info: event=settings-forward activation_context=true
info: event=settings-activation activation_context=true
info: event=settings-page page=aqueous
info: event=settings-launch activation_context=true
info: event=settings-forward activation_context=true
info: event=settings-activation activation_context=true
info: event=settings-page page=aqueous
info: event=settings-launch activation_context=true
info: event=settings-forward activation_context=true
info: event=settings-activation activation_context=true
info: event=settings-page page=aqueous
info: event=settings-launch activation_context=true
info: event=settings-forward activation_context=true
info: event=settings-activation activation_context=true
info: event=settings-page page=aqueous
info: event=popup-opened output=1
info: event=preferences-applied revision=4 mode=static cache=false
info: event=popup-closed
info: event=settings-launch activation_context=true
info: event=settings-forward activation_context=true
info: event=settings-activation activation_context=true
info: event=settings-page page=aqueous
info: event=settings-launch activation_context=true
info: event=settings-forward activation_context=true
info: event=settings-activation activation_context=true
info: event=settings-page page=aqueous
info: event=settings-launch activation_context=true
info: event=settings-forward activation_context=true
info: event=settings-activation activation_context=true
info: event=settings-page page=aqueous
info: event=settings-launch activation_context=true
info: event=settings-forward activation_context=true
info: event=settings-activation activation_context=true
info: event=settings-page page=aqueous
info: event=settings-launch activation_context=true
info: event=settings-forward activation_context=true
info: event=settings-activation activation_context=true
info: event=settings-page page=aqueous
info: event=popup-opened output=1
info: event=popup-closed
info: event=settings-launch activation_context=true
info: event=settings-forward activation_context=true
info: event=settings-activation activation_context=true
info: event=settings-page page=overview
info: event=settings-launch activation_context=true
info: event=settings-forward activation_context=true
info: event=settings-activation activation_context=true
info: event=settings-page page=appearance
info: event=settings-launch activation_context=true
info: event=settings-forward activation_context=true
info: event=settings-activation activation_context=true
info: event=settings-page page=network
info: event=settings-launch activation_context=true
info: event=settings-forward activation_context=true
info: event=settings-activation activation_context=true
info: event=settings-page page=bluetooth
info: event=settings-launch activation_context=true
info: event=settings-forward activation_context=true
info: event=settings-activation activation_context=true
info: event=settings-page page=sound
info: event=settings-launch activation_context=true
info: event=settings-forward activation_context=true
info: event=settings-activation activation_context=true
info: event=settings-page page=power
info: event=settings-launch activation_context=true
info: event=settings-forward activation_context=true
info: event=settings-activation activation_context=true
info: event=settings-page page=bar
info: event=settings-launch activation_context=true
info: event=settings-forward activation_context=true
info: event=settings-activation activation_context=true
info: event=settings-page page=notifications
info: event=settings-launch activation_context=true
info: event=settings-forward activation_context=true
info: event=settings-activation activation_context=true
info: event=settings-page page=session
info: event=settings-launch activation_context=true
info: event=settings-forward activation_context=true
info: event=settings-activation activation_context=true
info: event=settings-page page=aqueous
info: event=settings-launch activation_context=true
info: event=settings-forward activation_context=true
info: event=settings-activation activation_context=true
info: event=settings-page page=advanced
info: event=settings-launch activation_context=true
info: event=settings-forward activation_context=true
info: event=settings-activation activation_context=true
info: event=settings-page page=aqueous
info: event=preferences-applied revision=5 mode=static cache=false
info: event=settings-launch activation_context=true
info: event=settings-instance-ready session=617b1d95e478c4571e5aadc8780f55f2
info: event=settings-page page=overview
info: event=settings-page page=aqueous
info: event=settings-window-created app_id=org.aqueous.Pearl.Settings
info: event=settings-page page=aqueous
info: event=preferences-applied revision=6 mode=static cache=false
info: event=settings-launch activation_context=true
info: event=settings-forward activation_context=true
info: event=settings-activation activation_context=true
info: event=settings-page page=aqueous
info: event=preferences-applied revision=7 mode=static cache=false
info: event=settings-launch activation_context=true
info: event=settings-forward activation_context=true
info: event=settings-activation activation_context=true
info: event=settings-page page=aqueous
info: event=preferences-applied revision=8 mode=static cache=false
info: event=settings-launch activation_context=true
info: event=settings-forward activation_context=true
info: event=settings-activation activation_context=true
info: event=settings-page page=aqueous
info: event=settings-launch activation_context=true
info: event=settings-forward activation_context=true
info: event=settings-activation activation_context=true
info: event=settings-page page=aqueous
info: event=settings-launch activation_context=true
info: event=settings-forward activation_context=true
info: event=settings-activation activation_context=true
info: event=settings-page page=aqueous
info: event=settings-launch activation_context=true
info: event=settings-forward activation_context=true
info: event=settings-activation activation_context=true
info: event=settings-page page=aqueous
info: event=settings-launch activation_context=true
info: event=settings-forward activation_context=true
info: event=settings-activation activation_context=true
info: event=settings-page page=aqueous
info(pearl): event=stopping reason=control-quit pending=false
info(pearl): event=aqueous-availability state=stopped
info(pearl): event=cleanup pending=false watched_objects=0
info(pearl): event=stopped
