[  0%] Built target darklycommon5_autogen_timestamp_deps
[  0%] Built target darklycommon6_autogen_timestamp_deps
[  1%] Automatic MOC for target darklycommon5
[  2%] Automatic MOC for target darklycommon6
[  2%] Built target darklycommon5_autogen
[  2%] Built target darklycommon6_autogen
[  4%] Building CXX object libdarklycommon6/CMakeFiles/darklycommon6.dir/darklycommon6_autogen/mocs_compilation.cpp.o
[  4%] Building CXX object libdarklycommon6/CMakeFiles/darklycommon6.dir/darklyboxshadowrenderer.cpp.o
[  5%] Building CXX object libdarklycommon5/CMakeFiles/darklycommon5.dir/darklycommon5_autogen/mocs_compilation.cpp.o
[  6%] Building CXX object libdarklycommon5/CMakeFiles/darklycommon5.dir/darklyboxshadowrenderer.cpp.o
[  7%] Built target darklycommon5
[  7%] Built target darkly5_autogen_timestamp_deps
[  8%] Automatic MOC for target darkly5
[  8%] Built target darkly5_autogen
[  8%] Generating darklysettings.h, darklysettings.cpp
[  9%] Generating darklystyleconfigdata.h, darklystyleconfigdata.cpp
[ 10%] Building CXX object kstyle5/CMakeFiles/darkly5.dir/darkly5_autogen/mocs_compilation.cpp.o
[ 11%] Building CXX object kstyle5/CMakeFiles/darkly5.dir/animations/darklybusyindicatorengine.cpp.o
[ 12%] Building CXX object kstyle5/CMakeFiles/darkly5.dir/animations/darklybaseengine.cpp.o
[ 15%] Building CXX object kstyle5/CMakeFiles/darkly5.dir/animations/darklyanimationdata.cpp.o
[ 15%] Building CXX object kstyle5/CMakeFiles/darkly5.dir/animations/darklyanimations.cpp.o
[ 16%] Building CXX object kstyle5/CMakeFiles/darkly5.dir/animations/darklyanimation.cpp.o
[ 16%] Building CXX object kstyle5/CMakeFiles/darkly5.dir/animations/darklybusyindicatordata.cpp.o
[ 17%] Built target darklycommon6
[ 18%] Building CXX object kstyle5/CMakeFiles/darkly5.dir/animations/darklydialdata.cpp.o
[ 19%] Building CXX object kstyle5/CMakeFiles/darkly5.dir/animations/darklydialengine.cpp.o
[ 20%] Building CXX object kstyle5/CMakeFiles/darkly5.dir/animations/darklyenabledata.cpp.o
[ 21%] Building CXX object kstyle5/CMakeFiles/darkly5.dir/animations/darklygenericdata.cpp.o
[ 22%] Building CXX object kstyle5/CMakeFiles/darkly5.dir/animations/darklyheaderviewdata.cpp.o
[ 23%] Building CXX object kstyle5/CMakeFiles/darkly5.dir/animations/darklyheaderviewengine.cpp.o
[ 23%] Built target darkly6_autogen_timestamp_deps
[ 24%] Building CXX object kstyle5/CMakeFiles/darkly5.dir/animations/darklyscrollbardata.cpp.o
[ 24%] Building CXX object kstyle5/CMakeFiles/darkly5.dir/animations/darklyscrollbarengine.cpp.o
[ 25%] Building CXX object kstyle5/CMakeFiles/darkly5.dir/animations/darklyspinboxengine.cpp.o
[ 26%] Automatic MOC for target darkly6
[ 27%] Building CXX object kstyle5/CMakeFiles/darkly5.dir/animations/darklyspinboxdata.cpp.o
[ 28%] Building CXX object kstyle5/CMakeFiles/darkly5.dir/animations/darklystackedwidgetdata.cpp.o
[ 29%] Building CXX object kstyle5/CMakeFiles/darkly5.dir/animations/darklystackedwidgetengine.cpp.o
[ 29%] Built target darkly6_autogen
[ 30%] Building CXX object kstyle5/CMakeFiles/darkly5.dir/animations/darklytabbarengine.cpp.o
[ 31%] Generating darklystyleconfigdata.h, darklystyleconfigdata.cpp
[ 32%] Generating darklysettings.h, darklysettings.cpp
[ 33%] Building CXX object kstyle6/CMakeFiles/darkly6.dir/darkly6_autogen/mocs_compilation.cpp.o
[ 34%] Building CXX object kstyle5/CMakeFiles/darkly5.dir/animations/darklytabbardata.cpp.o
[ 35%] Building CXX object kstyle6/CMakeFiles/darkly6.dir/animations/darklyanimation.cpp.o
[ 36%] Building CXX object kstyle5/CMakeFiles/darkly5.dir/animations/darklytoolboxengine.cpp.o
[ 36%] Building CXX object kstyle6/CMakeFiles/darkly6.dir/animations/darklyanimations.cpp.o
[ 37%] Building CXX object kstyle5/CMakeFiles/darkly5.dir/animations/darklytransitiondata.cpp.o
[ 38%] Building CXX object kstyle6/CMakeFiles/darkly6.dir/animations/darklyanimationdata.cpp.o
[ 39%] Building CXX object kstyle6/CMakeFiles/darkly6.dir/animations/darklybaseengine.cpp.o
[ 40%] Building CXX object kstyle6/CMakeFiles/darkly6.dir/animations/darklybusyindicatordata.cpp.o
[ 41%] Building CXX object kstyle6/CMakeFiles/darkly6.dir/animations/darklybusyindicatorengine.cpp.o
[ 42%] Building CXX object kstyle6/CMakeFiles/darkly6.dir/animations/darklydialdata.cpp.o
[ 43%] Building CXX object kstyle5/CMakeFiles/darkly5.dir/animations/darklytransitionwidget.cpp.o
[ 44%] Building CXX object kstyle6/CMakeFiles/darkly6.dir/animations/darklydialengine.cpp.o
[ 45%] Building CXX object kstyle6/CMakeFiles/darkly6.dir/animations/darklyenabledata.cpp.o
[ 46%] Building CXX object kstyle6/CMakeFiles/darkly6.dir/animations/darklygenericdata.cpp.o
[ 47%] Building CXX object kstyle5/CMakeFiles/darkly5.dir/animations/darklywidgetstateengine.cpp.o
[ 48%] Building CXX object kstyle5/CMakeFiles/darkly5.dir/animations/darklywidgetstatedata.cpp.o
[ 50%] Building CXX object kstyle5/CMakeFiles/darkly5.dir/debug/darklywidgetexplorer.cpp.o
[ 51%] Building CXX object kstyle5/CMakeFiles/darkly5.dir/darklyaddeventfilter.cpp.o
[ 52%] Building CXX object kstyle5/CMakeFiles/darkly5.dir/darklyblurhelper.cpp.o
[ 53%] Building CXX object kstyle5/CMakeFiles/darkly5.dir/darklyframeshadow.cpp.o
[ 54%] Building CXX object kstyle5/CMakeFiles/darkly5.dir/darklyhelper.cpp.o
[ 55%] Building CXX object kstyle5/CMakeFiles/darkly5.dir/darklymdiwindowshadow.cpp.o
[ 55%] Building CXX object kstyle5/CMakeFiles/darkly5.dir/darklymnemonics.cpp.o
[ 56%] Building CXX object kstyle5/CMakeFiles/darkly5.dir/darklypropertynames.cpp.o
[ 57%] Building CXX object kstyle5/CMakeFiles/darkly5.dir/darklyshadowhelper.cpp.o
[ 58%] Building CXX object kstyle5/CMakeFiles/darkly5.dir/darklysplitterproxy.cpp.o
[ 59%] Building CXX object kstyle6/CMakeFiles/darkly6.dir/animations/darklyheaderviewdata.cpp.o
[ 60%] Building CXX object kstyle5/CMakeFiles/darkly5.dir/darklystyle.cpp.o
[ 61%] Building CXX object kstyle6/CMakeFiles/darkly6.dir/animations/darklyheaderviewengine.cpp.o
[ 62%] Building CXX object kstyle6/CMakeFiles/darkly6.dir/animations/darklyscrollbardata.cpp.o
[ 63%] Building CXX object kstyle6/CMakeFiles/darkly6.dir/animations/darklyscrollbarengine.cpp.o
[ 64%] Building CXX object kstyle5/CMakeFiles/darkly5.dir/darklystyleplugin.cpp.o
[ 65%] Building CXX object kstyle6/CMakeFiles/darkly6.dir/animations/darklyspinboxengine.cpp.o
[ 66%] Building CXX object kstyle5/CMakeFiles/darkly5.dir/darklytileset.cpp.o
[ 67%] Building CXX object kstyle5/CMakeFiles/darkly5.dir/darklywindowmanager.cpp.o
[ 68%] Building CXX object kstyle5/CMakeFiles/darkly5.dir/darklytoolsareamanager.cpp.o
[ 69%] Building CXX object kstyle6/CMakeFiles/darkly6.dir/animations/darklyspinboxdata.cpp.o
[ 70%] Building CXX object kstyle6/CMakeFiles/darkly6.dir/animations/darklystackedwidgetdata.cpp.o
[ 71%] Building CXX object kstyle6/CMakeFiles/darkly6.dir/animations/darklystackedwidgetengine.cpp.o
[ 72%] Building CXX object kstyle5/CMakeFiles/darkly5.dir/darklysettings.cpp.o
[ 73%] Building CXX object kstyle5/CMakeFiles/darkly5.dir/darklystyleconfigdata.cpp.o
[ 73%] Building CXX object kstyle6/CMakeFiles/darkly6.dir/animations/darklytabbarengine.cpp.o
[ 74%] Building CXX object kstyle6/CMakeFiles/darkly6.dir/animations/darklytabbardata.cpp.o
[ 75%] Building CXX object kstyle6/CMakeFiles/darkly6.dir/animations/darklytoolboxengine.cpp.o
[ 76%] Building CXX object kstyle6/CMakeFiles/darkly6.dir/animations/darklytransitiondata.cpp.o
[ 77%] Building CXX object kstyle6/CMakeFiles/darkly6.dir/animations/darklytransitionwidget.cpp.o
[ 78%] Building CXX object kstyle6/CMakeFiles/darkly6.dir/animations/darklywidgetstateengine.cpp.o
/home/zoey/Pearl/.cache/qtengine/darkly-source/kstyle/darklystyle.cpp: In member function ‘bool Darkly::Style::drawTabBarTabShapeControl(const QStyleOption*, QPainter*, const QWidget*) const’:
/home/zoey/Pearl/.cache/qtengine/darkly-source/kstyle/darklystyle.cpp:7512:32: warning: ‘side’ may be used uninitialized [-Wmaybe-uninitialized]
 7512 |                     rect.adjust(0, side == SideTop ? -3 : 0, 0, side == SideBottom ? 3 : 0);
      |                     ~~~~~~~~~~~^~~~~~~~~~~~~~~~~~~~~~~~~~~~~~~~~~~~~~~~~~~~~~~~~~~~~~~~~~~~
/home/zoey/Pearl/.cache/qtengine/darkly-source/kstyle/darklystyle.cpp:7277:10: note: ‘side’ was declared here
 7277 |     Side side;
      |          ^~~~
[ 79%] Building CXX object kstyle6/CMakeFiles/darkly6.dir/animations/darklywidgetstatedata.cpp.o
[ 80%] Building CXX object kstyle6/CMakeFiles/darkly6.dir/debug/darklywidgetexplorer.cpp.o
[ 81%] Building CXX object kstyle6/CMakeFiles/darkly6.dir/darklyblurhelper.cpp.o
[ 82%] Building CXX object kstyle6/CMakeFiles/darkly6.dir/darklyaddeventfilter.cpp.o
[ 83%] Building CXX object kstyle6/CMakeFiles/darkly6.dir/darklyframeshadow.cpp.o
[ 84%] Building CXX object kstyle6/CMakeFiles/darkly6.dir/darklyhelper.cpp.o
[ 85%] Building CXX object kstyle6/CMakeFiles/darkly6.dir/darklymdiwindowshadow.cpp.o
[ 86%] Building CXX object kstyle6/CMakeFiles/darkly6.dir/darklymnemonics.cpp.o
[ 87%] Building CXX object kstyle6/CMakeFiles/darkly6.dir/darklypropertynames.cpp.o
[ 88%] Building CXX object kstyle6/CMakeFiles/darkly6.dir/darklyshadowhelper.cpp.o
[ 89%] Linking CXX shared module ../bin/darkly5.so
[ 90%] Built target darkly5
[ 91%] Building CXX object kstyle6/CMakeFiles/darkly6.dir/darklysplitterproxy.cpp.o
[ 92%] Building CXX object kstyle6/CMakeFiles/darkly6.dir/darklystyle.cpp.o
[ 92%] Building CXX object kstyle6/CMakeFiles/darkly6.dir/darklystyleplugin.cpp.o
[ 93%] Building CXX object kstyle6/CMakeFiles/darkly6.dir/darklytileset.cpp.o
[ 94%] Building CXX object kstyle6/CMakeFiles/darkly6.dir/darklywindowmanager.cpp.o
[ 95%] Building CXX object kstyle6/CMakeFiles/darkly6.dir/darklytoolsareamanager.cpp.o
[ 96%] Building CXX object kstyle6/CMakeFiles/darkly6.dir/darklysettings.cpp.o
[ 97%] Building CXX object kstyle6/CMakeFiles/darkly6.dir/darklystyleconfigdata.cpp.o
/home/zoey/Pearl/.cache/qtengine/darkly-source/kstyle/darklystyle.cpp: In member function ‘bool Darkly::Style::drawTabBarTabShapeControl(const QStyleOption*, QPainter*, const QWidget*) const’:
/home/zoey/Pearl/.cache/qtengine/darkly-source/kstyle/darklystyle.cpp:7512:32: warning: ‘side’ may be used uninitialized [-Wmaybe-uninitialized]
 7512 |                     rect.adjust(0, side == SideTop ? -3 : 0, 0, side == SideBottom ? 3 : 0);
      |                     ~~~~~~~~~~~^~~~~~~~~~~~~~~~~~~~~~~~~~~~~~~~~~~~~~~~~~~~~~~~~~~~~~~~~~~~
/home/zoey/Pearl/.cache/qtengine/darkly-source/kstyle/darklystyle.cpp:7277:10: note: ‘side’ was declared here
 7277 |     Side side;
      |          ^~~~
[ 98%] Linking CXX shared module ../bin/darkly6.so
[100%] Built target darkly6
