info(pearl): event=aqueous-availability state=connecting
info(pearl): event=ready mode=session
info: event=blur-capability available=false
info(pearl): event=aqueous-availability state=subscribing
info(pearl): event=aqueous-availability state=ready
info: event=output-mapped id=1 connector=HEADLESS-2 scale=1
info: event=output-mapped id=2 connector=HEADLESS-1 scale=1
info(pearl): event=settings-backend-ready session=20ac6670b128807f5c7e81d973ebf163
info(pearl): event=control-ready session=20ac6670b128807f5c7e81d973ebf163
info: event=app-index-ready entries=160 truncated=false
info: event=preferences-applied revision=0 mode=static cache=false
info: event=preferences-applied revision=1 mode=package cache=false
info: event=preferences-applied revision=2 mode=package cache=false
info: event=preferences-applied revision=3 mode=package cache=false
info: event=preferences-error detail=ThemeCatalogChanged
info: event=preferences-applied revision=4 mode=package cache=false
info: event=preferences-applied revision=5 mode=package cache=false
info: event=preferences-applied revision=6 mode=package cache=false
info: event=preferences-applied revision=7 mode=package cache=false
info: event=preferences-applied revision=8 mode=package cache=false
info: event=preferences-applied revision=9 mode=package cache=false
info: event=preferences-applied revision=10 mode=package cache=false
info: event=preferences-applied revision=11 mode=package cache=false
info: event=preferences-applied revision=12 mode=package cache=false
info: event=preferences-applied revision=13 mode=package cache=false
info: event=preferences-applied revision=14 mode=package cache=false
info: event=preferences-applied revision=15 mode=package cache=false
info: event=preferences-applied revision=16 mode=package cache=false
info: event=preferences-applied revision=17 mode=package cache=false
info: event=preferences-applied revision=18 mode=package cache=false
info: event=preferences-applied revision=19 mode=package cache=false
info: event=preferences-applied revision=20 mode=package cache=false
info: event=preferences-applied revision=21 mode=package cache=false
info(pearl): event=stopping reason=signal pending=false
info(pearl): event=aqueous-availability state=stopped
info(pearl): event=cleanup pending=false watched_objects=0
info(pearl): event=stopped
