ts=2026-10-08T18:50:58Z pid=367477 info(platform): event=background-effect-owner owner=gtk gtk=4.24.1
ts=2026-10-08T18:50:58Z pid=367477 info(platform): event=blur-capability available=false
ts=2026-10-08T18:50:58Z pid=367477 info(pearl): event=aqueous-availability state=connecting
ts=2026-10-08T18:50:58Z pid=367477 info(pearl): event=ready mode=session
ts=2026-10-08T18:50:58Z pid=367477 info(desktop): event=app-index-ready entries=166 truncated=false
ts=2026-10-08T18:50:58Z pid=367477 info(ui): event=popup-close-reason reason=bar-inhibited
ts=2026-10-08T18:50:58Z pid=367477 info(pearl): event=aqueous-availability state=subscribing
ts=2026-10-08T18:50:58Z pid=367477 info(ui): event=popup-close-reason reason=bar-inhibited
ts=2026-10-08T18:50:58Z pid=367477 info(ui): event=popup-close-reason reason=bar-inhibited
ts=2026-10-08T18:50:58Z pid=367477 info(pearl): event=aqueous-availability state=ready
ts=2026-10-08T18:50:58Z pid=367477 info(ui): event=output-mapped id=1 connector=HEADLESS-2 scale=1
ts=2026-10-08T18:50:58Z pid=367477 info(ui): event=output-mapped id=2 connector=HEADLESS-1 scale=1
ts=2026-10-08T18:50:58Z pid=367477 info(pearl): event=settings-backend-ready session_hash=68c5fe3b50653f67
ts=2026-10-08T18:50:58Z pid=367477 info(pearl): event=control-ready session_hash=68c5fe3b50653f67
ts=2026-10-08T18:50:58Z pid=367477 info(config): event=preferences-applied revision=0 mode=static cache=false
ts=2026-10-08T18:50:58Z pid=367477 info(config): event=wallpaper-applications-applied generation=2 elapsed_us=2133 success=true
ts=2026-10-08T18:51:02Z pid=367477 info(config): event=preferences-applied revision=1 mode=static cache=false
ts=2026-10-08T18:51:03Z pid=367477 info(config): event=wallpaper-applications-applied generation=3 elapsed_us=170055 success=true
ts=2026-10-08T18:51:03Z pid=367477 info(desktop): event=app-index-ready entries=166 truncated=false
ts=2026-10-08T18:51:07Z pid=367477 info(config): event=preferences-applied revision=2 mode=static cache=false
ts=2026-10-08T18:51:07Z pid=367477 info(config): event=wallpaper-applications-applied generation=6 elapsed_us=29008 success=true
ts=2026-10-08T18:51:08Z pid=367477 info(config): event=preferences-applied revision=3 mode=static cache=false
ts=2026-10-08T18:51:08Z pid=367477 info(config): event=wallpaper-applications-applied generation=8 elapsed_us=152173 success=false
ts=2026-10-08T18:51:09Z pid=367477 info(pearl): event=stopping reason=signal pending=false
ts=2026-10-08T18:51:09Z pid=367477 info(pearl): event=aqueous-availability state=stopped
ts=2026-10-08T18:51:09Z pid=367477 info(pearl): event=cleanup pending=false watched_objects=0
ts=2026-10-08T18:51:09Z pid=367477 info(pearl): event=stopped
