info(pearl): event=aqueous-availability state=connecting
info(pearl): event=ready mode=session
info(pearl): event=aqueous-availability state=subscribing
info(pearl): event=aqueous-availability state=ready
info: event=output-mapped id=2 connector=HEADLESS-1 scale=2
info: event=output-mapped id=1 connector=HEADLESS-2 scale=1
info(pearl): event=settings-backend-ready session=5ec9df060d15e32cb2f02d279e1c1638
info(pearl): event=control-ready session=5ec9df060d15e32cb2f02d279e1c1638
info: event=app-index-ready entries=2009 truncated=false
info: event=popup-opened output=1
info: event=launcher-results count=2015 shown=200 publish_us=8582
info: event=launcher-painted latency_us=22482
info: event=launcher-results count=2015 shown=200 publish_us=9370
info: event=launcher-painted latency_us=30619
info: event=launcher-results count=2015 shown=200 publish_us=8589
info: event=launcher-painted latency_us=22529
info: event=preferences-applied revision=0 mode=static cache=false
info: event=launcher-results count=1 shown=1 publish_us=5885
info: event=launcher-results count=1 shown=1 publish_us=464
info: event=launcher-results count=1 shown=1 publish_us=368
info: event=launcher-painted latency_us=5215
info: event=launcher-results count=1 shown=1 publish_us=466
info: event=launcher-painted latency_us=13022
info: event=popup-closed
info: event=popup-opened output=1
info(pearl): event=stopping reason=control-quit pending=false
info: event=popup-closed
info(pearl): event=aqueous-availability state=stopped
info(pearl): event=cleanup pending=false watched_objects=0
info(pearl): event=stopped
