info(pearl): event=aqueous-availability state=connecting
info(pearl): event=ready mode=session
info: event=app-index-ready entries=0 truncated=false
info(pearl): event=aqueous-availability state=subscribing
info(pearl): event=aqueous-availability state=ready
info: event=output-mapped id=2 connector=HEADLESS-1 scale=2
info: event=output-mapped id=1 connector=HEADLESS-2 scale=1
info(pearl): event=settings-backend-ready session=5ec9df060d15e32cb2f02d279e1c1638
info(pearl): event=control-ready session=5ec9df060d15e32cb2f02d279e1c1638
info: event=popup-opened output=1
info: event=launcher-results count=7 shown=7 publish_us=3432
info: event=launcher-results count=7 shown=7 publish_us=270
info: event=launcher-results count=7 shown=7 publish_us=262
info: event=launcher-painted latency_us=9434
info: event=launcher-results count=4 shown=4 publish_us=397
info: event=launcher-results count=1 shown=1 publish_us=168
info: event=launcher-results count=1 shown=1 publish_us=114
info: event=launcher-results count=0 shown=0 publish_us=46
info: event=preferences-applied revision=0 mode=static cache=false
info: event=launcher-results count=0 shown=0 publish_us=179
info: event=launcher-painted latency_us=800
info: event=launcher-results count=0 shown=0 publish_us=630
info: event=launcher-results count=0 shown=0 publish_us=27
info: event=launcher-results count=0 shown=0 publish_us=32
info: event=launcher-results count=0 shown=0 publish_us=31
info: event=launcher-painted latency_us=3090
info: event=launcher-results count=0 shown=0 publish_us=59
info: event=launcher-results count=0 shown=0 publish_us=30
info: event=launcher-results count=0 shown=0 publish_us=66
info: event=launcher-results count=0 shown=0 publish_us=30
info: event=launcher-painted latency_us=2985
info: event=launcher-results count=0 shown=0 publish_us=31
info: event=launcher-results count=0 shown=0 publish_us=25
info: event=launcher-results count=0 shown=0 publish_us=27
info: event=launcher-results count=0 shown=0 publish_us=69
info: event=launcher-painted latency_us=3479
info: event=launcher-results count=0 shown=0 publish_us=30
info: event=launcher-results count=0 shown=0 publish_us=47
info: event=launcher-painted latency_us=11437
info: event=launcher-results count=0 shown=0 publish_us=30
info: event=launcher-painted latency_us=6302
info(pearl): event=stopping reason=control-quit pending=false
info: event=popup-closed
info(pearl): event=aqueous-availability state=stopped
info(pearl): event=cleanup pending=false watched_objects=0
info(pearl): event=stopped
