info: event=blur-capability available=false
info(pearl): event=aqueous-availability state=connecting
info(pearl): event=ready mode=session
info: event=app-index-ready entries=0 truncated=false
info(pearl): event=aqueous-availability state=subscribing
info(pearl): event=aqueous-availability state=ready
info: event=output-mapped id=1 connector=HEADLESS-2 scale=1
info: event=output-mapped id=2 connector=HEADLESS-1 scale=1
info(pearl): event=settings-backend-ready session=81adf77c03acde4bbf776d27d80e4d85
info(pearl): event=control-ready session=81adf77c03acde4bbf776d27d80e4d85
info: event=preferences-applied revision=1 mode=static cache=false
info: event=wallpaper-applications-applied generation=2 elapsed_us=2144 success=true
info: event=popup-opened output=1
info: event=launcher-results count=0 shown=0 publish_us=3058
info: event=launcher-results count=0 shown=0 publish_us=17
info: event=launcher-results count=0 shown=0 publish_us=33
info: event=launcher-painted latency_us=1235
info: event=launcher-results count=0 shown=0 publish_us=20
info: event=launcher-results count=0 shown=0 publish_us=29
info: event=launcher-results count=0 shown=0 publish_us=37
info: event=launcher-painted latency_us=3980
info: event=launcher-results count=0 shown=0 publish_us=23
info: event=launcher-results count=0 shown=0 publish_us=27
info: event=launcher-results count=0 shown=0 publish_us=23
info: event=launcher-results count=0 shown=0 publish_us=22
info: event=launcher-painted latency_us=3519
info: event=launcher-results count=0 shown=0 publish_us=27
info: event=launcher-results count=1 shown=1 publish_us=126
info: event=launcher-results count=1 shown=1 publish_us=109
info: event=launcher-results count=1 shown=1 publish_us=143
info: event=launcher-painted latency_us=7267
info: event=popup-closed
info: event=popup-opened output=1
info: event=launcher-results count=0 shown=0 publish_us=1256
info: event=launcher-results count=0 shown=0 publish_us=23
info: event=launcher-painted latency_us=11035
info(pearl): event=aqueous-availability state=reconnecting
warning(pearl): event=aqueous-disconnected reason=Eof
Gdk-Message: 13:42:18.046: Error flushing display: Broken pipe
