info: event=blur-capability available=false
info(pearl): event=aqueous-availability state=connecting
info(pearl): event=ready mode=session
info(pearl): event=aqueous-availability state=subscribing
info(pearl): event=aqueous-availability state=ready
info: event=output-mapped id=1 connector=HEADLESS-2 scale=1
info: event=output-mapped id=2 connector=HEADLESS-1 scale=1
info(pearl): event=settings-backend-ready session=81adf77c03acde4bbf776d27d80e4d85
info(pearl): event=control-ready session=81adf77c03acde4bbf776d27d80e4d85
info: event=app-index-ready entries=2001 truncated=false
info: event=preferences-applied revision=1 mode=static cache=false
info: event=wallpaper-applications-applied generation=2 elapsed_us=2052 success=true
info: event=popup-opened output=1
info: event=launcher-results count=2001 shown=200 publish_us=8483
info: event=launcher-painted latency_us=22762
info: event=launcher-results count=0 shown=0 publish_us=474
info: event=launcher-results count=0 shown=0 publish_us=51
info: event=launcher-results count=0 shown=0 publish_us=15
info: event=launcher-results count=0 shown=0 publish_us=11
info: event=launcher-results count=0 shown=0 publish_us=18
info: event=launcher-painted latency_us=3955
info: event=launcher-results count=0 shown=0 publish_us=30
info: event=launcher-results count=0 shown=0 publish_us=26
info: event=launcher-results count=0 shown=0 publish_us=16
info: event=launcher-results count=0 shown=0 publish_us=10
info: event=launcher-painted latency_us=3487
info: event=launcher-results count=1 shown=1 publish_us=81
info: event=launcher-results count=1 shown=1 publish_us=122
info: event=launcher-painted latency_us=13825
info(pearl): event=stopping reason=control-quit pending=false
info: event=popup-closed
info(pearl): event=aqueous-availability state=stopped
info(pearl): event=cleanup pending=false watched_objects=0
info(pearl): event=stopped
