ts=2026-09-30T17:25:45Z pid=842203 info(platform): event=blur-capability available=false
ts=2026-09-30T17:25:45Z pid=842203 info(pearl): event=aqueous-availability state=connecting
ts=2026-09-30T17:25:45Z pid=842203 info(pearl): event=ready mode=session
ts=2026-09-30T17:25:45Z pid=842203 info(ui): event=popup-close-reason reason=bar-inhibited
ts=2026-09-30T17:25:45Z pid=842203 info(pearl): event=aqueous-availability state=subscribing
ts=2026-09-30T17:25:45Z pid=842203 info(ui): event=popup-close-reason reason=bar-inhibited
ts=2026-09-30T17:25:45Z pid=842203 info(ui): event=popup-close-reason reason=bar-inhibited
ts=2026-09-30T17:25:45Z pid=842203 info(ui): event=popup-close-reason reason=bar-inhibited
ts=2026-09-30T17:25:45Z pid=842203 info(pearl): event=aqueous-availability state=ready
ts=2026-09-30T17:25:45Z pid=842203 info(ui): event=output-mapped id=1 connector=HEADLESS-2 scale=1
ts=2026-09-30T17:25:45Z pid=842203 info(ui): event=output-mapped id=2 connector=HEADLESS-1 scale=1
ts=2026-09-30T17:25:45Z pid=842203 info(pearl): event=settings-backend-ready session_hash=570a03b7689341a2
ts=2026-09-30T17:25:45Z pid=842203 info(pearl): event=control-ready session_hash=570a03b7689341a2
ts=2026-09-30T17:25:45Z pid=842203 info(desktop): event=app-index-ready entries=174 truncated=false
ts=2026-09-30T17:25:46Z pid=842203 info(config): event=preferences-applied revision=0 mode=static cache=false
ts=2026-09-30T17:25:46Z pid=842203 info(config): event=wallpaper-applications-applied generation=2 elapsed_us=2724 success=true
ts=2026-09-30T17:25:49Z pid=842203 info(pearl): event=stopping reason=control-quit pending=false
ts=2026-09-30T17:25:49Z pid=842203 info(pearl): event=aqueous-availability state=stopped
ts=2026-09-30T17:25:49Z pid=842203 info(pearl): event=cleanup pending=false watched_objects=0
ts=2026-09-30T17:25:49Z pid=842203 info(pearl): event=stopped
