info: event=blur-capability available=false
info(pearl): event=aqueous-availability state=connecting
info(pearl): event=ready mode=session
info(pearl): event=aqueous-availability state=subscribing
info(pearl): event=aqueous-availability state=ready
info: event=output-mapped id=1 connector=HEADLESS-2 scale=1
info: event=output-mapped id=2 connector=HEADLESS-1 scale=1
info(pearl): event=settings-backend-ready session=63aee179046bacbfc48ea26d4912857f
info(pearl): event=control-ready session=63aee179046bacbfc48ea26d4912857f
info: event=app-index-ready entries=161 truncated=false
info: event=popup-opened output=1
info: event=launcher-results count=114 shown=114 publish_us=8286
info: event=launcher-results count=114 shown=114 publish_us=3812
info: event=launcher-painted latency_us=24691
info: event=launcher-results count=114 shown=114 publish_us=5802
info: event=preferences-applied revision=0 mode=static cache=false
info: event=launcher-results count=114 shown=114 publish_us=4560
info: event=launcher-painted latency_us=17836
info: event=launcher-results count=161 shown=161 publish_us=6708
info: event=launcher-results count=39 shown=39 publish_us=3729
info: event=launcher-results count=6 shown=6 publish_us=1086
info: event=launcher-results count=5 shown=5 publish_us=458
info: event=launcher-painted latency_us=5579
info: event=launcher-results count=3 shown=3 publish_us=389
info: event=launcher-results count=3 shown=3 publish_us=431
info: event=launcher-results count=3 shown=3 publish_us=617
info: event=launcher-results count=3 shown=3 publish_us=302
info: event=launcher-painted latency_us=4956
info: event=launcher-results count=3 shown=3 publish_us=637
info: event=launcher-results count=2 shown=2 publish_us=346
info: event=launcher-results count=2 shown=2 publish_us=250
info: event=launcher-results count=2 shown=2 publish_us=230
info: event=launcher-painted latency_us=3496
info: event=launcher-results count=2 shown=2 publish_us=191
info: event=launcher-results count=2 shown=2 publish_us=202
info: event=launcher-results count=2 shown=2 publish_us=758
info: event=launcher-painted latency_us=6017
info: event=launcher-results count=2 shown=2 publish_us=573
info: event=launcher-results count=2 shown=2 publish_us=2077
info: event=launcher-results count=2 shown=2 publish_us=242
info: event=launcher-painted latency_us=8035
info: event=launcher-results count=2 shown=2 publish_us=761
info: event=launcher-painted latency_us=15697
info: event=application-launch accepted=true action=false
info: event=popup-closed
{"pearl":1,"id":"1","ok":true,"result":{"launched":true}}
info: event=settings-launch activation_context=true
info: event=settings-instance-ready session=63aee179046bacbfc48ea26d4912857f
info: event=settings-page page=overview
info: event=settings-page page=overview
info: event=settings-window-created app_id=org.aqueous.Pearl.Settings
info: event=settings-page page=overview
info: event=preferences-applied revision=1 mode=static cache=false
info: event=settings-launch activation_context=true
info: event=settings-instance-ready session=63aee179046bacbfc48ea26d4912857f
info: event=settings-page page=overview
info: event=settings-page page=sound
info: event=settings-window-created app_id=org.aqueous.Pearl.Settings
info: event=settings-page page=sound
info(pearl): event=stopping reason=signal pending=false
info(pearl): event=aqueous-availability state=stopped
info(pearl): event=cleanup pending=false watched_objects=0
info(pearl): event=stopped
