info(pearl): event=aqueous-availability state=connecting
info(pearl): event=ready mode=session
info: event=blur-capability available=false
info(pearl): event=aqueous-availability state=subscribing
info(pearl): event=aqueous-availability state=ready
info: event=output-mapped id=1 connector=HEADLESS-2 scale=1
info: event=output-mapped id=2 connector=HEADLESS-1 scale=1
info(pearl): event=settings-backend-ready session=63aee179046bacbfc48ea26d4912857f
info(pearl): event=control-ready session=63aee179046bacbfc48ea26d4912857f
info: event=app-index-ready entries=161 truncated=false
info: event=settings-launch activation_context=true
info: event=settings-instance-ready session=63aee179046bacbfc48ea26d4912857f
info: event=settings-page page=overview
info: event=settings-page page=overview
info: event=settings-window-created app_id=org.aqueous.Pearl.Settings
info: event=settings-page page=overview
info: event=settings-launch activation_context=true
info: event=settings-forward activation_context=true
info: event=settings-activation activation_context=true
info: event=settings-page page=appearance
info: event=preferences-applied revision=1 mode=static cache=false
info: event=settings-launch activation_context=true
info: event=settings-forward activation_context=true
info: event=settings-activation activation_context=true
info: event=settings-page page=network
info: event=settings-launch activation_context=true
info: event=settings-forward activation_context=true
info: event=settings-activation activation_context=true
info: event=settings-page page=bluetooth
info: event=settings-launch activation_context=true
info: event=settings-forward activation_context=true
info: event=settings-activation activation_context=true
info: event=settings-page page=sound
info: event=settings-launch activation_context=true
info: event=settings-forward activation_context=true
info: event=settings-activation activation_context=true
info: event=settings-page page=power
info: event=settings-launch activation_context=true
info: event=settings-forward activation_context=true
info: event=settings-activation activation_context=true
info: event=settings-page page=bar
info: event=settings-launch activation_context=true
info: event=settings-forward activation_context=true
info: event=settings-activation activation_context=true
info: event=settings-page page=notifications
info: event=settings-launch activation_context=true
info: event=settings-forward activation_context=true
info: event=settings-activation activation_context=true
info: event=settings-page page=session
info: event=settings-launch activation_context=true
info: event=settings-forward activation_context=true
info: event=settings-activation activation_context=true
info: event=settings-page page=advanced
info: event=settings-launch activation_context=true
info: event=settings-forward activation_context=true
info: event=settings-activation activation_context=true
info: event=settings-page page=aqueous
info: event=settings-launch activation_context=true
info: event=settings-forward activation_context=true
info: event=settings-activation activation_context=true
info: event=settings-page page=aqueous
info: event=settings-launch activation_context=true
info: event=settings-forward activation_context=true
info: event=settings-activation activation_context=true
info: event=settings-page page=aqueous
info: event=popup-opened output=1
info: event=settings-focus target=body
info: event=popup-closed
info: event=settings-launch activation_context=true
info: event=settings-forward activation_context=true
info: event=settings-activation activation_context=true
info: event=popup-opened output=1
info: event=settings-focus target=body
info: event=settings-focus target=heading
info: event=settings-page page=aqueous
info: event=settings-focus target=body
info: event=settings-focus target=section-chooser
info: event=settings-focus target=body
info: event=settings-focus target=body
info: event=settings-focus target=body
info: event=settings-focus target=body
info: event=settings-focus target=body
info: event=settings-focus target=body
info: event=settings-focus target=body
info: event=settings-focus target=body
info: event=settings-focus target=body
info: event=settings-focus target=body
info: event=settings-focus target=body
info: event=settings-focus target=body
info: event=settings-focus target=body
info: event=settings-focus target=body
info: event=settings-focus target=body
info: event=settings-focus target=body
info: event=settings-focus target=body
info: event=settings-focus target=body
info: event=settings-focus target=body
info: event=settings-focus target=body
info: event=settings-focus target=body
info: event=settings-focus target=body
info: event=settings-focus target=body
info: event=settings-focus target=body
info: event=settings-focus target=body
info: event=settings-focus target=body
info: event=settings-focus target=body
info: event=settings-focus target=body
info: event=settings-focus target=body
info: event=settings-focus target=body
info: event=settings-focus target=body
info: event=settings-focus target=body
info: event=settings-focus target=body
info: event=settings-focus target=body
info: event=settings-focus target=body
info: event=settings-focus target=body
info: event=settings-focus target=body
info: event=settings-focus target=body
info: event=settings-focus target=body
info: event=settings-focus target=body
info: event=settings-focus target=body
info: event=settings-focus target=body
info: event=settings-focus target=body
info: event=settings-focus target=body
info: event=settings-focus target=body
info: event=settings-focus target=body
info: event=settings-focus target=body
info: event=settings-focus target=body
info: event=settings-focus target=body
info: event=popup-closed
info: event=settings-launch activation_context=true
info: event=settings-forward activation_context=true
info: event=settings-activation activation_context=true
info: event=settings-page page=overview
info: event=popup-opened output=1
info: event=connectivity-focus target=other
info: event=settings-focus target=body
info: event=connectivity-focus target=other
info: event=settings-focus target=heading
info: event=connectivity-focus target=other
info: event=settings-focus target=body
info: event=connectivity-focus target=other
info: event=settings-focus target=section-chooser
info: event=connectivity-focus target=other
info: event=settings-focus target=body
info: event=connectivity-focus target=other
info: event=settings-focus target=body
info: event=connectivity-focus target=other
info: event=settings-focus target=body
info: event=connectivity-focus target=net-expander
info: event=settings-focus target=body
info: event=connectivity-focus target=other
info: event=settings-focus target=body
info: event=popup-closed
info: event=settings-launch activation_context=true
info: event=settings-forward activation_context=true
info: event=settings-activation activation_context=true
info: event=settings-page page=network
info: event=popup-opened output=1
info: event=connectivity-focus target=other
info: event=settings-focus target=body
info: event=connectivity-focus target=other
info: event=settings-focus target=heading
info: event=connectivity-focus target=other
info: event=settings-focus target=body
info: event=connectivity-focus target=other
info: event=settings-focus target=section-chooser
info: event=connectivity-focus target=other
info: event=settings-focus target=body
info: event=connectivity-focus target=other
info: event=settings-focus target=body
info: event=connectivity-focus target=bt-expander
info: event=settings-focus target=body
info: event=connectivity-focus target=other
info: event=settings-focus target=body
info: event=popup-closed
info: event=settings-launch activation_context=true
info: event=settings-forward activation_context=true
info: event=settings-activation activation_context=true
info: event=settings-page page=bluetooth
info: event=popup-opened output=1
info: event=settings-focus target=body
info: event=settings-focus target=heading
info: event=settings-focus target=body
info: event=settings-focus target=section-chooser
info: event=settings-focus target=body
info: event=settings-focus target=body
info: event=settings-focus target=body
info: event=settings-focus target=body
info: event=popup-closed
info: event=settings-launch activation_context=true
info: event=settings-forward activation_context=true
info: event=settings-activation activation_context=true
info: event=settings-page page=sound
info: event=popup-opened output=1
info: event=services-focus target=other
info: event=settings-focus target=body
info: event=services-focus target=other
info: event=settings-focus target=heading
info: event=services-focus target=other
info: event=settings-focus target=body
info: event=services-focus target=other
info: event=settings-focus target=section-chooser
info: event=services-focus target=other
info: event=settings-focus target=body
info: event=services-focus target=other
info: event=settings-focus target=body
info: event=services-focus target=other
info: event=settings-focus target=body
info: event=services-focus target=other
info: event=settings-focus target=body
info: event=services-focus target=other
info: event=settings-focus target=body
info: event=services-focus target=other
info: event=settings-focus target=body
info: event=services-focus target=other
info: event=settings-focus target=body
info: event=services-focus target=other
info: event=settings-focus target=body
info: event=services-focus target=other
info: event=settings-focus target=body
info: event=services-focus target=other
info: event=settings-focus target=body
info: event=popup-closed
info: event=settings-launch activation_context=true
info: event=settings-forward activation_context=true
info: event=settings-activation activation_context=true
info: event=settings-page page=power
info: event=settings-launch activation_context=true
info: event=settings-instance-ready session=63aee179046bacbfc48ea26d4912857f
info: event=settings-page page=overview
info: event=settings-page page=appearance
info: event=settings-window-created app_id=org.aqueous.Pearl.Settings
info: event=settings-page page=appearance
info: event=popup-opened output=1
info: event=settings-focus target=body
info: event=popup-closed
info: event=popup-opened output=1
info: event=connectivity-focus target=other
info: event=settings-focus target=body
info: event=connectivity-focus target=other
info: event=settings-focus target=heading
info: event=connectivity-focus target=other
info: event=settings-focus target=body
info: event=connectivity-focus target=other
info: event=settings-focus target=section-chooser
info: event=connectivity-focus target=other
info: event=settings-focus target=body
info: event=connectivity-focus target=other
info: event=settings-focus target=body
info: event=connectivity-focus target=other
info: event=settings-focus target=body
info: event=connectivity-focus target=net-expander
info: event=settings-focus target=body
info: event=connectivity-focus target=other
info: event=settings-focus target=body
info: event=popup-closed
info: event=popup-opened output=1
info: event=services-focus target=other
info: event=settings-focus target=body
info: event=services-focus target=other
info: event=settings-focus target=heading
info: event=services-focus target=other
info: event=settings-focus target=body
info: event=services-focus target=other
info: event=settings-focus target=section-chooser
info: event=services-focus target=other
info: event=settings-focus target=body
info: event=services-focus target=other
info: event=settings-focus target=body
info: event=services-focus target=other
info: event=settings-focus target=body
info: event=services-focus target=other
info: event=settings-focus target=body
info: event=services-focus target=other
info: event=settings-focus target=body
info: event=services-focus target=other
info: event=settings-focus target=body
info: event=services-focus target=other
info: event=settings-focus target=body
info: event=services-focus target=other
info: event=settings-focus target=body
info: event=services-focus target=other
info: event=settings-focus target=body
info: event=services-focus target=other
info: event=settings-focus target=body
info: event=popup-closed
info: event=settings-launch activation_context=true
info: event=settings-instance-ready session=63aee179046bacbfc48ea26d4912857f
info: event=settings-page page=overview
info: event=settings-page page=overview
info: event=settings-window-created app_id=org.aqueous.Pearl.Settings
info: event=settings-page page=overview
info(pearl): event=stopping reason=control-quit pending=false
info: event=settings-connection-unavailable error=Eof
info(pearl): event=aqueous-availability state=stopped
info(pearl): event=cleanup pending=false watched_objects=0
info(pearl): event=stopped
