info(pearl): event=aqueous-availability state=connecting
info(pearl): event=ready mode=session
info: event=app-index-ready entries=0 truncated=false
info(pearl): event=aqueous-availability state=subscribing
info(pearl): event=aqueous-availability state=ready
info: event=output-mapped id=2 connector=HEADLESS-1 scale=2
info: event=output-mapped id=1 connector=HEADLESS-2 scale=1
info(pearl): event=control-ready session=4f58a8370e9f0ad971034e5b62acd8a2
info: event=popup-opened output=1
info: event=launcher-results count=7 shown=7 publish_us=491
info: event=launcher-painted latency_us=6577
info: event=launcher-results count=7 shown=7 publish_us=474
info: event=launcher-results count=7 shown=7 publish_us=264
info: event=launcher-painted latency_us=15784
info: event=launcher-results count=4 shown=4 publish_us=410
info: event=launcher-results count=4 shown=4 publish_us=203
info: event=preferences-applied revision=0 mode=static cache=false
info: event=launcher-results count=4 shown=4 publish_us=338
info: event=launcher-results count=1 shown=1 publish_us=89
info: event=launcher-results count=0 shown=0 publish_us=69
info: event=launcher-painted latency_us=1483
info: event=launcher-results count=0 shown=0 publish_us=45
info: event=launcher-results count=0 shown=0 publish_us=41
info: event=launcher-results count=0 shown=0 publish_us=32
info: event=launcher-results count=0 shown=0 publish_us=23
info: event=launcher-painted latency_us=1290
info: event=launcher-results count=0 shown=0 publish_us=30
info: event=launcher-results count=0 shown=0 publish_us=29
info: event=launcher-results count=0 shown=0 publish_us=29
info: event=launcher-results count=0 shown=0 publish_us=31
info: event=launcher-painted latency_us=1156
info: event=launcher-results count=0 shown=0 publish_us=32
info: event=launcher-results count=0 shown=0 publish_us=29
info: event=launcher-results count=0 shown=0 publish_us=29
info: event=launcher-results count=0 shown=0 publish_us=25
info: event=launcher-painted latency_us=944
info: event=launcher-results count=0 shown=0 publish_us=26
info: event=launcher-results count=0 shown=0 publish_us=28
info: event=launcher-painted latency_us=9279
info: event=launcher-results count=0 shown=0 publish_us=101
info: event=launcher-painted latency_us=3928
info(pearl): event=stopping reason=control-quit pending=false
info: event=popup-closed
info(pearl): event=aqueous-availability state=stopped
info(pearl): event=cleanup pending=false watched_objects=0
info(pearl): event=stopped
