info(pearl): event=aqueous-availability state=connecting
info(pearl): event=ready mode=session
info: event=blur-capability available=false
info(pearl): event=aqueous-availability state=subscribing
info(pearl): event=aqueous-availability state=ready
info: event=output-mapped id=1 connector=HEADLESS-2 scale=1
info: event=output-mapped id=2 connector=HEADLESS-1 scale=1
info(pearl): event=settings-backend-ready session=460356089ce59f87bc331d7c2ad865c4
info(pearl): event=control-ready session=460356089ce59f87bc331d7c2ad865c4
info: event=app-index-ready entries=161 truncated=false
info: event=popup-opened output=1
info: event=launcher-results count=114 shown=114 publish_us=7514
info: event=launcher-painted latency_us=27003
info: event=launcher-results count=114 shown=114 publish_us=4758
info: event=launcher-painted latency_us=23094
info: event=launcher-results count=114 shown=114 publish_us=5827
info: event=launcher-painted latency_us=16076
info: event=preferences-applied revision=0 mode=static cache=false
info: event=launcher-results count=114 shown=114 publish_us=8009
info: event=launcher-painted latency_us=24747
info: event=launcher-results count=161 shown=161 publish_us=6527
info: event=launcher-results count=105 shown=105 publish_us=4915
info: event=launcher-painted latency_us=15039
info: event=launcher-results count=4 shown=4 publish_us=2523
info: event=launcher-results count=4 shown=4 publish_us=425
info: event=launcher-painted latency_us=3979
info: event=launcher-results count=4 shown=4 publish_us=454
info: event=launcher-results count=4 shown=4 publish_us=414
info: event=launcher-results count=4 shown=4 publish_us=438
info: event=launcher-results count=4 shown=4 publish_us=404
info: event=launcher-painted latency_us=3486
info: event=launcher-results count=4 shown=4 publish_us=384
info: event=launcher-results count=2 shown=2 publish_us=350
info: event=launcher-results count=2 shown=2 publish_us=271
info: event=launcher-results count=2 shown=2 publish_us=296
info: event=launcher-painted latency_us=3070
info: event=launcher-results count=2 shown=2 publish_us=315
info: event=launcher-results count=2 shown=2 publish_us=385
info: event=launcher-results count=2 shown=2 publish_us=362
info: event=launcher-results count=1 shown=1 publish_us=370
info: event=launcher-painted latency_us=2353
info: event=launcher-results count=1 shown=1 publish_us=298
info: event=launcher-results count=1 shown=1 publish_us=297
info: event=launcher-results count=1 shown=1 publish_us=314
info: event=launcher-results count=1 shown=1 publish_us=302
info: event=launcher-painted latency_us=1604
info: event=launcher-results count=1 shown=1 publish_us=305
info: event=launcher-results count=1 shown=1 publish_us=284
info: event=launcher-results count=1 shown=1 publish_us=349
info: event=launcher-results count=1 shown=1 publish_us=309
info: event=launcher-painted latency_us=1228
info: event=launcher-results count=1 shown=1 publish_us=316
info: event=launcher-results count=1 shown=1 publish_us=279
info: event=launcher-results count=1 shown=1 publish_us=286
info: event=launcher-results count=1 shown=1 publish_us=307
info: event=launcher-painted latency_us=866
info: event=launcher-results count=1 shown=1 publish_us=276
info: event=launcher-results count=1 shown=1 publish_us=262
info: event=launcher-results count=1 shown=1 publish_us=243
info: event=launcher-painted latency_us=4311
info: event=launcher-results count=1 shown=1 publish_us=883
info: event=launcher-painted latency_us=15044
info: event=launcher-results count=1 shown=1 publish_us=399
info: event=launcher-results count=1 shown=1 publish_us=1347
info: event=launcher-results count=1 shown=1 publish_us=239
info: event=launcher-painted latency_us=13060
info: event=launcher-results count=1 shown=1 publish_us=728
info: event=launcher-painted latency_us=9244
info: event=application-launch accepted=true action=false
info: event=popup-closed
info: event=settings-launch activation_context=true
info: event=settings-instance-ready session=460356089ce59f87bc331d7c2ad865c4
info: event=settings-page page=overview
info: event=settings-page page=overview
info: event=settings-window-created app_id=org.aqueous.Pearl.Settings
info: event=settings-page page=overview
info: event=preferences-applied revision=1 mode=static cache=false
info: event=settings-launch activation_context=true
info: event=settings-instance-ready session=460356089ce59f87bc331d7c2ad865c4
info: event=settings-page page=overview
info: event=settings-page page=sound
info: event=settings-window-created app_id=org.aqueous.Pearl.Settings
info: event=settings-page page=sound
info(pearl): event=stopping reason=signal pending=false
info(pearl): event=aqueous-availability state=stopped
info(pearl): event=cleanup pending=false watched_objects=0
info(pearl): event=stopped
