{
  "status": "passed",
  "checks": {
    "two-process-handshake-persistent-heartbeat-and-capability-gating": true,
    "cross-session-display-version-and-unimplemented-operation-denial": true,
    "duplicate-id-denied": true,
    "fragmented-frames-oversize-invalid-utf8-empty-frame": true,
    "partial-handshake-timeout": true,
    "eight-client-bound-and-disconnect-slot-reuse": true,
    "handshake-does-not-create-popup-or-change-flyout-routing": true,
    "backend-crash-eof-stale-socket-recovery-new-epoch-session-isolation": true,
    "graceful-endpoint-cleanup": true
  },
  "pearl_sha256": "9ebe8cd7aa914c8b3a24c3bb2d567456d216f07f5ca3aa34c6aa5bdf19998c09"
}
PASS bounded-full-document-invalid-and-empty-retention
PASS partial-transfer-and-digest-failure-never-mutate-draft
PASS shared-cas-and-canonical-operation-deduplication
PASS real-appearance-form-preserves-full-preference-document
PASS invalid-advanced-navigation-close-reopen-without-save
PASS explicit-apply-atomic-save-and-event-driven-theme-refresh
PASS normal-wallpaper-dialog-cancel-select-preview-and-save
PASS image-and-native-theme-failure-retain-draft-and-working-settings
PASS save-failure-retention-and-independent-export-error
PASS external-change-three-way-merge-and-overlapping-conflict
PASS in-flight-apply-cannot-clear-newer-equal-text-draft
PASS lock-denial-hidden-window-and-explicit-unlock-resume
PASS close-flush-reopen-and-explicit-discard
PASS real-light-native-and-narrow-large-text-controls
PASS backend-restart-and-close-failure-never-replay-local-candidate
S3: 15 groups passed
Traceback (most recent call last):
  File "/home/zoey/Pearl/tests/integration/test_settings_integration.py", line 174, in <module>
    if __name__=='__main__':main()
                            ~~~~^^
  File "/home/zoey/Pearl/tests/integration/test_settings_integration.py", line 65, in main
    wait_for(lambda:len(windows(ipc))==1,20)
    ~~~~~~~~^^^^^^^^^^^^^^^^^^^^^^^^^^^^^^^^
  File "/home/zoey/Pearl/scripts/pearl_session.py", line 23, in wait_for
    raise TimeoutError('private session condition timed out')
TimeoutError: private session condition timed out
{
  "status": "passed",
  "checks": {
    "wallpaper-picker-selection-cancel-save-and-parent-close": true,
    "wallpaper-picker-sets-cover-from-every-fit-mode": true,
    "defaults-atomic-save-and-live-popup-theme": true,
    "one-theme-updates-bars-popup-wallpaper-and-second-output-osd": true,
    "corrupt-external-config-and-stale-revision": true,
    "wallpapers-exceed-former-dimension-pixel-and-file-size-caps": true,
    "image-validation-fifo-rejection-and-dynamic-palette-cache": true,
    "missing-font-falls-back": true,
    "broken-gtk-css-cannot-replace-working-theme-or-config": true,
    "installed-gtk-theme-and-system-follow-without-material-css": true,
    "bar-reservation-conflict-is-rejected-before-saving": true,
    "per-connector-bar-and-popup-policies": true,
    "gtk-draft-survives-close-external-edit-and-three-way-merge": true,
    "opt-in-exports-ownership-backup-and-disable": true,
    "failed-save-retains-working-file": true,
    "legacy-migration-is-validated-and-only-written-on-apply": true,
    "large-preferences-preserved-with-bounded-control-status": true,
    "no-theme-work-at-idle": true,
    "restart-uses-last-good-without-overwriting-corruption": true,
    "generator-failure-malformed-output-bounds-and-deadline": true,
    "rapid-edits-cancel-obsolete-generator-and-coalesce-latest": true,
    "concurrent-disk-edit-blocks-save-before-atomic-replacement": true,
    "shutdown-cancels-worker-and-reaps-generator": true,
    "static-theme-and-last-good-recovery-without-matugen": true
  },
  "pearl_sha256": "cd4d2e7382a9a5c82e3f391e9f54cef266de54cc9034c4f98d6e76a344b1234e",
  "ctl_sha256": "a9027f08573e74304e2c49d6e6ebb8c1255effc817bb37d62dc1df6e701c43d6"
}
test-settings-integration
+- run python3 failure
error: process exited with error code 1
failed command: python3 tests/integration/test_settings_integration.py --pearl ./.zig-cache/o/e452b6da9f20aefdd998b3c87b56cc21/pearl-integration --production-pearl ./.zig-cache/o/f6369a3bf11e7a2f09b7f84e00cec10a/pearl --ctl ./.zig-cache/o/bc5fe3c4e912484b82b9c571450bbfb8/pearlctl --settings ./.zig-cache/o/5ff920a51533aab7c04e5d7cbc050985/pearl-settings-test --production-settings ./.zig-cache/o/979dc069306708c2eca83851cd6537c9/pearl-settings --spike ./.zig-cache/o/a477dd5dbe4e5da89bd37c7b238877f4/pearl-t00 --locker ./.zig-cache/o/c4d6a3a1fac5c98fa67fffcdb6c1dfb2/pearl-lock

Build Summary: 24/26 steps succeeded (1 failed)
test-settings-integration transitive failure
+- run python3 failure

error: the following build command failed with exit code 1:
.zig-cache/o/82a5cda6568c40297a7f61fc72768f65/build /usr/bin/zig /usr/lib/zig /home/zoey/Pearl .zig-cache .cache/zig --seed 0xac23e019 -Z27d8f7596c10b6a2 test-preferences test-settings-appearance test-settings-boundary test-settings-integration -Doptimize=ReleaseSafe -Dqt-themes=true
