Build Summary: 17/17 steps succeeded
install success
+- install pearl success
|  +- compile exe pearl ReleaseSafe native success 13s MaxRSS:359M
|     +- run pkg-config success 1ms
|     +- translate-c success 30ms MaxRSS:53M
|     +- run glib-compile-resources (pearl.gresource) success 2ms
|     +- options success
|     +- run exe zig-wayland-scanner (wayland.zig) success 94ms
|        +- compile exe zig-wayland-scanner Debug native success 463ms MaxRSS:203M
+- install pearl-lock success
|  +- compile exe pearl-lock ReleaseSafe native success 4s MaxRSS:239M
|     +- translate-c (reused)
|     +- run glib-compile-resources (pearl.gresource) (reused)
|     +- options cached
|     +- translate-c success 22ms MaxRSS:54M
+- install pearl-t00 success
|  +- compile exe pearl-t00 ReleaseSafe native success 8s MaxRSS:345M
|     +- run pkg-config (reused)
|     +- translate-c (reused)
+- install pearlctl success
   +- compile exe pearlctl ReleaseSafe native success 5s MaxRSS:243M

