info(pearl): event=aqueous-availability state=connecting
info(pearl): event=ready mode=session
info(pearl): event=aqueous-availability state=subscribing
info(pearl): event=aqueous-availability state=ready
info: event=output-mapped id=2 connector=HEADLESS-1 scale=2
info: event=output-mapped id=1 connector=HEADLESS-2 scale=1
info(pearl): event=settings-backend-ready session=8d4961b9720e4eb077af9e984552339e
info(pearl): event=control-ready session=8d4961b9720e4eb077af9e984552339e
info: event=app-index-ready entries=2009 truncated=false
info: event=popup-opened output=1
info: event=launcher-results count=2015 shown=200 publish_us=8683
info: event=launcher-results count=2015 shown=200 publish_us=7682
info: event=launcher-results count=2015 shown=200 publish_us=8439
info: event=launcher-painted latency_us=23014
info: event=launcher-results count=2015 shown=200 publish_us=8906
info: event=preferences-applied revision=0 mode=static cache=false
info: event=launcher-painted latency_us=23117
info: event=launcher-results count=1 shown=1 publish_us=5319
info: event=launcher-results count=1 shown=1 publish_us=311
info: event=launcher-results count=1 shown=1 publish_us=287
info: event=launcher-painted latency_us=7352
info: event=launcher-results count=1 shown=1 publish_us=374
info: event=launcher-painted latency_us=14441
info: event=launcher-results count=1 shown=1 publish_us=428
info: event=launcher-painted latency_us=11972
info: event=popup-closed
info: event=popup-opened output=1
info(pearl): event=stopping reason=control-quit pending=false
info: event=popup-closed
info(pearl): event=aqueous-availability state=stopped
info(pearl): event=cleanup pending=false watched_objects=0
info(pearl): event=stopped
