info(pearl): event=aqueous-availability state=connecting
info(pearl): event=ready mode=session
info(pearl): event=aqueous-availability state=subscribing
info(pearl): event=aqueous-availability state=ready
info: event=output-mapped id=1 connector=HEADLESS-2 scale=1
info: event=output-mapped id=2 connector=HEADLESS-1 scale=1.5
info(pearl): event=settings-backend-ready session=8d4961b9720e4eb077af9e984552339e
info(pearl): event=control-ready session=8d4961b9720e4eb077af9e984552339e
info: event=app-index-ready entries=2009 truncated=false
info: event=preferences-applied revision=0 mode=static cache=false
info: event=popup-opened output=1
info: event=launcher-results count=2008 shown=200 publish_us=9584
info: event=launcher-results count=2008 shown=200 publish_us=7144
info: event=launcher-painted latency_us=20396
info: event=launcher-results count=2008 shown=200 publish_us=6854
info: event=launcher-painted latency_us=27493
info: event=launcher-results count=3 shown=3 publish_us=2997
info: event=launcher-results count=0 shown=0 publish_us=327
info: event=launcher-painted latency_us=1716
info: event=launcher-results count=0 shown=0 publish_us=175
info: event=launcher-results count=0 shown=0 publish_us=409
info: event=launcher-results count=0 shown=0 publish_us=342
info: event=launcher-results count=0 shown=0 publish_us=204
info: event=launcher-painted latency_us=1162
info: event=launcher-results count=0 shown=0 publish_us=206
info: event=launcher-results count=0 shown=0 publish_us=173
info: event=launcher-results count=0 shown=0 publish_us=276
info: event=launcher-results count=0 shown=0 publish_us=167
info: event=launcher-painted latency_us=728
info: event=launcher-results count=0 shown=0 publish_us=158
info: event=launcher-results count=0 shown=0 publish_us=247
info: event=launcher-painted latency_us=8690
info: event=launcher-results count=0 shown=0 publish_us=648
info: event=launcher-painted latency_us=1852
info: event=launcher-results count=0 shown=0 publish_us=589
info: event=launcher-painted latency_us=13416
info: event=launcher-results count=2008 shown=200 publish_us=5361
info: event=launcher-painted latency_us=27493
info: event=launcher-results count=2009 shown=200 publish_us=8699
info: event=launcher-painted latency_us=22635
info: event=launcher-results count=2000 shown=200 publish_us=8626
info: event=launcher-results count=2000 shown=200 publish_us=7756
info: event=launcher-painted latency_us=21064
info: event=launcher-results count=2000 shown=200 publish_us=10062
info: event=launcher-painted latency_us=25856
info: event=launcher-results count=2000 shown=200 publish_us=8933
info: event=launcher-painted latency_us=23021
info: event=launcher-results count=2000 shown=200 publish_us=8832
info: event=launcher-painted latency_us=28029
info: event=launcher-results count=2000 shown=200 publish_us=8269
info: event=launcher-painted latency_us=21213
info: event=launcher-results count=2000 shown=200 publish_us=10632
info: event=launcher-painted latency_us=23603
info: event=launcher-results count=2008 shown=200 publish_us=8353
info: event=launcher-painted latency_us=20500
info: event=launcher-results count=2009 shown=200 publish_us=10609
info: event=launcher-painted latency_us=24689
info: event=launcher-results count=1 shown=1 publish_us=4109
info: event=launcher-painted latency_us=20677
info: event=launcher-results count=1 shown=1 publish_us=897
info: event=launcher-painted latency_us=5566
info: event=launcher-results count=1 shown=1 publish_us=815
info: event=launcher-painted latency_us=13003
info: event=application-launch accepted=true action=false
info: event=popup-closed
event=fixture-ready Cafe
info: event=popup-opened output=1
info: event=launcher-results count=2009 shown=200 publish_us=5770
info: event=launcher-results count=2009 shown=200 publish_us=7207
info: event=launcher-painted latency_us=22429
info: event=launcher-results count=2009 shown=200 publish_us=9889
info: event=launcher-painted latency_us=31191
info: event=launcher-results count=3 shown=3 publish_us=3954
info: event=launcher-results count=1 shown=1 publish_us=372
info: event=launcher-results count=1 shown=1 publish_us=604
info: event=launcher-results count=1 shown=1 publish_us=382
info: event=launcher-painted latency_us=4700
info: event=launcher-results count=1 shown=1 publish_us=434
info: event=launcher-results count=1 shown=1 publish_us=295
info: event=launcher-results count=1 shown=1 publish_us=355
info: event=launcher-results count=1 shown=1 publish_us=296
info: event=launcher-painted latency_us=3947
info: event=launcher-results count=1 shown=1 publish_us=326
info: event=launcher-results count=1 shown=1 publish_us=283
info: event=launcher-results count=1 shown=1 publish_us=717
info: event=launcher-painted latency_us=8402
info: event=launcher-results count=1 shown=1 publish_us=2026
info: event=launcher-painted latency_us=2870
info: event=launcher-results count=1 shown=1 publish_us=853
info: event=launcher-painted latency_us=14740
info: event=application-launch accepted=true action=false
info: event=popup-closed
event=fixture-ready fields
info: event=popup-opened output=1
info: event=launcher-results count=2010 shown=200 publish_us=6275
info: event=launcher-results count=2010 shown=200 publish_us=7558
info: event=launcher-painted latency_us=20660
info: event=launcher-results count=2010 shown=200 publish_us=7065
info: event=launcher-painted latency_us=19176
info: event=launcher-results count=2011 shown=200 publish_us=8375
info: event=launcher-results count=1 shown=1 publish_us=3024
info: event=launcher-results count=1 shown=1 publish_us=304
info: event=launcher-painted latency_us=3736
info: event=launcher-results count=1 shown=1 publish_us=387
info: event=launcher-results count=1 shown=1 publish_us=254
info: event=launcher-results count=1 shown=1 publish_us=261
info: event=launcher-results count=1 shown=1 publish_us=234
info: event=launcher-painted latency_us=3199
info: event=launcher-results count=1 shown=1 publish_us=410
info: event=launcher-results count=1 shown=1 publish_us=267
info: event=launcher-results count=1 shown=1 publish_us=284
info: event=launcher-results count=1 shown=1 publish_us=314
info: event=launcher-painted latency_us=2938
info: event=launcher-results count=1 shown=1 publish_us=377
info: event=launcher-results count=1 shown=1 publish_us=298
info: event=launcher-painted latency_us=10893
info: event=launcher-results count=1 shown=1 publish_us=823
info: event=launcher-painted latency_us=2992
info: event=launcher-results count=1 shown=1 publish_us=1108
info: event=launcher-painted latency_us=14959
info: event=application-launch accepted=true action=true
info: event=popup-closed
event=fixture-ready special
info: event=popup-opened output=1
info: event=launcher-results count=2011 shown=200 publish_us=5573
info: event=launcher-results count=2011 shown=200 publish_us=8064
info: event=launcher-painted latency_us=22474
info: event=launcher-results count=2011 shown=200 publish_us=8274
info: event=launcher-painted latency_us=28919
info: event=launcher-results count=2011 shown=200 publish_us=9847
info: event=launcher-results count=1 shown=1 publish_us=3108
info: event=launcher-results count=1 shown=1 publish_us=318
info: event=launcher-painted latency_us=2959
info: event=launcher-results count=1 shown=1 publish_us=305
info: event=launcher-results count=1 shown=1 publish_us=314
info: event=launcher-results count=1 shown=1 publish_us=293
info: event=launcher-results count=1 shown=1 publish_us=383
info: event=launcher-painted latency_us=3830
info: event=launcher-results count=1 shown=1 publish_us=342
info: event=launcher-results count=1 shown=1 publish_us=341
info: event=launcher-results count=1 shown=1 publish_us=349
info: event=launcher-results count=1 shown=1 publish_us=280
info: event=launcher-painted latency_us=3541
info: event=launcher-results count=1 shown=1 publish_us=352
info: event=launcher-results count=1 shown=1 publish_us=315
info: event=launcher-results count=1 shown=1 publish_us=333
info: event=launcher-painted latency_us=7662
info: event=launcher-results count=1 shown=1 publish_us=965
info: event=launcher-painted latency_us=1585
info: event=launcher-results count=1 shown=1 publish_us=753
info: event=launcher-painted latency_us=13657
info: event=application-launch accepted=true action=false
info: event=popup-closed
event=fixture-ready Terminal
info: event=popup-opened output=1
info: event=launcher-results count=2013 shown=200 publish_us=5641
info: event=launcher-painted latency_us=20715
info: event=launcher-results count=2013 shown=200 publish_us=9837
info: event=launcher-painted latency_us=29580
info: event=launcher-results count=3 shown=3 publish_us=3874
info: event=launcher-results count=2 shown=2 publish_us=440
info: event=launcher-results count=2 shown=2 publish_us=534
info: event=launcher-painted latency_us=2180
info: event=launcher-results count=2 shown=2 publish_us=1198
info: event=launcher-results count=2 shown=2 publish_us=484
info: event=launcher-results count=1 shown=1 publish_us=725
info: event=launcher-painted latency_us=5620
info: event=launcher-results count=1 shown=1 publish_us=437
info: event=launcher-results count=1 shown=1 publish_us=362
info: event=launcher-results count=1 shown=1 publish_us=325
info: event=launcher-results count=1 shown=1 publish_us=324
info: event=launcher-painted latency_us=4910
info: event=launcher-results count=1 shown=1 publish_us=895
info: event=launcher-painted latency_us=15364
info: event=launcher-results count=1 shown=1 publish_us=842
info: event=launcher-painted latency_us=10490
info: event=application-launch accepted=true action=false
info: event=popup-closed
info: event=popup-opened output=1
info: event=launcher-results count=2015 shown=200 publish_us=5500
info: event=launcher-painted latency_us=21591
info: event=launcher-results count=2015 shown=200 publish_us=23480
info: event=launcher-painted latency_us=36623
info: event=launcher-results count=2015 shown=200 publish_us=8784
info: event=launcher-painted latency_us=26444
info: event=launcher-results count=2015 shown=200 publish_us=9499
info: event=launcher-painted latency_us=24457
info: event=launcher-results count=2 shown=2 publish_us=4380
info: event=launcher-painted latency_us=5731
info: event=launcher-results count=2 shown=2 publish_us=1409
info: event=launcher-results count=2 shown=2 publish_us=329
info: event=launcher-results count=2 shown=2 publish_us=366
info: event=launcher-results count=2 shown=2 publish_us=582
info: event=launcher-results count=2 shown=2 publish_us=750
info: event=launcher-painted latency_us=3104
info: event=launcher-results count=2 shown=2 publish_us=556
info: event=launcher-painted latency_us=15440
info: event=launcher-results count=2 shown=2 publish_us=951
info: event=launcher-painted latency_us=9324
info: event=launcher-results count=2 shown=2 publish_us=1083
info: event=launcher-painted latency_us=4026
info: event=popup-closed
info: event=popup-opened output=1
info: event=launcher-results count=2015 shown=200 publish_us=5257
info: event=launcher-results count=2015 shown=200 publish_us=8163
info: event=launcher-painted latency_us=22221
info: event=launcher-results count=2015 shown=200 publish_us=8495
info: event=launcher-results count=2 shown=2 publish_us=3290
info: event=launcher-results count=2 shown=2 publish_us=351
info: event=launcher-painted latency_us=4261
info: event=launcher-results count=2 shown=2 publish_us=328
info: event=launcher-results count=2 shown=2 publish_us=302
info: event=launcher-results count=2 shown=2 publish_us=293
info: event=launcher-results count=2 shown=2 publish_us=283
info: event=launcher-painted latency_us=4904
info: event=launcher-results count=2 shown=2 publish_us=549
info: event=launcher-results count=2 shown=2 publish_us=864
info: event=launcher-results count=2 shown=2 publish_us=495
info: event=launcher-results count=2 shown=2 publish_us=393
info: event=launcher-painted latency_us=4626
info: event=launcher-results count=2 shown=2 publish_us=1026
info: event=launcher-painted latency_us=16149
info: event=launcher-results count=2 shown=2 publish_us=987
info: event=launcher-painted latency_us=9027
info: event=launcher-results count=2 shown=2 publish_us=982
info: event=launcher-results count=2 shown=2 publish_us=410
info: event=launcher-painted latency_us=2125
info: event=popup-closed
info: event=popup-opened output=1
info: event=launcher-results count=2014 shown=200 publish_us=6727
info: event=launcher-results count=2014 shown=200 publish_us=6180
info: event=launcher-painted latency_us=19200
info: event=launcher-results count=2014 shown=200 publish_us=6664
info: event=launcher-painted latency_us=27300
info: event=launcher-results count=2014 shown=200 publish_us=9233
info: event=launcher-results count=1 shown=1 publish_us=3630
info: event=launcher-painted latency_us=4801
info: event=launcher-results count=1 shown=1 publish_us=1146
info: event=launcher-results count=1 shown=1 publish_us=452
info: event=launcher-results count=1 shown=1 publish_us=768
info: event=launcher-results count=1 shown=1 publish_us=429
info: event=launcher-painted latency_us=4628
info: event=launcher-results count=1 shown=1 publish_us=423
info: event=launcher-results count=1 shown=1 publish_us=337
info: event=launcher-results count=1 shown=1 publish_us=310
info: event=launcher-results count=1 shown=1 publish_us=282
info: event=launcher-painted latency_us=5520
info: event=launcher-results count=1 shown=1 publish_us=490
info: event=launcher-painted latency_us=15991
info: event=launcher-results count=1 shown=1 publish_us=1043
info: event=launcher-painted latency_us=11596
info: event=launcher-results count=2 shown=2 publish_us=821
info: event=launcher-results count=2 shown=2 publish_us=361
info: event=launcher-results count=2 shown=2 publish_us=725
info: event=launcher-results count=2 shown=2 publish_us=487
info: event=launcher-painted latency_us=9910
info: event=launcher-results count=2015 shown=200 publish_us=4814
info: event=launcher-painted latency_us=21966
info: event=launcher-results count=2015 shown=200 publish_us=7999
info: event=launcher-painted latency_us=22100
info: event=launcher-results count=2 shown=2 publish_us=5421
info: event=launcher-painted latency_us=6700
info: event=launcher-results count=2 shown=2 publish_us=1343
info: event=launcher-results count=2 shown=2 publish_us=285
info: event=launcher-results count=2 shown=2 publish_us=454
info: event=launcher-results count=2 shown=2 publish_us=316
info: event=launcher-painted latency_us=2675
info: event=launcher-results count=2 shown=2 publish_us=381
info: event=launcher-results count=2 shown=2 publish_us=356
info: event=launcher-painted latency_us=11295
info: event=launcher-results count=2 shown=2 publish_us=1150
info: event=launcher-painted latency_us=6665
info: event=popup-closed
info: event=popup-opened output=1
info: event=launcher-results count=2015 shown=200 publish_us=5472
info: event=launcher-results count=2015 shown=200 publish_us=8254
info: event=launcher-painted latency_us=22256
info: event=launcher-results count=2015 shown=200 publish_us=8658
info: event=launcher-painted latency_us=30785
info: event=launcher-results count=2015 shown=200 publish_us=10821
info: event=launcher-results count=2 shown=2 publish_us=3389
info: event=launcher-results count=2 shown=2 publish_us=390
info: event=launcher-painted latency_us=2202
info: event=launcher-results count=2 shown=2 publish_us=370
info: event=launcher-results count=2 shown=2 publish_us=357
info: event=launcher-results count=2 shown=2 publish_us=417
info: event=launcher-results count=2 shown=2 publish_us=366
info: event=launcher-painted latency_us=5416
info: event=launcher-results count=2 shown=2 publish_us=455
info: event=launcher-results count=2 shown=2 publish_us=734
info: event=launcher-results count=2 shown=2 publish_us=534
info: event=launcher-results count=2 shown=2 publish_us=434
info: event=launcher-painted latency_us=4695
info: event=launcher-results count=2 shown=2 publish_us=977
info: event=launcher-painted latency_us=18277
info: event=popup-closed
info: event=popup-opened output=1
info: event=popup-closed
info: event=popup-opened output=2
info: event=popup-closed
info: event=popup-opened output=1
info: event=popup-closed
info: event=desktop-action status=rejected detail=unavailable
info: event=app-index-ready entries=2010 truncated=false
info: event=popup-opened output=2
info: event=launcher-results count=2016 shown=200 publish_us=5457
info: event=launcher-results count=2016 shown=200 publish_us=7921
info: event=launcher-painted latency_us=23231
info: event=launcher-results count=2016 shown=200 publish_us=7859
info: event=launcher-painted latency_us=26723
info: event=launcher-results count=5 shown=5 publish_us=4523
info: event=launcher-results count=1 shown=1 publish_us=546
info: event=launcher-results count=1 shown=1 publish_us=330
info: event=launcher-painted latency_us=2579
info: event=launcher-results count=1 shown=1 publish_us=350
info: event=launcher-results count=1 shown=1 publish_us=348
info: event=launcher-results count=1 shown=1 publish_us=284
info: event=launcher-results count=1 shown=1 publish_us=281
info: event=launcher-painted latency_us=1733
info: event=launcher-results count=1 shown=1 publish_us=567
info: event=launcher-results count=1 shown=1 publish_us=416
info: event=launcher-results count=1 shown=1 publish_us=371
info: event=launcher-results count=1 shown=1 publish_us=369
info: event=launcher-painted latency_us=1656
info: event=launcher-results count=1 shown=1 publish_us=377
info: event=launcher-results count=1 shown=1 publish_us=333
info: event=launcher-results count=1 shown=1 publish_us=283
info: event=launcher-results count=1 shown=1 publish_us=269
info: event=launcher-painted latency_us=1431
info: event=launcher-results count=1 shown=1 publish_us=544
info: event=launcher-results count=1 shown=1 publish_us=415
info: event=launcher-painted latency_us=9519
info: event=launcher-results count=1 shown=1 publish_us=1263
info: event=launcher-painted latency_us=2050
info: event=launcher-results count=1 shown=1 publish_us=790
info: event=launcher-painted latency_us=13652
info: event=launcher-results count=2016 shown=200 publish_us=5237
info: event=launcher-painted latency_us=25915
info: event=launcher-results count=5 shown=5 publish_us=3243
info: event=launcher-results count=1 shown=1 publish_us=390
info: event=launcher-painted latency_us=4721
info: event=launcher-results count=1 shown=1 publish_us=374
info: event=launcher-painted latency_us=899
info: event=launcher-results count=1 shown=1 publish_us=403
info: event=launcher-results count=1 shown=1 publish_us=314
info: event=launcher-results count=1 shown=1 publish_us=368
info: event=launcher-results count=1 shown=1 publish_us=277
info: event=launcher-painted latency_us=1114
info: event=launcher-results count=1 shown=1 publish_us=377
info: event=launcher-results count=1 shown=1 publish_us=262
info: event=launcher-results count=1 shown=1 publish_us=571
info: event=launcher-results count=1 shown=1 publish_us=313
info: event=launcher-painted latency_us=788
info: event=launcher-results count=1 shown=1 publish_us=396
info: event=launcher-results count=1 shown=1 publish_us=264
info: event=launcher-results count=1 shown=1 publish_us=303
info: event=launcher-painted latency_us=4596
info: event=launcher-results count=1 shown=1 publish_us=310
info: event=launcher-results count=1 shown=1 publish_us=245
info: event=launcher-results count=1 shown=1 publish_us=510
info: event=launcher-painted latency_us=8347
info: event=app-index-ready entries=2009 truncated=false
info: event=launcher-results count=0 shown=0 publish_us=2285
info: event=launcher-painted latency_us=2819
info: event=launcher-results count=0 shown=0 publish_us=414
info: event=launcher-results count=0 shown=0 publish_us=237
info: event=launcher-painted latency_us=3863
info: event=launcher-results count=0 shown=0 publish_us=570
info: event=launcher-painted latency_us=15634
info: event=launcher-results count=2015 shown=200 publish_us=5993
info: event=launcher-painted latency_us=25614
info: event=launcher-results count=2016 shown=200 publish_us=8524
info: event=launcher-painted latency_us=21855
info: event=launcher-results count=1 shown=1 publish_us=2972
info: event=launcher-results count=1 shown=1 publish_us=381
info: event=launcher-results count=1 shown=1 publish_us=351
info: event=launcher-results count=1 shown=1 publish_us=327
info: event=launcher-results count=1 shown=1 publish_us=285
info: event=launcher-painted latency_us=2292
info: event=launcher-results count=1 shown=1 publish_us=326
info: event=launcher-results count=1 shown=1 publish_us=313
info: event=launcher-results count=1 shown=1 publish_us=308
info: event=launcher-results count=1 shown=1 publish_us=267
info: event=launcher-painted latency_us=1592
info: event=launcher-results count=1 shown=1 publish_us=321
info: event=launcher-results count=1 shown=1 publish_us=327
info: event=launcher-painted latency_us=9486
info: event=launcher-results count=1 shown=1 publish_us=803
info: event=launcher-painted latency_us=5676
info: event=popup-closed
info: event=popup-opened output=2
info: event=launcher-results count=2015 shown=200 publish_us=5757
info: event=launcher-results count=2015 shown=200 publish_us=8113
info: event=launcher-painted latency_us=22773
info: event=launcher-results count=2015 shown=200 publish_us=10952
info: event=launcher-painted latency_us=30090
info: event=launcher-results count=2015 shown=200 publish_us=10782
info: event=launcher-painted latency_us=31432
info: event=launcher-results count=2014 shown=200 publish_us=8940
info: event=launcher-painted latency_us=23136
info: event=launcher-results count=2000 shown=200 publish_us=11228
info: event=launcher-results count=2000 shown=200 publish_us=8025
info: event=launcher-painted latency_us=22438
info: event=launcher-results count=2000 shown=200 publish_us=11519
info: event=launcher-painted latency_us=26785
info: event=popup-closed
info: event=popup-opened output=2
info: event=launcher-results count=2015 shown=200 publish_us=5044
info: event=launcher-results count=2015 shown=200 publish_us=7111
info: event=launcher-painted latency_us=20423
info: event=launcher-results count=2015 shown=200 publish_us=7234
info: event=launcher-painted latency_us=25700
info: event=launcher-results count=2014 shown=200 publish_us=11562
info: event=launcher-painted latency_us=25652
info: event=launcher-results count=2000 shown=200 publish_us=10892
info: event=launcher-painted latency_us=24934
info: event=launcher-results count=2000 shown=200 publish_us=9953
info: event=launcher-painted latency_us=24587
info: event=popup-closed
info: event=popup-opened output=1
info: event=launcher-results count=2015 shown=200 publish_us=6575
info: event=launcher-results count=2015 shown=200 publish_us=7685
info: event=launcher-painted latency_us=21883
info: event=popup-closed
info: event=popup-opened output=1
info: event=launcher-results count=2015 shown=200 publish_us=5577
info: event=launcher-painted latency_us=20831
info: event=launcher-results count=2015 shown=200 publish_us=23816
info: event=launcher-painted latency_us=36744
info: event=popup-closed
info: event=popup-opened output=1
info: event=launcher-results count=2015 shown=200 publish_us=6711
info: event=launcher-painted latency_us=21128
info: event=launcher-results count=2015 shown=200 publish_us=7640
info: event=launcher-painted latency_us=22026
info: event=popup-closed
info: event=popup-opened output=1
info: event=launcher-results count=2015 shown=200 publish_us=6282
info: event=launcher-painted latency_us=20927
info: event=launcher-results count=2015 shown=200 publish_us=9740
info: event=popup-closed
info: event=popup-opened output=1
info: event=launcher-results count=2015 shown=200 publish_us=5655
info: event=launcher-results count=2015 shown=200 publish_us=7920
info: event=launcher-painted latency_us=23694
info: event=popup-closed
info: event=popup-opened output=1
info: event=launcher-results count=2015 shown=200 publish_us=6984
info: event=launcher-painted latency_us=21704
info: event=launcher-results count=2015 shown=200 publish_us=8407
info: event=launcher-painted latency_us=23202
info: event=popup-closed
info: event=popup-opened output=1
info: event=launcher-results count=2015 shown=200 publish_us=5681
info: event=launcher-results count=2015 shown=200 publish_us=7831
info: event=launcher-painted latency_us=23873
info: event=popup-closed
info: event=popup-opened output=1
info: event=launcher-results count=2015 shown=200 publish_us=5951
info: event=launcher-results count=2015 shown=200 publish_us=8892
info: event=launcher-painted latency_us=24443
info: event=popup-closed
info: event=popup-opened output=1
info: event=launcher-results count=2015 shown=200 publish_us=8145
info: event=popup-closed
info: event=popup-opened output=1
info: event=launcher-results count=2015 shown=200 publish_us=5467
info: event=popup-closed
info: event=popup-opened output=1
info: event=launcher-results count=2015 shown=200 publish_us=6141
info: event=popup-closed
info: event=popup-opened output=1
info: event=launcher-results count=2015 shown=200 publish_us=6893
info: event=popup-closed
info: event=popup-opened output=1
info: event=launcher-results count=2015 shown=200 publish_us=5822
info: event=popup-closed
info: event=popup-opened output=1
info: event=launcher-results count=2015 shown=200 publish_us=6824
info: event=popup-closed
info: event=popup-opened output=1
info: event=launcher-results count=2015 shown=200 publish_us=6584
info: event=popup-closed
info(pearl): event=stopping reason=control-quit pending=false
info(pearl): event=aqueous-availability state=stopped
info(pearl): event=cleanup pending=false watched_objects=0
info(pearl): event=stopped
